#
# There is insufficient memory for the Java Runtime Environment to continue.
# Native memory allocation (malloc) failed to allocate 891216 bytes. Error detail: Chunk::new
# Possible reasons:
#   The system is out of physical RAM or swap space
#   This process is running with CompressedOops enabled, and the Java Heap may be blocking the growth of the native heap
# Possible solutions:
#   Reduce memory load on the system
#   Increase physical memory or swap space
#   Check if swap backing store is full
#   Decrease Java heap size (-Xmx/-Xms)
#   Decrease number of Java threads
#   Decrease Java thread stack sizes (-Xss)
#   Set larger code cache with -XX:ReservedCodeCacheSize=
#   JVM is running with Unscaled Compressed Oops mode in which the Java heap is
#     placed in the first 4GB address space. The Java Heap base address is the
#     maximum limit for the native heap growth. Please use -XX:HeapBaseMinAddress
#     to set the Java Heap base and to place the Java Heap above 4GB virtual address.
# This output file may be truncated or incomplete.
#
#  Out of Memory Error (arena.cpp:168), pid=22936, tid=15160
#
# JRE version: OpenJDK Runtime Environment Temurin-21.0.12.1+1 (21.0.12.1+1) (build 21.0.12.1+1-LTS)
# Java VM: OpenJDK 64-Bit Server VM Temurin-21.0.12.1+1 (21.0.12.1+1-LTS, mixed mode, sharing, tiered, compressed oops, compressed class ptrs, g1 gc, windows-amd64)
# No core dump will be written. Minidumps are not enabled by default on client versions of Windows
#

---------------  S U M M A R Y ------------

Command Line: --add-opens=java.base/java.lang=ALL-UNNAMED --add-opens=java.base/java.lang.invoke=ALL-UNNAMED --add-opens=java.base/java.util=ALL-UNNAMED --add-opens=java.prefs/java.util.prefs=ALL-UNNAMED --add-exports=jdk.compiler/com.sun.tools.javac.api=ALL-UNNAMED --add-exports=jdk.compiler/com.sun.tools.javac.util=ALL-UNNAMED --add-opens=java.base/java.nio.charset=ALL-UNNAMED --add-opens=java.base/java.net=ALL-UNNAMED --add-opens=java.base/java.util.concurrent=ALL-UNNAMED --add-opens=java.base/java.util.concurrent.atomic=ALL-UNNAMED --add-opens=java.xml/javax.xml.namespace=ALL-UNNAMED --add-opens=java.base/java.time=ALL-UNNAMED -XX:MaxMetaspaceSize=384m -XX:+HeapDumpOnOutOfMemoryError -Xms256m -Xmx512m -Dfile.encoding=UTF-8 -Duser.country=KR -Duser.language=ko -Duser.variant -javaagent:C:\Users\user\.gradle\wrapper\dists\gradle-9.5.1-bin\iq79hdu3mqx29lgffhp8bfmx\gradle-9.5.1\lib\agents\gradle-instrumentation-agent-9.5.1.jar org.gradle.launcher.daemon.bootstrap.GradleDaemon 9.5.1

Host: 11th Gen Intel(R) Core(TM) i5-1135G7 @ 2.40GHz, 8 cores, 15G,  Windows 11 , 64 bit Build 26100 (10.0.26100.9444)
Time: Thu Sep 10 09:58:16 2026 elapsed time: 367.232617 seconds (0d 0h 6m 7s)

---------------  T H R E A D  ---------------

Current thread (0x00000161141594e0):  JavaThread "C2 CompilerThread0" daemon [_thread_in_native, id=15160, stack(0x0000001e7d400000,0x0000001e7d500000) (1024K)]


Current CompileTask:
C2:367238 7465       4       java.beans.MethodRef::set (58 bytes)

Stack: [0x0000001e7d400000,0x0000001e7d500000]
Native frames: (J=compiled Java code, j=interpreted, Vv=VM code, C=native code)
V  [jvm.dll+0x6d83e9]
V  [jvm.dll+0x8b5736]
V  [jvm.dll+0x8b7cee]
V  [jvm.dll+0x8b83d3]
V  [jvm.dll+0x284596]
V  [jvm.dll+0xc685d]
V  [jvm.dll+0xc6da1]
V  [jvm.dll+0x3bf151]
V  [jvm.dll+0x1e4149]
V  [jvm.dll+0x24c853]
V  [jvm.dll+0x24bce0]
V  [jvm.dll+0x1cb4ae]
V  [jvm.dll+0x25baad]
V  [jvm.dll+0x25a03a]
V  [jvm.dll+0x3f8aae]
V  [jvm.dll+0x8600cd]
V  [jvm.dll+0x6d6c1d]
C  [ucrtbase.dll+0x2cd30]
C  [KERNEL32.DLL+0x2cd87]
C  [ntdll.dll+0xacaec]


---------------  P R O C E S S  ---------------

Threads class SMR info:
_java_thread_list=0x0000016130f033b0, length=57, elements={
0x000001617d691fb0, 0x000001617eefa410, 0x000001617eefbd90, 0x0000016114152c00,
0x0000016114155280, 0x0000016114157cf0, 0x0000016114158750, 0x00000161141594e0,
0x000001611415eb20, 0x000001611424b2d0, 0x0000016114387fe0, 0x000001612e57c890,
0x00000161144915b0, 0x000001612f2ef430, 0x000001612f222930, 0x000001612f40ef70,
0x000001612f3e5c50, 0x000001612f3e72f0, 0x000001612e190060, 0x000001612e192e50,
0x000001612e1906f0, 0x000001612e1927c0, 0x000001612e191410, 0x000001612e1934e0,
0x000001612e190d80, 0x000001612ff21e60, 0x000001612ff21140, 0x000001612ff1fd90,
0x000001612ff1f700, 0x000001612ff1f070, 0x000001612ff23210, 0x000001612ff217d0,
0x000001612ff22b80, 0x000001612ff238a0, 0x000001612ff20420, 0x000001612ff23f30,
0x000001612ff20ab0, 0x000001612ff245c0, 0x000001612ff26690, 0x000001612ff26000,
0x000001612ff25970, 0x000001612e192130, 0x000001612fe111b0, 0x000001612fe0ea50,
0x000001612fe0e3c0, 0x000001612fe10490, 0x000001612fe10b20, 0x000001612fe0f0e0,
0x000001612fe0f770, 0x000001612fce1a20, 0x000001612fcdffe0, 0x000001612fce2dd0,
0x000001612fce3460, 0x000001612fce20b0, 0x000001612fce3af0, 0x000001612fce0d00,
0x000001612fce1390
}

Java Threads: ( => current thread )
  0x000001617d691fb0 JavaThread "main"                              [_thread_blocked, id=15096, stack(0x0000001e7c600000,0x0000001e7c700000) (1024K)]
  0x000001617eefa410 JavaThread "Reference Handler"          daemon [_thread_blocked, id=4276, stack(0x0000001e7ce00000,0x0000001e7cf00000) (1024K)]
  0x000001617eefbd90 JavaThread "Finalizer"                  daemon [_thread_blocked, id=20604, stack(0x0000001e7cf00000,0x0000001e7d000000) (1024K)]
  0x0000016114152c00 JavaThread "Signal Dispatcher"          daemon [_thread_blocked, id=23240, stack(0x0000001e7d000000,0x0000001e7d100000) (1024K)]
  0x0000016114155280 JavaThread "Attach Listener"            daemon [_thread_blocked, id=11456, stack(0x0000001e7d100000,0x0000001e7d200000) (1024K)]
  0x0000016114157cf0 JavaThread "Service Thread"             daemon [_thread_blocked, id=11480, stack(0x0000001e7d200000,0x0000001e7d300000) (1024K)]
  0x0000016114158750 JavaThread "Monitor Deflation Thread"   daemon [_thread_blocked, id=21300, stack(0x0000001e7d300000,0x0000001e7d400000) (1024K)]
=>0x00000161141594e0 JavaThread "C2 CompilerThread0"         daemon [_thread_in_native, id=15160, stack(0x0000001e7d400000,0x0000001e7d500000) (1024K)]
  0x000001611415eb20 JavaThread "C1 CompilerThread0"         daemon [_thread_blocked, id=24396, stack(0x0000001e7d500000,0x0000001e7d600000) (1024K)]
  0x000001611424b2d0 JavaThread "Common-Cleaner"             daemon [_thread_blocked, id=23712, stack(0x0000001e7d600000,0x0000001e7d700000) (1024K)]
  0x0000016114387fe0 JavaThread "Notification Thread"        daemon [_thread_blocked, id=2828, stack(0x0000001e7d700000,0x0000001e7d800000) (1024K)]
  0x000001612e57c890 JavaThread "Daemon health stats"               [_thread_blocked, id=10028, stack(0x0000001e7dd00000,0x0000001e7de00000) (1024K)]
  0x00000161144915b0 JavaThread "Incoming local TCP Connector on port 56349"        [_thread_in_native, id=30304, stack(0x0000001e7c300000,0x0000001e7c400000) (1024K)]
  0x000001612f2ef430 JavaThread "Daemon periodic checks"            [_thread_blocked, id=22612, stack(0x0000001e7c500000,0x0000001e7c600000) (1024K)]
  0x000001612f222930 JavaThread "Daemon"                            [_thread_blocked, id=27632, stack(0x0000001e7df00000,0x0000001e7e000000) (1024K)]
  0x000001612f40ef70 JavaThread "Handler for socket connection from /127.0.0.1:56349 to /127.0.0.1:56359"        [_thread_in_native, id=1660, stack(0x0000001e7e000000,0x0000001e7e100000) (1024K)]
  0x000001612f3e5c50 JavaThread "Cancel handler"                    [_thread_blocked, id=23676, stack(0x0000001e7e100000,0x0000001e7e200000) (1024K)]
  0x000001612f3e72f0 JavaThread "Daemon worker"                     [_thread_blocked, id=30228, stack(0x0000001e7e200000,0x0000001e7e300000) (1024K)]
  0x000001612e190060 JavaThread "Asynchronous log dispatcher for DefaultDaemonConnection: socket connection from /127.0.0.1:56349 to /127.0.0.1:56359"        [_thread_blocked, id=25764, stack(0x0000001e7e300000,0x0000001e7e400000) (1024K)]
  0x000001612e192e50 JavaThread "Stdin handler"                     [_thread_blocked, id=30020, stack(0x0000001e7e400000,0x0000001e7e500000) (1024K)]
  0x000001612e1906f0 JavaThread "Daemon client event forwarder"        [_thread_blocked, id=23988, stack(0x0000001e7e500000,0x0000001e7e600000) (1024K)]
  0x000001612e1927c0 JavaThread "Cache worker for journal cache (C:\Users\user\.gradle\caches\journal-1)"        [_thread_blocked, id=30804, stack(0x0000001e7e600000,0x0000001e7e700000) (1024K)]
  0x000001612e191410 JavaThread "File lock request listener"        [_thread_in_native, id=30828, stack(0x0000001e7e700000,0x0000001e7e800000) (1024K)]
  0x000001612e1934e0 JavaThread "Cache worker for file hash cache (C:\Users\user\.gradle\caches\9.5.1\fileHashes)"        [_thread_blocked, id=30968, stack(0x0000001e7e800000,0x0000001e7e900000) (1024K)]
  0x000001612e190d80 JavaThread "File lock release action executor Thread 2"        [_thread_blocked, id=31040, stack(0x0000001e7ea00000,0x0000001e7eb00000) (1024K)]
  0x000001612ff21e60 JavaThread "Cache worker for file hash cache (C:\2026_spring\.gradle\9.5.1\fileHashes)"        [_thread_blocked, id=6596, stack(0x0000001e7ee00000,0x0000001e7ef00000) (1024K)]
  0x000001612ff21140 JavaThread "Cache worker for Build Output Cleanup Cache (C:\2026_spring\.gradle\buildOutputCleanup)"        [_thread_blocked, id=28540, stack(0x0000001e7ef00000,0x0000001e7f000000) (1024K)]
  0x000001612ff1fd90 JavaThread "File watcher server"        daemon [_thread_in_native, id=28592, stack(0x0000001e7f000000,0x0000001e7f100000) (1024K)]
  0x000001612ff1f700 JavaThread "File watcher consumer"      daemon [_thread_blocked, id=29540, stack(0x0000001e7f100000,0x0000001e7f200000) (1024K)]
  0x000001612ff1f070 JavaThread "Cache worker for file content cache (C:\Users\user\.gradle\caches\9.5.1\fileContent)"        [_thread_blocked, id=27556, stack(0x0000001e7c400000,0x0000001e7c500000) (1024K)]
  0x000001612ff23210 JavaThread "Cache worker for checksums cache (C:\2026_spring\.gradle\9.5.1\checksums)"        [_thread_blocked, id=25964, stack(0x0000001e7de00000,0x0000001e7df00000) (1024K)]
  0x000001612ff217d0 JavaThread "Cache worker for cache directory md-supplier (C:\Users\user\.gradle\caches\9.5.1\md-supplier)"        [_thread_blocked, id=31032, stack(0x0000001e7f200000,0x0000001e7f300000) (1024K)]
  0x000001612ff22b80 JavaThread "Cache worker for cache directory md-rule (C:\Users\user\.gradle\caches\9.5.1\md-rule)"        [_thread_blocked, id=31620, stack(0x0000001e7f300000,0x0000001e7f400000) (1024K)]
  0x000001612ff238a0 JavaThread "jar transforms"                    [_thread_blocked, id=32696, stack(0x0000001e7e900000,0x0000001e7ea00000) (1024K)]
  0x000001612ff20420 JavaThread "jar transforms Thread 2"           [_thread_blocked, id=26672, stack(0x0000001e7f400000,0x0000001e7f500000) (1024K)]
  0x000001612ff23f30 JavaThread "jar transforms Thread 3"           [_thread_blocked, id=29896, stack(0x0000001e7f500000,0x0000001e7f600000) (1024K)]
  0x000001612ff20ab0 JavaThread "jar transforms Thread 4"           [_thread_blocked, id=32860, stack(0x0000001e7f600000,0x0000001e7f700000) (1024K)]
  0x000001612ff245c0 JavaThread "jar transforms Thread 5"           [_thread_blocked, id=32896, stack(0x0000001e7f700000,0x0000001e7f800000) (1024K)]
  0x000001612ff26690 JavaThread "Build operations"                  [_thread_blocked, id=33532, stack(0x0000001e7f800000,0x0000001e7f900000) (1024K)]
  0x000001612ff26000 JavaThread "Build operations Thread 2"         [_thread_blocked, id=1536, stack(0x0000001e7f900000,0x0000001e7fa00000) (1024K)]
  0x000001612ff25970 JavaThread "Build operations Thread 3"         [_thread_blocked, id=29076, stack(0x0000001e7fa00000,0x0000001e7fb00000) (1024K)]
  0x000001612e192130 JavaThread "Build operations Thread 4"         [_thread_blocked, id=1408, stack(0x0000001e7fb00000,0x0000001e7fc00000) (1024K)]
  0x000001612fe111b0 JavaThread "Build operations Thread 5"         [_thread_blocked, id=33688, stack(0x0000001e7fc00000,0x0000001e7fd00000) (1024K)]
  0x000001612fe0ea50 JavaThread "Build operations Thread 6"         [_thread_blocked, id=12680, stack(0x0000001e7fd00000,0x0000001e7fe00000) (1024K)]
  0x000001612fe0e3c0 JavaThread "Build operations Thread 7"         [_thread_blocked, id=31080, stack(0x0000001e7fe00000,0x0000001e7ff00000) (1024K)]
  0x000001612fe10490 JavaThread "Build operations Thread 8"         [_thread_blocked, id=13144, stack(0x0000001e7ff00000,0x0000001e80000000) (1024K)]
  0x000001612fe10b20 JavaThread "Memory manager"                    [_thread_blocked, id=34408, stack(0x0000001e00200000,0x0000001e00300000) (1024K)]
  0x000001612fe0f0e0 JavaThread "jar transforms Thread 6"           [_thread_blocked, id=26136, stack(0x0000001e00300000,0x0000001e00400000) (1024K)]
  0x000001612fe0f770 JavaThread "included builds"                   [_thread_blocked, id=36652, stack(0x0000001e00400000,0x0000001e00500000) (1024K)]
  0x000001612fce1a20 JavaThread "Execution worker"                  [_thread_blocked, id=36748, stack(0x0000001e00500000,0x0000001e00600000) (1024K)]
  0x000001612fcdffe0 JavaThread "Execution worker Thread 2"         [_thread_blocked, id=36752, stack(0x0000001e00600000,0x0000001e00700000) (1024K)]
  0x000001612fce2dd0 JavaThread "Execution worker Thread 3"         [_thread_blocked, id=36756, stack(0x0000001e00700000,0x0000001e00800000) (1024K)]
  0x000001612fce3460 JavaThread "Execution worker Thread 4"         [_thread_blocked, id=36760, stack(0x0000001e00800000,0x0000001e00900000) (1024K)]
  0x000001612fce20b0 JavaThread "Execution worker Thread 5"         [_thread_blocked, id=36764, stack(0x0000001e00900000,0x0000001e00a00000) (1024K)]
  0x000001612fce3af0 JavaThread "Execution worker Thread 6"         [_thread_blocked, id=36768, stack(0x0000001e00a00000,0x0000001e00b00000) (1024K)]
  0x000001612fce0d00 JavaThread "Execution worker Thread 7"         [_thread_blocked, id=36772, stack(0x0000001e00b00000,0x0000001e00c00000) (1024K)]
  0x000001612fce1390 JavaThread "Cache worker for execution history cache (C:\2026_spring\.gradle\9.5.1\executionHistory)"        [_thread_blocked, id=36848, stack(0x0000001e00c00000,0x0000001e00d00000) (1024K)]
Total: 57

Other Threads:
  0x000001617eed3720 VMThread "VM Thread"                           [id=21476, stack(0x0000001e7cd00000,0x0000001e7ce00000) (1024K)]
  0x000001617d689750 WatcherThread "VM Periodic Task Thread"        [id=13056, stack(0x0000001e7cc00000,0x0000001e7cd00000) (1024K)]
  0x000001617d6be1f0 WorkerThread "GC Thread#0"                     [id=21980, stack(0x0000001e7c700000,0x0000001e7c800000) (1024K)]
  0x000001612e08a3e0 WorkerThread "GC Thread#1"                     [id=13292, stack(0x0000001e7d800000,0x0000001e7d900000) (1024K)]
  0x000001612e08a790 WorkerThread "GC Thread#2"                     [id=26276, stack(0x0000001e7d900000,0x0000001e7da00000) (1024K)]
  0x000001612e08ab40 WorkerThread "GC Thread#3"                     [id=2348, stack(0x0000001e7da00000,0x0000001e7db00000) (1024K)]
  0x000001612e08aef0 WorkerThread "GC Thread#4"                     [id=1932, stack(0x0000001e7db00000,0x0000001e7dc00000) (1024K)]
  0x000001612e08b2a0 WorkerThread "GC Thread#5"                     [id=26568, stack(0x0000001e7dc00000,0x0000001e7dd00000) (1024K)]
  0x000001612e253100 WorkerThread "GC Thread#6"                     [id=31216, stack(0x0000001e7eb00000,0x0000001e7ec00000) (1024K)]
  0x000001612e253c10 WorkerThread "GC Thread#7"                     [id=31220, stack(0x0000001e7ec00000,0x0000001e7ed00000) (1024K)]
  0x000001617d6c3900 ConcurrentGCThread "G1 Main Marker"            [id=18212, stack(0x0000001e7c800000,0x0000001e7c900000) (1024K)]
  0x000001617d6c4320 WorkerThread "G1 Conc#0"                       [id=14168, stack(0x0000001e7c900000,0x0000001e7ca00000) (1024K)]
  0x000001612f08e630 WorkerThread "G1 Conc#1"                       [id=14760, stack(0x0000001e7ed00000,0x0000001e7ee00000) (1024K)]
  0x000001617d74ea60 ConcurrentGCThread "G1 Refine#0"               [id=15684, stack(0x0000001e7ca00000,0x0000001e7cb00000) (1024K)]
  0x000001617ed975c0 ConcurrentGCThread "G1 Service"                [id=3724, stack(0x0000001e7cb00000,0x0000001e7cc00000) (1024K)]
Total: 15

Threads with active compile tasks:
C2 CompilerThread0  369223 7465       4       java.beans.MethodRef::set (58 bytes)
Total: 1

VM state: not at safepoint (normal execution)

VM Mutex/Monitor currently owned by a thread: None

Heap address: 0x00000000e0000000, size: 512 MB, Compressed Oops mode: 32-bit

CDS archive(s) mapped at: [0x0000016115000000-0x0000016115ba0000-0x0000016115ba0000), size 12189696, SharedBaseAddress: 0x0000016115000000, ArchiveRelocationMode: 1.
Compressed class space mapped at: 0x0000016116000000-0x000001612a000000, reserved size: 335544320
Narrow klass base: 0x0000016115000000, Narrow klass shift: 0, Narrow klass range: 0x100000000

GC Precious Log:
 CardTable entry size: 512
 Card Set container configuration: InlinePtr #cards 5 size 8 Array Of Cards #cards 12 size 40 Howl #buckets 4 coarsen threshold 1843 Howl Bitmap #cards 512 size 80 coarsen threshold 460 Card regions per heap region 1 cards per card region 2048
 CPUs: 8 total, 8 available
 Memory: 16107M
 Large Page Support: Disabled
 NUMA Support: Disabled
 Compressed Oops: Enabled (32-bit)
 Heap Region Size: 1M
 Heap Min Capacity: 256M
 Heap Initial Capacity: 256M
 Heap Max Capacity: 512M
 Pre-touch: Disabled
 Parallel Workers: 8
 Concurrent Workers: 2
 Concurrent Refinement Workers: 8
 Periodic GC: Disabled

Heap:
 garbage-first heap   total 262144K, used 112965K [0x00000000e0000000, 0x0000000100000000)
  region size 1024K, 89 young (91136K), 17 survivors (17408K)
 Metaspace       used 53794K, committed 55936K, reserved 393216K
  class space    used 8213K, committed 9216K, reserved 327680K

Heap Regions: E=young(eden), S=young(survivor), O=old, HS=humongous(starts), HC=humongous(continues), CS=collection set, F=free, TAMS=top-at-mark-start, PB=parsable bottom
|   0|0x00000000e0000000, 0x00000000e0100000, 0x00000000e0100000|100%|HS|  |TAMS 0x00000000e0000000| PB 0x00000000e0000000| Complete 
|   1|0x00000000e0100000, 0x00000000e0200000, 0x00000000e0200000|100%|HC|  |TAMS 0x00000000e0100000| PB 0x00000000e0100000| Complete 
|   2|0x00000000e0200000, 0x00000000e0300000, 0x00000000e0300000|100%|HC|  |TAMS 0x00000000e0200000| PB 0x00000000e0200000| Complete 
|   3|0x00000000e0300000, 0x00000000e0400000, 0x00000000e0400000|100%|HC|  |TAMS 0x00000000e0300000| PB 0x00000000e0300000| Complete 
|   4|0x00000000e0400000, 0x00000000e0500000, 0x00000000e0500000|100%| O|  |TAMS 0x00000000e0400000| PB 0x00000000e0400000| Untracked 
|   5|0x00000000e0500000, 0x00000000e0600000, 0x00000000e0600000|100%| O|  |TAMS 0x00000000e0500000| PB 0x00000000e0500000| Untracked 
|   6|0x00000000e0600000, 0x00000000e0600000, 0x00000000e0700000|  0%| F|  |TAMS 0x00000000e0600000| PB 0x00000000e0600000| Untracked 
|   7|0x00000000e0700000, 0x00000000e0800000, 0x00000000e0800000|100%| O|  |TAMS 0x00000000e0700000| PB 0x00000000e0700000| Untracked 
|   8|0x00000000e0800000, 0x00000000e0900000, 0x00000000e0900000|100%| O|  |TAMS 0x00000000e0800000| PB 0x00000000e0800000| Untracked 
|   9|0x00000000e0900000, 0x00000000e0a00000, 0x00000000e0a00000|100%|HS|  |TAMS 0x00000000e0900000| PB 0x00000000e0900000| Complete 
|  10|0x00000000e0a00000, 0x00000000e0b00000, 0x00000000e0b00000|100%| O|  |TAMS 0x00000000e0a00000| PB 0x00000000e0a00000| Untracked 
|  11|0x00000000e0b00000, 0x00000000e0c00000, 0x00000000e0c00000|100%| O|  |TAMS 0x00000000e0b00000| PB 0x00000000e0b00000| Untracked 
|  12|0x00000000e0c00000, 0x00000000e0d00000, 0x00000000e0d00000|100%| O|  |TAMS 0x00000000e0c00000| PB 0x00000000e0c00000| Untracked 
|  13|0x00000000e0d00000, 0x00000000e0e00000, 0x00000000e0e00000|100%| O|  |TAMS 0x00000000e0d00000| PB 0x00000000e0d00000| Untracked 
|  14|0x00000000e0e00000, 0x00000000e0f00000, 0x00000000e0f00000|100%| O|  |TAMS 0x00000000e0e00000| PB 0x00000000e0e00000| Untracked 
|  15|0x00000000e0f00000, 0x00000000e1000000, 0x00000000e1000000|100%| O|  |TAMS 0x00000000e0f00000| PB 0x00000000e0f00000| Untracked 
|  16|0x00000000e1000000, 0x00000000e1100000, 0x00000000e1100000|100%| O|  |TAMS 0x00000000e1000000| PB 0x00000000e1000000| Untracked 
|  17|0x00000000e1100000, 0x00000000e1200000, 0x00000000e1200000|100%| O|  |TAMS 0x00000000e1100000| PB 0x00000000e1100000| Untracked 
|  18|0x00000000e1200000, 0x00000000e1300000, 0x00000000e1300000|100%| O|  |TAMS 0x00000000e1200000| PB 0x00000000e1200000| Untracked 
|  19|0x00000000e1300000, 0x00000000e1400000, 0x00000000e1400000|100%| O|  |TAMS 0x00000000e1300000| PB 0x00000000e1300000| Untracked 
|  20|0x00000000e1400000, 0x00000000e1500000, 0x00000000e1500000|100%| O|  |TAMS 0x00000000e1400000| PB 0x00000000e1400000| Untracked 
|  21|0x00000000e1500000, 0x00000000e1600000, 0x00000000e1600000|100%| O|  |TAMS 0x00000000e1500000| PB 0x00000000e1500000| Untracked 
|  22|0x00000000e1600000, 0x00000000e1700000, 0x00000000e1700000|100%| O|Cm|TAMS 0x00000000e1600000| PB 0x00000000e1600000| Complete 
|  23|0x00000000e1700000, 0x00000000e17641a8, 0x00000000e1800000| 39%| O|  |TAMS 0x00000000e1700000| PB 0x00000000e1700000| Untracked 
|  24|0x00000000e1800000, 0x00000000e1800000, 0x00000000e1900000|  0%| F|  |TAMS 0x00000000e1800000| PB 0x00000000e1800000| Untracked 
|  25|0x00000000e1900000, 0x00000000e1900000, 0x00000000e1a00000|  0%| F|  |TAMS 0x00000000e1900000| PB 0x00000000e1900000| Untracked 
|  26|0x00000000e1a00000, 0x00000000e1a00000, 0x00000000e1b00000|  0%| F|  |TAMS 0x00000000e1a00000| PB 0x00000000e1a00000| Untracked 
|  27|0x00000000e1b00000, 0x00000000e1b00000, 0x00000000e1c00000|  0%| F|  |TAMS 0x00000000e1b00000| PB 0x00000000e1b00000| Untracked 
|  28|0x00000000e1c00000, 0x00000000e1c00000, 0x00000000e1d00000|  0%| F|  |TAMS 0x00000000e1c00000| PB 0x00000000e1c00000| Untracked 
|  29|0x00000000e1d00000, 0x00000000e1d00000, 0x00000000e1e00000|  0%| F|  |TAMS 0x00000000e1d00000| PB 0x00000000e1d00000| Untracked 
|  30|0x00000000e1e00000, 0x00000000e1e00000, 0x00000000e1f00000|  0%| F|  |TAMS 0x00000000e1e00000| PB 0x00000000e1e00000| Untracked 
|  31|0x00000000e1f00000, 0x00000000e1f00000, 0x00000000e2000000|  0%| F|  |TAMS 0x00000000e1f00000| PB 0x00000000e1f00000| Untracked 
|  32|0x00000000e2000000, 0x00000000e2000000, 0x00000000e2100000|  0%| F|  |TAMS 0x00000000e2000000| PB 0x00000000e2000000| Untracked 
|  33|0x00000000e2100000, 0x00000000e2100000, 0x00000000e2200000|  0%| F|  |TAMS 0x00000000e2100000| PB 0x00000000e2100000| Untracked 
|  34|0x00000000e2200000, 0x00000000e2200000, 0x00000000e2300000|  0%| F|  |TAMS 0x00000000e2200000| PB 0x00000000e2200000| Untracked 
|  35|0x00000000e2300000, 0x00000000e2300000, 0x00000000e2400000|  0%| F|  |TAMS 0x00000000e2300000| PB 0x00000000e2300000| Untracked 
|  36|0x00000000e2400000, 0x00000000e2400000, 0x00000000e2500000|  0%| F|  |TAMS 0x00000000e2400000| PB 0x00000000e2400000| Untracked 
|  37|0x00000000e2500000, 0x00000000e2500000, 0x00000000e2600000|  0%| F|  |TAMS 0x00000000e2500000| PB 0x00000000e2500000| Untracked 
|  38|0x00000000e2600000, 0x00000000e2600000, 0x00000000e2700000|  0%| F|  |TAMS 0x00000000e2600000| PB 0x00000000e2600000| Untracked 
|  39|0x00000000e2700000, 0x00000000e2700000, 0x00000000e2800000|  0%| F|  |TAMS 0x00000000e2700000| PB 0x00000000e2700000| Untracked 
|  40|0x00000000e2800000, 0x00000000e2800000, 0x00000000e2900000|  0%| F|  |TAMS 0x00000000e2800000| PB 0x00000000e2800000| Untracked 
|  41|0x00000000e2900000, 0x00000000e2900000, 0x00000000e2a00000|  0%| F|  |TAMS 0x00000000e2900000| PB 0x00000000e2900000| Untracked 
|  42|0x00000000e2a00000, 0x00000000e2a00000, 0x00000000e2b00000|  0%| F|  |TAMS 0x00000000e2a00000| PB 0x00000000e2a00000| Untracked 
|  43|0x00000000e2b00000, 0x00000000e2b00000, 0x00000000e2c00000|  0%| F|  |TAMS 0x00000000e2b00000| PB 0x00000000e2b00000| Untracked 
|  44|0x00000000e2c00000, 0x00000000e2c00000, 0x00000000e2d00000|  0%| F|  |TAMS 0x00000000e2c00000| PB 0x00000000e2c00000| Untracked 
|  45|0x00000000e2d00000, 0x00000000e2d00000, 0x00000000e2e00000|  0%| F|  |TAMS 0x00000000e2d00000| PB 0x00000000e2d00000| Untracked 
|  46|0x00000000e2e00000, 0x00000000e2e00000, 0x00000000e2f00000|  0%| F|  |TAMS 0x00000000e2e00000| PB 0x00000000e2e00000| Untracked 
|  47|0x00000000e2f00000, 0x00000000e2f00000, 0x00000000e3000000|  0%| F|  |TAMS 0x00000000e2f00000| PB 0x00000000e2f00000| Untracked 
|  48|0x00000000e3000000, 0x00000000e3000000, 0x00000000e3100000|  0%| F|  |TAMS 0x00000000e3000000| PB 0x00000000e3000000| Untracked 
|  49|0x00000000e3100000, 0x00000000e3100000, 0x00000000e3200000|  0%| F|  |TAMS 0x00000000e3100000| PB 0x00000000e3100000| Untracked 
|  50|0x00000000e3200000, 0x00000000e3200000, 0x00000000e3300000|  0%| F|  |TAMS 0x00000000e3200000| PB 0x00000000e3200000| Untracked 
|  51|0x00000000e3300000, 0x00000000e3300000, 0x00000000e3400000|  0%| F|  |TAMS 0x00000000e3300000| PB 0x00000000e3300000| Untracked 
|  52|0x00000000e3400000, 0x00000000e3400000, 0x00000000e3500000|  0%| F|  |TAMS 0x00000000e3400000| PB 0x00000000e3400000| Untracked 
|  53|0x00000000e3500000, 0x00000000e3500000, 0x00000000e3600000|  0%| F|  |TAMS 0x00000000e3500000| PB 0x00000000e3500000| Untracked 
|  54|0x00000000e3600000, 0x00000000e3600000, 0x00000000e3700000|  0%| F|  |TAMS 0x00000000e3600000| PB 0x00000000e3600000| Untracked 
|  55|0x00000000e3700000, 0x00000000e3700000, 0x00000000e3800000|  0%| F|  |TAMS 0x00000000e3700000| PB 0x00000000e3700000| Untracked 
|  56|0x00000000e3800000, 0x00000000e3800000, 0x00000000e3900000|  0%| F|  |TAMS 0x00000000e3800000| PB 0x00000000e3800000| Untracked 
|  57|0x00000000e3900000, 0x00000000e3900000, 0x00000000e3a00000|  0%| F|  |TAMS 0x00000000e3900000| PB 0x00000000e3900000| Untracked 
|  58|0x00000000e3a00000, 0x00000000e3a00000, 0x00000000e3b00000|  0%| F|  |TAMS 0x00000000e3a00000| PB 0x00000000e3a00000| Untracked 
|  59|0x00000000e3b00000, 0x00000000e3b00000, 0x00000000e3c00000|  0%| F|  |TAMS 0x00000000e3b00000| PB 0x00000000e3b00000| Untracked 
|  60|0x00000000e3c00000, 0x00000000e3c00000, 0x00000000e3d00000|  0%| F|  |TAMS 0x00000000e3c00000| PB 0x00000000e3c00000| Untracked 
|  61|0x00000000e3d00000, 0x00000000e3d00000, 0x00000000e3e00000|  0%| F|  |TAMS 0x00000000e3d00000| PB 0x00000000e3d00000| Untracked 
|  62|0x00000000e3e00000, 0x00000000e3e00000, 0x00000000e3f00000|  0%| F|  |TAMS 0x00000000e3e00000| PB 0x00000000e3e00000| Untracked 
|  63|0x00000000e3f00000, 0x00000000e3f00000, 0x00000000e4000000|  0%| F|  |TAMS 0x00000000e3f00000| PB 0x00000000e3f00000| Untracked 
|  64|0x00000000e4000000, 0x00000000e4000000, 0x00000000e4100000|  0%| F|  |TAMS 0x00000000e4000000| PB 0x00000000e4000000| Untracked 
|  65|0x00000000e4100000, 0x00000000e4100000, 0x00000000e4200000|  0%| F|  |TAMS 0x00000000e4100000| PB 0x00000000e4100000| Untracked 
|  66|0x00000000e4200000, 0x00000000e4200000, 0x00000000e4300000|  0%| F|  |TAMS 0x00000000e4200000| PB 0x00000000e4200000| Untracked 
|  67|0x00000000e4300000, 0x00000000e4300000, 0x00000000e4400000|  0%| F|  |TAMS 0x00000000e4300000| PB 0x00000000e4300000| Untracked 
|  68|0x00000000e4400000, 0x00000000e4400000, 0x00000000e4500000|  0%| F|  |TAMS 0x00000000e4400000| PB 0x00000000e4400000| Untracked 
|  69|0x00000000e4500000, 0x00000000e4500000, 0x00000000e4600000|  0%| F|  |TAMS 0x00000000e4500000| PB 0x00000000e4500000| Untracked 
|  70|0x00000000e4600000, 0x00000000e4600000, 0x00000000e4700000|  0%| F|  |TAMS 0x00000000e4600000| PB 0x00000000e4600000| Untracked 
|  71|0x00000000e4700000, 0x00000000e4700000, 0x00000000e4800000|  0%| F|  |TAMS 0x00000000e4700000| PB 0x00000000e4700000| Untracked 
|  72|0x00000000e4800000, 0x00000000e4800000, 0x00000000e4900000|  0%| F|  |TAMS 0x00000000e4800000| PB 0x00000000e4800000| Untracked 
|  73|0x00000000e4900000, 0x00000000e4900000, 0x00000000e4a00000|  0%| F|  |TAMS 0x00000000e4900000| PB 0x00000000e4900000| Untracked 
|  74|0x00000000e4a00000, 0x00000000e4a00000, 0x00000000e4b00000|  0%| F|  |TAMS 0x00000000e4a00000| PB 0x00000000e4a00000| Untracked 
|  75|0x00000000e4b00000, 0x00000000e4b00000, 0x00000000e4c00000|  0%| F|  |TAMS 0x00000000e4b00000| PB 0x00000000e4b00000| Untracked 
|  76|0x00000000e4c00000, 0x00000000e4c00000, 0x00000000e4d00000|  0%| F|  |TAMS 0x00000000e4c00000| PB 0x00000000e4c00000| Untracked 
|  77|0x00000000e4d00000, 0x00000000e4d00000, 0x00000000e4e00000|  0%| F|  |TAMS 0x00000000e4d00000| PB 0x00000000e4d00000| Untracked 
|  78|0x00000000e4e00000, 0x00000000e4e00000, 0x00000000e4f00000|  0%| F|  |TAMS 0x00000000e4e00000| PB 0x00000000e4e00000| Untracked 
|  79|0x00000000e4f00000, 0x00000000e4f00000, 0x00000000e5000000|  0%| F|  |TAMS 0x00000000e4f00000| PB 0x00000000e4f00000| Untracked 
|  80|0x00000000e5000000, 0x00000000e5000000, 0x00000000e5100000|  0%| F|  |TAMS 0x00000000e5000000| PB 0x00000000e5000000| Untracked 
|  81|0x00000000e5100000, 0x00000000e5100000, 0x00000000e5200000|  0%| F|  |TAMS 0x00000000e5100000| PB 0x00000000e5100000| Untracked 
|  82|0x00000000e5200000, 0x00000000e5200000, 0x00000000e5300000|  0%| F|  |TAMS 0x00000000e5200000| PB 0x00000000e5200000| Untracked 
|  83|0x00000000e5300000, 0x00000000e5300000, 0x00000000e5400000|  0%| F|  |TAMS 0x00000000e5300000| PB 0x00000000e5300000| Untracked 
|  84|0x00000000e5400000, 0x00000000e5400000, 0x00000000e5500000|  0%| F|  |TAMS 0x00000000e5400000| PB 0x00000000e5400000| Untracked 
|  85|0x00000000e5500000, 0x00000000e5500000, 0x00000000e5600000|  0%| F|  |TAMS 0x00000000e5500000| PB 0x00000000e5500000| Untracked 
|  86|0x00000000e5600000, 0x00000000e56ed5d0, 0x00000000e5700000| 92%| S|CS|TAMS 0x00000000e5600000| PB 0x00000000e5600000| Complete 
|  87|0x00000000e5700000, 0x00000000e5800000, 0x00000000e5800000|100%| S|CS|TAMS 0x00000000e5700000| PB 0x00000000e5700000| Complete 
|  88|0x00000000e5800000, 0x00000000e5900000, 0x00000000e5900000|100%| S|CS|TAMS 0x00000000e5800000| PB 0x00000000e5800000| Complete 
|  89|0x00000000e5900000, 0x00000000e5a00000, 0x00000000e5a00000|100%| S|CS|TAMS 0x00000000e5900000| PB 0x00000000e5900000| Complete 
|  90|0x00000000e5a00000, 0x00000000e5b00000, 0x00000000e5b00000|100%| S|CS|TAMS 0x00000000e5a00000| PB 0x00000000e5a00000| Complete 
|  91|0x00000000e5b00000, 0x00000000e5c00000, 0x00000000e5c00000|100%| S|CS|TAMS 0x00000000e5b00000| PB 0x00000000e5b00000| Complete 
|  92|0x00000000e5c00000, 0x00000000e5d00000, 0x00000000e5d00000|100%| S|CS|TAMS 0x00000000e5c00000| PB 0x00000000e5c00000| Complete 
|  93|0x00000000e5d00000, 0x00000000e5e00000, 0x00000000e5e00000|100%| S|CS|TAMS 0x00000000e5d00000| PB 0x00000000e5d00000| Complete 
|  94|0x00000000e5e00000, 0x00000000e5f00000, 0x00000000e5f00000|100%| S|CS|TAMS 0x00000000e5e00000| PB 0x00000000e5e00000| Complete 
|  95|0x00000000e5f00000, 0x00000000e6000000, 0x00000000e6000000|100%| S|CS|TAMS 0x00000000e5f00000| PB 0x00000000e5f00000| Complete 
|  96|0x00000000e6000000, 0x00000000e6100000, 0x00000000e6100000|100%| S|CS|TAMS 0x00000000e6000000| PB 0x00000000e6000000| Complete 
|  97|0x00000000e6100000, 0x00000000e6200000, 0x00000000e6200000|100%| S|CS|TAMS 0x00000000e6100000| PB 0x00000000e6100000| Complete 
|  98|0x00000000e6200000, 0x00000000e6300000, 0x00000000e6300000|100%| S|CS|TAMS 0x00000000e6200000| PB 0x00000000e6200000| Complete 
|  99|0x00000000e6300000, 0x00000000e6400000, 0x00000000e6400000|100%| S|CS|TAMS 0x00000000e6300000| PB 0x00000000e6300000| Complete 
| 100|0x00000000e6400000, 0x00000000e6500000, 0x00000000e6500000|100%| S|CS|TAMS 0x00000000e6400000| PB 0x00000000e6400000| Complete 
| 101|0x00000000e6500000, 0x00000000e6600000, 0x00000000e6600000|100%| S|CS|TAMS 0x00000000e6500000| PB 0x00000000e6500000| Complete 
| 102|0x00000000e6600000, 0x00000000e6700000, 0x00000000e6700000|100%| S|CS|TAMS 0x00000000e6600000| PB 0x00000000e6600000| Complete 
| 103|0x00000000e6700000, 0x00000000e6700000, 0x00000000e6800000|  0%| F|  |TAMS 0x00000000e6700000| PB 0x00000000e6700000| Untracked 
| 104|0x00000000e6800000, 0x00000000e6800000, 0x00000000e6900000|  0%| F|  |TAMS 0x00000000e6800000| PB 0x00000000e6800000| Untracked 
| 105|0x00000000e6900000, 0x00000000e6900000, 0x00000000e6a00000|  0%| F|  |TAMS 0x00000000e6900000| PB 0x00000000e6900000| Untracked 
| 106|0x00000000e6a00000, 0x00000000e6a00000, 0x00000000e6b00000|  0%| F|  |TAMS 0x00000000e6a00000| PB 0x00000000e6a00000| Untracked 
| 107|0x00000000e6b00000, 0x00000000e6b00000, 0x00000000e6c00000|  0%| F|  |TAMS 0x00000000e6b00000| PB 0x00000000e6b00000| Untracked 
| 108|0x00000000e6c00000, 0x00000000e6c00000, 0x00000000e6d00000|  0%| F|  |TAMS 0x00000000e6c00000| PB 0x00000000e6c00000| Untracked 
| 109|0x00000000e6d00000, 0x00000000e6d00000, 0x00000000e6e00000|  0%| F|  |TAMS 0x00000000e6d00000| PB 0x00000000e6d00000| Untracked 
| 110|0x00000000e6e00000, 0x00000000e6e00000, 0x00000000e6f00000|  0%| F|  |TAMS 0x00000000e6e00000| PB 0x00000000e6e00000| Untracked 
| 111|0x00000000e6f00000, 0x00000000e6f00000, 0x00000000e7000000|  0%| F|  |TAMS 0x00000000e6f00000| PB 0x00000000e6f00000| Untracked 
| 112|0x00000000e7000000, 0x00000000e7000000, 0x00000000e7100000|  0%| F|  |TAMS 0x00000000e7000000| PB 0x00000000e7000000| Untracked 
| 113|0x00000000e7100000, 0x00000000e7100000, 0x00000000e7200000|  0%| F|  |TAMS 0x00000000e7100000| PB 0x00000000e7100000| Untracked 
| 114|0x00000000e7200000, 0x00000000e7200000, 0x00000000e7300000|  0%| F|  |TAMS 0x00000000e7200000| PB 0x00000000e7200000| Untracked 
| 115|0x00000000e7300000, 0x00000000e7300000, 0x00000000e7400000|  0%| F|  |TAMS 0x00000000e7300000| PB 0x00000000e7300000| Untracked 
| 116|0x00000000e7400000, 0x00000000e7400000, 0x00000000e7500000|  0%| F|  |TAMS 0x00000000e7400000| PB 0x00000000e7400000| Untracked 
| 117|0x00000000e7500000, 0x00000000e7500000, 0x00000000e7600000|  0%| F|  |TAMS 0x00000000e7500000| PB 0x00000000e7500000| Untracked 
| 118|0x00000000e7600000, 0x00000000e7600000, 0x00000000e7700000|  0%| F|  |TAMS 0x00000000e7600000| PB 0x00000000e7600000| Untracked 
| 119|0x00000000e7700000, 0x00000000e7700000, 0x00000000e7800000|  0%| F|  |TAMS 0x00000000e7700000| PB 0x00000000e7700000| Untracked 
| 120|0x00000000e7800000, 0x00000000e7800000, 0x00000000e7900000|  0%| F|  |TAMS 0x00000000e7800000| PB 0x00000000e7800000| Untracked 
| 121|0x00000000e7900000, 0x00000000e7900000, 0x00000000e7a00000|  0%| F|  |TAMS 0x00000000e7900000| PB 0x00000000e7900000| Untracked 
| 122|0x00000000e7a00000, 0x00000000e7a00000, 0x00000000e7b00000|  0%| F|  |TAMS 0x00000000e7a00000| PB 0x00000000e7a00000| Untracked 
| 123|0x00000000e7b00000, 0x00000000e7b00000, 0x00000000e7c00000|  0%| F|  |TAMS 0x00000000e7b00000| PB 0x00000000e7b00000| Untracked 
| 124|0x00000000e7c00000, 0x00000000e7c00000, 0x00000000e7d00000|  0%| F|  |TAMS 0x00000000e7c00000| PB 0x00000000e7c00000| Untracked 
| 125|0x00000000e7d00000, 0x00000000e7d00000, 0x00000000e7e00000|  0%| F|  |TAMS 0x00000000e7d00000| PB 0x00000000e7d00000| Untracked 
| 126|0x00000000e7e00000, 0x00000000e7e00000, 0x00000000e7f00000|  0%| F|  |TAMS 0x00000000e7e00000| PB 0x00000000e7e00000| Untracked 
| 127|0x00000000e7f00000, 0x00000000e7f00000, 0x00000000e8000000|  0%| F|  |TAMS 0x00000000e7f00000| PB 0x00000000e7f00000| Untracked 
| 128|0x00000000e8000000, 0x00000000e8000000, 0x00000000e8100000|  0%| F|  |TAMS 0x00000000e8000000| PB 0x00000000e8000000| Untracked 
| 129|0x00000000e8100000, 0x00000000e8100000, 0x00000000e8200000|  0%| F|  |TAMS 0x00000000e8100000| PB 0x00000000e8100000| Untracked 
| 130|0x00000000e8200000, 0x00000000e8200000, 0x00000000e8300000|  0%| F|  |TAMS 0x00000000e8200000| PB 0x00000000e8200000| Untracked 
| 131|0x00000000e8300000, 0x00000000e8300000, 0x00000000e8400000|  0%| F|  |TAMS 0x00000000e8300000| PB 0x00000000e8300000| Untracked 
| 132|0x00000000e8400000, 0x00000000e8400000, 0x00000000e8500000|  0%| F|  |TAMS 0x00000000e8400000| PB 0x00000000e8400000| Untracked 
| 133|0x00000000e8500000, 0x00000000e8500000, 0x00000000e8600000|  0%| F|  |TAMS 0x00000000e8500000| PB 0x00000000e8500000| Untracked 
| 134|0x00000000e8600000, 0x00000000e8600000, 0x00000000e8700000|  0%| F|  |TAMS 0x00000000e8600000| PB 0x00000000e8600000| Untracked 
| 135|0x00000000e8700000, 0x00000000e8700000, 0x00000000e8800000|  0%| F|  |TAMS 0x00000000e8700000| PB 0x00000000e8700000| Untracked 
| 136|0x00000000e8800000, 0x00000000e8800000, 0x00000000e8900000|  0%| F|  |TAMS 0x00000000e8800000| PB 0x00000000e8800000| Untracked 
| 137|0x00000000e8900000, 0x00000000e8900000, 0x00000000e8a00000|  0%| F|  |TAMS 0x00000000e8900000| PB 0x00000000e8900000| Untracked 
| 138|0x00000000e8a00000, 0x00000000e8a00000, 0x00000000e8b00000|  0%| F|  |TAMS 0x00000000e8a00000| PB 0x00000000e8a00000| Untracked 
| 139|0x00000000e8b00000, 0x00000000e8b00000, 0x00000000e8c00000|  0%| F|  |TAMS 0x00000000e8b00000| PB 0x00000000e8b00000| Untracked 
| 140|0x00000000e8c00000, 0x00000000e8c00000, 0x00000000e8d00000|  0%| F|  |TAMS 0x00000000e8c00000| PB 0x00000000e8c00000| Untracked 
| 141|0x00000000e8d00000, 0x00000000e8d00000, 0x00000000e8e00000|  0%| F|  |TAMS 0x00000000e8d00000| PB 0x00000000e8d00000| Untracked 
| 142|0x00000000e8e00000, 0x00000000e8e00000, 0x00000000e8f00000|  0%| F|  |TAMS 0x00000000e8e00000| PB 0x00000000e8e00000| Untracked 
| 143|0x00000000e8f00000, 0x00000000e8f00000, 0x00000000e9000000|  0%| F|  |TAMS 0x00000000e8f00000| PB 0x00000000e8f00000| Untracked 
| 144|0x00000000e9000000, 0x00000000e9000000, 0x00000000e9100000|  0%| F|  |TAMS 0x00000000e9000000| PB 0x00000000e9000000| Untracked 
| 145|0x00000000e9100000, 0x00000000e9100000, 0x00000000e9200000|  0%| F|  |TAMS 0x00000000e9100000| PB 0x00000000e9100000| Untracked 
| 146|0x00000000e9200000, 0x00000000e9200000, 0x00000000e9300000|  0%| F|  |TAMS 0x00000000e9200000| PB 0x00000000e9200000| Untracked 
| 147|0x00000000e9300000, 0x00000000e9300000, 0x00000000e9400000|  0%| F|  |TAMS 0x00000000e9300000| PB 0x00000000e9300000| Untracked 
| 148|0x00000000e9400000, 0x00000000e9400000, 0x00000000e9500000|  0%| F|  |TAMS 0x00000000e9400000| PB 0x00000000e9400000| Untracked 
| 149|0x00000000e9500000, 0x00000000e9500000, 0x00000000e9600000|  0%| F|  |TAMS 0x00000000e9500000| PB 0x00000000e9500000| Untracked 
| 150|0x00000000e9600000, 0x00000000e9600000, 0x00000000e9700000|  0%| F|  |TAMS 0x00000000e9600000| PB 0x00000000e9600000| Untracked 
| 151|0x00000000e9700000, 0x00000000e9700000, 0x00000000e9800000|  0%| F|  |TAMS 0x00000000e9700000| PB 0x00000000e9700000| Untracked 
| 152|0x00000000e9800000, 0x00000000e9800000, 0x00000000e9900000|  0%| F|  |TAMS 0x00000000e9800000| PB 0x00000000e9800000| Untracked 
| 153|0x00000000e9900000, 0x00000000e9900000, 0x00000000e9a00000|  0%| F|  |TAMS 0x00000000e9900000| PB 0x00000000e9900000| Untracked 
| 154|0x00000000e9a00000, 0x00000000e9a00000, 0x00000000e9b00000|  0%| F|  |TAMS 0x00000000e9a00000| PB 0x00000000e9a00000| Untracked 
| 155|0x00000000e9b00000, 0x00000000e9b00000, 0x00000000e9c00000|  0%| F|  |TAMS 0x00000000e9b00000| PB 0x00000000e9b00000| Untracked 
| 156|0x00000000e9c00000, 0x00000000e9c00000, 0x00000000e9d00000|  0%| F|  |TAMS 0x00000000e9c00000| PB 0x00000000e9c00000| Untracked 
| 157|0x00000000e9d00000, 0x00000000e9d00000, 0x00000000e9e00000|  0%| F|  |TAMS 0x00000000e9d00000| PB 0x00000000e9d00000| Untracked 
| 158|0x00000000e9e00000, 0x00000000e9e00000, 0x00000000e9f00000|  0%| F|  |TAMS 0x00000000e9e00000| PB 0x00000000e9e00000| Untracked 
| 159|0x00000000e9f00000, 0x00000000e9f00000, 0x00000000ea000000|  0%| F|  |TAMS 0x00000000e9f00000| PB 0x00000000e9f00000| Untracked 
| 160|0x00000000ea000000, 0x00000000ea000000, 0x00000000ea100000|  0%| F|  |TAMS 0x00000000ea000000| PB 0x00000000ea000000| Untracked 
| 161|0x00000000ea100000, 0x00000000ea100000, 0x00000000ea200000|  0%| F|  |TAMS 0x00000000ea100000| PB 0x00000000ea100000| Untracked 
| 162|0x00000000ea200000, 0x00000000ea200000, 0x00000000ea300000|  0%| F|  |TAMS 0x00000000ea200000| PB 0x00000000ea200000| Untracked 
| 163|0x00000000ea300000, 0x00000000ea300000, 0x00000000ea400000|  0%| F|  |TAMS 0x00000000ea300000| PB 0x00000000ea300000| Untracked 
| 164|0x00000000ea400000, 0x00000000ea400000, 0x00000000ea500000|  0%| F|  |TAMS 0x00000000ea400000| PB 0x00000000ea400000| Untracked 
| 165|0x00000000ea500000, 0x00000000ea500000, 0x00000000ea600000|  0%| F|  |TAMS 0x00000000ea500000| PB 0x00000000ea500000| Untracked 
| 166|0x00000000ea600000, 0x00000000ea600000, 0x00000000ea700000|  0%| F|  |TAMS 0x00000000ea600000| PB 0x00000000ea600000| Untracked 
| 167|0x00000000ea700000, 0x00000000ea700000, 0x00000000ea800000|  0%| F|  |TAMS 0x00000000ea700000| PB 0x00000000ea700000| Untracked 
| 168|0x00000000ea800000, 0x00000000ea800000, 0x00000000ea900000|  0%| F|  |TAMS 0x00000000ea800000| PB 0x00000000ea800000| Untracked 
| 169|0x00000000ea900000, 0x00000000ea900000, 0x00000000eaa00000|  0%| F|  |TAMS 0x00000000ea900000| PB 0x00000000ea900000| Untracked 
| 170|0x00000000eaa00000, 0x00000000eaa00000, 0x00000000eab00000|  0%| F|  |TAMS 0x00000000eaa00000| PB 0x00000000eaa00000| Untracked 
| 171|0x00000000eab00000, 0x00000000eab00000, 0x00000000eac00000|  0%| F|  |TAMS 0x00000000eab00000| PB 0x00000000eab00000| Untracked 
| 172|0x00000000eac00000, 0x00000000eac00000, 0x00000000ead00000|  0%| F|  |TAMS 0x00000000eac00000| PB 0x00000000eac00000| Untracked 
| 173|0x00000000ead00000, 0x00000000ead00000, 0x00000000eae00000|  0%| F|  |TAMS 0x00000000ead00000| PB 0x00000000ead00000| Untracked 
| 174|0x00000000eae00000, 0x00000000eae00000, 0x00000000eaf00000|  0%| F|  |TAMS 0x00000000eae00000| PB 0x00000000eae00000| Untracked 
| 175|0x00000000eaf00000, 0x00000000eaf00000, 0x00000000eb000000|  0%| F|  |TAMS 0x00000000eaf00000| PB 0x00000000eaf00000| Untracked 
| 176|0x00000000eb000000, 0x00000000eb000000, 0x00000000eb100000|  0%| F|  |TAMS 0x00000000eb000000| PB 0x00000000eb000000| Untracked 
| 177|0x00000000eb100000, 0x00000000eb100000, 0x00000000eb200000|  0%| F|  |TAMS 0x00000000eb100000| PB 0x00000000eb100000| Untracked 
| 178|0x00000000eb200000, 0x00000000eb200000, 0x00000000eb300000|  0%| F|  |TAMS 0x00000000eb200000| PB 0x00000000eb200000| Untracked 
| 179|0x00000000eb300000, 0x00000000eb300000, 0x00000000eb400000|  0%| F|  |TAMS 0x00000000eb300000| PB 0x00000000eb300000| Untracked 
| 180|0x00000000eb400000, 0x00000000eb400000, 0x00000000eb500000|  0%| F|  |TAMS 0x00000000eb400000| PB 0x00000000eb400000| Untracked 
| 181|0x00000000eb500000, 0x00000000eb500000, 0x00000000eb600000|  0%| F|  |TAMS 0x00000000eb500000| PB 0x00000000eb500000| Untracked 
| 182|0x00000000eb600000, 0x00000000eb600000, 0x00000000eb700000|  0%| F|  |TAMS 0x00000000eb600000| PB 0x00000000eb600000| Untracked 
| 183|0x00000000eb700000, 0x00000000eb700000, 0x00000000eb800000|  0%| F|  |TAMS 0x00000000eb700000| PB 0x00000000eb700000| Untracked 
| 184|0x00000000eb800000, 0x00000000eb83a098, 0x00000000eb900000| 22%| E|  |TAMS 0x00000000eb800000| PB 0x00000000eb800000| Complete 
| 185|0x00000000eb900000, 0x00000000eba00000, 0x00000000eba00000|100%| E|CS|TAMS 0x00000000eb900000| PB 0x00000000eb900000| Complete 
| 186|0x00000000eba00000, 0x00000000ebb00000, 0x00000000ebb00000|100%| E|CS|TAMS 0x00000000eba00000| PB 0x00000000eba00000| Complete 
| 187|0x00000000ebb00000, 0x00000000ebc00000, 0x00000000ebc00000|100%| E|CS|TAMS 0x00000000ebb00000| PB 0x00000000ebb00000| Complete 
| 188|0x00000000ebc00000, 0x00000000ebd00000, 0x00000000ebd00000|100%| E|CS|TAMS 0x00000000ebc00000| PB 0x00000000ebc00000| Complete 
| 189|0x00000000ebd00000, 0x00000000ebe00000, 0x00000000ebe00000|100%| E|CS|TAMS 0x00000000ebd00000| PB 0x00000000ebd00000| Complete 
| 190|0x00000000ebe00000, 0x00000000ebf00000, 0x00000000ebf00000|100%| E|CS|TAMS 0x00000000ebe00000| PB 0x00000000ebe00000| Complete 
| 191|0x00000000ebf00000, 0x00000000ec000000, 0x00000000ec000000|100%| E|CS|TAMS 0x00000000ebf00000| PB 0x00000000ebf00000| Complete 
| 192|0x00000000ec000000, 0x00000000ec100000, 0x00000000ec100000|100%| E|CS|TAMS 0x00000000ec000000| PB 0x00000000ec000000| Complete 
| 193|0x00000000ec100000, 0x00000000ec200000, 0x00000000ec200000|100%| E|CS|TAMS 0x00000000ec100000| PB 0x00000000ec100000| Complete 
| 194|0x00000000ec200000, 0x00000000ec300000, 0x00000000ec300000|100%| E|CS|TAMS 0x00000000ec200000| PB 0x00000000ec200000| Complete 
| 195|0x00000000ec300000, 0x00000000ec400000, 0x00000000ec400000|100%| E|CS|TAMS 0x00000000ec300000| PB 0x00000000ec300000| Complete 
| 196|0x00000000ec400000, 0x00000000ec500000, 0x00000000ec500000|100%| E|CS|TAMS 0x00000000ec400000| PB 0x00000000ec400000| Complete 
| 197|0x00000000ec500000, 0x00000000ec600000, 0x00000000ec600000|100%| E|CS|TAMS 0x00000000ec500000| PB 0x00000000ec500000| Complete 
| 198|0x00000000ec600000, 0x00000000ec700000, 0x00000000ec700000|100%| E|CS|TAMS 0x00000000ec600000| PB 0x00000000ec600000| Complete 
| 199|0x00000000ec700000, 0x00000000ec800000, 0x00000000ec800000|100%| E|CS|TAMS 0x00000000ec700000| PB 0x00000000ec700000| Complete 
| 200|0x00000000ec800000, 0x00000000ec900000, 0x00000000ec900000|100%| E|CS|TAMS 0x00000000ec800000| PB 0x00000000ec800000| Complete 
| 201|0x00000000ec900000, 0x00000000eca00000, 0x00000000eca00000|100%| E|CS|TAMS 0x00000000ec900000| PB 0x00000000ec900000| Complete 
| 202|0x00000000eca00000, 0x00000000ecb00000, 0x00000000ecb00000|100%| E|CS|TAMS 0x00000000eca00000| PB 0x00000000eca00000| Complete 
| 203|0x00000000ecb00000, 0x00000000ecc00000, 0x00000000ecc00000|100%| E|CS|TAMS 0x00000000ecb00000| PB 0x00000000ecb00000| Complete 
| 204|0x00000000ecc00000, 0x00000000ecd00000, 0x00000000ecd00000|100%| E|CS|TAMS 0x00000000ecc00000| PB 0x00000000ecc00000| Complete 
| 205|0x00000000ecd00000, 0x00000000ece00000, 0x00000000ece00000|100%| E|CS|TAMS 0x00000000ecd00000| PB 0x00000000ecd00000| Complete 
| 206|0x00000000ece00000, 0x00000000ecf00000, 0x00000000ecf00000|100%| E|CS|TAMS 0x00000000ece00000| PB 0x00000000ece00000| Complete 
| 207|0x00000000ecf00000, 0x00000000ed000000, 0x00000000ed000000|100%| E|CS|TAMS 0x00000000ecf00000| PB 0x00000000ecf00000| Complete 
| 208|0x00000000ed000000, 0x00000000ed100000, 0x00000000ed100000|100%| E|CS|TAMS 0x00000000ed000000| PB 0x00000000ed000000| Complete 
| 209|0x00000000ed100000, 0x00000000ed200000, 0x00000000ed200000|100%| E|CS|TAMS 0x00000000ed100000| PB 0x00000000ed100000| Complete 
| 210|0x00000000ed200000, 0x00000000ed300000, 0x00000000ed300000|100%| E|CS|TAMS 0x00000000ed200000| PB 0x00000000ed200000| Complete 
| 211|0x00000000ed300000, 0x00000000ed400000, 0x00000000ed400000|100%| E|CS|TAMS 0x00000000ed300000| PB 0x00000000ed300000| Complete 
| 212|0x00000000ed400000, 0x00000000ed500000, 0x00000000ed500000|100%| E|CS|TAMS 0x00000000ed400000| PB 0x00000000ed400000| Complete 
| 213|0x00000000ed500000, 0x00000000ed600000, 0x00000000ed600000|100%| E|CS|TAMS 0x00000000ed500000| PB 0x00000000ed500000| Complete 
| 214|0x00000000ed600000, 0x00000000ed700000, 0x00000000ed700000|100%| E|CS|TAMS 0x00000000ed600000| PB 0x00000000ed600000| Complete 
| 215|0x00000000ed700000, 0x00000000ed800000, 0x00000000ed800000|100%| E|CS|TAMS 0x00000000ed700000| PB 0x00000000ed700000| Complete 
| 216|0x00000000ed800000, 0x00000000ed900000, 0x00000000ed900000|100%| E|CS|TAMS 0x00000000ed800000| PB 0x00000000ed800000| Complete 
| 217|0x00000000ed900000, 0x00000000eda00000, 0x00000000eda00000|100%| E|CS|TAMS 0x00000000ed900000| PB 0x00000000ed900000| Complete 
| 218|0x00000000eda00000, 0x00000000edb00000, 0x00000000edb00000|100%| E|CS|TAMS 0x00000000eda00000| PB 0x00000000eda00000| Complete 
| 219|0x00000000edb00000, 0x00000000edc00000, 0x00000000edc00000|100%| E|CS|TAMS 0x00000000edb00000| PB 0x00000000edb00000| Complete 
| 220|0x00000000edc00000, 0x00000000edd00000, 0x00000000edd00000|100%| E|CS|TAMS 0x00000000edc00000| PB 0x00000000edc00000| Complete 
| 221|0x00000000edd00000, 0x00000000ede00000, 0x00000000ede00000|100%| E|CS|TAMS 0x00000000edd00000| PB 0x00000000edd00000| Complete 
| 222|0x00000000ede00000, 0x00000000edf00000, 0x00000000edf00000|100%| E|CS|TAMS 0x00000000ede00000| PB 0x00000000ede00000| Complete 
| 223|0x00000000edf00000, 0x00000000ee000000, 0x00000000ee000000|100%| E|CS|TAMS 0x00000000edf00000| PB 0x00000000edf00000| Complete 
| 224|0x00000000ee000000, 0x00000000ee100000, 0x00000000ee100000|100%| E|CS|TAMS 0x00000000ee000000| PB 0x00000000ee000000| Complete 
| 225|0x00000000ee100000, 0x00000000ee200000, 0x00000000ee200000|100%| E|CS|TAMS 0x00000000ee100000| PB 0x00000000ee100000| Complete 
| 226|0x00000000ee200000, 0x00000000ee300000, 0x00000000ee300000|100%| E|CS|TAMS 0x00000000ee200000| PB 0x00000000ee200000| Complete 
| 227|0x00000000ee300000, 0x00000000ee400000, 0x00000000ee400000|100%| E|CS|TAMS 0x00000000ee300000| PB 0x00000000ee300000| Complete 
| 228|0x00000000ee400000, 0x00000000ee500000, 0x00000000ee500000|100%| E|CS|TAMS 0x00000000ee400000| PB 0x00000000ee400000| Complete 
| 229|0x00000000ee500000, 0x00000000ee600000, 0x00000000ee600000|100%| E|CS|TAMS 0x00000000ee500000| PB 0x00000000ee500000| Complete 
| 230|0x00000000ee600000, 0x00000000ee700000, 0x00000000ee700000|100%| E|CS|TAMS 0x00000000ee600000| PB 0x00000000ee600000| Complete 
| 231|0x00000000ee700000, 0x00000000ee800000, 0x00000000ee800000|100%| E|CS|TAMS 0x00000000ee700000| PB 0x00000000ee700000| Complete 
| 232|0x00000000ee800000, 0x00000000ee900000, 0x00000000ee900000|100%| E|CS|TAMS 0x00000000ee800000| PB 0x00000000ee800000| Complete 
| 233|0x00000000ee900000, 0x00000000eea00000, 0x00000000eea00000|100%| E|CS|TAMS 0x00000000ee900000| PB 0x00000000ee900000| Complete 
| 234|0x00000000eea00000, 0x00000000eeb00000, 0x00000000eeb00000|100%| E|CS|TAMS 0x00000000eea00000| PB 0x00000000eea00000| Complete 
| 235|0x00000000eeb00000, 0x00000000eec00000, 0x00000000eec00000|100%| E|CS|TAMS 0x00000000eeb00000| PB 0x00000000eeb00000| Complete 
| 236|0x00000000eec00000, 0x00000000eed00000, 0x00000000eed00000|100%| E|CS|TAMS 0x00000000eec00000| PB 0x00000000eec00000| Complete 
| 237|0x00000000eed00000, 0x00000000eee00000, 0x00000000eee00000|100%| E|CS|TAMS 0x00000000eed00000| PB 0x00000000eed00000| Complete 
| 238|0x00000000eee00000, 0x00000000eef00000, 0x00000000eef00000|100%| E|CS|TAMS 0x00000000eee00000| PB 0x00000000eee00000| Complete 
| 239|0x00000000eef00000, 0x00000000ef000000, 0x00000000ef000000|100%| E|CS|TAMS 0x00000000eef00000| PB 0x00000000eef00000| Complete 
| 240|0x00000000ef000000, 0x00000000ef100000, 0x00000000ef100000|100%| E|CS|TAMS 0x00000000ef000000| PB 0x00000000ef000000| Complete 
| 241|0x00000000ef100000, 0x00000000ef200000, 0x00000000ef200000|100%| E|CS|TAMS 0x00000000ef100000| PB 0x00000000ef100000| Complete 
| 242|0x00000000ef200000, 0x00000000ef300000, 0x00000000ef300000|100%| E|CS|TAMS 0x00000000ef200000| PB 0x00000000ef200000| Complete 
| 243|0x00000000ef300000, 0x00000000ef400000, 0x00000000ef400000|100%| E|CS|TAMS 0x00000000ef300000| PB 0x00000000ef300000| Complete 
| 244|0x00000000ef400000, 0x00000000ef500000, 0x00000000ef500000|100%| E|CS|TAMS 0x00000000ef400000| PB 0x00000000ef400000| Complete 
| 245|0x00000000ef500000, 0x00000000ef600000, 0x00000000ef600000|100%| E|CS|TAMS 0x00000000ef500000| PB 0x00000000ef500000| Complete 
| 246|0x00000000ef600000, 0x00000000ef700000, 0x00000000ef700000|100%| E|CS|TAMS 0x00000000ef600000| PB 0x00000000ef600000| Complete 
| 247|0x00000000ef700000, 0x00000000ef800000, 0x00000000ef800000|100%| E|CS|TAMS 0x00000000ef700000| PB 0x00000000ef700000| Complete 
| 248|0x00000000ef800000, 0x00000000ef900000, 0x00000000ef900000|100%| E|CS|TAMS 0x00000000ef800000| PB 0x00000000ef800000| Complete 
| 249|0x00000000ef900000, 0x00000000efa00000, 0x00000000efa00000|100%| E|CS|TAMS 0x00000000ef900000| PB 0x00000000ef900000| Complete 
| 250|0x00000000efa00000, 0x00000000efb00000, 0x00000000efb00000|100%| E|CS|TAMS 0x00000000efa00000| PB 0x00000000efa00000| Complete 
| 251|0x00000000efb00000, 0x00000000efc00000, 0x00000000efc00000|100%| E|CS|TAMS 0x00000000efb00000| PB 0x00000000efb00000| Complete 
| 252|0x00000000efc00000, 0x00000000efd00000, 0x00000000efd00000|100%| E|CS|TAMS 0x00000000efc00000| PB 0x00000000efc00000| Complete 
| 253|0x00000000efd00000, 0x00000000efe00000, 0x00000000efe00000|100%| E|CS|TAMS 0x00000000efd00000| PB 0x00000000efd00000| Complete 
| 254|0x00000000efe00000, 0x00000000eff00000, 0x00000000eff00000|100%| E|CS|TAMS 0x00000000efe00000| PB 0x00000000efe00000| Complete 
| 255|0x00000000eff00000, 0x00000000f0000000, 0x00000000f0000000|100%| E|CS|TAMS 0x00000000eff00000| PB 0x00000000eff00000| Complete 

Card table byte_map: [0x000001617db80000,0x000001617dc80000] _byte_map_base: 0x000001617d480000

Marking Bits: (CMBitMap*) 0x000001617d6bf020
 Bits: [0x000001617dc80000, 0x000001617e480000)

Polling page: 0x000001617b880000

Metaspace:

Usage:
  Non-class:     44.56 MB used.
      Class:      8.04 MB used.
       Both:     52.59 MB used.

Virtual space:
  Non-class space:       64.00 MB reserved,      45.62 MB ( 71%) committed,  1 nodes.
      Class space:      320.00 MB reserved,       9.00 MB (  3%) committed,  1 nodes.
             Both:      384.00 MB reserved,      54.62 MB ( 14%) committed. 

Chunk freelists:
   Non-Class:  2.08 MB
       Class:  6.94 MB
        Both:  9.02 MB

MaxMetaspaceSize: 384.00 MB
CompressedClassSpaceSize: 320.00 MB
Initial GC threshold: 21.00 MB
Current GC threshold: 59.69 MB
CDS: on
 - commit_granule_bytes: 65536.
 - commit_granule_words: 8192.
 - virtual_space_node_default_size: 8388608.
 - enlarge_chunks_in_place: 1.
 - use_allocation_guard: 0.


Internal statistics:

num_allocs_failed_limit: 12.
num_arena_births: 3888.
num_arena_deaths: 0.
num_vsnodes_births: 2.
num_vsnodes_deaths: 0.
num_space_committed: 874.
num_space_uncommitted: 0.
num_chunks_returned_to_freelist: 12.
num_chunks_taken_from_freelist: 6704.
num_chunk_merges: 6.
num_chunk_splits: 4269.
num_chunks_enlarged: 2501.
num_inconsistent_stats: 0.

CodeHeap 'non-profiled nmethods': size=120000Kb used=4194Kb max_used=4194Kb free=115805Kb
 bounds [0x000001610ac10000, 0x000001610b030000, 0x0000016112140000]
CodeHeap 'profiled nmethods': size=120000Kb used=13602Kb max_used=13602Kb free=106397Kb
 bounds [0x0000016103140000, 0x0000016103e90000, 0x000001610a670000]
CodeHeap 'non-nmethods': size=5760Kb used=2081Kb max_used=2122Kb free=3678Kb
 bounds [0x000001610a670000, 0x000001610a8e0000, 0x000001610ac10000]
CodeCache: size=245760Kb, used=19877Kb, max_used=19918Kb, free=225880Kb
 total_blobs=7783, nmethods=7016, adapters=671, full_count=0
Compilation: enabled, stopped_count=0, restarted_count=0

Compilation events (20 events):
Event: 366.938 Thread 0x000001611415eb20 7467       3       java.util.HashMap$HashIterator::<init> (79 bytes)
Event: 366.939 Thread 0x000001611415eb20 nmethod 7467 0x0000016103e7e310 code [0x0000016103e7e4e0, 0x0000016103e7e8d8]
Event: 366.939 Thread 0x000001611415eb20 7468       3       java.util.stream.Nodes::flatten (70 bytes)
Event: 366.939 Thread 0x000001611415eb20 nmethod 7468 0x0000016103e7ea10 code [0x0000016103e7ec60, 0x0000016103e7f4d8]
Event: 366.941 Thread 0x000001611415eb20 7469   !   3       java.util.zip.ZipFile$Source::get (177 bytes)
Event: 366.943 Thread 0x000001611415eb20 nmethod 7469 0x0000016103e7f790 code [0x0000016103e7fa80, 0x0000016103e80bf0]
Event: 366.957 Thread 0x00000161141594e0 nmethod 7457 0x000001610b023790 code [0x000001610b023c00, 0x000001610b0263a0]
Event: 366.957 Thread 0x00000161141594e0 7464       4       java.util.Arrays::hashCode (56 bytes)
Event: 366.960 Thread 0x00000161141594e0 nmethod 7464 0x000001610b027690 code [0x000001610b027820, 0x000001610b0279a0]
Event: 366.960 Thread 0x00000161141594e0 7465       4       java.beans.MethodRef::set (58 bytes)
Event: 367.047 Thread 0x000001611415eb20 7471       1       org.objectweb.asm.SymbolTable::getSource (5 bytes)
Event: 367.047 Thread 0x000001611415eb20 nmethod 7471 0x000001610b027a90 code [0x000001610b027c20, 0x000001610b027ce8]
Event: 367.048 Thread 0x000001611415eb20 7472       3       java.util.HashSet::iterator (13 bytes)
Event: 367.048 Thread 0x000001611415eb20 nmethod 7472 0x0000016103e81410 code [0x0000016103e815e0, 0x0000016103e81878]
Event: 367.075 Thread 0x000001611415eb20 7473       3       java.lang.StringLatin1::lastIndexOf (125 bytes)
Event: 367.075 Thread 0x000001611415eb20 nmethod 7473 0x0000016103e81990 code [0x0000016103e81b60, 0x0000016103e81fa8]
Event: 367.076 Thread 0x000001611415eb20 7474       3       sun.nio.fs.WindowsPath::normalize (365 bytes)
Event: 367.080 Thread 0x000001611415eb20 nmethod 7474 0x0000016103e82210 code [0x0000016103e82700, 0x0000016103e85038]
Event: 367.120 Thread 0x000001611415eb20 7475       3       com.google.common.collect.MapMakerInternalMap$StrongKeyWeakValueEntry$LinkedStrongKeyWeakValueEntry::getNext (5 bytes)
Event: 367.121 Thread 0x000001611415eb20 nmethod 7475 0x0000016103e85f10 code [0x0000016103e860a0, 0x0000016103e861c0]

GC Heap History (16 events):
Event: 9.300 GC heap before
{Heap before GC invocations=0 (full 0):
 garbage-first heap   total 262144K, used 26624K [0x00000000e0000000, 0x0000000100000000)
  region size 1024K, 23 young (23552K), 0 survivors (0K)
 Metaspace       used 2941K, committed 3072K, reserved 393216K
  class space    used 351K, committed 384K, reserved 327680K
}
Event: 9.306 GC heap after
{Heap after GC invocations=1 (full 0):
 garbage-first heap   total 262144K, used 11470K [0x00000000e0000000, 0x0000000100000000)
  region size 1024K, 3 young (3072K), 3 survivors (3072K)
 Metaspace       used 2941K, committed 3072K, reserved 393216K
  class space    used 351K, committed 384K, reserved 327680K
}
Event: 33.235 GC heap before
{Heap before GC invocations=1 (full 0):
 garbage-first heap   total 262144K, used 41166K [0x00000000e0000000, 0x0000000100000000)
  region size 1024K, 31 young (31744K), 3 survivors (3072K)
 Metaspace       used 4676K, committed 4864K, reserved 393216K
  class space    used 595K, committed 704K, reserved 327680K
}
Event: 33.241 GC heap after
{Heap after GC invocations=2 (full 0):
 garbage-first heap   total 262144K, used 15007K [0x00000000e0000000, 0x0000000100000000)
  region size 1024K, 3 young (3072K), 3 survivors (3072K)
 Metaspace       used 4676K, committed 4864K, reserved 393216K
  class space    used 595K, committed 704K, reserved 327680K
}
Event: 98.837 GC heap before
{Heap before GC invocations=2 (full 0):
 garbage-first heap   total 262144K, used 103071K [0x00000000e0000000, 0x0000000100000000)
  region size 1024K, 89 young (91136K), 3 survivors (3072K)
 Metaspace       used 17892K, committed 18432K, reserved 393216K
  class space    used 2477K, committed 2752K, reserved 327680K
}
Event: 98.847 GC heap after
{Heap after GC invocations=3 (full 0):
 garbage-first heap   total 262144K, used 23173K [0x00000000e0000000, 0x0000000100000000)
  region size 1024K, 11 young (11264K), 11 survivors (11264K)
 Metaspace       used 17892K, committed 18432K, reserved 393216K
  class space    used 2477K, committed 2752K, reserved 327680K
}
Event: 104.317 GC heap before
{Heap before GC invocations=3 (full 0):
 garbage-first heap   total 262144K, used 46725K [0x00000000e0000000, 0x0000000100000000)
  region size 1024K, 35 young (35840K), 11 survivors (11264K)
 Metaspace       used 20948K, committed 21504K, reserved 393216K
  class space    used 2997K, committed 3264K, reserved 327680K
}
Event: 104.326 GC heap after
{Heap after GC invocations=4 (full 0):
 garbage-first heap   total 262144K, used 24988K [0x00000000e0000000, 0x0000000100000000)
  region size 1024K, 2 young (2048K), 2 survivors (2048K)
 Metaspace       used 20948K, committed 21504K, reserved 393216K
  class space    used 2997K, committed 3264K, reserved 327680K
}
Event: 179.949 GC heap before
{Heap before GC invocations=5 (full 0):
 garbage-first heap   total 262144K, used 129436K [0x00000000e0000000, 0x0000000100000000)
  region size 1024K, 106 young (108544K), 2 survivors (2048K)
 Metaspace       used 34616K, committed 35968K, reserved 393216K
  class space    used 5111K, committed 5760K, reserved 327680K
}
Event: 179.958 GC heap after
{Heap after GC invocations=6 (full 0):
 garbage-first heap   total 262144K, used 30903K [0x00000000e0000000, 0x0000000100000000)
  region size 1024K, 8 young (8192K), 8 survivors (8192K)
 Metaspace       used 34616K, committed 35968K, reserved 393216K
  class space    used 5111K, committed 5760K, reserved 327680K
}
Event: 180.142 GC heap before
{Heap before GC invocations=6 (full 0):
 garbage-first heap   total 262144K, used 31927K [0x00000000e0000000, 0x0000000100000000)
  region size 1024K, 10 young (10240K), 8 survivors (8192K)
 Metaspace       used 34956K, committed 36288K, reserved 393216K
  class space    used 5140K, committed 5824K, reserved 327680K
}
Event: 180.189 GC heap after
{Heap after GC invocations=7 (full 0):
 garbage-first heap   total 262144K, used 31026K [0x00000000e0000000, 0x0000000100000000)
  region size 1024K, 8 young (8192K), 8 survivors (8192K)
 Metaspace       used 34956K, committed 36288K, reserved 393216K
  class space    used 5140K, committed 5824K, reserved 327680K
}
Event: 180.366 GC heap before
{Heap before GC invocations=7 (full 0):
 garbage-first heap   total 262144K, used 32050K [0x00000000e0000000, 0x0000000100000000)
  region size 1024K, 10 young (10240K), 8 survivors (8192K)
 Metaspace       used 35254K, committed 36608K, reserved 393216K
  class space    used 5183K, committed 5888K, reserved 327680K
}
Event: 180.372 GC heap after
{Heap after GC invocations=8 (full 0):
 garbage-first heap   total 262144K, used 31480K [0x00000000e0000000, 0x0000000100000000)
  region size 1024K, 9 young (9216K), 9 survivors (9216K)
 Metaspace       used 35254K, committed 36608K, reserved 393216K
  class space    used 5183K, committed 5888K, reserved 327680K
}
Event: 313.049 GC heap before
{Heap before GC invocations=9 (full 0):
 garbage-first heap   total 262144K, used 177912K [0x00000000e0000000, 0x0000000100000000)
  region size 1024K, 153 young (156672K), 9 survivors (9216K)
 Metaspace       used 48768K, committed 50688K, reserved 393216K
  class space    used 7354K, committed 8256K, reserved 327680K
}
Event: 313.074 GC heap after
{Heap after GC invocations=10 (full 0):
 garbage-first heap   total 262144K, used 40261K [0x00000000e0000000, 0x0000000100000000)
  region size 1024K, 17 young (17408K), 17 survivors (17408K)
 Metaspace       used 48768K, committed 50688K, reserved 393216K
  class space    used 7354K, committed 8256K, reserved 327680K
}

Dll operation events (20 events):
Event: 1.179 Attempting to load shared library C:\Users\user\.vscode\extensions\redhat.java-1.56.0-win32-x64\jre\21.0.12.1-win32-x86_64\bin\nio.dll
Event: 1.180 Loaded shared library C:\Users\user\.vscode\extensions\redhat.java-1.56.0-win32-x64\jre\21.0.12.1-win32-x86_64\bin\nio.dll
Event: 1.190 Attempting to load shared library C:\Users\user\.vscode\extensions\redhat.java-1.56.0-win32-x64\jre\21.0.12.1-win32-x86_64\bin\zip.dll
Event: 1.190 Loaded shared library C:\Users\user\.vscode\extensions\redhat.java-1.56.0-win32-x64\jre\21.0.12.1-win32-x86_64\bin\zip.dll
Event: 4.311 Attempting to load shared library C:\Users\user\.vscode\extensions\redhat.java-1.56.0-win32-x64\jre\21.0.12.1-win32-x86_64\bin\jimage.dll
Event: 4.311 Loaded shared library C:\Users\user\.vscode\extensions\redhat.java-1.56.0-win32-x64\jre\21.0.12.1-win32-x86_64\bin\jimage.dll
Event: 6.990 Attempting to load shared library C:\Users\user\.vscode\extensions\redhat.java-1.56.0-win32-x64\jre\21.0.12.1-win32-x86_64\bin\verify.dll
Event: 6.998 Loaded shared library C:\Users\user\.vscode\extensions\redhat.java-1.56.0-win32-x64\jre\21.0.12.1-win32-x86_64\bin\verify.dll
Event: 7.649 Attempting to load shared library C:\Users\user\.gradle\native\660c5614fbf4a5f2a75b1949f50a0caf5cd603558e7d8a26e50b933a0cfb79d1\windows-amd64\native-platform.dll
Event: 7.650 Loaded shared library C:\Users\user\.gradle\native\660c5614fbf4a5f2a75b1949f50a0caf5cd603558e7d8a26e50b933a0cfb79d1\windows-amd64\native-platform.dll
Event: 8.685 Attempting to load shared library C:\Users\user\.gradle\native\0.2.8\x86_64-windows-gnu\gradle-fileevents.dll
Event: 8.695 Loaded shared library C:\Users\user\.gradle\native\0.2.8\x86_64-windows-gnu\gradle-fileevents.dll
Event: 52.286 Attempting to load shared library C:\Users\user\.vscode\extensions\redhat.java-1.56.0-win32-x64\jre\21.0.12.1-win32-x86_64\bin\management.dll
Event: 52.328 Loaded shared library C:\Users\user\.vscode\extensions\redhat.java-1.56.0-win32-x64\jre\21.0.12.1-win32-x86_64\bin\management.dll
Event: 52.378 Attempting to load shared library C:\Users\user\.vscode\extensions\redhat.java-1.56.0-win32-x64\jre\21.0.12.1-win32-x86_64\bin\management_ext.dll
Event: 52.420 Loaded shared library C:\Users\user\.vscode\extensions\redhat.java-1.56.0-win32-x64\jre\21.0.12.1-win32-x86_64\bin\management_ext.dll
Event: 71.935 Attempting to load shared library C:\Users\user\.vscode\extensions\redhat.java-1.56.0-win32-x64\jre\21.0.12.1-win32-x86_64\bin\extnet.dll
Event: 71.949 Loaded shared library C:\Users\user\.vscode\extensions\redhat.java-1.56.0-win32-x64\jre\21.0.12.1-win32-x86_64\bin\extnet.dll
Event: 82.331 Attempting to load shared library C:\Users\user\.vscode\extensions\redhat.java-1.56.0-win32-x64\jre\21.0.12.1-win32-x86_64\bin\sunmscapi.dll
Event: 82.451 Loaded shared library C:\Users\user\.vscode\extensions\redhat.java-1.56.0-win32-x64\jre\21.0.12.1-win32-x86_64\bin\sunmscapi.dll

Deoptimization events (20 events):
Event: 360.843 Thread 0x000001612f3e72f0 Uncommon trap: trap_request=0xffffffc6 fr.pc=0x000001610af120ac relative=0x00000000000000ec
Event: 360.843 Thread 0x000001612f3e72f0 Uncommon trap: reason=bimorphic_or_optimized_type_check action=maybe_recompile pc=0x000001610af120ac method=com.google.common.collect.AbstractIndexedListIterator.next()Ljava/lang/Object; @ 27 c2
Event: 360.843 Thread 0x000001612f3e72f0 DEOPT PACKING pc=0x000001610af120ac sp=0x0000001e7e2f9f50
Event: 360.843 Thread 0x000001612f3e72f0 DEOPT UNPACKING pc=0x000001610a6c7ba2 sp=0x0000001e7e2f9ee8 mode 2
Event: 360.843 Thread 0x000001612f3e72f0 Uncommon trap: trap_request=0xffffffc6 fr.pc=0x000001610af120ac relative=0x00000000000000ec
Event: 360.843 Thread 0x000001612f3e72f0 Uncommon trap: reason=bimorphic_or_optimized_type_check action=maybe_recompile pc=0x000001610af120ac method=com.google.common.collect.AbstractIndexedListIterator.next()Ljava/lang/Object; @ 27 c2
Event: 360.843 Thread 0x000001612f3e72f0 DEOPT PACKING pc=0x000001610af120ac sp=0x0000001e7e2f9f50
Event: 360.843 Thread 0x000001612f3e72f0 DEOPT UNPACKING pc=0x000001610a6c7ba2 sp=0x0000001e7e2f9ee8 mode 2
Event: 363.823 Thread 0x000001612fce3460 Uncommon trap: trap_request=0xffffff45 fr.pc=0x000001610aec2374 relative=0x0000000000000574
Event: 363.823 Thread 0x000001612fce3460 Uncommon trap: reason=unstable_if action=reinterpret pc=0x000001610aec2374 method=java.util.HashMap$HashIterator.<init>(Ljava/util/HashMap;)V @ 45 c2
Event: 363.823 Thread 0x000001612fce3460 DEOPT PACKING pc=0x000001610aec2374 sp=0x0000001e008fefc0
Event: 363.823 Thread 0x000001612fce3460 DEOPT UNPACKING pc=0x000001610a6c7ba2 sp=0x0000001e008fee50 mode 2
Event: 363.825 Thread 0x000001612fce20b0 Uncommon trap: trap_request=0xffffff45 fr.pc=0x000001610adba8bc relative=0x000000000000037c
Event: 363.825 Thread 0x000001612fce20b0 Uncommon trap: reason=unstable_if action=reinterpret pc=0x000001610adba8bc method=java.util.HashMap$HashIterator.<init>(Ljava/util/HashMap;)V @ 45 c2
Event: 363.825 Thread 0x000001612fce20b0 DEOPT PACKING pc=0x000001610adba8bc sp=0x0000001e009fea60
Event: 363.825 Thread 0x000001612fce20b0 DEOPT UNPACKING pc=0x000001610a6c7ba2 sp=0x0000001e009fea18 mode 2
Event: 364.682 Thread 0x000001612fe0f770 Uncommon trap: trap_request=0xffffffc6 fr.pc=0x000001610afc10a4 relative=0x00000000000005a4
Event: 364.682 Thread 0x000001612fe0f770 Uncommon trap: reason=bimorphic_or_optimized_type_check action=maybe_recompile pc=0x000001610afc10a4 method=java.util.Collections$SetFromMap.remove(Ljava/lang/Object;)Z @ 5 c2
Event: 364.682 Thread 0x000001612fe0f770 DEOPT PACKING pc=0x000001610afc10a4 sp=0x0000001e004fd9a0
Event: 364.682 Thread 0x000001612fe0f770 DEOPT UNPACKING pc=0x000001610a6c7ba2 sp=0x0000001e004fd998 mode 2

Classes loaded (20 events):
Event: 352.630 Loading class java/util/AbstractCollectionCustomizer
Event: 352.630 Loading class java/util/AbstractCollectionCustomizer done
Event: 353.270 Loading class sun/reflect/generics/tree/LongSignature
Event: 353.270 Loading class sun/reflect/generics/tree/LongSignature done
Event: 354.435 Loading class java/util/TreeMap$ValueSpliterator
Event: 354.436 Loading class java/util/TreeMap$ValueSpliterator done
Event: 354.874 Loading class java/util/AbstractList$RandomAccessSubList
Event: 354.874 Loading class java/util/AbstractList$SubList
Event: 354.874 Loading class java/util/AbstractList$SubList done
Event: 354.874 Loading class java/util/AbstractList$RandomAccessSubList done
Event: 354.874 Loading class java/util/AbstractList$SubList$1
Event: 354.874 Loading class java/util/AbstractList$SubList$1 done
Event: 354.874 Loading class java/util/AbstractList$ListItr
Event: 354.874 Loading class java/util/AbstractList$ListItr done
Event: 367.123 Loading class java/lang/BooleanBeanInfo
Event: 367.123 Loading class java/lang/BooleanBeanInfo done
Event: 367.152 Loading class java/lang/BooleanBeanInfo
Event: 367.152 Loading class java/lang/BooleanBeanInfo done
Event: 367.152 Loading class java/lang/BooleanCustomizer
Event: 367.152 Loading class java/lang/BooleanCustomizer done

Classes unloaded (0 events):
No events

Classes redefined (0 events):
No events

Internal exceptions (20 events):
Event: 354.691 Thread 0x000001612f3e72f0 Exception <a 'java/lang/ClassNotFoundException'{0x00000000ec977bc8}: org/springframework/boot/gradle/tasks/run/BootRunCustomizer> (0x00000000ec977bc8) 
thrown [s\src\hotspot\share\classfile\systemDictionary.cpp, line 313]
Event: 354.694 Thread 0x000001612f3e72f0 Exception <a 'java/lang/ClassNotFoundException'{0x00000000ec99eb50}: org/springframework/boot/gradle/tasks/run/BootRun_DecoratedCustomizer> (0x00000000ec99eb50) 
thrown [s\src\hotspot\share\classfile\systemDictionary.cpp, line 313]
Event: 354.874 Thread 0x000001612f3e72f0 Exception <a 'java/lang/NoSuchMethodError'{0x00000000ec8583d0}: 'void java.lang.invoke.DirectMethodHandle$Holder.invokeInterface(java.lang.Object, java.lang.Object, java.lang.Object, java.lang.Object)'> (0x00000000ec8583d0) 
thrown [s\src\hotspot\share\interpreter\linkResolver.cpp, line 773]
Event: 355.306 Thread 0x000001612f3e72f0 Exception <a 'java/lang/ClassNotFoundException'{0x00000000ec884818}: groovy/lang/ReferenceBeanInfo> (0x00000000ec884818) 
thrown [s\src\hotspot\share\classfile\systemDictionary.cpp, line 313]
Event: 355.307 Thread 0x000001612f3e72f0 Exception <a 'java/lang/ClassNotFoundException'{0x00000000ec88fad0}: groovy/lang/ReferenceCustomizer> (0x00000000ec88fad0) 
thrown [s\src\hotspot\share\classfile\systemDictionary.cpp, line 313]
Event: 355.312 Thread 0x000001612f3e72f0 Exception <a 'java/lang/NoSuchMethodError'{0x00000000ec8a8c18}: 'int java.lang.invoke.Invokers$Holder.linkToCallSite(java.lang.Object, java.lang.Object)'> (0x00000000ec8a8c18) 
thrown [s\src\hotspot\share\interpreter\linkResolver.cpp, line 773]
Event: 355.370 Thread 0x000001612f3e72f0 Exception <a 'java/lang/ClassNotFoundException'{0x00000000ec8c2660}: org/codehaus/groovy/runtime/NullObjectBeanInfo> (0x00000000ec8c2660) 
thrown [s\src\hotspot\share\classfile\systemDictionary.cpp, line 313]
Event: 355.370 Thread 0x000001612f3e72f0 Exception <a 'java/lang/ClassNotFoundException'{0x00000000ec8cdd58}: org/codehaus/groovy/runtime/NullObjectCustomizer> (0x00000000ec8cdd58) 
thrown [s\src\hotspot\share\classfile\systemDictionary.cpp, line 313]
Event: 359.118 Thread 0x000001612f3e72f0 Exception <a 'java/lang/ClassNotFoundException'{0x00000000ec6bb098}: org/gradle/api/DefaultTask_DecoratedBeanInfo> (0x00000000ec6bb098) 
thrown [s\src\hotspot\share\classfile\systemDictionary.cpp, line 313]
Event: 359.118 Thread 0x000001612f3e72f0 Exception <a 'java/lang/ClassNotFoundException'{0x00000000ec6c65f8}: org/gradle/api/DefaultTask_DecoratedCustomizer> (0x00000000ec6c65f8) 
thrown [s\src\hotspot\share\classfile\systemDictionary.cpp, line 313]
Event: 361.099 Thread 0x000001612f3e72f0 Exception <a 'java/lang/NoSuchMethodError'{0x00000000ec40a858}: 'int java.lang.invoke.DirectMethodHandle$Holder.invokeSpecial(java.lang.Object, java.lang.Object, int, java.lang.Object)'> (0x00000000ec40a858) 
thrown [s\src\hotspot\share\interpreter\linkResolver.cpp, line 773]
Event: 363.288 Thread 0x000001612fe0f770 Exception <a 'java/lang/NoSuchMethodError'{0x00000000ec13fb60}: 'java.lang.Object java.lang.invoke.DirectMethodHandle$Holder.newInvokeSpecial(java.lang.Object, java.lang.Object, int, java.lang.Object, java.lang.Object)'> (0x00000000ec13fb60) 
thrown [s\src\hotspot\share\interpreter\linkResolver.cpp, line 773]
Event: 363.288 Thread 0x000001612fe0f770 Exception <a 'java/lang/NoSuchMethodError'{0x00000000ec143598}: 'java.lang.Object java.lang.invoke.Invokers$Holder.linkToTargetMethod(java.lang.Object, int, java.lang.Object, java.lang.Object, java.lang.Object)'> (0x00000000ec143598) 
thrown [s\src\hotspot\share\interpreter\linkResolver.cpp, line 773]
Event: 366.383 Thread 0x000001612fe0f770 Exception <a 'java/lang/ClassNotFoundException'{0x00000000ebb79eb0}: org/gradle/api/internal/plugins/DefaultPluginContainerBeanInfo> (0x00000000ebb79eb0) 
thrown [s\src\hotspot\share\classfile\systemDictionary.cpp, line 313]
Event: 366.402 Thread 0x000001612fe0f770 Exception <a 'java/lang/ClassNotFoundException'{0x00000000ebb8c2c8}: org/gradle/api/internal/plugins/DefaultPluginCollectionBeanInfo> (0x00000000ebb8c2c8) 
thrown [s\src\hotspot\share\classfile\systemDictionary.cpp, line 313]
Event: 366.414 Thread 0x000001612fe0f770 Exception <a 'java/lang/ClassNotFoundException'{0x00000000ebb9eb78}: org/gradle/api/internal/DefaultDomainObjectSetBeanInfo> (0x00000000ebb9eb78) 
thrown [s\src\hotspot\share\classfile\systemDictionary.cpp, line 313]
Event: 366.422 Thread 0x000001612fe0f770 Exception <a 'java/lang/ClassNotFoundException'{0x00000000ebbb13a0}: org/gradle/api/internal/DefaultDomainObjectSetCustomizer> (0x00000000ebbb13a0) 
thrown [s\src\hotspot\share\classfile\systemDictionary.cpp, line 313]
Event: 366.881 Thread 0x000001612fe0f770 Exception <a 'java/lang/ClassNotFoundException'{0x00000000eba23e90}: org/gradle/api/internal/plugins/DefaultPluginCollectionCustomizer> (0x00000000eba23e90) 
thrown [s\src\hotspot\share\classfile\systemDictionary.cpp, line 313]
Event: 366.932 Thread 0x000001612fe0f770 Exception <a 'java/lang/ClassNotFoundException'{0x00000000ebaab550}: org/gradle/api/internal/plugins/DefaultPluginContainerCustomizer> (0x00000000ebaab550) 
thrown [s\src\hotspot\share\classfile\systemDictionary.cpp, line 313]
Event: 367.152 Thread 0x000001612fe0f770 Exception <a 'java/lang/ClassNotFoundException'{0x00000000eb969d48}: java/lang/BooleanBeanInfo> (0x00000000eb969d48) 
thrown [s\src\hotspot\share\classfile\systemDictionary.cpp, line 313]

ZGC Phase Switch (0 events):
No events

VM Operations (20 events):
Event: 359.999 Executing safepoint VM operation: Cleanup
Event: 359.999 Executing safepoint VM operation: Cleanup done
Event: 361.009 Executing safepoint VM operation: Cleanup
Event: 361.009 Executing safepoint VM operation: Cleanup done
Event: 361.132 Executing non-safepoint VM operation: HandshakeAllThreads (HandshakeForDeflation)
Event: 361.132 Executing non-safepoint VM operation: HandshakeAllThreads (HandshakeForDeflation) done
Event: 361.132 Executing non-safepoint VM operation: RendezvousGCThreads
Event: 361.132 Executing non-safepoint VM operation: RendezvousGCThreads done
Event: 362.147 Executing safepoint VM operation: Cleanup
Event: 362.161 Executing safepoint VM operation: Cleanup done
Event: 363.171 Executing safepoint VM operation: Cleanup
Event: 363.171 Executing safepoint VM operation: Cleanup done
Event: 364.184 Executing safepoint VM operation: Cleanup
Event: 364.624 Executing safepoint VM operation: Cleanup done
Event: 365.639 Executing safepoint VM operation: Cleanup
Event: 365.639 Executing safepoint VM operation: Cleanup done
Event: 365.903 Executing non-safepoint VM operation: HandshakeAllThreads (Deoptimize)
Event: 365.903 Executing non-safepoint VM operation: HandshakeAllThreads (Deoptimize) done
Event: 366.906 Executing safepoint VM operation: Cleanup
Event: 366.906 Executing safepoint VM operation: Cleanup done

Memory protections (0 events):
No events

Nmethod flushes (20 events):
Event: 180.645 Thread 0x000001617eed3720 flushing  nmethod 0x0000016103284590
Event: 180.645 Thread 0x000001617eed3720 flushing  nmethod 0x000001610329bd90
Event: 180.645 Thread 0x000001617eed3720 flushing  nmethod 0x00000161033e2390
Event: 180.645 Thread 0x000001617eed3720 flushing  nmethod 0x00000161033e5b90
Event: 180.645 Thread 0x000001617eed3720 flushing  nmethod 0x00000161033e9810
Event: 180.645 Thread 0x000001617eed3720 flushing  nmethod 0x00000161034a5990
Event: 180.645 Thread 0x000001617eed3720 flushing  nmethod 0x00000161034a7490
Event: 180.645 Thread 0x000001617eed3720 flushing  nmethod 0x00000161034a7e10
Event: 180.645 Thread 0x000001617eed3720 flushing  nmethod 0x00000161034b1d90
Event: 180.645 Thread 0x000001617eed3720 flushing  nmethod 0x00000161034b4b10
Event: 180.645 Thread 0x000001617eed3720 flushing  nmethod 0x00000161034b6190
Event: 180.645 Thread 0x000001617eed3720 flushing  nmethod 0x00000161034b6890
Event: 180.645 Thread 0x000001617eed3720 flushing  nmethod 0x00000161034fd110
Event: 180.645 Thread 0x000001617eed3720 flushing  nmethod 0x000001610356ae10
Event: 180.645 Thread 0x000001617eed3720 flushing  nmethod 0x0000016103574510
Event: 180.645 Thread 0x000001617eed3720 flushing  nmethod 0x0000016103574e10
Event: 180.645 Thread 0x000001617eed3720 flushing  nmethod 0x000001610357d010
Event: 180.645 Thread 0x000001617eed3720 flushing  nmethod 0x0000016103636690
Event: 180.645 Thread 0x000001617eed3720 flushing  nmethod 0x0000016103637710
Event: 180.645 Thread 0x000001617eed3720 flushing  nmethod 0x0000016103640610

Events (20 events):
Event: 246.171 Thread 0x000001612f3e72f0 Thread added: 0x000001612e192130
Event: 246.173 Thread 0x000001612f3e72f0 Thread added: 0x000001612fe111b0
Event: 246.173 Thread 0x000001612f3e72f0 Thread added: 0x000001612fe0ea50
Event: 246.178 Thread 0x000001612f3e72f0 Thread added: 0x000001612fe0e3c0
Event: 252.406 Thread 0x000001612f3e72f0 Thread added: 0x000001612fe10490
Event: 313.670 Thread 0x000001612f3e72f0 Thread added: 0x000001612fe10b20
Event: 349.938 Thread 0x000001612f3e72f0 Thread added: 0x000001612fe0f0e0
Event: 352.716 Thread 0x00000161141594e0 Thread added: 0x000001612ff8d1e0
Event: 353.517 Thread 0x000001612ff8d1e0 Thread exited: 0x000001612ff8d1e0
Event: 354.434 Thread 0x000001611415eb20 Thread added: 0x0000016131cdc810
Event: 355.307 Thread 0x0000016131cdc810 Thread exited: 0x0000016131cdc810
Event: 362.413 Thread 0x000001612f3e72f0 Thread added: 0x000001612fe0f770
Event: 363.298 Thread 0x000001612fe0f770 Thread added: 0x000001612fce1a20
Event: 363.298 Thread 0x000001612fe0f770 Thread added: 0x000001612fcdffe0
Event: 363.298 Thread 0x000001612fe0f770 Thread added: 0x000001612fce2dd0
Event: 363.298 Thread 0x000001612fe0f770 Thread added: 0x000001612fce3460
Event: 363.299 Thread 0x000001612fe0f770 Thread added: 0x000001612fce20b0
Event: 363.299 Thread 0x000001612fe0f770 Thread added: 0x000001612fce3af0
Event: 363.299 Thread 0x000001612fe0f770 Thread added: 0x000001612fce0d00
Event: 364.985 Thread 0x000001612fe0f770 Thread added: 0x000001612fce1390


Dynamic libraries:
0x00007ff784e70000 - 0x00007ff784e7e000 	C:\Users\user\.vscode\extensions\redhat.java-1.56.0-win32-x64\jre\21.0.12.1-win32-x86_64\bin\java.exe
0x00007ffec1060000 - 0x00007ffec12c7000 	C:\WINDOWS\SYSTEM32\ntdll.dll
0x00007ffec07a0000 - 0x00007ffec086b000 	C:\WINDOWS\System32\KERNEL32.DLL
0x00007ffebe6a0000 - 0x00007ffebeaa2000 	C:\WINDOWS\System32\KERNELBASE.dll
0x00007ffebe540000 - 0x00007ffebe68c000 	C:\WINDOWS\System32\ucrtbase.dll
0x00007ffeadf30000 - 0x00007ffeadf48000 	C:\Users\user\.vscode\extensions\redhat.java-1.56.0-win32-x64\jre\21.0.12.1-win32-x86_64\bin\jli.dll
0x00007ffec0d00000 - 0x00007ffec0ecf000 	C:\WINDOWS\System32\USER32.dll
0x00007ffebed50000 - 0x00007ffebed77000 	C:\WINDOWS\System32\win32u.dll
0x00007ffebf580000 - 0x00007ffebf5ab000 	C:\WINDOWS\System32\GDI32.dll
0x00007ffebeab0000 - 0x00007ffebebd9000 	C:\WINDOWS\System32\gdi32full.dll
0x00007ffebeca0000 - 0x00007ffebed43000 	C:\WINDOWS\System32\msvcp_win.dll
0x00007ffeadf10000 - 0x00007ffeadf2e000 	C:\Users\user\.vscode\extensions\redhat.java-1.56.0-win32-x64\jre\21.0.12.1-win32-x86_64\bin\VCRUNTIME140.dll
0x00007ffea8470000 - 0x00007ffea8700000 	C:\WINDOWS\WinSxS\amd64_microsoft.windows.common-controls_6595b64144ccf1df_6.0.26100.9278_none_3e0d1ba8e3303201\COMCTL32.dll
0x00007ffec0100000 - 0x00007ffec01a9000 	C:\WINDOWS\System32\msvcrt.dll
0x00007ffebf230000 - 0x00007ffebf261000 	C:\WINDOWS\System32\IMM32.DLL
0x00007ffeb62e0000 - 0x00007ffeb62ec000 	C:\Users\user\.vscode\extensions\redhat.java-1.56.0-win32-x64\jre\21.0.12.1-win32-x86_64\bin\vcruntime140_1.dll
0x00007ffe9b410000 - 0x00007ffe9b49d000 	C:\Users\user\.vscode\extensions\redhat.java-1.56.0-win32-x64\jre\21.0.12.1-win32-x86_64\bin\msvcp140.dll
0x00007ffe0fbd0000 - 0x00007ffe10972000 	C:\Users\user\.vscode\extensions\redhat.java-1.56.0-win32-x64\jre\21.0.12.1-win32-x86_64\bin\server\jvm.dll
0x00007ffebf4a0000 - 0x00007ffebf55c000 	C:\WINDOWS\System32\ADVAPI32.dll
0x00007ffec0ee0000 - 0x00007ffec0f89000 	C:\WINDOWS\System32\sechost.dll
0x00007ffec01b0000 - 0x00007ffec02c8000 	C:\WINDOWS\System32\RPCRT4.dll
0x00007ffec0f90000 - 0x00007ffec1010000 	C:\WINDOWS\System32\WS2_32.dll
0x00007ffebe0c0000 - 0x00007ffebe11e000 	C:\WINDOWS\SYSTEM32\POWRPROF.dll
0x00007ffeabe00000 - 0x00007ffeabe0b000 	C:\WINDOWS\SYSTEM32\VERSION.dll
0x00007ffea8710000 - 0x00007ffea8746000 	C:\WINDOWS\SYSTEM32\WINMM.dll
0x00007ffebe0a0000 - 0x00007ffebe0b5000 	C:\WINDOWS\SYSTEM32\UMPDC.dll
0x00007ffebcf30000 - 0x00007ffebcf4b000 	C:\WINDOWS\SYSTEM32\kernel.appcore.dll
0x00007ffeaf5a0000 - 0x00007ffeaf5aa000 	C:\Users\user\.vscode\extensions\redhat.java-1.56.0-win32-x64\jre\21.0.12.1-win32-x86_64\bin\jimage.dll
0x00007ffebb9a0000 - 0x00007ffebbbec000 	C:\WINDOWS\SYSTEM32\DBGHELP.DLL
0x00007ffebeea0000 - 0x00007ffebf225000 	C:\WINDOWS\System32\combase.dll
0x00007ffebf670000 - 0x00007ffebf749000 	C:\WINDOWS\System32\OLEAUT32.dll
0x00007ffe9af60000 - 0x00007ffe9af9b000 	C:\WINDOWS\SYSTEM32\dbgcore.DLL
0x00007ffebebe0000 - 0x00007ffebec8c000 	C:\WINDOWS\System32\bcryptPrimitives.dll
0x00007ffeadf00000 - 0x00007ffeadf0f000 	C:\Users\user\.vscode\extensions\redhat.java-1.56.0-win32-x64\jre\21.0.12.1-win32-x86_64\bin\instrument.dll
0x00007ffeadee0000 - 0x00007ffeadf00000 	C:\Users\user\.vscode\extensions\redhat.java-1.56.0-win32-x64\jre\21.0.12.1-win32-x86_64\bin\java.dll
0x00007ffebf7a0000 - 0x00007ffebff38000 	C:\WINDOWS\System32\SHELL32.dll
0x00007ffebbc00000 - 0x00007ffebc4ae000 	C:\WINDOWS\SYSTEM32\windows.storage.dll
0x00007ffebf3a0000 - 0x00007ffebf49b000 	C:\WINDOWS\System32\SHCORE.dll
0x00007ffec0c90000 - 0x00007ffec0cf6000 	C:\WINDOWS\System32\shlwapi.dll
0x00007ffebe180000 - 0x00007ffebe1a9000 	C:\WINDOWS\SYSTEM32\profapi.dll
0x00007ffeac440000 - 0x00007ffeac458000 	C:\Users\user\.vscode\extensions\redhat.java-1.56.0-win32-x64\jre\21.0.12.1-win32-x86_64\bin\zip.dll
0x00007ffeac430000 - 0x00007ffeac440000 	C:\Users\user\.vscode\extensions\redhat.java-1.56.0-win32-x64\jre\21.0.12.1-win32-x86_64\bin\net.dll
0x00007ffeae130000 - 0x00007ffeae25a000 	C:\WINDOWS\SYSTEM32\WINHTTP.dll
0x00007ffebd4f0000 - 0x00007ffebd55c000 	C:\WINDOWS\system32\mswsock.dll
0x00007ffe9b520000 - 0x00007ffe9b536000 	C:\Users\user\.vscode\extensions\redhat.java-1.56.0-win32-x64\jre\21.0.12.1-win32-x86_64\bin\nio.dll
0x00007ffea3c40000 - 0x00007ffea3c50000 	C:\Users\user\.vscode\extensions\redhat.java-1.56.0-win32-x64\jre\21.0.12.1-win32-x86_64\bin\verify.dll
0x00007ffeaa170000 - 0x00007ffeaa197000 	C:\Users\user\.gradle\native\660c5614fbf4a5f2a75b1949f50a0caf5cd603558e7d8a26e50b933a0cfb79d1\windows-amd64\native-platform.dll
0x00007ffea2bd0000 - 0x00007ffea2c47000 	C:\Users\user\.gradle\native\0.2.8\x86_64-windows-gnu\gradle-fileevents.dll
0x00007ffea2da0000 - 0x00007ffea2daa000 	C:\Users\user\.vscode\extensions\redhat.java-1.56.0-win32-x64\jre\21.0.12.1-win32-x86_64\bin\management.dll
0x00007ffea2d90000 - 0x00007ffea2d9c000 	C:\Users\user\.vscode\extensions\redhat.java-1.56.0-win32-x64\jre\21.0.12.1-win32-x86_64\bin\management_ext.dll
0x00007ffebf570000 - 0x00007ffebf578000 	C:\WINDOWS\System32\PSAPI.DLL
0x00007ffebc900000 - 0x00007ffebc933000 	C:\WINDOWS\SYSTEM32\IPHLPAPI.DLL
0x00007ffebf270000 - 0x00007ffebf27a000 	C:\WINDOWS\System32\NSI.dll
0x00007ffea0900000 - 0x00007ffea0909000 	C:\Users\user\.vscode\extensions\redhat.java-1.56.0-win32-x64\jre\21.0.12.1-win32-x86_64\bin\extnet.dll
0x00007ffebd7e0000 - 0x00007ffebd7fb000 	C:\WINDOWS\SYSTEM32\CRYPTSP.dll
0x00007ffebce90000 - 0x00007ffebcec9000 	C:\WINDOWS\system32\rsaenh.dll
0x00007ffebd5a0000 - 0x00007ffebd5d4000 	C:\WINDOWS\SYSTEM32\USERENV.dll
0x00007ffebe150000 - 0x00007ffebe17a000 	C:\WINDOWS\SYSTEM32\bcrypt.dll
0x00007ffebd800000 - 0x00007ffebd80c000 	C:\WINDOWS\SYSTEM32\CRYPTBASE.dll
0x00007ffea2330000 - 0x00007ffea233e000 	C:\Users\user\.vscode\extensions\redhat.java-1.56.0-win32-x64\jre\21.0.12.1-win32-x86_64\bin\sunmscapi.dll
0x00007ffebe320000 - 0x00007ffebe49e000 	C:\WINDOWS\System32\CRYPT32.dll
0x00007ffebda20000 - 0x00007ffebda50000 	C:\WINDOWS\SYSTEM32\ncrypt.dll
0x00007ffebd9d0000 - 0x00007ffebda0f000 	C:\WINDOWS\SYSTEM32\NTASN1.dll
0x00007ffeab6e0000 - 0x00007ffeab6e8000 	C:\WINDOWS\system32\wshunix.dll

JVMTI agents:
C:\Users\user\.gradle\wrapper\dists\gradle-9.5.1-bin\iq79hdu3mqx29lgffhp8bfmx\gradle-9.5.1\lib\agents\gradle-instrumentation-agent-9.5.1.jar path:C:\Users\user\.vscode\extensions\redhat.java-1.56.0-win32-x64\jre\21.0.12.1-win32-x86_64\bin\instrument.dll, loaded, initialized, instrumentlib options:none

dbghelp: loaded successfully - version: 4.0.5 - missing functions: none
symbol engine: initialized successfully - sym options: 0x614 - pdb path: .;C:\Users\user\.vscode\extensions\redhat.java-1.56.0-win32-x64\jre\21.0.12.1-win32-x86_64\bin;C:\WINDOWS\SYSTEM32;C:\WINDOWS\WinSxS\amd64_microsoft.windows.common-controls_6595b64144ccf1df_6.0.26100.9278_none_3e0d1ba8e3303201;C:\Users\user\.vscode\extensions\redhat.java-1.56.0-win32-x64\jre\21.0.12.1-win32-x86_64\bin\server;C:\Users\user\.gradle\native\660c5614fbf4a5f2a75b1949f50a0caf5cd603558e7d8a26e50b933a0cfb79d1\windows-amd64;C:\Users\user\.gradle\native\0.2.8\x86_64-windows-gnu

VM Arguments:
jvm_args: --add-opens=java.base/java.lang=ALL-UNNAMED --add-opens=java.base/java.lang.invoke=ALL-UNNAMED --add-opens=java.base/java.util=ALL-UNNAMED --add-opens=java.prefs/java.util.prefs=ALL-UNNAMED --add-exports=jdk.compiler/com.sun.tools.javac.api=ALL-UNNAMED --add-exports=jdk.compiler/com.sun.tools.javac.util=ALL-UNNAMED --add-opens=java.base/java.nio.charset=ALL-UNNAMED --add-opens=java.base/java.net=ALL-UNNAMED --add-opens=java.base/java.util.concurrent=ALL-UNNAMED --add-opens=java.base/java.util.concurrent.atomic=ALL-UNNAMED --add-opens=java.xml/javax.xml.namespace=ALL-UNNAMED --add-opens=java.base/java.time=ALL-UNNAMED -XX:MaxMetaspaceSize=384m -XX:+HeapDumpOnOutOfMemoryError -Xms256m -Xmx512m -Dfile.encoding=UTF-8 -Duser.country=KR -Duser.language=ko -Duser.variant -javaagent:C:\Users\user\.gradle\wrapper\dists\gradle-9.5.1-bin\iq79hdu3mqx29lgffhp8bfmx\gradle-9.5.1\lib\agents\gradle-instrumentation-agent-9.5.1.jar 
java_command: org.gradle.launcher.daemon.bootstrap.GradleDaemon 9.5.1
java_class_path (initial): C:\Users\user\.gradle\wrapper\dists\gradle-9.5.1-bin\iq79hdu3mqx29lgffhp8bfmx\gradle-9.5.1\lib\gradle-daemon-main-9.5.1.jar
Launcher Type: SUN_STANDARD

[Global flags]
     intx CICompilerCount                          = 4                                         {product} {ergonomic}
   size_t CompressedClassSpaceSize                 = 335544320                                 {product} {ergonomic}
     uint ConcGCThreads                            = 2                                         {product} {ergonomic}
     uint G1ConcRefinementThreads                  = 8                                         {product} {ergonomic}
   size_t G1HeapRegionSize                         = 1048576                                   {product} {ergonomic}
    uintx GCDrainStackTargetSize                   = 64                                        {product} {ergonomic}
     bool HeapDumpOnOutOfMemoryError               = true                                   {manageable} {command line}
   size_t InitialHeapSize                          = 268435456                                 {product} {command line}
   size_t MarkStackSize                            = 4194304                                   {product} {ergonomic}
   size_t MaxHeapSize                              = 536870912                                 {product} {command line}
   size_t MaxMetaspaceSize                         = 402653184                                 {product} {command line}
   size_t MaxNewSize                               = 321912832                                 {product} {ergonomic}
   size_t MinHeapDeltaBytes                        = 1048576                                   {product} {ergonomic}
   size_t MinHeapSize                              = 268435456                                 {product} {command line}
    uintx NonNMethodCodeHeapSize                   = 5839372                                {pd product} {ergonomic}
    uintx NonProfiledCodeHeapSize                  = 122909434                              {pd product} {ergonomic}
    uintx ProfiledCodeHeapSize                     = 122909434                              {pd product} {ergonomic}
    uintx ReservedCodeCacheSize                    = 251658240                              {pd product} {ergonomic}
     bool SegmentedCodeCache                       = true                                      {product} {ergonomic}
   size_t SoftMaxHeapSize                          = 536870912                              {manageable} {ergonomic}
     bool UseCompressedOops                        = true                           {product lp64_product} {ergonomic}
     bool UseG1GC                                  = true                                      {product} {ergonomic}
     bool UseLargePagesIndividualAllocation        = false                                  {pd product} {ergonomic}

Logging:
Log output configuration:
 #0: stdout all=warning uptime,level,tags foldmultilines=false
 #1: stderr all=off uptime,level,tags foldmultilines=false

Release file:
JAVA_VERSION="21.0.12.1" 
MODULES="java.base java.compiler java.datatransfer java.xml java.prefs java.desktop java.instrument java.logging java.management java.security.sasl java.naming java.rmi java.management.rmi java.net.http java.scripting java.security.jgss java.transaction.xa java.sql java.sql.rowset java.xml.crypto java.se java.smartcardio jdk.accessibility jdk.internal.jvmstat jdk.attach jdk.charsets jdk.internal.opt jdk.zipfs jdk.compiler jdk.crypto.ec jdk.crypto.cryptoki jdk.crypto.mscapi jdk.dynalink jdk.internal.ed jdk.editpad jdk.hotspot.agent jdk.httpserver jdk.internal.le jdk.internal.vm.ci jdk.internal.vm.compiler jdk.internal.vm.compiler.management jdk.jartool jdk.javadoc jdk.jcmd jdk.management jdk.management.agent jdk.jconsole jdk.jdeps jdk.jdwp.agent jdk.jdi jdk.jfr jdk.jshell jdk.jsobject jdk.jstatd jdk.localedata jdk.management.jfr jdk.naming.dns jdk.naming.rmi jdk.net jdk.nio.mapmode jdk.random jdk.sctp jdk.security.auth jdk.security.jgss jdk.unsupported jdk.unsupported.desktop jdk.xml.dom" 

Environment Variables:
PATH=C:\Program Files\Common Files\Oracle\Java\javapath;C:\Program Files\Python313\Scripts\;C:\Program Files\Python313\;C:\WINDOWS\system32;C:\WINDOWS;C:\WINDOWS\System32\Wbem;C:\WINDOWS\System32\WindowsPowerShell\v1.0\;C:\WINDOWS\System32\OpenSSH\;C:\Program Files\nodejs\;C:\Program Files\Git\cmd;C:\Program Files (x86)\cloudflared\;C:\Users\user\Desktop\Scripts\;C:\Users\user\Desktop\;C:\Users\user\AppData\Local\Microsoft\WindowsApps;C:\Users\user\AppData\Local\Programs\Microsoft VS Code\bin;C:\Program Files\Multipass\bin;C:\Users\user\AppData\Roaming\npm;C:\intelFPGA_lite\18.1\modelsim_ase\win32aloem;C:\Users\user\Desktop\opencv\build\x64\vc15\bin;
USERNAME=user
OS=Windows_NT
PROCESSOR_IDENTIFIER=Intel64 Family 6 Model 140 Stepping 1, GenuineIntel
TMP=C:\Users\user\AppData\Local\Temp
TEMP=C:\Users\user\AppData\Local\Temp




Periodic native trim disabled

---------------  S Y S T E M  ---------------

OS:
 Windows 11 , 64 bit Build 26100 (10.0.26100.9444)
OS uptime: 0 days 7:07 hours

CPU: total 8 (initial active 8) (4 cores per cpu, 2 threads per core) family 6 model 140 stepping 1 microcode 0x8a, cx8, cmov, fxsr, ht, mmx, 3dnowpref, sse, sse2, sse3, ssse3, sse4.1, sse4.2, popcnt, lzcnt, tsc, tscinvbit, avx, avx2, aes, erms, clmul, bmi1, bmi2, adx, avx512f, avx512dq, avx512cd, avx512bw, avx512vl, sha, fma, vzeroupper, avx512_vpopcntdq, avx512_vpclmulqdq, avx512_vaes, avx512_vnni, clflush, clflushopt, clwb, avx512_vbmi2, avx512_vbmi, rdtscp, rdpid, fsrm, gfni, avx512_bitalg, f16c, pku, cet_ibt, cet_ss, avx512_ifma
Processor Information for the first 8 processors :
  Max Mhz: 2419, Current Mhz: 2419, Mhz Limit: 2419

Memory: 4k page, system-wide physical 16107M (248M free)
TotalPageFile size 46495M (AvailPageFile size 72M)
current process WorkingSet (physical memory assigned to process): 322M, peak: 326M
current process commit charge ("private bytes"): 483M, peak: 494M

vm_info: OpenJDK 64-Bit Server VM (21.0.12.1+1-LTS) for windows-amd64 JRE (21.0.12.1+1-LTS), built on 2026-08-18T00:00:00Z by "admin" with MS VC++ 17.12 (VS2022)

END.
