#
# There is insufficient memory for the Java Runtime Environment to continue.
# Native memory allocation (malloc) failed to allocate 682544 bytes. Error detail: Chunk::new
# Possible reasons:
#   The system is out of physical RAM or swap space
#   This process is running with CompressedOops enabled, and the Java Heap may be blocking the growth of the native heap
# Possible solutions:
#   Reduce memory load on the system
#   Increase physical memory or swap space
#   Check if swap backing store is full
#   Decrease Java heap size (-Xmx/-Xms)
#   Decrease number of Java threads
#   Decrease Java thread stack sizes (-Xss)
#   Set larger code cache with -XX:ReservedCodeCacheSize=
#   JVM is running with Unscaled Compressed Oops mode in which the Java heap is
#     placed in the first 4GB address space. The Java Heap base address is the
#     maximum limit for the native heap growth. Please use -XX:HeapBaseMinAddress
#     to set the Java Heap base and to place the Java Heap above 4GB virtual address.
# This output file may be truncated or incomplete.
#
#  Out of Memory Error (arena.cpp:168), pid=6012, tid=24916
#
# JRE version: OpenJDK Runtime Environment Temurin-21.0.12.1+1 (21.0.12.1+1) (build 21.0.12.1+1-LTS)
# Java VM: OpenJDK 64-Bit Server VM Temurin-21.0.12.1+1 (21.0.12.1+1-LTS, mixed mode, sharing, tiered, compressed oops, compressed class ptrs, g1 gc, windows-amd64)
# No core dump will be written. Minidumps are not enabled by default on client versions of Windows
#

---------------  S U M M A R Y ------------

Command Line: --add-opens=java.base/java.lang=ALL-UNNAMED --add-opens=java.base/java.lang.invoke=ALL-UNNAMED --add-opens=java.base/java.util=ALL-UNNAMED --add-opens=java.prefs/java.util.prefs=ALL-UNNAMED --add-exports=jdk.compiler/com.sun.tools.javac.api=ALL-UNNAMED --add-exports=jdk.compiler/com.sun.tools.javac.util=ALL-UNNAMED --add-opens=java.base/java.nio.charset=ALL-UNNAMED --add-opens=java.base/java.net=ALL-UNNAMED --add-opens=java.base/java.util.concurrent=ALL-UNNAMED --add-opens=java.base/java.util.concurrent.atomic=ALL-UNNAMED --add-opens=java.xml/javax.xml.namespace=ALL-UNNAMED --add-opens=java.base/java.time=ALL-UNNAMED -XX:MaxMetaspaceSize=384m -XX:+HeapDumpOnOutOfMemoryError -Xms256m -Xmx512m -Dfile.encoding=UTF-8 -Duser.country=KR -Duser.language=ko -Duser.variant -javaagent:C:\Users\user\.gradle\wrapper\dists\gradle-9.5.1-bin\iq79hdu3mqx29lgffhp8bfmx\gradle-9.5.1\lib\agents\gradle-instrumentation-agent-9.5.1.jar org.gradle.launcher.daemon.bootstrap.GradleDaemon 9.5.1

Host: 11th Gen Intel(R) Core(TM) i5-1135G7 @ 2.40GHz, 8 cores, 15G,  Windows 11 , 64 bit Build 26100 (10.0.26100.9444)
Time: Thu Sep 10 09:59:15 2026 elapsed time: 424.858290 seconds (0d 0h 7m 4s)

---------------  T H R E A D  ---------------

Current thread (0x000001d5cb3c2ec0):  JavaThread "C2 CompilerThread0" daemon [_thread_in_native, id=24916, stack(0x00000026faf00000,0x00000026fb000000) (1024K)]


Current CompileTask:
C2:424864 7563       4       com.sun.beans.TypeResolver::resolve (37 bytes)

Stack: [0x00000026faf00000,0x00000026fb000000]
Native frames: (J=compiled Java code, j=interpreted, Vv=VM code, C=native code)
V  [jvm.dll+0x6d83e9]
V  [jvm.dll+0x8b5736]
V  [jvm.dll+0x8b7cee]
V  [jvm.dll+0x8b83d3]
V  [jvm.dll+0x284596]
V  [jvm.dll+0xc685d]
V  [jvm.dll+0xc6da1]
V  [jvm.dll+0x3bf18b]
V  [jvm.dll+0x38b6d2]
V  [jvm.dll+0x38ab1a]
V  [jvm.dll+0x24c700]
V  [jvm.dll+0x24bce0]
V  [jvm.dll+0x1cb4ae]
V  [jvm.dll+0x25baad]
V  [jvm.dll+0x25a03a]
V  [jvm.dll+0x3f8aae]
V  [jvm.dll+0x8600cd]
V  [jvm.dll+0x6d6c1d]
C  [ucrtbase.dll+0x2cd30]
C  [KERNEL32.DLL+0x2cd87]
C  [ntdll.dll+0xacaec]


---------------  P R O C E S S  ---------------

Threads class SMR info:
_java_thread_list=0x000001d5e8924020, length=57, elements={
0x000001d5b59f1e50, 0x000001d5cb3a1c30, 0x000001d5cb3a6860, 0x000001d5cb3bb4e0,
0x000001d5cb3bbf40, 0x000001d5cb3bd6c0, 0x000001d5cb3be120, 0x000001d5cb3c2ec0,
0x000001d5cb3c53a0, 0x000001d5cb56c2f0, 0x000001d5cb666ab0, 0x000001d5e572e930,
0x000001d5cb7ab230, 0x000001d5e65b6080, 0x000001d5e60110d0, 0x000001d5cb552d20,
0x000001d5cb4c01b0, 0x000001d5e6423330, 0x000001d5e64246e0, 0x000001d5e64239c0,
0x000001d5e6424050, 0x000001d5e6426120, 0x000001d5e64267b0, 0x000001d5e6425400,
0x000001d5e6bbffa0, 0x000001d5e6bc2d90, 0x000001d5e6bc19e0, 0x000001d5e6bc3420,
0x000001d5e6bc3ab0, 0x000001d5e6bc2070, 0x000001d5e6bc0630, 0x000001d5e6bc4140,
0x000001d5e6bc0cc0, 0x000001d5e6bc47d0, 0x000001d5e6bc1350, 0x000001d5e6bc75c0,
0x000001d5e6bc4e60, 0x000001d5e6bc6210, 0x000001d5e6bc68a0, 0x000001d5e6bc6f30,
0x000001d5e7646a90, 0x000001d5e76484d0, 0x000001d5e7647120, 0x000001d5e7645050,
0x000001d5e76477b0, 0x000001d5e7647e40, 0x000001d5e7645d70, 0x000001d5e7648b60,
0x000001d5e76491f0, 0x000001d5e7649880, 0x000001d5e7646400, 0x000001d5e7649f10,
0x000001d5e764ac30, 0x000001d5e764bfe0, 0x000001d5e764a5a0, 0x000001d5e764b2c0,
0x000001d5e764c670
}

Java Threads: ( => current thread )
  0x000001d5b59f1e50 JavaThread "main"                              [_thread_blocked, id=7464, stack(0x00000026fa100000,0x00000026fa200000) (1024K)]
  0x000001d5cb3a1c30 JavaThread "Reference Handler"          daemon [_thread_blocked, id=24792, stack(0x00000026fa900000,0x00000026faa00000) (1024K)]
  0x000001d5cb3a6860 JavaThread "Finalizer"                  daemon [_thread_blocked, id=24796, stack(0x00000026faa00000,0x00000026fab00000) (1024K)]
  0x000001d5cb3bb4e0 JavaThread "Signal Dispatcher"          daemon [_thread_blocked, id=24900, stack(0x00000026fab00000,0x00000026fac00000) (1024K)]
  0x000001d5cb3bbf40 JavaThread "Attach Listener"            daemon [_thread_blocked, id=24904, stack(0x00000026fac00000,0x00000026fad00000) (1024K)]
  0x000001d5cb3bd6c0 JavaThread "Service Thread"             daemon [_thread_blocked, id=24908, stack(0x00000026fad00000,0x00000026fae00000) (1024K)]
  0x000001d5cb3be120 JavaThread "Monitor Deflation Thread"   daemon [_thread_blocked, id=24912, stack(0x00000026fae00000,0x00000026faf00000) (1024K)]
=>0x000001d5cb3c2ec0 JavaThread "C2 CompilerThread0"         daemon [_thread_in_native, id=24916, stack(0x00000026faf00000,0x00000026fb000000) (1024K)]
  0x000001d5cb3c53a0 JavaThread "C1 CompilerThread0"         daemon [_thread_blocked, id=24920, stack(0x00000026fb000000,0x00000026fb100000) (1024K)]
  0x000001d5cb56c2f0 JavaThread "Common-Cleaner"             daemon [_thread_blocked, id=25316, stack(0x00000026fb100000,0x00000026fb200000) (1024K)]
  0x000001d5cb666ab0 JavaThread "Notification Thread"        daemon [_thread_blocked, id=25488, stack(0x00000026fb200000,0x00000026fb300000) (1024K)]
  0x000001d5e572e930 JavaThread "Daemon health stats"               [_thread_blocked, id=29972, stack(0x00000026f9e00000,0x00000026f9f00000) (1024K)]
  0x000001d5cb7ab230 JavaThread "Incoming local TCP Connector on port 56350"        [_thread_in_native, id=30240, stack(0x00000026fb800000,0x00000026fb900000) (1024K)]
  0x000001d5e65b6080 JavaThread "Daemon periodic checks"            [_thread_blocked, id=25284, stack(0x00000026fb900000,0x00000026fba00000) (1024K)]
  0x000001d5e60110d0 JavaThread "Daemon"                            [_thread_blocked, id=26008, stack(0x00000026fba00000,0x00000026fbb00000) (1024K)]
  0x000001d5cb552d20 JavaThread "Handler for socket connection from /127.0.0.1:56350 to /127.0.0.1:56353"        [_thread_in_native, id=26004, stack(0x00000026fbb00000,0x00000026fbc00000) (1024K)]
  0x000001d5cb4c01b0 JavaThread "Cancel handler"                    [_thread_blocked, id=30684, stack(0x00000026fbc00000,0x00000026fbd00000) (1024K)]
  0x000001d5e6423330 JavaThread "Daemon worker"                     [_thread_blocked, id=30668, stack(0x00000026fbd00000,0x00000026fbe00000) (1024K)]
  0x000001d5e64246e0 JavaThread "Asynchronous log dispatcher for DefaultDaemonConnection: socket connection from /127.0.0.1:56350 to /127.0.0.1:56353"        [_thread_blocked, id=4952, stack(0x00000026fbe00000,0x00000026fbf00000) (1024K)]
  0x000001d5e64239c0 JavaThread "Stdin handler"                     [_thread_blocked, id=15260, stack(0x00000026fbf00000,0x00000026fc000000) (1024K)]
  0x000001d5e6424050 JavaThread "Daemon client event forwarder"        [_thread_blocked, id=26848, stack(0x00000026fc000000,0x00000026fc100000) (1024K)]
  0x000001d5e6426120 JavaThread "Cache worker for journal cache (C:\Users\user\.gradle\caches\journal-1)"        [_thread_blocked, id=27404, stack(0x00000026fc100000,0x00000026fc200000) (1024K)]
  0x000001d5e64267b0 JavaThread "File lock request listener"        [_thread_in_native, id=27264, stack(0x00000026fc200000,0x00000026fc300000) (1024K)]
  0x000001d5e6425400 JavaThread "Cache worker for file hash cache (C:\Users\user\.gradle\caches\9.5.1\fileHashes)"        [_thread_blocked, id=6112, stack(0x00000026fc400000,0x00000026fc500000) (1024K)]
  0x000001d5e6bbffa0 JavaThread "Cache worker for file hash cache (C:\2026_spring\.gradle\9.5.1\fileHashes)"        [_thread_blocked, id=9512, stack(0x00000026fc800000,0x00000026fc900000) (1024K)]
  0x000001d5e6bc2d90 JavaThread "Cache worker for Build Output Cleanup Cache (C:\2026_spring\.gradle\buildOutputCleanup)"        [_thread_blocked, id=28972, stack(0x00000026fc900000,0x00000026fca00000) (1024K)]
  0x000001d5e6bc19e0 JavaThread "File watcher server"        daemon [_thread_in_native, id=30972, stack(0x00000026fca00000,0x00000026fcb00000) (1024K)]
  0x000001d5e6bc3420 JavaThread "File watcher consumer"      daemon [_thread_blocked, id=28120, stack(0x00000026fcb00000,0x00000026fcc00000) (1024K)]
  0x000001d5e6bc3ab0 JavaThread "Cache worker for file content cache (C:\Users\user\.gradle\caches\9.5.1\fileContent)"        [_thread_blocked, id=27872, stack(0x00000026fcc00000,0x00000026fcd00000) (1024K)]
  0x000001d5e6bc2070 JavaThread "Cache worker for checksums cache (C:\2026_spring\.gradle\9.5.1\checksums)"        [_thread_blocked, id=31576, stack(0x00000026f9f00000,0x00000026fa000000) (1024K)]
  0x000001d5e6bc0630 JavaThread "Cache worker for cache directory md-supplier (C:\Users\user\.gradle\caches\9.5.1\md-supplier)"        [_thread_blocked, id=23428, stack(0x00000026fa000000,0x00000026fa100000) (1024K)]
  0x000001d5e6bc4140 JavaThread "Cache worker for cache directory md-rule (C:\Users\user\.gradle\caches\9.5.1\md-rule)"        [_thread_blocked, id=23688, stack(0x00000026fcd00000,0x00000026fce00000) (1024K)]
  0x000001d5e6bc0cc0 JavaThread "jar transforms"                    [_thread_blocked, id=1996, stack(0x00000026fce00000,0x00000026fcf00000) (1024K)]
  0x000001d5e6bc47d0 JavaThread "jar transforms Thread 2"           [_thread_blocked, id=16668, stack(0x00000026fcf00000,0x00000026fd000000) (1024K)]
  0x000001d5e6bc1350 JavaThread "jar transforms Thread 3"           [_thread_blocked, id=27764, stack(0x00000026fd000000,0x00000026fd100000) (1024K)]
  0x000001d5e6bc75c0 JavaThread "jar transforms Thread 4"           [_thread_blocked, id=32072, stack(0x00000026fd100000,0x00000026fd200000) (1024K)]
  0x000001d5e6bc4e60 JavaThread "jar transforms Thread 5"           [_thread_blocked, id=33168, stack(0x00000026fd200000,0x00000026fd300000) (1024K)]
  0x000001d5e6bc6210 JavaThread "Build operations"                  [_thread_blocked, id=11520, stack(0x00000026fd300000,0x00000026fd400000) (1024K)]
  0x000001d5e6bc68a0 JavaThread "Build operations Thread 2"         [_thread_blocked, id=27744, stack(0x00000026fd400000,0x00000026fd500000) (1024K)]
  0x000001d5e6bc6f30 JavaThread "Build operations Thread 3"         [_thread_blocked, id=32892, stack(0x00000026fd500000,0x00000026fd600000) (1024K)]
  0x000001d5e7646a90 JavaThread "Build operations Thread 4"         [_thread_blocked, id=22284, stack(0x00000026fd600000,0x00000026fd700000) (1024K)]
  0x000001d5e76484d0 JavaThread "Build operations Thread 5"         [_thread_blocked, id=5156, stack(0x00000026fd700000,0x00000026fd800000) (1024K)]
  0x000001d5e7647120 JavaThread "Build operations Thread 6"         [_thread_blocked, id=33216, stack(0x00000026fd800000,0x00000026fd900000) (1024K)]
  0x000001d5e7645050 JavaThread "Build operations Thread 7"         [_thread_blocked, id=33448, stack(0x00000026fd900000,0x00000026fda00000) (1024K)]
  0x000001d5e76477b0 JavaThread "Build operations Thread 8"         [_thread_blocked, id=19504, stack(0x00000026fda00000,0x00000026fdb00000) (1024K)]
  0x000001d5e7647e40 JavaThread "Memory manager"                    [_thread_blocked, id=23952, stack(0x00000026fdb00000,0x00000026fdc00000) (1024K)]
  0x000001d5e7645d70 JavaThread "File lock release action executor Thread 2"        [_thread_blocked, id=24024, stack(0x00000026fc300000,0x00000026fc400000) (1024K)]
  0x000001d5e7648b60 JavaThread "jar transforms Thread 6"           [_thread_blocked, id=33968, stack(0x00000026fdd00000,0x00000026fde00000) (1024K)]
  0x000001d5e76491f0 JavaThread "included builds"                   [_thread_blocked, id=14900, stack(0x00000026fde00000,0x00000026fdf00000) (1024K)]
  0x000001d5e7649880 JavaThread "Execution worker"                  [_thread_blocked, id=14944, stack(0x00000026fdf00000,0x00000026fe000000) (1024K)]
  0x000001d5e7646400 JavaThread "Execution worker Thread 2"         [_thread_blocked, id=14956, stack(0x00000026fe000000,0x00000026fe100000) (1024K)]
  0x000001d5e7649f10 JavaThread "Execution worker Thread 3"         [_thread_blocked, id=14948, stack(0x00000026fe100000,0x00000026fe200000) (1024K)]
  0x000001d5e764ac30 JavaThread "Execution worker Thread 4"         [_thread_blocked, id=14976, stack(0x00000026fe200000,0x00000026fe300000) (1024K)]
  0x000001d5e764bfe0 JavaThread "Execution worker Thread 5"         [_thread_blocked, id=14992, stack(0x00000026fe300000,0x00000026fe400000) (1024K)]
  0x000001d5e764a5a0 JavaThread "Execution worker Thread 6"         [_thread_blocked, id=16868, stack(0x00000026fe400000,0x00000026fe500000) (1024K)]
  0x000001d5e764b2c0 JavaThread "Execution worker Thread 7"         [_thread_blocked, id=16736, stack(0x00000026fe500000,0x00000026fe600000) (1024K)]
  0x000001d5e764c670 JavaThread "Cache worker for execution history cache (C:\2026_spring\.gradle\9.5.1\executionHistory)"        [_thread_blocked, id=14980, stack(0x00000026fe600000,0x00000026fe700000) (1024K)]
Total: 57

Other Threads:
  0x000001d5cb3887d0 VMThread "VM Thread"                           [id=8488, stack(0x00000026fa800000,0x00000026fa900000) (1024K)]
  0x000001d5cb377910 WatcherThread "VM Periodic Task Thread"        [id=21256, stack(0x00000026fa700000,0x00000026fa800000) (1024K)]
  0x000001d5b5a1d810 WorkerThread "GC Thread#0"                     [id=15256, stack(0x00000026fa200000,0x00000026fa300000) (1024K)]
  0x000001d5e5138c00 WorkerThread "GC Thread#1"                     [id=27880, stack(0x00000026fb300000,0x00000026fb400000) (1024K)]
  0x000001d5e5138fb0 WorkerThread "GC Thread#2"                     [id=27884, stack(0x00000026fb400000,0x00000026fb500000) (1024K)]
  0x000001d5e5139360 WorkerThread "GC Thread#3"                     [id=27888, stack(0x00000026fb500000,0x00000026fb600000) (1024K)]
  0x000001d5e5139710 WorkerThread "GC Thread#4"                     [id=27892, stack(0x00000026fb600000,0x00000026fb700000) (1024K)]
  0x000001d5e5139ac0 WorkerThread "GC Thread#5"                     [id=27896, stack(0x00000026fb700000,0x00000026fb800000) (1024K)]
  0x000001d5e57244a0 WorkerThread "GC Thread#6"                     [id=31192, stack(0x00000026fc500000,0x00000026fc600000) (1024K)]
  0x000001d5e5723990 WorkerThread "GC Thread#7"                     [id=31196, stack(0x00000026fc600000,0x00000026fc700000) (1024K)]
  0x000001d5b5a22f20 ConcurrentGCThread "G1 Main Marker"            [id=23304, stack(0x00000026fa300000,0x00000026fa400000) (1024K)]
  0x000001d5b5a23940 WorkerThread "G1 Conc#0"                       [id=22904, stack(0x00000026fa400000,0x00000026fa500000) (1024K)]
  0x000001d5e8268b60 WorkerThread "G1 Conc#1"                       [id=27088, stack(0x00000026fc700000,0x00000026fc800000) (1024K)]
  0x000001d5b5aaea80 ConcurrentGCThread "G1 Refine#0"               [id=8300, stack(0x00000026fa500000,0x00000026fa600000) (1024K)]
  0x000001d5cb248160 ConcurrentGCThread "G1 Service"                [id=1272, stack(0x00000026fa600000,0x00000026fa700000) (1024K)]
Total: 15

Threads with active compile tasks:
C2 CompilerThread0  428079 7563       4       com.sun.beans.TypeResolver::resolve (37 bytes)
Total: 1

VM state: not at safepoint (normal execution)

VM Mutex/Monitor currently owned by a thread: None

Heap address: 0x00000000e0000000, size: 512 MB, Compressed Oops mode: 32-bit

CDS archive(s) mapped at: [0x000001d5cc000000-0x000001d5ccba0000-0x000001d5ccba0000), size 12189696, SharedBaseAddress: 0x000001d5cc000000, ArchiveRelocationMode: 1.
Compressed class space mapped at: 0x000001d5cd000000-0x000001d5e1000000, reserved size: 335544320
Narrow klass base: 0x000001d5cc000000, Narrow klass shift: 0, Narrow klass range: 0x100000000

GC Precious Log:
 CardTable entry size: 512
 Card Set container configuration: InlinePtr #cards 5 size 8 Array Of Cards #cards 12 size 40 Howl #buckets 4 coarsen threshold 1843 Howl Bitmap #cards 512 size 80 coarsen threshold 460 Card regions per heap region 1 cards per card region 2048
 CPUs: 8 total, 8 available
 Memory: 16107M
 Large Page Support: Disabled
 NUMA Support: Disabled
 Compressed Oops: Enabled (32-bit)
 Heap Region Size: 1M
 Heap Min Capacity: 256M
 Heap Initial Capacity: 256M
 Heap Max Capacity: 512M
 Pre-touch: Disabled
 Parallel Workers: 8
 Concurrent Workers: 2
 Concurrent Refinement Workers: 8
 Periodic GC: Disabled

Heap:
 garbage-first heap   total 262144K, used 68638K [0x00000000e0000000, 0x0000000100000000)
  region size 1024K, 30 young (30720K), 5 survivors (5120K)
 Metaspace       used 53762K, committed 55936K, reserved 393216K
  class space    used 8205K, committed 9280K, reserved 327680K

Heap Regions: E=young(eden), S=young(survivor), O=old, HS=humongous(starts), HC=humongous(continues), CS=collection set, F=free, TAMS=top-at-mark-start, PB=parsable bottom
|   0|0x00000000e0000000, 0x00000000e0100000, 0x00000000e0100000|100%|HS|  |TAMS 0x00000000e0000000| PB 0x00000000e0000000| Complete 
|   1|0x00000000e0100000, 0x00000000e0200000, 0x00000000e0200000|100%|HC|  |TAMS 0x00000000e0100000| PB 0x00000000e0100000| Complete 
|   2|0x00000000e0200000, 0x00000000e0300000, 0x00000000e0300000|100%|HC|  |TAMS 0x00000000e0200000| PB 0x00000000e0200000| Complete 
|   3|0x00000000e0300000, 0x00000000e0400000, 0x00000000e0400000|100%|HC|  |TAMS 0x00000000e0300000| PB 0x00000000e0300000| Complete 
|   4|0x00000000e0400000, 0x00000000e0500000, 0x00000000e0500000|100%| O|  |TAMS 0x00000000e0400000| PB 0x00000000e0400000| Untracked 
|   5|0x00000000e0500000, 0x00000000e0600000, 0x00000000e0600000|100%| O|  |TAMS 0x00000000e0500000| PB 0x00000000e0500000| Untracked 
|   6|0x00000000e0600000, 0x00000000e0700000, 0x00000000e0700000|100%| O|  |TAMS 0x00000000e0600000| PB 0x00000000e0600000| Untracked 
|   7|0x00000000e0700000, 0x00000000e0800000, 0x00000000e0800000|100%| O|  |TAMS 0x00000000e0700000| PB 0x00000000e0700000| Untracked 
|   8|0x00000000e0800000, 0x00000000e0900000, 0x00000000e0900000|100%|HS|  |TAMS 0x00000000e0800000| PB 0x00000000e0800000| Complete 
|   9|0x00000000e0900000, 0x00000000e0a00000, 0x00000000e0a00000|100%| O|  |TAMS 0x00000000e0900000| PB 0x00000000e0900000| Untracked 
|  10|0x00000000e0a00000, 0x00000000e0b00000, 0x00000000e0b00000|100%| O|  |TAMS 0x00000000e0a00000| PB 0x00000000e0a00000| Untracked 
|  11|0x00000000e0b00000, 0x00000000e0c00000, 0x00000000e0c00000|100%| O|  |TAMS 0x00000000e0b00000| PB 0x00000000e0b00000| Untracked 
|  12|0x00000000e0c00000, 0x00000000e0d00000, 0x00000000e0d00000|100%| O|  |TAMS 0x00000000e0c00000| PB 0x00000000e0c00000| Untracked 
|  13|0x00000000e0d00000, 0x00000000e0e00000, 0x00000000e0e00000|100%| O|  |TAMS 0x00000000e0d00000| PB 0x00000000e0d00000| Untracked 
|  14|0x00000000e0e00000, 0x00000000e0f00000, 0x00000000e0f00000|100%| O|  |TAMS 0x00000000e0e00000| PB 0x00000000e0e00000| Untracked 
|  15|0x00000000e0f00000, 0x00000000e1000000, 0x00000000e1000000|100%| O|  |TAMS 0x00000000e0f00000| PB 0x00000000e0f00000| Untracked 
|  16|0x00000000e1000000, 0x00000000e1100000, 0x00000000e1100000|100%| O|  |TAMS 0x00000000e1000000| PB 0x00000000e1000000| Untracked 
|  17|0x00000000e1100000, 0x00000000e1200000, 0x00000000e1200000|100%| O|  |TAMS 0x00000000e1100000| PB 0x00000000e1100000| Untracked 
|  18|0x00000000e1200000, 0x00000000e1300000, 0x00000000e1300000|100%| O|  |TAMS 0x00000000e1200000| PB 0x00000000e1200000| Untracked 
|  19|0x00000000e1300000, 0x00000000e1400000, 0x00000000e1400000|100%| O|  |TAMS 0x00000000e1300000| PB 0x00000000e1300000| Untracked 
|  20|0x00000000e1400000, 0x00000000e1500000, 0x00000000e1500000|100%| O|  |TAMS 0x00000000e1400000| PB 0x00000000e1400000| Untracked 
|  21|0x00000000e1500000, 0x00000000e1500000, 0x00000000e1600000|  0%| F|  |TAMS 0x00000000e1500000| PB 0x00000000e1500000| Untracked 
|  22|0x00000000e1600000, 0x00000000e1700000, 0x00000000e1700000|100%| O|  |TAMS 0x00000000e1600000| PB 0x00000000e1600000| Untracked 
|  23|0x00000000e1700000, 0x00000000e1800000, 0x00000000e1800000|100%| O|  |TAMS 0x00000000e1700000| PB 0x00000000e1700000| Untracked 
|  24|0x00000000e1800000, 0x00000000e1900000, 0x00000000e1900000|100%| O|  |TAMS 0x00000000e1800000| PB 0x00000000e1800000| Untracked 
|  25|0x00000000e1900000, 0x00000000e1a00000, 0x00000000e1a00000|100%| O|  |TAMS 0x00000000e1900000| PB 0x00000000e1900000| Untracked 
|  26|0x00000000e1a00000, 0x00000000e1b00000, 0x00000000e1b00000|100%| O|  |TAMS 0x00000000e1a00000| PB 0x00000000e1a00000| Untracked 
|  27|0x00000000e1b00000, 0x00000000e1c00000, 0x00000000e1c00000|100%| O|  |TAMS 0x00000000e1b00000| PB 0x00000000e1b00000| Untracked 
|  28|0x00000000e1c00000, 0x00000000e1d00000, 0x00000000e1d00000|100%| O|  |TAMS 0x00000000e1c00000| PB 0x00000000e1c00000| Untracked 
|  29|0x00000000e1d00000, 0x00000000e1e00000, 0x00000000e1e00000|100%| O|  |TAMS 0x00000000e1d00000| PB 0x00000000e1d00000| Untracked 
|  30|0x00000000e1e00000, 0x00000000e1f00000, 0x00000000e1f00000|100%| O|  |TAMS 0x00000000e1e00000| PB 0x00000000e1e00000| Untracked 
|  31|0x00000000e1f00000, 0x00000000e2000000, 0x00000000e2000000|100%| O|  |TAMS 0x00000000e1f00000| PB 0x00000000e1f00000| Untracked 
|  32|0x00000000e2000000, 0x00000000e2100000, 0x00000000e2100000|100%| O|  |TAMS 0x00000000e2000000| PB 0x00000000e2000000| Untracked 
|  33|0x00000000e2100000, 0x00000000e2200000, 0x00000000e2200000|100%| O|  |TAMS 0x00000000e2100000| PB 0x00000000e2100000| Untracked 
|  34|0x00000000e2200000, 0x00000000e2300000, 0x00000000e2300000|100%| O|  |TAMS 0x00000000e2200000| PB 0x00000000e2200000| Untracked 
|  35|0x00000000e2300000, 0x00000000e2400000, 0x00000000e2400000|100%| O|  |TAMS 0x00000000e2300000| PB 0x00000000e2300000| Untracked 
|  36|0x00000000e2400000, 0x00000000e2500000, 0x00000000e2500000|100%| O|  |TAMS 0x00000000e2400000| PB 0x00000000e2400000| Untracked 
|  37|0x00000000e2500000, 0x00000000e2600000, 0x00000000e2600000|100%| O|  |TAMS 0x00000000e2500000| PB 0x00000000e2500000| Untracked 
|  38|0x00000000e2600000, 0x00000000e2700000, 0x00000000e2700000|100%| O|  |TAMS 0x00000000e2600000| PB 0x00000000e2600000| Untracked 
|  39|0x00000000e2700000, 0x00000000e2707a00, 0x00000000e2800000|  2%| O|  |TAMS 0x00000000e2700000| PB 0x00000000e2700000| Untracked 
|  40|0x00000000e2800000, 0x00000000e2800000, 0x00000000e2900000|  0%| F|  |TAMS 0x00000000e2800000| PB 0x00000000e2800000| Untracked 
|  41|0x00000000e2900000, 0x00000000e2900000, 0x00000000e2a00000|  0%| F|  |TAMS 0x00000000e2900000| PB 0x00000000e2900000| Untracked 
|  42|0x00000000e2a00000, 0x00000000e2a00000, 0x00000000e2b00000|  0%| F|  |TAMS 0x00000000e2a00000| PB 0x00000000e2a00000| Untracked 
|  43|0x00000000e2b00000, 0x00000000e2b00000, 0x00000000e2c00000|  0%| F|  |TAMS 0x00000000e2b00000| PB 0x00000000e2b00000| Untracked 
|  44|0x00000000e2c00000, 0x00000000e2c00000, 0x00000000e2d00000|  0%| F|  |TAMS 0x00000000e2c00000| PB 0x00000000e2c00000| Untracked 
|  45|0x00000000e2d00000, 0x00000000e2d00000, 0x00000000e2e00000|  0%| F|  |TAMS 0x00000000e2d00000| PB 0x00000000e2d00000| Untracked 
|  46|0x00000000e2e00000, 0x00000000e2e00000, 0x00000000e2f00000|  0%| F|  |TAMS 0x00000000e2e00000| PB 0x00000000e2e00000| Untracked 
|  47|0x00000000e2f00000, 0x00000000e2f00000, 0x00000000e3000000|  0%| F|  |TAMS 0x00000000e2f00000| PB 0x00000000e2f00000| Untracked 
|  48|0x00000000e3000000, 0x00000000e3000000, 0x00000000e3100000|  0%| F|  |TAMS 0x00000000e3000000| PB 0x00000000e3000000| Untracked 
|  49|0x00000000e3100000, 0x00000000e3100000, 0x00000000e3200000|  0%| F|  |TAMS 0x00000000e3100000| PB 0x00000000e3100000| Untracked 
|  50|0x00000000e3200000, 0x00000000e3200000, 0x00000000e3300000|  0%| F|  |TAMS 0x00000000e3200000| PB 0x00000000e3200000| Untracked 
|  51|0x00000000e3300000, 0x00000000e3300000, 0x00000000e3400000|  0%| F|  |TAMS 0x00000000e3300000| PB 0x00000000e3300000| Untracked 
|  52|0x00000000e3400000, 0x00000000e3400000, 0x00000000e3500000|  0%| F|  |TAMS 0x00000000e3400000| PB 0x00000000e3400000| Untracked 
|  53|0x00000000e3500000, 0x00000000e3500000, 0x00000000e3600000|  0%| F|  |TAMS 0x00000000e3500000| PB 0x00000000e3500000| Untracked 
|  54|0x00000000e3600000, 0x00000000e3600000, 0x00000000e3700000|  0%| F|  |TAMS 0x00000000e3600000| PB 0x00000000e3600000| Untracked 
|  55|0x00000000e3700000, 0x00000000e3700000, 0x00000000e3800000|  0%| F|  |TAMS 0x00000000e3700000| PB 0x00000000e3700000| Untracked 
|  56|0x00000000e3800000, 0x00000000e3800000, 0x00000000e3900000|  0%| F|  |TAMS 0x00000000e3800000| PB 0x00000000e3800000| Untracked 
|  57|0x00000000e3900000, 0x00000000e3900000, 0x00000000e3a00000|  0%| F|  |TAMS 0x00000000e3900000| PB 0x00000000e3900000| Untracked 
|  58|0x00000000e3a00000, 0x00000000e3a00000, 0x00000000e3b00000|  0%| F|  |TAMS 0x00000000e3a00000| PB 0x00000000e3a00000| Untracked 
|  59|0x00000000e3b00000, 0x00000000e3b00000, 0x00000000e3c00000|  0%| F|  |TAMS 0x00000000e3b00000| PB 0x00000000e3b00000| Untracked 
|  60|0x00000000e3c00000, 0x00000000e3c00000, 0x00000000e3d00000|  0%| F|  |TAMS 0x00000000e3c00000| PB 0x00000000e3c00000| Untracked 
|  61|0x00000000e3d00000, 0x00000000e3d00000, 0x00000000e3e00000|  0%| F|  |TAMS 0x00000000e3d00000| PB 0x00000000e3d00000| Untracked 
|  62|0x00000000e3e00000, 0x00000000e3e00000, 0x00000000e3f00000|  0%| F|  |TAMS 0x00000000e3e00000| PB 0x00000000e3e00000| Untracked 
|  63|0x00000000e3f00000, 0x00000000e3f00000, 0x00000000e4000000|  0%| F|  |TAMS 0x00000000e3f00000| PB 0x00000000e3f00000| Untracked 
|  64|0x00000000e4000000, 0x00000000e4000000, 0x00000000e4100000|  0%| F|  |TAMS 0x00000000e4000000| PB 0x00000000e4000000| Untracked 
|  65|0x00000000e4100000, 0x00000000e4100000, 0x00000000e4200000|  0%| F|  |TAMS 0x00000000e4100000| PB 0x00000000e4100000| Untracked 
|  66|0x00000000e4200000, 0x00000000e4200000, 0x00000000e4300000|  0%| F|  |TAMS 0x00000000e4200000| PB 0x00000000e4200000| Untracked 
|  67|0x00000000e4300000, 0x00000000e4300000, 0x00000000e4400000|  0%| F|  |TAMS 0x00000000e4300000| PB 0x00000000e4300000| Untracked 
|  68|0x00000000e4400000, 0x00000000e4400000, 0x00000000e4500000|  0%| F|  |TAMS 0x00000000e4400000| PB 0x00000000e4400000| Untracked 
|  69|0x00000000e4500000, 0x00000000e4500000, 0x00000000e4600000|  0%| F|  |TAMS 0x00000000e4500000| PB 0x00000000e4500000| Untracked 
|  70|0x00000000e4600000, 0x00000000e4600000, 0x00000000e4700000|  0%| F|  |TAMS 0x00000000e4600000| PB 0x00000000e4600000| Untracked 
|  71|0x00000000e4700000, 0x00000000e4700000, 0x00000000e4800000|  0%| F|  |TAMS 0x00000000e4700000| PB 0x00000000e4700000| Untracked 
|  72|0x00000000e4800000, 0x00000000e4800000, 0x00000000e4900000|  0%| F|  |TAMS 0x00000000e4800000| PB 0x00000000e4800000| Untracked 
|  73|0x00000000e4900000, 0x00000000e4900000, 0x00000000e4a00000|  0%| F|  |TAMS 0x00000000e4900000| PB 0x00000000e4900000| Untracked 
|  74|0x00000000e4a00000, 0x00000000e4a00000, 0x00000000e4b00000|  0%| F|  |TAMS 0x00000000e4a00000| PB 0x00000000e4a00000| Untracked 
|  75|0x00000000e4b00000, 0x00000000e4b00000, 0x00000000e4c00000|  0%| F|  |TAMS 0x00000000e4b00000| PB 0x00000000e4b00000| Untracked 
|  76|0x00000000e4c00000, 0x00000000e4c00000, 0x00000000e4d00000|  0%| F|  |TAMS 0x00000000e4c00000| PB 0x00000000e4c00000| Untracked 
|  77|0x00000000e4d00000, 0x00000000e4d00000, 0x00000000e4e00000|  0%| F|  |TAMS 0x00000000e4d00000| PB 0x00000000e4d00000| Untracked 
|  78|0x00000000e4e00000, 0x00000000e4e00000, 0x00000000e4f00000|  0%| F|  |TAMS 0x00000000e4e00000| PB 0x00000000e4e00000| Untracked 
|  79|0x00000000e4f00000, 0x00000000e4f00000, 0x00000000e5000000|  0%| F|  |TAMS 0x00000000e4f00000| PB 0x00000000e4f00000| Untracked 
|  80|0x00000000e5000000, 0x00000000e5000000, 0x00000000e5100000|  0%| F|  |TAMS 0x00000000e5000000| PB 0x00000000e5000000| Untracked 
|  81|0x00000000e5100000, 0x00000000e5100000, 0x00000000e5200000|  0%| F|  |TAMS 0x00000000e5100000| PB 0x00000000e5100000| Untracked 
|  82|0x00000000e5200000, 0x00000000e5200000, 0x00000000e5300000|  0%| F|  |TAMS 0x00000000e5200000| PB 0x00000000e5200000| Untracked 
|  83|0x00000000e5300000, 0x00000000e5300000, 0x00000000e5400000|  0%| F|  |TAMS 0x00000000e5300000| PB 0x00000000e5300000| Untracked 
|  84|0x00000000e5400000, 0x00000000e5400000, 0x00000000e5500000|  0%| F|  |TAMS 0x00000000e5400000| PB 0x00000000e5400000| Untracked 
|  85|0x00000000e5500000, 0x00000000e5500000, 0x00000000e5600000|  0%| F|  |TAMS 0x00000000e5500000| PB 0x00000000e5500000| Untracked 
|  86|0x00000000e5600000, 0x00000000e5600000, 0x00000000e5700000|  0%| F|  |TAMS 0x00000000e5600000| PB 0x00000000e5600000| Untracked 
|  87|0x00000000e5700000, 0x00000000e5700000, 0x00000000e5800000|  0%| F|  |TAMS 0x00000000e5700000| PB 0x00000000e5700000| Untracked 
|  88|0x00000000e5800000, 0x00000000e5800000, 0x00000000e5900000|  0%| F|  |TAMS 0x00000000e5800000| PB 0x00000000e5800000| Untracked 
|  89|0x00000000e5900000, 0x00000000e5900000, 0x00000000e5a00000|  0%| F|  |TAMS 0x00000000e5900000| PB 0x00000000e5900000| Untracked 
|  90|0x00000000e5a00000, 0x00000000e5a00000, 0x00000000e5b00000|  0%| F|  |TAMS 0x00000000e5a00000| PB 0x00000000e5a00000| Untracked 
|  91|0x00000000e5b00000, 0x00000000e5b00000, 0x00000000e5c00000|  0%| F|  |TAMS 0x00000000e5b00000| PB 0x00000000e5b00000| Untracked 
|  92|0x00000000e5c00000, 0x00000000e5c00000, 0x00000000e5d00000|  0%| F|  |TAMS 0x00000000e5c00000| PB 0x00000000e5c00000| Untracked 
|  93|0x00000000e5d00000, 0x00000000e5d00000, 0x00000000e5e00000|  0%| F|  |TAMS 0x00000000e5d00000| PB 0x00000000e5d00000| Untracked 
|  94|0x00000000e5e00000, 0x00000000e5e00000, 0x00000000e5f00000|  0%| F|  |TAMS 0x00000000e5e00000| PB 0x00000000e5e00000| Untracked 
|  95|0x00000000e5f00000, 0x00000000e5f00000, 0x00000000e6000000|  0%| F|  |TAMS 0x00000000e5f00000| PB 0x00000000e5f00000| Untracked 
|  96|0x00000000e6000000, 0x00000000e6000000, 0x00000000e6100000|  0%| F|  |TAMS 0x00000000e6000000| PB 0x00000000e6000000| Untracked 
|  97|0x00000000e6100000, 0x00000000e6100000, 0x00000000e6200000|  0%| F|  |TAMS 0x00000000e6100000| PB 0x00000000e6100000| Untracked 
|  98|0x00000000e6200000, 0x00000000e6200000, 0x00000000e6300000|  0%| F|  |TAMS 0x00000000e6200000| PB 0x00000000e6200000| Untracked 
|  99|0x00000000e6300000, 0x00000000e6300000, 0x00000000e6400000|  0%| F|  |TAMS 0x00000000e6300000| PB 0x00000000e6300000| Untracked 
| 100|0x00000000e6400000, 0x00000000e6400000, 0x00000000e6500000|  0%| F|  |TAMS 0x00000000e6400000| PB 0x00000000e6400000| Untracked 
| 101|0x00000000e6500000, 0x00000000e6500000, 0x00000000e6600000|  0%| F|  |TAMS 0x00000000e6500000| PB 0x00000000e6500000| Untracked 
| 102|0x00000000e6600000, 0x00000000e6600000, 0x00000000e6700000|  0%| F|  |TAMS 0x00000000e6600000| PB 0x00000000e6600000| Untracked 
| 103|0x00000000e6700000, 0x00000000e6700000, 0x00000000e6800000|  0%| F|  |TAMS 0x00000000e6700000| PB 0x00000000e6700000| Untracked 
| 104|0x00000000e6800000, 0x00000000e6800000, 0x00000000e6900000|  0%| F|  |TAMS 0x00000000e6800000| PB 0x00000000e6800000| Untracked 
| 105|0x00000000e6900000, 0x00000000e6900000, 0x00000000e6a00000|  0%| F|  |TAMS 0x00000000e6900000| PB 0x00000000e6900000| Untracked 
| 106|0x00000000e6a00000, 0x00000000e6a00000, 0x00000000e6b00000|  0%| F|  |TAMS 0x00000000e6a00000| PB 0x00000000e6a00000| Untracked 
| 107|0x00000000e6b00000, 0x00000000e6b00000, 0x00000000e6c00000|  0%| F|  |TAMS 0x00000000e6b00000| PB 0x00000000e6b00000| Untracked 
| 108|0x00000000e6c00000, 0x00000000e6c00000, 0x00000000e6d00000|  0%| F|  |TAMS 0x00000000e6c00000| PB 0x00000000e6c00000| Untracked 
| 109|0x00000000e6d00000, 0x00000000e6d00000, 0x00000000e6e00000|  0%| F|  |TAMS 0x00000000e6d00000| PB 0x00000000e6d00000| Untracked 
| 110|0x00000000e6e00000, 0x00000000e6e00000, 0x00000000e6f00000|  0%| F|  |TAMS 0x00000000e6e00000| PB 0x00000000e6e00000| Untracked 
| 111|0x00000000e6f00000, 0x00000000e6f00000, 0x00000000e7000000|  0%| F|  |TAMS 0x00000000e6f00000| PB 0x00000000e6f00000| Untracked 
| 112|0x00000000e7000000, 0x00000000e7000000, 0x00000000e7100000|  0%| F|  |TAMS 0x00000000e7000000| PB 0x00000000e7000000| Untracked 
| 113|0x00000000e7100000, 0x00000000e7100000, 0x00000000e7200000|  0%| F|  |TAMS 0x00000000e7100000| PB 0x00000000e7100000| Untracked 
| 114|0x00000000e7200000, 0x00000000e7200000, 0x00000000e7300000|  0%| F|  |TAMS 0x00000000e7200000| PB 0x00000000e7200000| Untracked 
| 115|0x00000000e7300000, 0x00000000e7300000, 0x00000000e7400000|  0%| F|  |TAMS 0x00000000e7300000| PB 0x00000000e7300000| Untracked 
| 116|0x00000000e7400000, 0x00000000e7400000, 0x00000000e7500000|  0%| F|  |TAMS 0x00000000e7400000| PB 0x00000000e7400000| Untracked 
| 117|0x00000000e7500000, 0x00000000e7500000, 0x00000000e7600000|  0%| F|  |TAMS 0x00000000e7500000| PB 0x00000000e7500000| Untracked 
| 118|0x00000000e7600000, 0x00000000e7600000, 0x00000000e7700000|  0%| F|  |TAMS 0x00000000e7600000| PB 0x00000000e7600000| Untracked 
| 119|0x00000000e7700000, 0x00000000e7700000, 0x00000000e7800000|  0%| F|  |TAMS 0x00000000e7700000| PB 0x00000000e7700000| Untracked 
| 120|0x00000000e7800000, 0x00000000e7800000, 0x00000000e7900000|  0%| F|  |TAMS 0x00000000e7800000| PB 0x00000000e7800000| Untracked 
| 121|0x00000000e7900000, 0x00000000e7900000, 0x00000000e7a00000|  0%| F|  |TAMS 0x00000000e7900000| PB 0x00000000e7900000| Untracked 
| 122|0x00000000e7a00000, 0x00000000e7a00000, 0x00000000e7b00000|  0%| F|  |TAMS 0x00000000e7a00000| PB 0x00000000e7a00000| Untracked 
| 123|0x00000000e7b00000, 0x00000000e7b00000, 0x00000000e7c00000|  0%| F|  |TAMS 0x00000000e7b00000| PB 0x00000000e7b00000| Untracked 
| 124|0x00000000e7c00000, 0x00000000e7c00000, 0x00000000e7d00000|  0%| F|  |TAMS 0x00000000e7c00000| PB 0x00000000e7c00000| Untracked 
| 125|0x00000000e7d00000, 0x00000000e7d00000, 0x00000000e7e00000|  0%| F|  |TAMS 0x00000000e7d00000| PB 0x00000000e7d00000| Untracked 
| 126|0x00000000e7e00000, 0x00000000e7e00000, 0x00000000e7f00000|  0%| F|  |TAMS 0x00000000e7e00000| PB 0x00000000e7e00000| Untracked 
| 127|0x00000000e7f00000, 0x00000000e7f00000, 0x00000000e8000000|  0%| F|  |TAMS 0x00000000e7f00000| PB 0x00000000e7f00000| Untracked 
| 128|0x00000000e8000000, 0x00000000e8000000, 0x00000000e8100000|  0%| F|  |TAMS 0x00000000e8000000| PB 0x00000000e8000000| Untracked 
| 129|0x00000000e8100000, 0x00000000e8100000, 0x00000000e8200000|  0%| F|  |TAMS 0x00000000e8100000| PB 0x00000000e8100000| Untracked 
| 130|0x00000000e8200000, 0x00000000e8200000, 0x00000000e8300000|  0%| F|  |TAMS 0x00000000e8200000| PB 0x00000000e8200000| Untracked 
| 131|0x00000000e8300000, 0x00000000e8300000, 0x00000000e8400000|  0%| F|  |TAMS 0x00000000e8300000| PB 0x00000000e8300000| Untracked 
| 132|0x00000000e8400000, 0x00000000e8400000, 0x00000000e8500000|  0%| F|  |TAMS 0x00000000e8400000| PB 0x00000000e8400000| Untracked 
| 133|0x00000000e8500000, 0x00000000e8500000, 0x00000000e8600000|  0%| F|  |TAMS 0x00000000e8500000| PB 0x00000000e8500000| Untracked 
| 134|0x00000000e8600000, 0x00000000e8600000, 0x00000000e8700000|  0%| F|  |TAMS 0x00000000e8600000| PB 0x00000000e8600000| Untracked 
| 135|0x00000000e8700000, 0x00000000e8700000, 0x00000000e8800000|  0%| F|  |TAMS 0x00000000e8700000| PB 0x00000000e8700000| Untracked 
| 136|0x00000000e8800000, 0x00000000e8800000, 0x00000000e8900000|  0%| F|  |TAMS 0x00000000e8800000| PB 0x00000000e8800000| Untracked 
| 137|0x00000000e8900000, 0x00000000e8900000, 0x00000000e8a00000|  0%| F|  |TAMS 0x00000000e8900000| PB 0x00000000e8900000| Untracked 
| 138|0x00000000e8a00000, 0x00000000e8a00000, 0x00000000e8b00000|  0%| F|  |TAMS 0x00000000e8a00000| PB 0x00000000e8a00000| Untracked 
| 139|0x00000000e8b00000, 0x00000000e8b00000, 0x00000000e8c00000|  0%| F|  |TAMS 0x00000000e8b00000| PB 0x00000000e8b00000| Untracked 
| 140|0x00000000e8c00000, 0x00000000e8c00000, 0x00000000e8d00000|  0%| F|  |TAMS 0x00000000e8c00000| PB 0x00000000e8c00000| Untracked 
| 141|0x00000000e8d00000, 0x00000000e8d00000, 0x00000000e8e00000|  0%| F|  |TAMS 0x00000000e8d00000| PB 0x00000000e8d00000| Untracked 
| 142|0x00000000e8e00000, 0x00000000e8e00000, 0x00000000e8f00000|  0%| F|  |TAMS 0x00000000e8e00000| PB 0x00000000e8e00000| Untracked 
| 143|0x00000000e8f00000, 0x00000000e8f00000, 0x00000000e9000000|  0%| F|  |TAMS 0x00000000e8f00000| PB 0x00000000e8f00000| Untracked 
| 144|0x00000000e9000000, 0x00000000e9000000, 0x00000000e9100000|  0%| F|  |TAMS 0x00000000e9000000| PB 0x00000000e9000000| Untracked 
| 145|0x00000000e9100000, 0x00000000e9100000, 0x00000000e9200000|  0%| F|  |TAMS 0x00000000e9100000| PB 0x00000000e9100000| Untracked 
| 146|0x00000000e9200000, 0x00000000e9200000, 0x00000000e9300000|  0%| F|  |TAMS 0x00000000e9200000| PB 0x00000000e9200000| Untracked 
| 147|0x00000000e9300000, 0x00000000e9300000, 0x00000000e9400000|  0%| F|  |TAMS 0x00000000e9300000| PB 0x00000000e9300000| Untracked 
| 148|0x00000000e9400000, 0x00000000e9400000, 0x00000000e9500000|  0%| F|  |TAMS 0x00000000e9400000| PB 0x00000000e9400000| Untracked 
| 149|0x00000000e9500000, 0x00000000e9500000, 0x00000000e9600000|  0%| F|  |TAMS 0x00000000e9500000| PB 0x00000000e9500000| Untracked 
| 150|0x00000000e9600000, 0x00000000e9600000, 0x00000000e9700000|  0%| F|  |TAMS 0x00000000e9600000| PB 0x00000000e9600000| Untracked 
| 151|0x00000000e9700000, 0x00000000e9700000, 0x00000000e9800000|  0%| F|  |TAMS 0x00000000e9700000| PB 0x00000000e9700000| Untracked 
| 152|0x00000000e9800000, 0x00000000e9800000, 0x00000000e9900000|  0%| F|  |TAMS 0x00000000e9800000| PB 0x00000000e9800000| Untracked 
| 153|0x00000000e9900000, 0x00000000e9900000, 0x00000000e9a00000|  0%| F|  |TAMS 0x00000000e9900000| PB 0x00000000e9900000| Untracked 
| 154|0x00000000e9a00000, 0x00000000e9a00000, 0x00000000e9b00000|  0%| F|  |TAMS 0x00000000e9a00000| PB 0x00000000e9a00000| Untracked 
| 155|0x00000000e9b00000, 0x00000000e9b00000, 0x00000000e9c00000|  0%| F|  |TAMS 0x00000000e9b00000| PB 0x00000000e9b00000| Untracked 
| 156|0x00000000e9c00000, 0x00000000e9c00000, 0x00000000e9d00000|  0%| F|  |TAMS 0x00000000e9c00000| PB 0x00000000e9c00000| Untracked 
| 157|0x00000000e9d00000, 0x00000000e9d00000, 0x00000000e9e00000|  0%| F|  |TAMS 0x00000000e9d00000| PB 0x00000000e9d00000| Untracked 
| 158|0x00000000e9e00000, 0x00000000e9e00000, 0x00000000e9f00000|  0%| F|  |TAMS 0x00000000e9e00000| PB 0x00000000e9e00000| Untracked 
| 159|0x00000000e9f00000, 0x00000000e9f00000, 0x00000000ea000000|  0%| F|  |TAMS 0x00000000e9f00000| PB 0x00000000e9f00000| Untracked 
| 160|0x00000000ea000000, 0x00000000ea000000, 0x00000000ea100000|  0%| F|  |TAMS 0x00000000ea000000| PB 0x00000000ea000000| Untracked 
| 161|0x00000000ea100000, 0x00000000ea100000, 0x00000000ea200000|  0%| F|  |TAMS 0x00000000ea100000| PB 0x00000000ea100000| Untracked 
| 162|0x00000000ea200000, 0x00000000ea200000, 0x00000000ea300000|  0%| F|  |TAMS 0x00000000ea200000| PB 0x00000000ea200000| Untracked 
| 163|0x00000000ea300000, 0x00000000ea300000, 0x00000000ea400000|  0%| F|  |TAMS 0x00000000ea300000| PB 0x00000000ea300000| Untracked 
| 164|0x00000000ea400000, 0x00000000ea400000, 0x00000000ea500000|  0%| F|  |TAMS 0x00000000ea400000| PB 0x00000000ea400000| Untracked 
| 165|0x00000000ea500000, 0x00000000ea500000, 0x00000000ea600000|  0%| F|  |TAMS 0x00000000ea500000| PB 0x00000000ea500000| Untracked 
| 166|0x00000000ea600000, 0x00000000ea600000, 0x00000000ea700000|  0%| F|  |TAMS 0x00000000ea600000| PB 0x00000000ea600000| Untracked 
| 167|0x00000000ea700000, 0x00000000ea700000, 0x00000000ea800000|  0%| F|  |TAMS 0x00000000ea700000| PB 0x00000000ea700000| Untracked 
| 168|0x00000000ea800000, 0x00000000ea800000, 0x00000000ea900000|  0%| F|  |TAMS 0x00000000ea800000| PB 0x00000000ea800000| Untracked 
| 169|0x00000000ea900000, 0x00000000ea900000, 0x00000000eaa00000|  0%| F|  |TAMS 0x00000000ea900000| PB 0x00000000ea900000| Untracked 
| 170|0x00000000eaa00000, 0x00000000eaa00000, 0x00000000eab00000|  0%| F|  |TAMS 0x00000000eaa00000| PB 0x00000000eaa00000| Untracked 
| 171|0x00000000eab00000, 0x00000000eab00000, 0x00000000eac00000|  0%| F|  |TAMS 0x00000000eab00000| PB 0x00000000eab00000| Untracked 
| 172|0x00000000eac00000, 0x00000000eac00000, 0x00000000ead00000|  0%| F|  |TAMS 0x00000000eac00000| PB 0x00000000eac00000| Untracked 
| 173|0x00000000ead00000, 0x00000000ead00000, 0x00000000eae00000|  0%| F|  |TAMS 0x00000000ead00000| PB 0x00000000ead00000| Untracked 
| 174|0x00000000eae00000, 0x00000000eae00000, 0x00000000eaf00000|  0%| F|  |TAMS 0x00000000eae00000| PB 0x00000000eae00000| Untracked 
| 175|0x00000000eaf00000, 0x00000000eaf00000, 0x00000000eb000000|  0%| F|  |TAMS 0x00000000eaf00000| PB 0x00000000eaf00000| Untracked 
| 176|0x00000000eb000000, 0x00000000eb000000, 0x00000000eb100000|  0%| F|  |TAMS 0x00000000eb000000| PB 0x00000000eb000000| Untracked 
| 177|0x00000000eb100000, 0x00000000eb100000, 0x00000000eb200000|  0%| F|  |TAMS 0x00000000eb100000| PB 0x00000000eb100000| Untracked 
| 178|0x00000000eb200000, 0x00000000eb200000, 0x00000000eb300000|  0%| F|  |TAMS 0x00000000eb200000| PB 0x00000000eb200000| Untracked 
| 179|0x00000000eb300000, 0x00000000eb300000, 0x00000000eb400000|  0%| F|  |TAMS 0x00000000eb300000| PB 0x00000000eb300000| Untracked 
| 180|0x00000000eb400000, 0x00000000eb400000, 0x00000000eb500000|  0%| F|  |TAMS 0x00000000eb400000| PB 0x00000000eb400000| Untracked 
| 181|0x00000000eb500000, 0x00000000eb500000, 0x00000000eb600000|  0%| F|  |TAMS 0x00000000eb500000| PB 0x00000000eb500000| Untracked 
| 182|0x00000000eb600000, 0x00000000eb600000, 0x00000000eb700000|  0%| F|  |TAMS 0x00000000eb600000| PB 0x00000000eb600000| Untracked 
| 183|0x00000000eb700000, 0x00000000eb700000, 0x00000000eb800000|  0%| F|  |TAMS 0x00000000eb700000| PB 0x00000000eb700000| Untracked 
| 184|0x00000000eb800000, 0x00000000eb800000, 0x00000000eb900000|  0%| F|  |TAMS 0x00000000eb800000| PB 0x00000000eb800000| Untracked 
| 185|0x00000000eb900000, 0x00000000eb900000, 0x00000000eba00000|  0%| F|  |TAMS 0x00000000eb900000| PB 0x00000000eb900000| Untracked 
| 186|0x00000000eba00000, 0x00000000eba00000, 0x00000000ebb00000|  0%| F|  |TAMS 0x00000000eba00000| PB 0x00000000eba00000| Untracked 
| 187|0x00000000ebb00000, 0x00000000ebb00000, 0x00000000ebc00000|  0%| F|  |TAMS 0x00000000ebb00000| PB 0x00000000ebb00000| Untracked 
| 188|0x00000000ebc00000, 0x00000000ebc00000, 0x00000000ebd00000|  0%| F|  |TAMS 0x00000000ebc00000| PB 0x00000000ebc00000| Untracked 
| 189|0x00000000ebd00000, 0x00000000ebd00000, 0x00000000ebe00000|  0%| F|  |TAMS 0x00000000ebd00000| PB 0x00000000ebd00000| Untracked 
| 190|0x00000000ebe00000, 0x00000000ebe00000, 0x00000000ebf00000|  0%| F|  |TAMS 0x00000000ebe00000| PB 0x00000000ebe00000| Untracked 
| 191|0x00000000ebf00000, 0x00000000ebf00000, 0x00000000ec000000|  0%| F|  |TAMS 0x00000000ebf00000| PB 0x00000000ebf00000| Untracked 
| 192|0x00000000ec000000, 0x00000000ec000000, 0x00000000ec100000|  0%| F|  |TAMS 0x00000000ec000000| PB 0x00000000ec000000| Untracked 
| 193|0x00000000ec100000, 0x00000000ec100000, 0x00000000ec200000|  0%| F|  |TAMS 0x00000000ec100000| PB 0x00000000ec100000| Untracked 
| 194|0x00000000ec200000, 0x00000000ec200000, 0x00000000ec300000|  0%| F|  |TAMS 0x00000000ec200000| PB 0x00000000ec200000| Untracked 
| 195|0x00000000ec300000, 0x00000000ec300000, 0x00000000ec400000|  0%| F|  |TAMS 0x00000000ec300000| PB 0x00000000ec300000| Untracked 
| 196|0x00000000ec400000, 0x00000000ec400000, 0x00000000ec500000|  0%| F|  |TAMS 0x00000000ec400000| PB 0x00000000ec400000| Untracked 
| 197|0x00000000ec500000, 0x00000000ec500000, 0x00000000ec600000|  0%| F|  |TAMS 0x00000000ec500000| PB 0x00000000ec500000| Untracked 
| 198|0x00000000ec600000, 0x00000000ec600000, 0x00000000ec700000|  0%| F|  |TAMS 0x00000000ec600000| PB 0x00000000ec600000| Untracked 
| 199|0x00000000ec700000, 0x00000000ec700000, 0x00000000ec800000|  0%| F|  |TAMS 0x00000000ec700000| PB 0x00000000ec700000| Untracked 
| 200|0x00000000ec800000, 0x00000000ec800000, 0x00000000ec900000|  0%| F|  |TAMS 0x00000000ec800000| PB 0x00000000ec800000| Untracked 
| 201|0x00000000ec900000, 0x00000000ec900000, 0x00000000eca00000|  0%| F|  |TAMS 0x00000000ec900000| PB 0x00000000ec900000| Untracked 
| 202|0x00000000eca00000, 0x00000000eca00000, 0x00000000ecb00000|  0%| F|  |TAMS 0x00000000eca00000| PB 0x00000000eca00000| Untracked 
| 203|0x00000000ecb00000, 0x00000000ecb00000, 0x00000000ecc00000|  0%| F|  |TAMS 0x00000000ecb00000| PB 0x00000000ecb00000| Untracked 
| 204|0x00000000ecc00000, 0x00000000ecc00000, 0x00000000ecd00000|  0%| F|  |TAMS 0x00000000ecc00000| PB 0x00000000ecc00000| Untracked 
| 205|0x00000000ecd00000, 0x00000000ecd00000, 0x00000000ece00000|  0%| F|  |TAMS 0x00000000ecd00000| PB 0x00000000ecd00000| Untracked 
| 206|0x00000000ece00000, 0x00000000ece00000, 0x00000000ecf00000|  0%| F|  |TAMS 0x00000000ece00000| PB 0x00000000ece00000| Untracked 
| 207|0x00000000ecf00000, 0x00000000ecf00000, 0x00000000ed000000|  0%| F|  |TAMS 0x00000000ecf00000| PB 0x00000000ecf00000| Untracked 
| 208|0x00000000ed000000, 0x00000000ed000000, 0x00000000ed100000|  0%| F|  |TAMS 0x00000000ed000000| PB 0x00000000ed000000| Untracked 
| 209|0x00000000ed100000, 0x00000000ed100000, 0x00000000ed200000|  0%| F|  |TAMS 0x00000000ed100000| PB 0x00000000ed100000| Untracked 
| 210|0x00000000ed200000, 0x00000000ed300000, 0x00000000ed300000|100%| S|CS|TAMS 0x00000000ed200000| PB 0x00000000ed200000| Complete 
| 211|0x00000000ed300000, 0x00000000ed400000, 0x00000000ed400000|100%| S|CS|TAMS 0x00000000ed300000| PB 0x00000000ed300000| Complete 
| 212|0x00000000ed400000, 0x00000000ed500000, 0x00000000ed500000|100%| S|CS|TAMS 0x00000000ed400000| PB 0x00000000ed400000| Complete 
| 213|0x00000000ed500000, 0x00000000ed600000, 0x00000000ed600000|100%| S|CS|TAMS 0x00000000ed500000| PB 0x00000000ed500000| Complete 
| 214|0x00000000ed600000, 0x00000000ed700000, 0x00000000ed700000|100%| S|CS|TAMS 0x00000000ed600000| PB 0x00000000ed600000| Complete 
| 215|0x00000000ed700000, 0x00000000ed700000, 0x00000000ed800000|  0%| F|  |TAMS 0x00000000ed700000| PB 0x00000000ed700000| Untracked 
| 216|0x00000000ed800000, 0x00000000ed800000, 0x00000000ed900000|  0%| F|  |TAMS 0x00000000ed800000| PB 0x00000000ed800000| Untracked 
| 217|0x00000000ed900000, 0x00000000ed900000, 0x00000000eda00000|  0%| F|  |TAMS 0x00000000ed900000| PB 0x00000000ed900000| Untracked 
| 218|0x00000000eda00000, 0x00000000eda00000, 0x00000000edb00000|  0%| F|  |TAMS 0x00000000eda00000| PB 0x00000000eda00000| Untracked 
| 219|0x00000000edb00000, 0x00000000edb00000, 0x00000000edc00000|  0%| F|  |TAMS 0x00000000edb00000| PB 0x00000000edb00000| Untracked 
| 220|0x00000000edc00000, 0x00000000edc00000, 0x00000000edd00000|  0%| F|  |TAMS 0x00000000edc00000| PB 0x00000000edc00000| Untracked 
| 221|0x00000000edd00000, 0x00000000edd00000, 0x00000000ede00000|  0%| F|  |TAMS 0x00000000edd00000| PB 0x00000000edd00000| Untracked 
| 222|0x00000000ede00000, 0x00000000ede00000, 0x00000000edf00000|  0%| F|  |TAMS 0x00000000ede00000| PB 0x00000000ede00000| Untracked 
| 223|0x00000000edf00000, 0x00000000edf00000, 0x00000000ee000000|  0%| F|  |TAMS 0x00000000edf00000| PB 0x00000000edf00000| Untracked 
| 224|0x00000000ee000000, 0x00000000ee000000, 0x00000000ee100000|  0%| F|  |TAMS 0x00000000ee000000| PB 0x00000000ee000000| Untracked 
| 225|0x00000000ee100000, 0x00000000ee100000, 0x00000000ee200000|  0%| F|  |TAMS 0x00000000ee100000| PB 0x00000000ee100000| Untracked 
| 226|0x00000000ee200000, 0x00000000ee200000, 0x00000000ee300000|  0%| F|  |TAMS 0x00000000ee200000| PB 0x00000000ee200000| Untracked 
| 227|0x00000000ee300000, 0x00000000ee300000, 0x00000000ee400000|  0%| F|  |TAMS 0x00000000ee300000| PB 0x00000000ee300000| Untracked 
| 228|0x00000000ee400000, 0x00000000ee400000, 0x00000000ee500000|  0%| F|  |TAMS 0x00000000ee400000| PB 0x00000000ee400000| Untracked 
| 229|0x00000000ee500000, 0x00000000ee500000, 0x00000000ee600000|  0%| F|  |TAMS 0x00000000ee500000| PB 0x00000000ee500000| Untracked 
| 230|0x00000000ee600000, 0x00000000ee600000, 0x00000000ee700000|  0%| F|  |TAMS 0x00000000ee600000| PB 0x00000000ee600000| Untracked 
| 231|0x00000000ee700000, 0x00000000ee7b5ff0, 0x00000000ee800000| 71%| E|  |TAMS 0x00000000ee700000| PB 0x00000000ee700000| Complete 
| 232|0x00000000ee800000, 0x00000000ee900000, 0x00000000ee900000|100%| E|CS|TAMS 0x00000000ee800000| PB 0x00000000ee800000| Complete 
| 233|0x00000000ee900000, 0x00000000eea00000, 0x00000000eea00000|100%| E|CS|TAMS 0x00000000ee900000| PB 0x00000000ee900000| Complete 
| 234|0x00000000eea00000, 0x00000000eeb00000, 0x00000000eeb00000|100%| E|CS|TAMS 0x00000000eea00000| PB 0x00000000eea00000| Complete 
| 235|0x00000000eeb00000, 0x00000000eec00000, 0x00000000eec00000|100%| E|CS|TAMS 0x00000000eeb00000| PB 0x00000000eeb00000| Complete 
| 236|0x00000000eec00000, 0x00000000eed00000, 0x00000000eed00000|100%| E|CS|TAMS 0x00000000eec00000| PB 0x00000000eec00000| Complete 
| 237|0x00000000eed00000, 0x00000000eee00000, 0x00000000eee00000|100%| E|CS|TAMS 0x00000000eed00000| PB 0x00000000eed00000| Complete 
| 238|0x00000000eee00000, 0x00000000eef00000, 0x00000000eef00000|100%| E|CS|TAMS 0x00000000eee00000| PB 0x00000000eee00000| Complete 
| 239|0x00000000eef00000, 0x00000000ef000000, 0x00000000ef000000|100%| E|CS|TAMS 0x00000000eef00000| PB 0x00000000eef00000| Complete 
| 240|0x00000000ef000000, 0x00000000ef100000, 0x00000000ef100000|100%| E|CS|TAMS 0x00000000ef000000| PB 0x00000000ef000000| Complete 
| 241|0x00000000ef100000, 0x00000000ef200000, 0x00000000ef200000|100%| E|CS|TAMS 0x00000000ef100000| PB 0x00000000ef100000| Complete 
| 242|0x00000000ef200000, 0x00000000ef300000, 0x00000000ef300000|100%| E|CS|TAMS 0x00000000ef200000| PB 0x00000000ef200000| Complete 
| 243|0x00000000ef300000, 0x00000000ef400000, 0x00000000ef400000|100%| E|CS|TAMS 0x00000000ef300000| PB 0x00000000ef300000| Complete 
| 244|0x00000000ef400000, 0x00000000ef500000, 0x00000000ef500000|100%| E|CS|TAMS 0x00000000ef400000| PB 0x00000000ef400000| Complete 
| 245|0x00000000ef500000, 0x00000000ef600000, 0x00000000ef600000|100%| E|CS|TAMS 0x00000000ef500000| PB 0x00000000ef500000| Complete 
| 246|0x00000000ef600000, 0x00000000ef700000, 0x00000000ef700000|100%| E|CS|TAMS 0x00000000ef600000| PB 0x00000000ef600000| Complete 
| 247|0x00000000ef700000, 0x00000000ef800000, 0x00000000ef800000|100%| E|CS|TAMS 0x00000000ef700000| PB 0x00000000ef700000| Complete 
| 248|0x00000000ef800000, 0x00000000ef900000, 0x00000000ef900000|100%| E|CS|TAMS 0x00000000ef800000| PB 0x00000000ef800000| Complete 
| 249|0x00000000ef900000, 0x00000000efa00000, 0x00000000efa00000|100%| E|CS|TAMS 0x00000000ef900000| PB 0x00000000ef900000| Complete 
| 250|0x00000000efa00000, 0x00000000efb00000, 0x00000000efb00000|100%| E|CS|TAMS 0x00000000efa00000| PB 0x00000000efa00000| Complete 
| 251|0x00000000efb00000, 0x00000000efc00000, 0x00000000efc00000|100%| E|CS|TAMS 0x00000000efb00000| PB 0x00000000efb00000| Complete 
| 252|0x00000000efc00000, 0x00000000efd00000, 0x00000000efd00000|100%| E|CS|TAMS 0x00000000efc00000| PB 0x00000000efc00000| Complete 
| 253|0x00000000efd00000, 0x00000000efe00000, 0x00000000efe00000|100%| E|CS|TAMS 0x00000000efd00000| PB 0x00000000efd00000| Complete 
| 254|0x00000000efe00000, 0x00000000eff00000, 0x00000000eff00000|100%| E|CS|TAMS 0x00000000efe00000| PB 0x00000000efe00000| Complete 
| 255|0x00000000eff00000, 0x00000000f0000000, 0x00000000f0000000|100%| E|CS|TAMS 0x00000000eff00000| PB 0x00000000eff00000| Complete 

Card table byte_map: [0x000001d5c8020000,0x000001d5c8120000] _byte_map_base: 0x000001d5c7920000

Marking Bits: (CMBitMap*) 0x000001d5b5a1de30
 Bits: [0x000001d5c8120000, 0x000001d5c8920000)

Polling page: 0x000001d5b3930000

Metaspace:

Usage:
  Non-class:     44.49 MB used.
      Class:      8.01 MB used.
       Both:     52.50 MB used.

Virtual space:
  Non-class space:       64.00 MB reserved,      45.56 MB ( 71%) committed,  1 nodes.
      Class space:      320.00 MB reserved,       9.06 MB (  3%) committed,  1 nodes.
             Both:      384.00 MB reserved,      54.62 MB ( 14%) committed. 

Chunk freelists:
   Non-Class:  1.52 MB
       Class:  6.86 MB
        Both:  8.38 MB

MaxMetaspaceSize: 384.00 MB
CompressedClassSpaceSize: 320.00 MB
Initial GC threshold: 21.00 MB
Current GC threshold: 59.94 MB
CDS: on
 - commit_granule_bytes: 65536.
 - commit_granule_words: 8192.
 - virtual_space_node_default_size: 8388608.
 - enlarge_chunks_in_place: 1.
 - use_allocation_guard: 0.


Internal statistics:

num_allocs_failed_limit: 12.
num_arena_births: 3904.
num_arena_deaths: 0.
num_vsnodes_births: 2.
num_vsnodes_deaths: 0.
num_space_committed: 874.
num_space_uncommitted: 0.
num_chunks_returned_to_freelist: 12.
num_chunks_taken_from_freelist: 6676.
num_chunk_merges: 6.
num_chunk_splits: 4285.
num_chunks_enlarged: 2540.
num_inconsistent_stats: 0.

CodeHeap 'non-profiled nmethods': size=120000Kb used=4129Kb max_used=4129Kb free=115870Kb
 bounds [0x000001d5c06c0000, 0x000001d5c0ad0000, 0x000001d5c7bf0000]
CodeHeap 'profiled nmethods': size=120000Kb used=13885Kb max_used=13885Kb free=106114Kb
 bounds [0x000001d5b8bf0000, 0x000001d5b9980000, 0x000001d5c0120000]
CodeHeap 'non-nmethods': size=5760Kb used=2083Kb max_used=2119Kb free=3676Kb
 bounds [0x000001d5c0120000, 0x000001d5c0390000, 0x000001d5c06c0000]
CodeCache: size=245760Kb, used=20097Kb, max_used=20133Kb, free=225660Kb
 total_blobs=7885, nmethods=7118, adapters=671, full_count=0
Compilation: enabled, stopped_count=0, restarted_count=0

Compilation events (20 events):
Event: 424.733 Thread 0x000001d5cb3c2ec0 nmethod 7558 0x000001d5c0ac7290 code [0x000001d5c0ac7420, 0x000001d5c0ac74d0]
Event: 424.741 Thread 0x000001d5cb3c53a0 7559       3       java.lang.Class::forName (10 bytes)
Event: 424.742 Thread 0x000001d5cb3c53a0 nmethod 7559 0x000001d5b9972690 code [0x000001d5b9972840, 0x000001d5b9972998]
Event: 424.742 Thread 0x000001d5cb3c53a0 7560       3       java.lang.Class::forName (23 bytes)
Event: 424.742 Thread 0x000001d5cb3c53a0 nmethod 7560 0x000001d5b9972a90 code [0x000001d5b9972c60, 0x000001d5b9972ed0]
Event: 424.742 Thread 0x000001d5cb3c53a0 7561       3       java.lang.ClassLoader::getClassLoader (11 bytes)
Event: 424.742 Thread 0x000001d5cb3c53a0 nmethod 7561 0x000001d5b9973010 code [0x000001d5b99731c0, 0x000001d5b9973330]
Event: 424.743 Thread 0x000001d5cb3c2ec0 7562       4       sun.reflect.generics.reflectiveObjects.ParameterizedTypeImpl::getActualTypeArguments (11 bytes)
Event: 424.744 Thread 0x000001d5cb3c2ec0 nmethod 7562 0x000001d5c0ac7590 code [0x000001d5c0ac7720, 0x000001d5c0ac7938]
Event: 424.744 Thread 0x000001d5cb3c2ec0 7563       4       com.sun.beans.TypeResolver::resolve (37 bytes)
Event: 424.747 Thread 0x000001d5cb3c53a0 7565       3       sun.reflect.misc.ReflectUtil::checkPackageAccess (77 bytes)
Event: 424.748 Thread 0x000001d5cb3c53a0 nmethod 7565 0x000001d5b9973410 code [0x000001d5b99735c0, 0x000001d5b9973790]
Event: 424.760 Thread 0x000001d5cb3c53a0 7568   !   3       com.sun.beans.introspect.ClassInfo::getMethods (50 bytes)
Event: 424.760 Thread 0x000001d5cb3c53a0 nmethod 7568 0x000001d5b9973890 code [0x000001d5b9973a40, 0x000001d5b9973d58]
Event: 424.760 Thread 0x000001d5cb3c53a0 7569       3       java.util.stream.Nodes::builder (30 bytes)
Event: 424.760 Thread 0x000001d5cb3c53a0 nmethod 7569 0x000001d5b9973e90 code [0x000001d5b9974080, 0x000001d5b9974678]
Event: 424.764 Thread 0x000001d5cb3c53a0 7570       3       java.util.HashMap$HashIterator::<init> (79 bytes)
Event: 424.764 Thread 0x000001d5cb3c53a0 nmethod 7570 0x000001d5b9974890 code [0x000001d5b9974a60, 0x000001d5b9974e58]
Event: 424.772 Thread 0x000001d5cb3c53a0 7571   !   3       java.util.zip.ZipFile$Source::get (177 bytes)
Event: 424.774 Thread 0x000001d5cb3c53a0 nmethod 7571 0x000001d5b9974f90 code [0x000001d5b9975280, 0x000001d5b99763f0]

GC Heap History (20 events):
Event: 41.428 GC heap before
{Heap before GC invocations=1 (full 0):
 garbage-first heap   total 262144K, used 40789K [0x00000000e0000000, 0x0000000100000000)
  region size 1024K, 31 young (31744K), 3 survivors (3072K)
 Metaspace       used 4680K, committed 4864K, reserved 393216K
  class space    used 595K, committed 704K, reserved 327680K
}
Event: 41.431 GC heap after
{Heap after GC invocations=2 (full 0):
 garbage-first heap   total 262144K, used 14772K [0x00000000e0000000, 0x0000000100000000)
  region size 1024K, 3 young (3072K), 3 survivors (3072K)
 Metaspace       used 4680K, committed 4864K, reserved 393216K
  class space    used 595K, committed 704K, reserved 327680K
}
Event: 96.854 GC heap before
{Heap before GC invocations=2 (full 0):
 garbage-first heap   total 262144K, used 98740K [0x00000000e0000000, 0x0000000100000000)
  region size 1024K, 85 young (87040K), 3 survivors (3072K)
 Metaspace       used 17449K, committed 17984K, reserved 393216K
  class space    used 2415K, committed 2688K, reserved 327680K
}
Event: 96.986 GC heap after
{Heap after GC invocations=3 (full 0):
 garbage-first heap   total 262144K, used 22986K [0x00000000e0000000, 0x0000000100000000)
  region size 1024K, 11 young (11264K), 11 survivors (11264K)
 Metaspace       used 17449K, committed 17984K, reserved 393216K
  class space    used 2415K, committed 2688K, reserved 327680K
}
Event: 105.011 GC heap before
{Heap before GC invocations=3 (full 0):
 garbage-first heap   total 262144K, used 49610K [0x00000000e0000000, 0x0000000100000000)
  region size 1024K, 38 young (38912K), 11 survivors (11264K)
 Metaspace       used 20852K, committed 21504K, reserved 393216K
  class space    used 2982K, committed 3328K, reserved 327680K
}
Event: 105.020 GC heap after
{Heap after GC invocations=4 (full 0):
 garbage-first heap   total 262144K, used 25028K [0x00000000e0000000, 0x0000000100000000)
  region size 1024K, 3 young (3072K), 3 survivors (3072K)
 Metaspace       used 20852K, committed 21504K, reserved 393216K
  class space    used 2982K, committed 3328K, reserved 327680K
}
Event: 160.501 GC heap before
{Heap before GC invocations=5 (full 0):
 garbage-first heap   total 262144K, used 128452K [0x00000000e0000000, 0x0000000100000000)
  region size 1024K, 106 young (108544K), 3 survivors (3072K)
 Metaspace       used 34729K, committed 36096K, reserved 393216K
  class space    used 5123K, committed 5824K, reserved 327680K
}
Event: 160.513 GC heap after
{Heap after GC invocations=6 (full 0):
 garbage-first heap   total 262144K, used 30983K [0x00000000e0000000, 0x0000000100000000)
  region size 1024K, 9 young (9216K), 9 survivors (9216K)
 Metaspace       used 34729K, committed 36096K, reserved 393216K
  class space    used 5123K, committed 5824K, reserved 327680K
}
Event: 160.840 GC heap before
{Heap before GC invocations=6 (full 0):
 garbage-first heap   total 262144K, used 32007K [0x00000000e0000000, 0x0000000100000000)
  region size 1024K, 11 young (11264K), 9 survivors (9216K)
 Metaspace       used 35044K, committed 36416K, reserved 393216K
  class space    used 5161K, committed 5824K, reserved 327680K
}
Event: 160.849 GC heap after
{Heap after GC invocations=7 (full 0):
 garbage-first heap   total 262144K, used 31116K [0x00000000e0000000, 0x0000000100000000)
  region size 1024K, 9 young (9216K), 9 survivors (9216K)
 Metaspace       used 35044K, committed 36416K, reserved 393216K
  class space    used 5161K, committed 5824K, reserved 327680K
}
Event: 162.067 GC heap before
{Heap before GC invocations=7 (full 0):
 garbage-first heap   total 262144K, used 34188K [0x00000000e0000000, 0x0000000100000000)
  region size 1024K, 13 young (13312K), 9 survivors (9216K)
 Metaspace       used 35381K, committed 36736K, reserved 393216K
  class space    used 5208K, committed 5888K, reserved 327680K
}
Event: 162.072 GC heap after
{Heap after GC invocations=8 (full 0):
 garbage-first heap   total 262144K, used 31345K [0x00000000e0000000, 0x0000000100000000)
  region size 1024K, 9 young (9216K), 9 survivors (9216K)
 Metaspace       used 35381K, committed 36736K, reserved 393216K
  class space    used 5208K, committed 5888K, reserved 327680K
}
Event: 267.174 GC heap before
{Heap before GC invocations=9 (full 0):
 garbage-first heap   total 262144K, used 178801K [0x00000000e0000000, 0x0000000100000000)
  region size 1024K, 153 young (156672K), 9 survivors (9216K)
 Metaspace       used 49193K, committed 51200K, reserved 393216K
  class space    used 7425K, committed 8384K, reserved 327680K
}
Event: 268.401 GC heap after
{Heap after GC invocations=10 (full 0):
 garbage-first heap   total 262144K, used 39696K [0x00000000e0000000, 0x0000000100000000)
  region size 1024K, 17 young (17408K), 17 survivors (17408K)
 Metaspace       used 49193K, committed 51200K, reserved 393216K
  class space    used 7425K, committed 8384K, reserved 327680K
}
Event: 268.483 GC heap before
{Heap before GC invocations=10 (full 0):
 garbage-first heap   total 262144K, used 40720K [0x00000000e0000000, 0x0000000100000000)
  region size 1024K, 18 young (18432K), 17 survivors (17408K)
 Metaspace       used 49225K, committed 51200K, reserved 393216K
  class space    used 7431K, committed 8384K, reserved 327680K
}
Event: 268.543 GC heap after
{Heap after GC invocations=11 (full 0):
 garbage-first heap   total 262144K, used 41683K [0x00000000e0000000, 0x0000000100000000)
  region size 1024K, 3 young (3072K), 3 survivors (3072K)
 Metaspace       used 49225K, committed 51200K, reserved 393216K
  class space    used 7431K, committed 8384K, reserved 327680K
}
Event: 270.584 GC heap before
{Heap before GC invocations=11 (full 0):
 garbage-first heap   total 262144K, used 50899K [0x00000000e0000000, 0x0000000100000000)
  region size 1024K, 12 young (12288K), 3 survivors (3072K)
 Metaspace       used 50090K, committed 52096K, reserved 393216K
  class space    used 7587K, committed 8576K, reserved 327680K
}
Event: 270.586 GC heap after
{Heap after GC invocations=12 (full 0):
 garbage-first heap   total 262144K, used 39726K [0x00000000e0000000, 0x0000000100000000)
  region size 1024K, 1 young (1024K), 1 survivors (1024K)
 Metaspace       used 50090K, committed 52096K, reserved 393216K
  class space    used 7587K, committed 8576K, reserved 327680K
}
Event: 420.527 GC heap before
{Heap before GC invocations=12 (full 0):
 garbage-first heap   total 262144K, used 80686K [0x00000000e0000000, 0x0000000100000000)
  region size 1024K, 41 young (41984K), 1 survivors (1024K)
 Metaspace       used 51776K, committed 53888K, reserved 393216K
  class space    used 7850K, committed 8896K, reserved 327680K
}
Event: 420.545 GC heap after
{Heap after GC invocations=13 (full 0):
 garbage-first heap   total 262144K, used 44062K [0x00000000e0000000, 0x0000000100000000)
  region size 1024K, 5 young (5120K), 5 survivors (5120K)
 Metaspace       used 51776K, committed 53888K, reserved 393216K
  class space    used 7850K, committed 8896K, reserved 327680K
}

Dll operation events (20 events):
Event: 3.148 Attempting to load shared library C:\Users\user\.vscode\extensions\redhat.java-1.56.0-win32-x64\jre\21.0.12.1-win32-x86_64\bin\nio.dll
Event: 3.180 Loaded shared library C:\Users\user\.vscode\extensions\redhat.java-1.56.0-win32-x64\jre\21.0.12.1-win32-x86_64\bin\nio.dll
Event: 3.211 Attempting to load shared library C:\Users\user\.vscode\extensions\redhat.java-1.56.0-win32-x64\jre\21.0.12.1-win32-x86_64\bin\zip.dll
Event: 3.211 Loaded shared library C:\Users\user\.vscode\extensions\redhat.java-1.56.0-win32-x64\jre\21.0.12.1-win32-x86_64\bin\zip.dll
Event: 7.016 Attempting to load shared library C:\Users\user\.vscode\extensions\redhat.java-1.56.0-win32-x64\jre\21.0.12.1-win32-x86_64\bin\jimage.dll
Event: 7.016 Loaded shared library C:\Users\user\.vscode\extensions\redhat.java-1.56.0-win32-x64\jre\21.0.12.1-win32-x86_64\bin\jimage.dll
Event: 13.414 Attempting to load shared library C:\Users\user\.vscode\extensions\redhat.java-1.56.0-win32-x64\jre\21.0.12.1-win32-x86_64\bin\verify.dll
Event: 13.465 Loaded shared library C:\Users\user\.vscode\extensions\redhat.java-1.56.0-win32-x64\jre\21.0.12.1-win32-x86_64\bin\verify.dll
Event: 14.568 Attempting to load shared library C:\Users\user\.gradle\native\660c5614fbf4a5f2a75b1949f50a0caf5cd603558e7d8a26e50b933a0cfb79d1\windows-amd64\native-platform.dll
Event: 14.578 Loaded shared library C:\Users\user\.gradle\native\660c5614fbf4a5f2a75b1949f50a0caf5cd603558e7d8a26e50b933a0cfb79d1\windows-amd64\native-platform.dll
Event: 14.670 Attempting to load shared library C:\Users\user\.gradle\native\0.2.8\x86_64-windows-gnu\gradle-fileevents.dll
Event: 14.683 Loaded shared library C:\Users\user\.gradle\native\0.2.8\x86_64-windows-gnu\gradle-fileevents.dll
Event: 56.215 Attempting to load shared library C:\Users\user\.vscode\extensions\redhat.java-1.56.0-win32-x64\jre\21.0.12.1-win32-x86_64\bin\management.dll
Event: 56.296 Loaded shared library C:\Users\user\.vscode\extensions\redhat.java-1.56.0-win32-x64\jre\21.0.12.1-win32-x86_64\bin\management.dll
Event: 56.369 Attempting to load shared library C:\Users\user\.vscode\extensions\redhat.java-1.56.0-win32-x64\jre\21.0.12.1-win32-x86_64\bin\management_ext.dll
Event: 56.441 Loaded shared library C:\Users\user\.vscode\extensions\redhat.java-1.56.0-win32-x64\jre\21.0.12.1-win32-x86_64\bin\management_ext.dll
Event: 70.147 Attempting to load shared library C:\Users\user\.vscode\extensions\redhat.java-1.56.0-win32-x64\jre\21.0.12.1-win32-x86_64\bin\extnet.dll
Event: 70.214 Loaded shared library C:\Users\user\.vscode\extensions\redhat.java-1.56.0-win32-x64\jre\21.0.12.1-win32-x86_64\bin\extnet.dll
Event: 75.984 Attempting to load shared library C:\Users\user\.vscode\extensions\redhat.java-1.56.0-win32-x64\jre\21.0.12.1-win32-x86_64\bin\sunmscapi.dll
Event: 76.041 Loaded shared library C:\Users\user\.vscode\extensions\redhat.java-1.56.0-win32-x64\jre\21.0.12.1-win32-x86_64\bin\sunmscapi.dll

Deoptimization events (20 events):
Event: 423.148 Thread 0x000001d5e6423330 Uncommon trap: trap_request=0xffffffc6 fr.pc=0x000001d5c09aef2c relative=0x00000000000000ec
Event: 423.148 Thread 0x000001d5e6423330 Uncommon trap: reason=bimorphic_or_optimized_type_check action=maybe_recompile pc=0x000001d5c09aef2c method=com.google.common.collect.AbstractIndexedListIterator.next()Ljava/lang/Object; @ 27 c2
Event: 423.148 Thread 0x000001d5e6423330 DEOPT PACKING pc=0x000001d5c09aef2c sp=0x00000026fbdfa460
Event: 423.148 Thread 0x000001d5e6423330 DEOPT UNPACKING pc=0x000001d5c0177ba2 sp=0x00000026fbdfa3f8 mode 2
Event: 423.148 Thread 0x000001d5e6423330 Uncommon trap: trap_request=0xffffffc6 fr.pc=0x000001d5c09aef2c relative=0x00000000000000ec
Event: 423.148 Thread 0x000001d5e6423330 Uncommon trap: reason=bimorphic_or_optimized_type_check action=maybe_recompile pc=0x000001d5c09aef2c method=com.google.common.collect.AbstractIndexedListIterator.next()Ljava/lang/Object; @ 27 c2
Event: 423.148 Thread 0x000001d5e6423330 DEOPT PACKING pc=0x000001d5c09aef2c sp=0x00000026fbdfa460
Event: 423.148 Thread 0x000001d5e6423330 DEOPT UNPACKING pc=0x000001d5c0177ba2 sp=0x00000026fbdfa3f8 mode 2
Event: 423.721 Thread 0x000001d5e764b2c0 Uncommon trap: trap_request=0xffffff45 fr.pc=0x000001d5c095d074 relative=0x0000000000000574
Event: 423.721 Thread 0x000001d5e764b2c0 Uncommon trap: reason=unstable_if action=reinterpret pc=0x000001d5c095d074 method=java.util.HashMap$HashIterator.<init>(Ljava/util/HashMap;)V @ 45 c2
Event: 423.721 Thread 0x000001d5e764b2c0 DEOPT PACKING pc=0x000001d5c095d074 sp=0x00000026fe5fed10
Event: 423.721 Thread 0x000001d5e764b2c0 DEOPT UNPACKING pc=0x000001d5c0177ba2 sp=0x00000026fe5feba0 mode 2
Event: 423.726 Thread 0x000001d5e764ac30 Uncommon trap: trap_request=0xffffff45 fr.pc=0x000001d5c086453c relative=0x000000000000037c
Event: 423.726 Thread 0x000001d5e764ac30 Uncommon trap: reason=unstable_if action=reinterpret pc=0x000001d5c086453c method=java.util.HashMap$HashIterator.<init>(Ljava/util/HashMap;)V @ 45 c2
Event: 423.726 Thread 0x000001d5e764ac30 DEOPT PACKING pc=0x000001d5c086453c sp=0x00000026fe2febe0
Event: 423.726 Thread 0x000001d5e764ac30 DEOPT UNPACKING pc=0x000001d5c0177ba2 sp=0x00000026fe2feb98 mode 2
Event: 423.753 Thread 0x000001d5e7649f10 Uncommon trap: trap_request=0xffffffc6 fr.pc=0x000001d5c0993224 relative=0x00000000000005a4
Event: 423.753 Thread 0x000001d5e7649f10 Uncommon trap: reason=bimorphic_or_optimized_type_check action=maybe_recompile pc=0x000001d5c0993224 method=java.util.Collections$SetFromMap.remove(Ljava/lang/Object;)Z @ 5 c2
Event: 423.753 Thread 0x000001d5e7649f10 DEOPT PACKING pc=0x000001d5c0993224 sp=0x00000026fe1fee50
Event: 423.753 Thread 0x000001d5e7649f10 DEOPT UNPACKING pc=0x000001d5c0177ba2 sp=0x00000026fe1fee48 mode 2

Classes loaded (20 events):
Event: 420.100 Loading class java/util/AbstractCollectionBeanInfo
Event: 420.100 Loading class java/util/AbstractCollectionBeanInfo done
Event: 420.100 Loading class java/util/AbstractCollectionBeanInfo
Event: 420.100 Loading class java/util/AbstractCollectionBeanInfo done
Event: 420.100 Loading class java/util/AbstractCollectionCustomizer
Event: 420.100 Loading class java/util/AbstractCollectionCustomizer done
Event: 420.101 Loading class java/util/AbstractCollectionCustomizer
Event: 420.101 Loading class java/util/AbstractCollectionCustomizer done
Event: 420.551 Loading class sun/reflect/generics/tree/LongSignature
Event: 420.551 Loading class sun/reflect/generics/tree/LongSignature done
Event: 421.167 Loading class java/util/TreeMap$ValueSpliterator
Event: 421.168 Loading class java/util/TreeMap$ValueSpliterator done
Event: 421.432 Loading class java/util/AbstractList$RandomAccessSubList
Event: 421.432 Loading class java/util/AbstractList$SubList
Event: 421.433 Loading class java/util/AbstractList$SubList done
Event: 421.433 Loading class java/util/AbstractList$RandomAccessSubList done
Event: 421.434 Loading class java/util/AbstractList$SubList$1
Event: 421.434 Loading class java/util/AbstractList$SubList$1 done
Event: 421.434 Loading class java/util/AbstractList$ListItr
Event: 421.434 Loading class java/util/AbstractList$ListItr done

Classes unloaded (0 events):
No events

Classes redefined (0 events):
No events

Internal exceptions (20 events):
Event: 421.357 Thread 0x000001d5e6423330 Exception <a 'java/lang/ClassNotFoundException'{0x00000000ef623ad0}: org/gradle/api/tasks/JavaExecCustomizer> (0x00000000ef623ad0) 
thrown [s\src\hotspot\share\classfile\systemDictionary.cpp, line 313]
Event: 421.367 Thread 0x000001d5e6423330 Exception <a 'java/lang/ClassNotFoundException'{0x00000000ef68a778}: org/springframework/boot/gradle/tasks/run/BootRunCustomizer> (0x00000000ef68a778) 
thrown [s\src\hotspot\share\classfile\systemDictionary.cpp, line 313]
Event: 421.369 Thread 0x000001d5e6423330 Exception <a 'java/lang/ClassNotFoundException'{0x00000000ef6b1470}: org/springframework/boot/gradle/tasks/run/BootRun_DecoratedCustomizer> (0x00000000ef6b1470) 
thrown [s\src\hotspot\share\classfile\systemDictionary.cpp, line 313]
Event: 421.431 Thread 0x000001d5e6423330 Exception <a 'java/lang/NoSuchMethodError'{0x00000000ef56aca0}: 'void java.lang.invoke.DirectMethodHandle$Holder.invokeInterface(java.lang.Object, java.lang.Object, java.lang.Object, java.lang.Object)'> (0x00000000ef56aca0) 
thrown [s\src\hotspot\share\interpreter\linkResolver.cpp, line 773]
Event: 421.456 Thread 0x000001d5e6423330 Exception <a 'java/lang/ClassNotFoundException'{0x00000000ef59fea8}: groovy/lang/ReferenceBeanInfo> (0x00000000ef59fea8) 
thrown [s\src\hotspot\share\classfile\systemDictionary.cpp, line 313]
Event: 421.456 Thread 0x000001d5e6423330 Exception <a 'java/lang/ClassNotFoundException'{0x00000000ef5ab160}: groovy/lang/ReferenceCustomizer> (0x00000000ef5ab160) 
thrown [s\src\hotspot\share\classfile\systemDictionary.cpp, line 313]
Event: 421.460 Thread 0x000001d5e6423330 Exception <a 'java/lang/NoSuchMethodError'{0x00000000ef5c4190}: 'int java.lang.invoke.Invokers$Holder.linkToCallSite(java.lang.Object, java.lang.Object)'> (0x00000000ef5c4190) 
thrown [s\src\hotspot\share\interpreter\linkResolver.cpp, line 773]
Event: 421.462 Thread 0x000001d5e6423330 Exception <a 'java/lang/ClassNotFoundException'{0x00000000ef5ddb68}: org/codehaus/groovy/runtime/NullObjectBeanInfo> (0x00000000ef5ddb68) 
thrown [s\src\hotspot\share\classfile\systemDictionary.cpp, line 313]
Event: 421.463 Thread 0x000001d5e6423330 Exception <a 'java/lang/ClassNotFoundException'{0x00000000ef5e9260}: org/codehaus/groovy/runtime/NullObjectCustomizer> (0x00000000ef5e9260) 
thrown [s\src\hotspot\share\classfile\systemDictionary.cpp, line 313]
Event: 422.503 Thread 0x000001d5e6423330 Exception <a 'java/lang/ClassNotFoundException'{0x00000000ef3afdf8}: org/gradle/api/DefaultTask_DecoratedBeanInfo> (0x00000000ef3afdf8) 
thrown [s\src\hotspot\share\classfile\systemDictionary.cpp, line 313]
Event: 422.508 Thread 0x000001d5e6423330 Exception <a 'java/lang/ClassNotFoundException'{0x00000000ef3bb358}: org/gradle/api/DefaultTask_DecoratedCustomizer> (0x00000000ef3bb358) 
thrown [s\src\hotspot\share\classfile\systemDictionary.cpp, line 313]
Event: 423.260 Thread 0x000001d5e6423330 Exception <a 'java/lang/NoSuchMethodError'{0x00000000ef10f140}: 'int java.lang.invoke.DirectMethodHandle$Holder.invokeSpecial(java.lang.Object, java.lang.Object, int, java.lang.Object)'> (0x00000000ef10f140) 
thrown [s\src\hotspot\share\interpreter\linkResolver.cpp, line 773]
Event: 423.693 Thread 0x000001d5e76491f0 Exception <a 'java/lang/NoSuchMethodError'{0x00000000eef40778}: 'java.lang.Object java.lang.invoke.DirectMethodHandle$Holder.newInvokeSpecial(java.lang.Object, java.lang.Object, int, java.lang.Object, java.lang.Object)'> (0x00000000eef40778) 
thrown [s\src\hotspot\share\interpreter\linkResolver.cpp, line 773]
Event: 423.694 Thread 0x000001d5e76491f0 Exception <a 'java/lang/NoSuchMethodError'{0x00000000eef44130}: 'java.lang.Object java.lang.invoke.Invokers$Holder.linkToTargetMethod(java.lang.Object, int, java.lang.Object, java.lang.Object, java.lang.Object)'> (0x00000000eef44130) 
thrown [s\src\hotspot\share\interpreter\linkResolver.cpp, line 773]
Event: 424.710 Thread 0x000001d5e7649f10 Exception <a 'java/lang/ClassNotFoundException'{0x00000000eea29c18}: org/gradle/api/internal/plugins/DefaultPluginContainerBeanInfo> (0x00000000eea29c18) 
thrown [s\src\hotspot\share\classfile\systemDictionary.cpp, line 313]
Event: 424.716 Thread 0x000001d5e7649f10 Exception <a 'java/lang/ClassNotFoundException'{0x00000000eea450d0}: org/gradle/api/internal/plugins/DefaultPluginCollectionBeanInfo> (0x00000000eea450d0) 
thrown [s\src\hotspot\share\classfile\systemDictionary.cpp, line 313]
Event: 424.724 Thread 0x000001d5e7649f10 Exception <a 'java/lang/ClassNotFoundException'{0x00000000eea55e28}: org/gradle/api/internal/DefaultDomainObjectSetBeanInfo> (0x00000000eea55e28) 
thrown [s\src\hotspot\share\classfile\systemDictionary.cpp, line 313]
Event: 424.731 Thread 0x000001d5e7649f10 Exception <a 'java/lang/ClassNotFoundException'{0x00000000eea66068}: org/gradle/api/internal/DefaultDomainObjectSetCustomizer> (0x00000000eea66068) 
thrown [s\src\hotspot\share\classfile\systemDictionary.cpp, line 313]
Event: 424.742 Thread 0x000001d5e7649f10 Exception <a 'java/lang/ClassNotFoundException'{0x00000000eeabf990}: org/gradle/api/internal/plugins/DefaultPluginCollectionCustomizer> (0x00000000eeabf990) 
thrown [s\src\hotspot\share\classfile\systemDictionary.cpp, line 313]
Event: 424.753 Thread 0x000001d5e7649f10 Exception <a 'java/lang/ClassNotFoundException'{0x00000000ee945fb8}: org/gradle/api/internal/plugins/DefaultPluginContainerCustomizer> (0x00000000ee945fb8) 
thrown [s\src\hotspot\share\classfile\systemDictionary.cpp, line 313]

ZGC Phase Switch (0 events):
No events

VM Operations (20 events):
Event: 414.740 Executing safepoint VM operation: Cleanup
Event: 415.114 Executing safepoint VM operation: Cleanup done
Event: 416.129 Executing safepoint VM operation: Cleanup
Event: 416.176 Executing safepoint VM operation: Cleanup done
Event: 419.201 Executing safepoint VM operation: Cleanup
Event: 419.342 Executing safepoint VM operation: Cleanup done
Event: 420.356 Executing safepoint VM operation: Cleanup
Event: 420.372 Executing safepoint VM operation: Cleanup done
Event: 420.527 Executing safepoint VM operation: G1CollectForAllocation (G1 Evacuation Pause)
Event: 420.545 Executing safepoint VM operation: G1CollectForAllocation (G1 Evacuation Pause) done
Event: 421.142 Executing non-safepoint VM operation: HandshakeAllThreads (Deoptimize)
Event: 421.142 Executing non-safepoint VM operation: HandshakeAllThreads (Deoptimize) done
Event: 421.435 Executing non-safepoint VM operation: HandshakeAllThreads (Deoptimize)
Event: 421.435 Executing non-safepoint VM operation: HandshakeAllThreads (Deoptimize) done
Event: 422.450 Executing safepoint VM operation: Cleanup
Event: 422.450 Executing safepoint VM operation: Cleanup done
Event: 423.459 Executing safepoint VM operation: Cleanup
Event: 423.505 Executing safepoint VM operation: Cleanup done
Event: 424.518 Executing safepoint VM operation: Cleanup
Event: 424.518 Executing safepoint VM operation: Cleanup done

Memory protections (0 events):
No events

Nmethod flushes (20 events):
Event: 162.098 Thread 0x000001d5cb3887d0 flushing  nmethod 0x000001d5b8cd7490
Event: 162.098 Thread 0x000001d5cb3887d0 flushing  nmethod 0x000001d5b8cdbd90
Event: 162.098 Thread 0x000001d5cb3887d0 flushing  nmethod 0x000001d5b8ce5390
Event: 162.098 Thread 0x000001d5cb3887d0 flushing  nmethod 0x000001d5b8cefe90
Event: 162.098 Thread 0x000001d5cb3887d0 flushing  nmethod 0x000001d5b8cf0890
Event: 162.099 Thread 0x000001d5cb3887d0 flushing  nmethod 0x000001d5b8d68390
Event: 162.099 Thread 0x000001d5cb3887d0 flushing  nmethod 0x000001d5b8d6e090
Event: 162.099 Thread 0x000001d5cb3887d0 flushing  nmethod 0x000001d5b8dc3a90
Event: 162.099 Thread 0x000001d5cb3887d0 flushing  nmethod 0x000001d5b8dc3f90
Event: 162.099 Thread 0x000001d5cb3887d0 flushing  nmethod 0x000001d5b8e0e690
Event: 162.099 Thread 0x000001d5cb3887d0 flushing  nmethod 0x000001d5b8f25090
Event: 162.099 Thread 0x000001d5cb3887d0 flushing  nmethod 0x000001d5b8f63390
Event: 162.099 Thread 0x000001d5cb3887d0 flushing  nmethod 0x000001d5b8f64f10
Event: 162.099 Thread 0x000001d5cb3887d0 flushing  nmethod 0x000001d5b8f68e90
Event: 162.099 Thread 0x000001d5cb3887d0 flushing  nmethod 0x000001d5b8f6a890
Event: 162.099 Thread 0x000001d5cb3887d0 flushing  nmethod 0x000001d5b8fabe10
Event: 162.099 Thread 0x000001d5cb3887d0 flushing  nmethod 0x000001d5b90eff90
Event: 162.099 Thread 0x000001d5cb3887d0 flushing  nmethod 0x000001d5b90f1010
Event: 162.099 Thread 0x000001d5cb3887d0 flushing  nmethod 0x000001d5b9141010
Event: 162.099 Thread 0x000001d5cb3887d0 flushing  nmethod 0x000001d5b9142710

Events (20 events):
Event: 238.991 Thread 0x000001d5e6423330 Thread added: 0x000001d5e7647120
Event: 239.022 Thread 0x000001d5e6423330 Thread added: 0x000001d5e7645050
Event: 241.161 Thread 0x000001d5e6423330 Thread added: 0x000001d5e76477b0
Event: 252.583 Thread 0x000001d5cb3c53a0 Thread added: 0x000001d5e9793930
Event: 253.157 Thread 0x000001d5e9793930 Thread exited: 0x000001d5e9793930
Event: 266.437 Thread 0x000001d5e6423330 Thread added: 0x000001d5e7647e40
Event: 274.248 Thread 0x000001d5cb3c2ec0 Thread added: 0x000001d5e7f14850
Event: 282.090 Thread 0x000001d5e7f14850 Thread exited: 0x000001d5e7f14850
Event: 373.287 Thread 0x000001d5e6424d70 Thread exited: 0x000001d5e6424d70
Event: 414.271 Thread 0x000001d5e64267b0 Thread added: 0x000001d5e7645d70
Event: 414.289 Thread 0x000001d5e6423330 Thread added: 0x000001d5e7648b60
Event: 423.643 Thread 0x000001d5e6423330 Thread added: 0x000001d5e76491f0
Event: 423.703 Thread 0x000001d5e76491f0 Thread added: 0x000001d5e7649880
Event: 423.708 Thread 0x000001d5e76491f0 Thread added: 0x000001d5e7646400
Event: 423.709 Thread 0x000001d5e76491f0 Thread added: 0x000001d5e7649f10
Event: 423.711 Thread 0x000001d5e76491f0 Thread added: 0x000001d5e764ac30
Event: 423.712 Thread 0x000001d5e76491f0 Thread added: 0x000001d5e764bfe0
Event: 423.712 Thread 0x000001d5e76491f0 Thread added: 0x000001d5e764a5a0
Event: 423.713 Thread 0x000001d5e76491f0 Thread added: 0x000001d5e764b2c0
Event: 423.796 Thread 0x000001d5e7649f10 Thread added: 0x000001d5e764c670


Dynamic libraries:
0x00007ff784e70000 - 0x00007ff784e7e000 	C:\Users\user\.vscode\extensions\redhat.java-1.56.0-win32-x64\jre\21.0.12.1-win32-x86_64\bin\java.exe
0x00007ffec1060000 - 0x00007ffec12c7000 	C:\WINDOWS\SYSTEM32\ntdll.dll
0x00007ffec07a0000 - 0x00007ffec086b000 	C:\WINDOWS\System32\KERNEL32.DLL
0x00007ffebe6a0000 - 0x00007ffebeaa2000 	C:\WINDOWS\System32\KERNELBASE.dll
0x00007ffebe540000 - 0x00007ffebe68c000 	C:\WINDOWS\System32\ucrtbase.dll
0x00007ffeadf10000 - 0x00007ffeadf2e000 	C:\Users\user\.vscode\extensions\redhat.java-1.56.0-win32-x64\jre\21.0.12.1-win32-x86_64\bin\VCRUNTIME140.dll
0x00007ffeadf30000 - 0x00007ffeadf48000 	C:\Users\user\.vscode\extensions\redhat.java-1.56.0-win32-x64\jre\21.0.12.1-win32-x86_64\bin\jli.dll
0x00007ffec0d00000 - 0x00007ffec0ecf000 	C:\WINDOWS\System32\USER32.dll
0x00007ffebed50000 - 0x00007ffebed77000 	C:\WINDOWS\System32\win32u.dll
0x00007ffebf580000 - 0x00007ffebf5ab000 	C:\WINDOWS\System32\GDI32.dll
0x00007ffebeab0000 - 0x00007ffebebd9000 	C:\WINDOWS\System32\gdi32full.dll
0x00007ffebeca0000 - 0x00007ffebed43000 	C:\WINDOWS\System32\msvcp_win.dll
0x00007ffea8470000 - 0x00007ffea8700000 	C:\WINDOWS\WinSxS\amd64_microsoft.windows.common-controls_6595b64144ccf1df_6.0.26100.9278_none_3e0d1ba8e3303201\COMCTL32.dll
0x00007ffec0100000 - 0x00007ffec01a9000 	C:\WINDOWS\System32\msvcrt.dll
0x00007ffebf230000 - 0x00007ffebf261000 	C:\WINDOWS\System32\IMM32.DLL
0x00007ffeb62e0000 - 0x00007ffeb62ec000 	C:\Users\user\.vscode\extensions\redhat.java-1.56.0-win32-x64\jre\21.0.12.1-win32-x86_64\bin\vcruntime140_1.dll
0x00007ffe9b410000 - 0x00007ffe9b49d000 	C:\Users\user\.vscode\extensions\redhat.java-1.56.0-win32-x64\jre\21.0.12.1-win32-x86_64\bin\msvcp140.dll
0x00007ffe0fbd0000 - 0x00007ffe10972000 	C:\Users\user\.vscode\extensions\redhat.java-1.56.0-win32-x64\jre\21.0.12.1-win32-x86_64\bin\server\jvm.dll
0x00007ffebf4a0000 - 0x00007ffebf55c000 	C:\WINDOWS\System32\ADVAPI32.dll
0x00007ffec0ee0000 - 0x00007ffec0f89000 	C:\WINDOWS\System32\sechost.dll
0x00007ffec01b0000 - 0x00007ffec02c8000 	C:\WINDOWS\System32\RPCRT4.dll
0x00007ffec0f90000 - 0x00007ffec1010000 	C:\WINDOWS\System32\WS2_32.dll
0x00007ffebe0c0000 - 0x00007ffebe11e000 	C:\WINDOWS\SYSTEM32\POWRPROF.dll
0x00007ffea8710000 - 0x00007ffea8746000 	C:\WINDOWS\SYSTEM32\WINMM.dll
0x00007ffeabe00000 - 0x00007ffeabe0b000 	C:\WINDOWS\SYSTEM32\VERSION.dll
0x00007ffebe0a0000 - 0x00007ffebe0b5000 	C:\WINDOWS\SYSTEM32\UMPDC.dll
0x00007ffebcf30000 - 0x00007ffebcf4b000 	C:\WINDOWS\SYSTEM32\kernel.appcore.dll
0x00007ffeaf5a0000 - 0x00007ffeaf5aa000 	C:\Users\user\.vscode\extensions\redhat.java-1.56.0-win32-x64\jre\21.0.12.1-win32-x86_64\bin\jimage.dll
0x00007ffebb9a0000 - 0x00007ffebbbec000 	C:\WINDOWS\SYSTEM32\DBGHELP.DLL
0x00007ffebeea0000 - 0x00007ffebf225000 	C:\WINDOWS\System32\combase.dll
0x00007ffebf670000 - 0x00007ffebf749000 	C:\WINDOWS\System32\OLEAUT32.dll
0x00007ffe9af60000 - 0x00007ffe9af9b000 	C:\WINDOWS\SYSTEM32\dbgcore.DLL
0x00007ffebebe0000 - 0x00007ffebec8c000 	C:\WINDOWS\System32\bcryptPrimitives.dll
0x00007ffeadf00000 - 0x00007ffeadf0f000 	C:\Users\user\.vscode\extensions\redhat.java-1.56.0-win32-x64\jre\21.0.12.1-win32-x86_64\bin\instrument.dll
0x00007ffeadee0000 - 0x00007ffeadf00000 	C:\Users\user\.vscode\extensions\redhat.java-1.56.0-win32-x64\jre\21.0.12.1-win32-x86_64\bin\java.dll
0x00007ffebf7a0000 - 0x00007ffebff38000 	C:\WINDOWS\System32\SHELL32.dll
0x00007ffebbc00000 - 0x00007ffebc4ae000 	C:\WINDOWS\SYSTEM32\windows.storage.dll
0x00007ffebf3a0000 - 0x00007ffebf49b000 	C:\WINDOWS\System32\SHCORE.dll
0x00007ffec0c90000 - 0x00007ffec0cf6000 	C:\WINDOWS\System32\shlwapi.dll
0x00007ffebe180000 - 0x00007ffebe1a9000 	C:\WINDOWS\SYSTEM32\profapi.dll
0x00007ffeac440000 - 0x00007ffeac458000 	C:\Users\user\.vscode\extensions\redhat.java-1.56.0-win32-x64\jre\21.0.12.1-win32-x86_64\bin\zip.dll
0x00007ffeac430000 - 0x00007ffeac440000 	C:\Users\user\.vscode\extensions\redhat.java-1.56.0-win32-x64\jre\21.0.12.1-win32-x86_64\bin\net.dll
0x00007ffeae130000 - 0x00007ffeae25a000 	C:\WINDOWS\SYSTEM32\WINHTTP.dll
0x00007ffebd4f0000 - 0x00007ffebd55c000 	C:\WINDOWS\system32\mswsock.dll
0x00007ffe9b520000 - 0x00007ffe9b536000 	C:\Users\user\.vscode\extensions\redhat.java-1.56.0-win32-x64\jre\21.0.12.1-win32-x86_64\bin\nio.dll
0x00007ffea3c40000 - 0x00007ffea3c50000 	C:\Users\user\.vscode\extensions\redhat.java-1.56.0-win32-x64\jre\21.0.12.1-win32-x86_64\bin\verify.dll
0x00007ffeaa170000 - 0x00007ffeaa197000 	C:\Users\user\.gradle\native\660c5614fbf4a5f2a75b1949f50a0caf5cd603558e7d8a26e50b933a0cfb79d1\windows-amd64\native-platform.dll
0x00007ffea2bd0000 - 0x00007ffea2c47000 	C:\Users\user\.gradle\native\0.2.8\x86_64-windows-gnu\gradle-fileevents.dll
0x00007ffea2da0000 - 0x00007ffea2daa000 	C:\Users\user\.vscode\extensions\redhat.java-1.56.0-win32-x64\jre\21.0.12.1-win32-x86_64\bin\management.dll
0x00007ffea2d90000 - 0x00007ffea2d9c000 	C:\Users\user\.vscode\extensions\redhat.java-1.56.0-win32-x64\jre\21.0.12.1-win32-x86_64\bin\management_ext.dll
0x00007ffebf570000 - 0x00007ffebf578000 	C:\WINDOWS\System32\PSAPI.DLL
0x00007ffebc900000 - 0x00007ffebc933000 	C:\WINDOWS\SYSTEM32\IPHLPAPI.DLL
0x00007ffebf270000 - 0x00007ffebf27a000 	C:\WINDOWS\System32\NSI.dll
0x00007ffea0900000 - 0x00007ffea0909000 	C:\Users\user\.vscode\extensions\redhat.java-1.56.0-win32-x64\jre\21.0.12.1-win32-x86_64\bin\extnet.dll
0x00007ffebd7e0000 - 0x00007ffebd7fb000 	C:\WINDOWS\SYSTEM32\CRYPTSP.dll
0x00007ffebce90000 - 0x00007ffebcec9000 	C:\WINDOWS\system32\rsaenh.dll
0x00007ffebd5a0000 - 0x00007ffebd5d4000 	C:\WINDOWS\SYSTEM32\USERENV.dll
0x00007ffebe150000 - 0x00007ffebe17a000 	C:\WINDOWS\SYSTEM32\bcrypt.dll
0x00007ffebd800000 - 0x00007ffebd80c000 	C:\WINDOWS\SYSTEM32\CRYPTBASE.dll
0x00007ffea2330000 - 0x00007ffea233e000 	C:\Users\user\.vscode\extensions\redhat.java-1.56.0-win32-x64\jre\21.0.12.1-win32-x86_64\bin\sunmscapi.dll
0x00007ffebe320000 - 0x00007ffebe49e000 	C:\WINDOWS\System32\CRYPT32.dll
0x00007ffebda20000 - 0x00007ffebda50000 	C:\WINDOWS\SYSTEM32\ncrypt.dll
0x00007ffebd9d0000 - 0x00007ffebda0f000 	C:\WINDOWS\SYSTEM32\NTASN1.dll
0x00007ffeab6e0000 - 0x00007ffeab6e8000 	C:\WINDOWS\system32\wshunix.dll

JVMTI agents:
C:\Users\user\.gradle\wrapper\dists\gradle-9.5.1-bin\iq79hdu3mqx29lgffhp8bfmx\gradle-9.5.1\lib\agents\gradle-instrumentation-agent-9.5.1.jar path:C:\Users\user\.vscode\extensions\redhat.java-1.56.0-win32-x64\jre\21.0.12.1-win32-x86_64\bin\instrument.dll, loaded, initialized, instrumentlib options:none

dbghelp: loaded successfully - version: 4.0.5 - missing functions: none
symbol engine: initialized successfully - sym options: 0x614 - pdb path: .;C:\Users\user\.vscode\extensions\redhat.java-1.56.0-win32-x64\jre\21.0.12.1-win32-x86_64\bin;C:\WINDOWS\SYSTEM32;C:\WINDOWS\WinSxS\amd64_microsoft.windows.common-controls_6595b64144ccf1df_6.0.26100.9278_none_3e0d1ba8e3303201;C:\Users\user\.vscode\extensions\redhat.java-1.56.0-win32-x64\jre\21.0.12.1-win32-x86_64\bin\server;C:\Users\user\.gradle\native\660c5614fbf4a5f2a75b1949f50a0caf5cd603558e7d8a26e50b933a0cfb79d1\windows-amd64;C:\Users\user\.gradle\native\0.2.8\x86_64-windows-gnu

VM Arguments:
jvm_args: --add-opens=java.base/java.lang=ALL-UNNAMED --add-opens=java.base/java.lang.invoke=ALL-UNNAMED --add-opens=java.base/java.util=ALL-UNNAMED --add-opens=java.prefs/java.util.prefs=ALL-UNNAMED --add-exports=jdk.compiler/com.sun.tools.javac.api=ALL-UNNAMED --add-exports=jdk.compiler/com.sun.tools.javac.util=ALL-UNNAMED --add-opens=java.base/java.nio.charset=ALL-UNNAMED --add-opens=java.base/java.net=ALL-UNNAMED --add-opens=java.base/java.util.concurrent=ALL-UNNAMED --add-opens=java.base/java.util.concurrent.atomic=ALL-UNNAMED --add-opens=java.xml/javax.xml.namespace=ALL-UNNAMED --add-opens=java.base/java.time=ALL-UNNAMED -XX:MaxMetaspaceSize=384m -XX:+HeapDumpOnOutOfMemoryError -Xms256m -Xmx512m -Dfile.encoding=UTF-8 -Duser.country=KR -Duser.language=ko -Duser.variant -javaagent:C:\Users\user\.gradle\wrapper\dists\gradle-9.5.1-bin\iq79hdu3mqx29lgffhp8bfmx\gradle-9.5.1\lib\agents\gradle-instrumentation-agent-9.5.1.jar 
java_command: org.gradle.launcher.daemon.bootstrap.GradleDaemon 9.5.1
java_class_path (initial): C:\Users\user\.gradle\wrapper\dists\gradle-9.5.1-bin\iq79hdu3mqx29lgffhp8bfmx\gradle-9.5.1\lib\gradle-daemon-main-9.5.1.jar
Launcher Type: SUN_STANDARD

[Global flags]
     intx CICompilerCount                          = 4                                         {product} {ergonomic}
   size_t CompressedClassSpaceSize                 = 335544320                                 {product} {ergonomic}
     uint ConcGCThreads                            = 2                                         {product} {ergonomic}
     uint G1ConcRefinementThreads                  = 8                                         {product} {ergonomic}
   size_t G1HeapRegionSize                         = 1048576                                   {product} {ergonomic}
    uintx GCDrainStackTargetSize                   = 64                                        {product} {ergonomic}
     bool HeapDumpOnOutOfMemoryError               = true                                   {manageable} {command line}
   size_t InitialHeapSize                          = 268435456                                 {product} {command line}
   size_t MarkStackSize                            = 4194304                                   {product} {ergonomic}
   size_t MaxHeapSize                              = 536870912                                 {product} {command line}
   size_t MaxMetaspaceSize                         = 402653184                                 {product} {command line}
   size_t MaxNewSize                               = 321912832                                 {product} {ergonomic}
   size_t MinHeapDeltaBytes                        = 1048576                                   {product} {ergonomic}
   size_t MinHeapSize                              = 268435456                                 {product} {command line}
    uintx NonNMethodCodeHeapSize                   = 5839372                                {pd product} {ergonomic}
    uintx NonProfiledCodeHeapSize                  = 122909434                              {pd product} {ergonomic}
    uintx ProfiledCodeHeapSize                     = 122909434                              {pd product} {ergonomic}
    uintx ReservedCodeCacheSize                    = 251658240                              {pd product} {ergonomic}
     bool SegmentedCodeCache                       = true                                      {product} {ergonomic}
   size_t SoftMaxHeapSize                          = 536870912                              {manageable} {ergonomic}
     bool UseCompressedOops                        = true                           {product lp64_product} {ergonomic}
     bool UseG1GC                                  = true                                      {product} {ergonomic}
     bool UseLargePagesIndividualAllocation        = false                                  {pd product} {ergonomic}

Logging:
Log output configuration:
 #0: stdout all=warning uptime,level,tags foldmultilines=false
 #1: stderr all=off uptime,level,tags foldmultilines=false

Release file:
JAVA_VERSION="21.0.12.1" 
MODULES="java.base java.compiler java.datatransfer java.xml java.prefs java.desktop java.instrument java.logging java.management java.security.sasl java.naming java.rmi java.management.rmi java.net.http java.scripting java.security.jgss java.transaction.xa java.sql java.sql.rowset java.xml.crypto java.se java.smartcardio jdk.accessibility jdk.internal.jvmstat jdk.attach jdk.charsets jdk.internal.opt jdk.zipfs jdk.compiler jdk.crypto.ec jdk.crypto.cryptoki jdk.crypto.mscapi jdk.dynalink jdk.internal.ed jdk.editpad jdk.hotspot.agent jdk.httpserver jdk.internal.le jdk.internal.vm.ci jdk.internal.vm.compiler jdk.internal.vm.compiler.management jdk.jartool jdk.javadoc jdk.jcmd jdk.management jdk.management.agent jdk.jconsole jdk.jdeps jdk.jdwp.agent jdk.jdi jdk.jfr jdk.jshell jdk.jsobject jdk.jstatd jdk.localedata jdk.management.jfr jdk.naming.dns jdk.naming.rmi jdk.net jdk.nio.mapmode jdk.random jdk.sctp jdk.security.auth jdk.security.jgss jdk.unsupported jdk.unsupported.desktop jdk.xml.dom" 

Environment Variables:
PATH=C:\Program Files\Common Files\Oracle\Java\javapath;C:\Program Files\Python313\Scripts\;C:\Program Files\Python313\;C:\WINDOWS\system32;C:\WINDOWS;C:\WINDOWS\System32\Wbem;C:\WINDOWS\System32\WindowsPowerShell\v1.0\;C:\WINDOWS\System32\OpenSSH\;C:\Program Files\nodejs\;C:\Program Files\Git\cmd;C:\Program Files (x86)\cloudflared\;C:\Users\user\Desktop\Scripts\;C:\Users\user\Desktop\;C:\Users\user\AppData\Local\Microsoft\WindowsApps;C:\Users\user\AppData\Local\Programs\Microsoft VS Code\bin;C:\Program Files\Multipass\bin;C:\Users\user\AppData\Roaming\npm;C:\intelFPGA_lite\18.1\modelsim_ase\win32aloem;C:\Users\user\Desktop\opencv\build\x64\vc15\bin;
USERNAME=user
OS=Windows_NT
PROCESSOR_IDENTIFIER=Intel64 Family 6 Model 140 Stepping 1, GenuineIntel
TMP=C:\Users\user\AppData\Local\Temp
TEMP=C:\Users\user\AppData\Local\Temp




Periodic native trim disabled

---------------  S Y S T E M  ---------------

OS:
 Windows 11 , 64 bit Build 26100 (10.0.26100.9444)
OS uptime: 0 days 7:08 hours

CPU: total 8 (initial active 8) (4 cores per cpu, 2 threads per core) family 6 model 140 stepping 1 microcode 0x8a, cx8, cmov, fxsr, ht, mmx, 3dnowpref, sse, sse2, sse3, ssse3, sse4.1, sse4.2, popcnt, lzcnt, tsc, tscinvbit, avx, avx2, aes, erms, clmul, bmi1, bmi2, adx, avx512f, avx512dq, avx512cd, avx512bw, avx512vl, sha, fma, vzeroupper, avx512_vpopcntdq, avx512_vpclmulqdq, avx512_vaes, avx512_vnni, clflush, clflushopt, clwb, avx512_vbmi2, avx512_vbmi, rdtscp, rdpid, fsrm, gfni, avx512_bitalg, f16c, pku, cet_ibt, cet_ss, avx512_ifma
Processor Information for the first 8 processors :
  Max Mhz: 2419, Current Mhz: 2419, Mhz Limit: 2419

Memory: 4k page, system-wide physical 16107M (267M free)
TotalPageFile size 46495M (AvailPageFile size 307M)
current process WorkingSet (physical memory assigned to process): 167M, peak: 299M
current process commit charge ("private bytes"): 477M, peak: 485M

vm_info: OpenJDK 64-Bit Server VM (21.0.12.1+1-LTS) for windows-amd64 JRE (21.0.12.1+1-LTS), built on 2026-08-18T00:00:00Z by "admin" with MS VC++ 17.12 (VS2022)

END.
