#
# There is insufficient memory for the Java Runtime Environment to continue.
# Native memory allocation (malloc) failed to allocate 625776 bytes. Error detail: Chunk::new
# Possible reasons:
#   The system is out of physical RAM or swap space
#   This process is running with CompressedOops enabled, and the Java Heap may be blocking the growth of the native heap
# Possible solutions:
#   Reduce memory load on the system
#   Increase physical memory or swap space
#   Check if swap backing store is full
#   Decrease Java heap size (-Xmx/-Xms)
#   Decrease number of Java threads
#   Decrease Java thread stack sizes (-Xss)
#   Set larger code cache with -XX:ReservedCodeCacheSize=
#   JVM is running with Unscaled Compressed Oops mode in which the Java heap is
#     placed in the first 4GB address space. The Java Heap base address is the
#     maximum limit for the native heap growth. Please use -XX:HeapBaseMinAddress
#     to set the Java Heap base and to place the Java Heap above 4GB virtual address.
# This output file may be truncated or incomplete.
#
#  Out of Memory Error (arena.cpp:168), pid=26472, tid=27228
#
# JRE version: OpenJDK Runtime Environment Temurin-21.0.12.1+1 (21.0.12.1+1) (build 21.0.12.1+1-LTS)
# Java VM: OpenJDK 64-Bit Server VM Temurin-21.0.12.1+1 (21.0.12.1+1-LTS, mixed mode, sharing, tiered, compressed oops, compressed class ptrs, g1 gc, windows-amd64)
# No core dump will be written. Minidumps are not enabled by default on client versions of Windows
#

---------------  S U M M A R Y ------------

Command Line: --add-opens=java.base/java.lang=ALL-UNNAMED --add-opens=java.base/java.lang.invoke=ALL-UNNAMED --add-opens=java.base/java.util=ALL-UNNAMED --add-opens=java.prefs/java.util.prefs=ALL-UNNAMED --add-exports=jdk.compiler/com.sun.tools.javac.api=ALL-UNNAMED --add-exports=jdk.compiler/com.sun.tools.javac.util=ALL-UNNAMED --add-opens=java.base/java.nio.charset=ALL-UNNAMED --add-opens=java.base/java.net=ALL-UNNAMED --add-opens=java.base/java.util.concurrent=ALL-UNNAMED --add-opens=java.base/java.util.concurrent.atomic=ALL-UNNAMED --add-opens=java.xml/javax.xml.namespace=ALL-UNNAMED --add-opens=java.base/java.time=ALL-UNNAMED -XX:MaxMetaspaceSize=384m -XX:+HeapDumpOnOutOfMemoryError -Xms256m -Xmx512m -Dfile.encoding=UTF-8 -Duser.country=KR -Duser.language=ko -Duser.variant -javaagent:C:\Users\user\.gradle\wrapper\dists\gradle-9.5.1-bin\iq79hdu3mqx29lgffhp8bfmx\gradle-9.5.1\lib\agents\gradle-instrumentation-agent-9.5.1.jar org.gradle.launcher.daemon.bootstrap.GradleDaemon 9.5.1

Host: 11th Gen Intel(R) Core(TM) i5-1135G7 @ 2.40GHz, 8 cores, 15G,  Windows 11 , 64 bit Build 26100 (10.0.26100.9444)
Time: Wed Sep 16 09:57:09 2026 elapsed time: 312.388962 seconds (0d 0h 5m 12s)

---------------  T H R E A D  ---------------

Current thread (0x000002c1dd626e40):  JavaThread "C2 CompilerThread0" daemon [_thread_in_native, id=27228, stack(0x000000c887000000,0x000000c887100000) (1024K)]


Current CompileTask:
C2:312396 10136       4       org.gradle.internal.service.DefaultServiceRegistry$SingletonService::<init> (55 bytes)

Stack: [0x000000c887000000,0x000000c887100000]
Native frames: (J=compiled Java code, j=interpreted, Vv=VM code, C=native code)
V  [jvm.dll+0x6d83e9]
V  [jvm.dll+0x8b5736]
V  [jvm.dll+0x8b7cee]
V  [jvm.dll+0x8b83d3]
V  [jvm.dll+0x284596]
V  [jvm.dll+0xc685d]
V  [jvm.dll+0xc6da1]
V  [jvm.dll+0x3bf151]
V  [jvm.dll+0x38b6d2]
V  [jvm.dll+0x38ab1a]
V  [jvm.dll+0x24c700]
V  [jvm.dll+0x24bce0]
V  [jvm.dll+0x1cb4ae]
V  [jvm.dll+0x25baad]
V  [jvm.dll+0x25a03a]
V  [jvm.dll+0x3f8aae]
V  [jvm.dll+0x8600cd]
V  [jvm.dll+0x6d6c1d]
C  [ucrtbase.dll+0x2cd30]
C  [KERNEL32.DLL+0x2cd87]
C  [ntdll.dll+0xacaec]


---------------  P R O C E S S  ---------------

Threads class SMR info:
_java_thread_list=0x000002c1fadbf070, length=48, elements={
0x000002c1c7c5eb30, 0x000002c1dd6150d0, 0x000002c1dd615b30, 0x000002c1dd617e70,
0x000002c1dd618ad0, 0x000002c1dd619530, 0x000002c1dd6260b0, 0x000002c1dd626e40,
0x000002c1dd631f00, 0x000002c1dd6a0280, 0x000002c1dd852370, 0x000002c1f8898430,
0x000002c1f79dfd10, 0x000002c1f7e42930, 0x000002c1f8b9baa0, 0x000002c1dd8d6110,
0x000002c1f77636c0, 0x000002c1f7763d50, 0x000002c1f77643e0, 0x000002c1f7764a70,
0x000002c1f95d65d0, 0x000002c1f95d5f40, 0x000002c1f95d5220, 0x000002c1f95d37e0,
0x000002c1f95da0e0, 0x000002c1f95d8d30, 0x000002c1f95d8010, 0x000002c1f95d93c0,
0x000002c1fa69ab70, 0x000002c1fa69a4e0, 0x000002c1fa69b200, 0x000002c1fa69b890,
0x000002c1f7763030, 0x000002c1fb2d9fa0, 0x000002c1fa541d50, 0x000002c1fb2d8bf0,
0x000002c1fb2d5770, 0x000002c1fb2d7ed0, 0x000002c1fa5409a0, 0x000002c1fa5423e0,
0x000002c1fa5416c0, 0x000002c1fa541030, 0x000002c1fa53ef60, 0x000002c1fa542a70,
0x000002c1fa53f5f0, 0x000002c1fa543100, 0x000002c1fa540310, 0x000002c1fa53fc80
}

Java Threads: ( => current thread )
  0x000002c1c7c5eb30 JavaThread "main"                              [_thread_blocked, id=26896, stack(0x000000c886200000,0x000000c886300000) (1024K)]
  0x000002c1dd6150d0 JavaThread "Reference Handler"          daemon [_thread_blocked, id=27204, stack(0x000000c886a00000,0x000000c886b00000) (1024K)]
  0x000002c1dd615b30 JavaThread "Finalizer"                  daemon [_thread_blocked, id=27208, stack(0x000000c886b00000,0x000000c886c00000) (1024K)]
  0x000002c1dd617e70 JavaThread "Signal Dispatcher"          daemon [_thread_blocked, id=27212, stack(0x000000c886c00000,0x000000c886d00000) (1024K)]
  0x000002c1dd618ad0 JavaThread "Attach Listener"            daemon [_thread_blocked, id=27216, stack(0x000000c886d00000,0x000000c886e00000) (1024K)]
  0x000002c1dd619530 JavaThread "Service Thread"             daemon [_thread_blocked, id=27220, stack(0x000000c886e00000,0x000000c886f00000) (1024K)]
  0x000002c1dd6260b0 JavaThread "Monitor Deflation Thread"   daemon [_thread_blocked, id=27224, stack(0x000000c886f00000,0x000000c887000000) (1024K)]
=>0x000002c1dd626e40 JavaThread "C2 CompilerThread0"         daemon [_thread_in_native, id=27228, stack(0x000000c887000000,0x000000c887100000) (1024K)]
  0x000002c1dd631f00 JavaThread "C1 CompilerThread0"         daemon [_thread_blocked, id=27268, stack(0x000000c887100000,0x000000c887200000) (1024K)]
  0x000002c1dd6a0280 JavaThread "Common-Cleaner"             daemon [_thread_blocked, id=27296, stack(0x000000c887200000,0x000000c887300000) (1024K)]
  0x000002c1dd852370 JavaThread "Notification Thread"        daemon [_thread_blocked, id=26972, stack(0x000000c887300000,0x000000c887400000) (1024K)]
  0x000002c1f8898430 JavaThread "Daemon health stats"               [_thread_blocked, id=29792, stack(0x000000c886000000,0x000000c886100000) (1024K)]
  0x000002c1f79dfd10 JavaThread "Incoming local TCP Connector on port 60621"        [_thread_in_native, id=30848, stack(0x000000c887900000,0x000000c887a00000) (1024K)]
  0x000002c1f7e42930 JavaThread "Daemon periodic checks"            [_thread_blocked, id=23204, stack(0x000000c887a00000,0x000000c887b00000) (1024K)]
  0x000002c1f8b9baa0 JavaThread "Daemon"                            [_thread_blocked, id=25320, stack(0x000000c887b00000,0x000000c887c00000) (1024K)]
  0x000002c1dd8d6110 JavaThread "Daemon worker"                     [_thread_in_native, id=32488, stack(0x000000c887e00000,0x000000c887f00000) (1024K)]
  0x000002c1f77636c0 JavaThread "Cache worker for journal cache (C:\Users\user\.gradle\caches\journal-1)"        [_thread_blocked, id=32672, stack(0x000000c888200000,0x000000c888300000) (1024K)]
  0x000002c1f7763d50 JavaThread "File lock request listener"        [_thread_in_native, id=32676, stack(0x000000c888300000,0x000000c888400000) (1024K)]
  0x000002c1f77643e0 JavaThread "File lock release action executor"        [_thread_blocked, id=23752, stack(0x000000c888400000,0x000000c888500000) (1024K)]
  0x000002c1f7764a70 JavaThread "Cache worker for file hash cache (C:\Users\user\.gradle\caches\9.5.1\fileHashes)"        [_thread_blocked, id=11600, stack(0x000000c888500000,0x000000c888600000) (1024K)]
  0x000002c1f95d65d0 JavaThread "File watcher server"        daemon [_thread_in_native, id=12672, stack(0x000000c888b00000,0x000000c888c00000) (1024K)]
  0x000002c1f95d5f40 JavaThread "File watcher consumer"      daemon [_thread_blocked, id=11212, stack(0x000000c888c00000,0x000000c888d00000) (1024K)]
  0x000002c1f95d5220 JavaThread "Cache worker for file content cache (C:\Users\user\.gradle\caches\9.5.1\fileContent)"        [_thread_blocked, id=9852, stack(0x000000c888d00000,0x000000c888e00000) (1024K)]
  0x000002c1f95d37e0 JavaThread "jar transforms"                    [_thread_blocked, id=33428, stack(0x000000c889100000,0x000000c889200000) (1024K)]
  0x000002c1f95da0e0 JavaThread "jar transforms Thread 2"           [_thread_blocked, id=33488, stack(0x000000c889200000,0x000000c889300000) (1024K)]
  0x000002c1f95d8d30 JavaThread "jar transforms Thread 3"           [_thread_blocked, id=11976, stack(0x000000c885f00000,0x000000c886000000) (1024K)]
  0x000002c1f95d8010 JavaThread "jar transforms Thread 4"           [_thread_blocked, id=34428, stack(0x000000c886100000,0x000000c886200000) (1024K)]
  0x000002c1f95d93c0 JavaThread "jar transforms Thread 5"           [_thread_blocked, id=22868, stack(0x000000c889300000,0x000000c889400000) (1024K)]
  0x000002c1fa69ab70 JavaThread "Memory manager"                    [_thread_blocked, id=34800, stack(0x000000c889c00000,0x000000c889d00000) (1024K)]
  0x000002c1fa69a4e0 JavaThread "jar transforms Thread 6"           [_thread_blocked, id=29092, stack(0x000000c889d00000,0x000000c889e00000) (1024K)]
  0x000002c1fa69b200 JavaThread "Daemon Thread 2"                   [_thread_blocked, id=28156, stack(0x000000c887c00000,0x000000c887d00000) (1024K)]
  0x000002c1fa69b890 JavaThread "Daemon Thread 3"                   [_thread_blocked, id=13804, stack(0x000000c888100000,0x000000c888200000) (1024K)]
  0x000002c1f7763030 JavaThread "Daemon Thread 10"                  [_thread_blocked, id=22076, stack(0x000000c88a600000,0x000000c88a700000) (1024K)]
  0x000002c1fb2d9fa0 JavaThread "VFS cleanup Thread 9"              [_thread_blocked, id=12008, stack(0x000000c88b300000,0x000000c88b400000) (1024K)]
  0x000002c1fa541d50 JavaThread "VFS cleanup Thread 15"             [_thread_blocked, id=31972, stack(0x000000c889500000,0x000000c889600000) (1024K)]
  0x000002c1fb2d8bf0 JavaThread "Daemon Thread 20"                  [_thread_blocked, id=36876, stack(0x000000c888e00000,0x000000c888f00000) (1024K)]
  0x000002c1fb2d5770 JavaThread "Daemon Thread 21"                  [_thread_blocked, id=30508, stack(0x000000c889400000,0x000000c889500000) (1024K)]
  0x000002c1fb2d7ed0 JavaThread "VFS cleanup Thread 16"             [_thread_blocked, id=36060, stack(0x000000c889800000,0x000000c889900000) (1024K)]
  0x000002c1fa5409a0 JavaThread "Handler for socket connection from /127.0.0.1:60621 to /127.0.0.1:53677"        [_thread_in_native, id=30412, stack(0x000000c887d00000,0x000000c887e00000) (1024K)]
  0x000002c1fa5423e0 JavaThread "Cancel handler"                    [_thread_blocked, id=33484, stack(0x000000c888900000,0x000000c888a00000) (1024K)]
  0x000002c1fa5416c0 JavaThread "Asynchronous log dispatcher for DefaultDaemonConnection: socket connection from /127.0.0.1:60621 to /127.0.0.1:53677"        [_thread_blocked, id=12548, stack(0x000000c888000000,0x000000c888100000) (1024K)]
  0x000002c1fa541030 JavaThread "Stdin handler"                     [_thread_blocked, id=27472, stack(0x000000c888a00000,0x000000c888b00000) (1024K)]
  0x000002c1fa53ef60 JavaThread "Daemon client event forwarder"        [_thread_blocked, id=37576, stack(0x000000c888f00000,0x000000c889000000) (1024K)]
  0x000002c1fa542a70 JavaThread "Cache worker for file hash cache (C:\2026_spring\.gradle\9.5.1\fileHashes)"        [_thread_blocked, id=23720, stack(0x000000c889000000,0x000000c889100000) (1024K)]
  0x000002c1fa53f5f0 JavaThread "Cache worker for Build Output Cleanup Cache (C:\2026_spring\.gradle\buildOutputCleanup)"        [_thread_blocked, id=35968, stack(0x000000c889600000,0x000000c889700000) (1024K)]
  0x000002c1fa543100 JavaThread "Cache worker for checksums cache (C:\2026_spring\.gradle\9.5.1\checksums)"        [_thread_blocked, id=2656, stack(0x000000c889700000,0x000000c889800000) (1024K)]
  0x000002c1fa540310 JavaThread "Cache worker for cache directory md-supplier (C:\Users\user\.gradle\caches\9.5.1\md-supplier)"        [_thread_blocked, id=34072, stack(0x000000c889900000,0x000000c889a00000) (1024K)]
  0x000002c1fa53fc80 JavaThread "Cache worker for cache directory md-rule (C:\Users\user\.gradle\caches\9.5.1\md-rule)"        [_thread_blocked, id=34100, stack(0x000000c889a00000,0x000000c889b00000) (1024K)]
Total: 48

Other Threads:
  0x000002c1dd5f4870 VMThread "VM Thread"                           [id=27100, stack(0x000000c886900000,0x000000c886a00000) (1024K)]
  0x000002c1dd5e3220 WatcherThread "VM Periodic Task Thread"        [id=27096, stack(0x000000c886800000,0x000000c886900000) (1024K)]
  0x000002c1c7c8a570 WorkerThread "GC Thread#0"                     [id=27040, stack(0x000000c886300000,0x000000c886400000) (1024K)]
  0x000002c1f76aea50 WorkerThread "GC Thread#1"                     [id=28360, stack(0x000000c887400000,0x000000c887500000) (1024K)]
  0x000002c1dd9cb230 WorkerThread "GC Thread#2"                     [id=28364, stack(0x000000c887500000,0x000000c887600000) (1024K)]
  0x000002c1dd9cb5e0 WorkerThread "GC Thread#3"                     [id=28368, stack(0x000000c887600000,0x000000c887700000) (1024K)]
  0x000002c1dd9cb990 WorkerThread "GC Thread#4"                     [id=28372, stack(0x000000c887700000,0x000000c887800000) (1024K)]
  0x000002c1dd9cbd40 WorkerThread "GC Thread#5"                     [id=28376, stack(0x000000c887800000,0x000000c887900000) (1024K)]
  0x000002c1f7676d70 WorkerThread "GC Thread#6"                     [id=21544, stack(0x000000c888600000,0x000000c888700000) (1024K)]
  0x000002c1f7676610 WorkerThread "GC Thread#7"                     [id=22568, stack(0x000000c888700000,0x000000c888800000) (1024K)]
  0x000002c1c7c8fc80 ConcurrentGCThread "G1 Main Marker"            [id=27044, stack(0x000000c886400000,0x000000c886500000) (1024K)]
  0x000002c1c7c906a0 WorkerThread "G1 Conc#0"                       [id=27048, stack(0x000000c886500000,0x000000c886600000) (1024K)]
  0x000002c1f9e785e0 WorkerThread "G1 Conc#1"                       [id=24052, stack(0x000000c888800000,0x000000c888900000) (1024K)]
  0x000002c1c7d1e920 ConcurrentGCThread "G1 Refine#0"               [id=27052, stack(0x000000c886600000,0x000000c886700000) (1024K)]
  0x000002c1dd4b45d0 ConcurrentGCThread "G1 Service"                [id=27056, stack(0x000000c886700000,0x000000c886800000) (1024K)]
Total: 15

Threads with active compile tasks:
C2 CompilerThread0  314314 10136       4       org.gradle.internal.service.DefaultServiceRegistry$SingletonService::<init> (55 bytes)
Total: 1

VM state: not at safepoint (normal execution)

VM Mutex/Monitor currently owned by a thread: None

Heap address: 0x00000000e0000000, size: 512 MB, Compressed Oops mode: 32-bit

CDS archive(s) mapped at: [0x000002c1de000000-0x000002c1deba0000-0x000002c1deba0000), size 12189696, SharedBaseAddress: 0x000002c1de000000, ArchiveRelocationMode: 1.
Compressed class space mapped at: 0x000002c1df000000-0x000002c1f3000000, reserved size: 335544320
Narrow klass base: 0x000002c1de000000, Narrow klass shift: 0, Narrow klass range: 0x100000000

GC Precious Log:
 CardTable entry size: 512
 Card Set container configuration: InlinePtr #cards 5 size 8 Array Of Cards #cards 12 size 40 Howl #buckets 4 coarsen threshold 1843 Howl Bitmap #cards 512 size 80 coarsen threshold 460 Card regions per heap region 1 cards per card region 2048
 CPUs: 8 total, 8 available
 Memory: 16107M
 Large Page Support: Disabled
 NUMA Support: Disabled
 Compressed Oops: Enabled (32-bit)
 Heap Region Size: 1M
 Heap Min Capacity: 256M
 Heap Initial Capacity: 256M
 Heap Max Capacity: 512M
 Pre-touch: Disabled
 Parallel Workers: 8
 Concurrent Workers: 2
 Concurrent Refinement Workers: 8
 Periodic GC: Disabled

Heap:
 garbage-first heap   total 262144K, used 117318K [0x00000000e0000000, 0x0000000100000000)
  region size 1024K, 68 young (69632K), 4 survivors (4096K)
 Metaspace       used 59759K, committed 61952K, reserved 393216K
  class space    used 8902K, committed 9984K, reserved 327680K

Heap Regions: E=young(eden), S=young(survivor), O=old, HS=humongous(starts), HC=humongous(continues), CS=collection set, F=free, TAMS=top-at-mark-start, PB=parsable bottom
|   0|0x00000000e0000000, 0x00000000e0100000, 0x00000000e0100000|100%|HS|  |TAMS 0x00000000e0000000| PB 0x00000000e0000000| Complete 
|   1|0x00000000e0100000, 0x00000000e0200000, 0x00000000e0200000|100%|HC|  |TAMS 0x00000000e0100000| PB 0x00000000e0100000| Complete 
|   2|0x00000000e0200000, 0x00000000e0300000, 0x00000000e0300000|100%|HC|  |TAMS 0x00000000e0200000| PB 0x00000000e0200000| Complete 
|   3|0x00000000e0300000, 0x00000000e0400000, 0x00000000e0400000|100%|HC|  |TAMS 0x00000000e0300000| PB 0x00000000e0300000| Complete 
|   4|0x00000000e0400000, 0x00000000e0500000, 0x00000000e0500000|100%| O|  |TAMS 0x00000000e0400000| PB 0x00000000e0400000| Untracked 
|   5|0x00000000e0500000, 0x00000000e0600000, 0x00000000e0600000|100%| O|  |TAMS 0x00000000e0500000| PB 0x00000000e0500000| Untracked 
|   6|0x00000000e0600000, 0x00000000e0700000, 0x00000000e0700000|100%| O|  |TAMS 0x00000000e0600000| PB 0x00000000e0600000| Untracked 
|   7|0x00000000e0700000, 0x00000000e0800000, 0x00000000e0800000|100%| O|  |TAMS 0x00000000e0700000| PB 0x00000000e0700000| Untracked 
|   8|0x00000000e0800000, 0x00000000e0900000, 0x00000000e0900000|100%| O|  |TAMS 0x00000000e0800000| PB 0x00000000e0800000| Untracked 
|   9|0x00000000e0900000, 0x00000000e0a00000, 0x00000000e0a00000|100%|HS|  |TAMS 0x00000000e0900000| PB 0x00000000e0900000| Complete 
|  10|0x00000000e0a00000, 0x00000000e0b00000, 0x00000000e0b00000|100%| O|  |TAMS 0x00000000e0a00000| PB 0x00000000e0a00000| Untracked 
|  11|0x00000000e0b00000, 0x00000000e0c00000, 0x00000000e0c00000|100%| O|  |TAMS 0x00000000e0b00000| PB 0x00000000e0b00000| Untracked 
|  12|0x00000000e0c00000, 0x00000000e0d00000, 0x00000000e0d00000|100%| O|  |TAMS 0x00000000e0c00000| PB 0x00000000e0c00000| Untracked 
|  13|0x00000000e0d00000, 0x00000000e0e00000, 0x00000000e0e00000|100%| O|  |TAMS 0x00000000e0d00000| PB 0x00000000e0d00000| Untracked 
|  14|0x00000000e0e00000, 0x00000000e0f00000, 0x00000000e0f00000|100%| O|  |TAMS 0x00000000e0e00000| PB 0x00000000e0e00000| Untracked 
|  15|0x00000000e0f00000, 0x00000000e1000000, 0x00000000e1000000|100%| O|  |TAMS 0x00000000e0f00000| PB 0x00000000e0f00000| Untracked 
|  16|0x00000000e1000000, 0x00000000e1100000, 0x00000000e1100000|100%| O|  |TAMS 0x00000000e1000000| PB 0x00000000e1000000| Untracked 
|  17|0x00000000e1100000, 0x00000000e1200000, 0x00000000e1200000|100%| O|  |TAMS 0x00000000e1100000| PB 0x00000000e1100000| Untracked 
|  18|0x00000000e1200000, 0x00000000e1300000, 0x00000000e1300000|100%| O|  |TAMS 0x00000000e1200000| PB 0x00000000e1200000| Untracked 
|  19|0x00000000e1300000, 0x00000000e1400000, 0x00000000e1400000|100%| O|  |TAMS 0x00000000e1300000| PB 0x00000000e1300000| Untracked 
|  20|0x00000000e1400000, 0x00000000e1500000, 0x00000000e1500000|100%| O|  |TAMS 0x00000000e1400000| PB 0x00000000e1400000| Untracked 
|  21|0x00000000e1500000, 0x00000000e1600000, 0x00000000e1600000|100%| O|  |TAMS 0x00000000e1500000| PB 0x00000000e1500000| Untracked 
|  22|0x00000000e1600000, 0x00000000e1700000, 0x00000000e1700000|100%| O|  |TAMS 0x00000000e1600000| PB 0x00000000e1600000| Untracked 
|  23|0x00000000e1700000, 0x00000000e1800000, 0x00000000e1800000|100%| O|  |TAMS 0x00000000e1700000| PB 0x00000000e1700000| Untracked 
|  24|0x00000000e1800000, 0x00000000e1900000, 0x00000000e1900000|100%| O|  |TAMS 0x00000000e1800000| PB 0x00000000e1800000| Untracked 
|  25|0x00000000e1900000, 0x00000000e1a00000, 0x00000000e1a00000|100%| O|  |TAMS 0x00000000e1900000| PB 0x00000000e1900000| Untracked 
|  26|0x00000000e1a00000, 0x00000000e1b00000, 0x00000000e1b00000|100%| O|  |TAMS 0x00000000e1a00000| PB 0x00000000e1a00000| Untracked 
|  27|0x00000000e1b00000, 0x00000000e1c00000, 0x00000000e1c00000|100%| O|  |TAMS 0x00000000e1b00000| PB 0x00000000e1b00000| Untracked 
|  28|0x00000000e1c00000, 0x00000000e1d00000, 0x00000000e1d00000|100%| O|  |TAMS 0x00000000e1c00000| PB 0x00000000e1c00000| Untracked 
|  29|0x00000000e1d00000, 0x00000000e1e00000, 0x00000000e1e00000|100%| O|  |TAMS 0x00000000e1d00000| PB 0x00000000e1d00000| Untracked 
|  30|0x00000000e1e00000, 0x00000000e1f00000, 0x00000000e1f00000|100%| O|  |TAMS 0x00000000e1e00000| PB 0x00000000e1e00000| Untracked 
|  31|0x00000000e1f00000, 0x00000000e2000000, 0x00000000e2000000|100%| O|Cm|TAMS 0x00000000e1f00000| PB 0x00000000e1f00000| Complete 
|  32|0x00000000e2000000, 0x00000000e2100000, 0x00000000e2100000|100%| O|  |TAMS 0x00000000e2000000| PB 0x00000000e2000000| Untracked 
|  33|0x00000000e2100000, 0x00000000e2200000, 0x00000000e2200000|100%| O|  |TAMS 0x00000000e2100000| PB 0x00000000e2100000| Untracked 
|  34|0x00000000e2200000, 0x00000000e2300000, 0x00000000e2300000|100%| O|  |TAMS 0x00000000e2200000| PB 0x00000000e2200000| Untracked 
|  35|0x00000000e2300000, 0x00000000e2400000, 0x00000000e2400000|100%| O|  |TAMS 0x00000000e2300000| PB 0x00000000e2300000| Untracked 
|  36|0x00000000e2400000, 0x00000000e2500000, 0x00000000e2500000|100%| O|  |TAMS 0x00000000e2400000| PB 0x00000000e2400000| Untracked 
|  37|0x00000000e2500000, 0x00000000e2600000, 0x00000000e2600000|100%| O|  |TAMS 0x00000000e2500000| PB 0x00000000e2500000| Untracked 
|  38|0x00000000e2600000, 0x00000000e2700000, 0x00000000e2700000|100%| O|  |TAMS 0x00000000e2600000| PB 0x00000000e2600000| Untracked 
|  39|0x00000000e2700000, 0x00000000e2800000, 0x00000000e2800000|100%| O|  |TAMS 0x00000000e2700000| PB 0x00000000e2700000| Untracked 
|  40|0x00000000e2800000, 0x00000000e2900000, 0x00000000e2900000|100%| O|  |TAMS 0x00000000e2800000| PB 0x00000000e2800000| Untracked 
|  41|0x00000000e2900000, 0x00000000e2a00000, 0x00000000e2a00000|100%| O|  |TAMS 0x00000000e2900000| PB 0x00000000e2900000| Untracked 
|  42|0x00000000e2a00000, 0x00000000e2b00000, 0x00000000e2b00000|100%| O|  |TAMS 0x00000000e2a00000| PB 0x00000000e2a00000| Untracked 
|  43|0x00000000e2b00000, 0x00000000e2c00000, 0x00000000e2c00000|100%| O|  |TAMS 0x00000000e2b00000| PB 0x00000000e2b00000| Untracked 
|  44|0x00000000e2c00000, 0x00000000e2d00000, 0x00000000e2d00000|100%| O|  |TAMS 0x00000000e2c00000| PB 0x00000000e2c00000| Untracked 
|  45|0x00000000e2d00000, 0x00000000e2e00000, 0x00000000e2e00000|100%| O|  |TAMS 0x00000000e2d00000| PB 0x00000000e2d00000| Untracked 
|  46|0x00000000e2e00000, 0x00000000e2f00000, 0x00000000e2f00000|100%| O|  |TAMS 0x00000000e2e00000| PB 0x00000000e2e00000| Untracked 
|  47|0x00000000e2f00000, 0x00000000e3000000, 0x00000000e3000000|100%| O|  |TAMS 0x00000000e2f00000| PB 0x00000000e2f00000| Untracked 
|  48|0x00000000e3000000, 0x00000000e3091880, 0x00000000e3100000| 56%| O|  |TAMS 0x00000000e3000000| PB 0x00000000e3000000| Untracked 
|  49|0x00000000e3100000, 0x00000000e3100000, 0x00000000e3200000|  0%| F|  |TAMS 0x00000000e3100000| PB 0x00000000e3100000| Untracked 
|  50|0x00000000e3200000, 0x00000000e3200000, 0x00000000e3300000|  0%| F|  |TAMS 0x00000000e3200000| PB 0x00000000e3200000| Untracked 
|  51|0x00000000e3300000, 0x00000000e3300000, 0x00000000e3400000|  0%| F|  |TAMS 0x00000000e3300000| PB 0x00000000e3300000| Untracked 
|  52|0x00000000e3400000, 0x00000000e3400000, 0x00000000e3500000|  0%| F|  |TAMS 0x00000000e3400000| PB 0x00000000e3400000| Untracked 
|  53|0x00000000e3500000, 0x00000000e3500000, 0x00000000e3600000|  0%| F|  |TAMS 0x00000000e3500000| PB 0x00000000e3500000| Untracked 
|  54|0x00000000e3600000, 0x00000000e3600000, 0x00000000e3700000|  0%| F|  |TAMS 0x00000000e3600000| PB 0x00000000e3600000| Untracked 
|  55|0x00000000e3700000, 0x00000000e3700000, 0x00000000e3800000|  0%| F|  |TAMS 0x00000000e3700000| PB 0x00000000e3700000| Untracked 
|  56|0x00000000e3800000, 0x00000000e3800000, 0x00000000e3900000|  0%| F|  |TAMS 0x00000000e3800000| PB 0x00000000e3800000| Untracked 
|  57|0x00000000e3900000, 0x00000000e3900000, 0x00000000e3a00000|  0%| F|  |TAMS 0x00000000e3900000| PB 0x00000000e3900000| Untracked 
|  58|0x00000000e3a00000, 0x00000000e3a00000, 0x00000000e3b00000|  0%| F|  |TAMS 0x00000000e3a00000| PB 0x00000000e3a00000| Untracked 
|  59|0x00000000e3b00000, 0x00000000e3b00000, 0x00000000e3c00000|  0%| F|  |TAMS 0x00000000e3b00000| PB 0x00000000e3b00000| Untracked 
|  60|0x00000000e3c00000, 0x00000000e3c00000, 0x00000000e3d00000|  0%| F|  |TAMS 0x00000000e3c00000| PB 0x00000000e3c00000| Untracked 
|  61|0x00000000e3d00000, 0x00000000e3d00000, 0x00000000e3e00000|  0%| F|  |TAMS 0x00000000e3d00000| PB 0x00000000e3d00000| Untracked 
|  62|0x00000000e3e00000, 0x00000000e3e00000, 0x00000000e3f00000|  0%| F|  |TAMS 0x00000000e3e00000| PB 0x00000000e3e00000| Untracked 
|  63|0x00000000e3f00000, 0x00000000e3f00000, 0x00000000e4000000|  0%| F|  |TAMS 0x00000000e3f00000| PB 0x00000000e3f00000| Untracked 
|  64|0x00000000e4000000, 0x00000000e4000000, 0x00000000e4100000|  0%| F|  |TAMS 0x00000000e4000000| PB 0x00000000e4000000| Untracked 
|  65|0x00000000e4100000, 0x00000000e4100000, 0x00000000e4200000|  0%| F|  |TAMS 0x00000000e4100000| PB 0x00000000e4100000| Untracked 
|  66|0x00000000e4200000, 0x00000000e4200000, 0x00000000e4300000|  0%| F|  |TAMS 0x00000000e4200000| PB 0x00000000e4200000| Untracked 
|  67|0x00000000e4300000, 0x00000000e4300000, 0x00000000e4400000|  0%| F|  |TAMS 0x00000000e4300000| PB 0x00000000e4300000| Untracked 
|  68|0x00000000e4400000, 0x00000000e4400000, 0x00000000e4500000|  0%| F|  |TAMS 0x00000000e4400000| PB 0x00000000e4400000| Untracked 
|  69|0x00000000e4500000, 0x00000000e4500000, 0x00000000e4600000|  0%| F|  |TAMS 0x00000000e4500000| PB 0x00000000e4500000| Untracked 
|  70|0x00000000e4600000, 0x00000000e4600000, 0x00000000e4700000|  0%| F|  |TAMS 0x00000000e4600000| PB 0x00000000e4600000| Untracked 
|  71|0x00000000e4700000, 0x00000000e4700000, 0x00000000e4800000|  0%| F|  |TAMS 0x00000000e4700000| PB 0x00000000e4700000| Untracked 
|  72|0x00000000e4800000, 0x00000000e4800000, 0x00000000e4900000|  0%| F|  |TAMS 0x00000000e4800000| PB 0x00000000e4800000| Untracked 
|  73|0x00000000e4900000, 0x00000000e4900000, 0x00000000e4a00000|  0%| F|  |TAMS 0x00000000e4900000| PB 0x00000000e4900000| Untracked 
|  74|0x00000000e4a00000, 0x00000000e4a00000, 0x00000000e4b00000|  0%| F|  |TAMS 0x00000000e4a00000| PB 0x00000000e4a00000| Untracked 
|  75|0x00000000e4b00000, 0x00000000e4b00000, 0x00000000e4c00000|  0%| F|  |TAMS 0x00000000e4b00000| PB 0x00000000e4b00000| Untracked 
|  76|0x00000000e4c00000, 0x00000000e4c00000, 0x00000000e4d00000|  0%| F|  |TAMS 0x00000000e4c00000| PB 0x00000000e4c00000| Untracked 
|  77|0x00000000e4d00000, 0x00000000e4d00000, 0x00000000e4e00000|  0%| F|  |TAMS 0x00000000e4d00000| PB 0x00000000e4d00000| Untracked 
|  78|0x00000000e4e00000, 0x00000000e4e00000, 0x00000000e4f00000|  0%| F|  |TAMS 0x00000000e4e00000| PB 0x00000000e4e00000| Untracked 
|  79|0x00000000e4f00000, 0x00000000e4f00000, 0x00000000e5000000|  0%| F|  |TAMS 0x00000000e4f00000| PB 0x00000000e4f00000| Untracked 
|  80|0x00000000e5000000, 0x00000000e5000000, 0x00000000e5100000|  0%| F|  |TAMS 0x00000000e5000000| PB 0x00000000e5000000| Untracked 
|  81|0x00000000e5100000, 0x00000000e5100000, 0x00000000e5200000|  0%| F|  |TAMS 0x00000000e5100000| PB 0x00000000e5100000| Untracked 
|  82|0x00000000e5200000, 0x00000000e5200000, 0x00000000e5300000|  0%| F|  |TAMS 0x00000000e5200000| PB 0x00000000e5200000| Untracked 
|  83|0x00000000e5300000, 0x00000000e5300000, 0x00000000e5400000|  0%| F|  |TAMS 0x00000000e5300000| PB 0x00000000e5300000| Untracked 
|  84|0x00000000e5400000, 0x00000000e5400000, 0x00000000e5500000|  0%| F|  |TAMS 0x00000000e5400000| PB 0x00000000e5400000| Untracked 
|  85|0x00000000e5500000, 0x00000000e5500000, 0x00000000e5600000|  0%| F|  |TAMS 0x00000000e5500000| PB 0x00000000e5500000| Untracked 
|  86|0x00000000e5600000, 0x00000000e5600000, 0x00000000e5700000|  0%| F|  |TAMS 0x00000000e5600000| PB 0x00000000e5600000| Untracked 
|  87|0x00000000e5700000, 0x00000000e5700000, 0x00000000e5800000|  0%| F|  |TAMS 0x00000000e5700000| PB 0x00000000e5700000| Untracked 
|  88|0x00000000e5800000, 0x00000000e5800000, 0x00000000e5900000|  0%| F|  |TAMS 0x00000000e5800000| PB 0x00000000e5800000| Untracked 
|  89|0x00000000e5900000, 0x00000000e5900000, 0x00000000e5a00000|  0%| F|  |TAMS 0x00000000e5900000| PB 0x00000000e5900000| Untracked 
|  90|0x00000000e5a00000, 0x00000000e5a00000, 0x00000000e5b00000|  0%| F|  |TAMS 0x00000000e5a00000| PB 0x00000000e5a00000| Untracked 
|  91|0x00000000e5b00000, 0x00000000e5b00000, 0x00000000e5c00000|  0%| F|  |TAMS 0x00000000e5b00000| PB 0x00000000e5b00000| Untracked 
|  92|0x00000000e5c00000, 0x00000000e5c00000, 0x00000000e5d00000|  0%| F|  |TAMS 0x00000000e5c00000| PB 0x00000000e5c00000| Untracked 
|  93|0x00000000e5d00000, 0x00000000e5d00000, 0x00000000e5e00000|  0%| F|  |TAMS 0x00000000e5d00000| PB 0x00000000e5d00000| Untracked 
|  94|0x00000000e5e00000, 0x00000000e5e00000, 0x00000000e5f00000|  0%| F|  |TAMS 0x00000000e5e00000| PB 0x00000000e5e00000| Untracked 
|  95|0x00000000e5f00000, 0x00000000e5f00000, 0x00000000e6000000|  0%| F|  |TAMS 0x00000000e5f00000| PB 0x00000000e5f00000| Untracked 
|  96|0x00000000e6000000, 0x00000000e6000000, 0x00000000e6100000|  0%| F|  |TAMS 0x00000000e6000000| PB 0x00000000e6000000| Untracked 
|  97|0x00000000e6100000, 0x00000000e6100000, 0x00000000e6200000|  0%| F|  |TAMS 0x00000000e6100000| PB 0x00000000e6100000| Untracked 
|  98|0x00000000e6200000, 0x00000000e6200000, 0x00000000e6300000|  0%| F|  |TAMS 0x00000000e6200000| PB 0x00000000e6200000| Untracked 
|  99|0x00000000e6300000, 0x00000000e6300000, 0x00000000e6400000|  0%| F|  |TAMS 0x00000000e6300000| PB 0x00000000e6300000| Untracked 
| 100|0x00000000e6400000, 0x00000000e6400000, 0x00000000e6500000|  0%| F|  |TAMS 0x00000000e6400000| PB 0x00000000e6400000| Untracked 
| 101|0x00000000e6500000, 0x00000000e6500000, 0x00000000e6600000|  0%| F|  |TAMS 0x00000000e6500000| PB 0x00000000e6500000| Untracked 
| 102|0x00000000e6600000, 0x00000000e6600000, 0x00000000e6700000|  0%| F|  |TAMS 0x00000000e6600000| PB 0x00000000e6600000| Untracked 
| 103|0x00000000e6700000, 0x00000000e6700000, 0x00000000e6800000|  0%| F|  |TAMS 0x00000000e6700000| PB 0x00000000e6700000| Untracked 
| 104|0x00000000e6800000, 0x00000000e6800000, 0x00000000e6900000|  0%| F|  |TAMS 0x00000000e6800000| PB 0x00000000e6800000| Untracked 
| 105|0x00000000e6900000, 0x00000000e6900000, 0x00000000e6a00000|  0%| F|  |TAMS 0x00000000e6900000| PB 0x00000000e6900000| Untracked 
| 106|0x00000000e6a00000, 0x00000000e6a00000, 0x00000000e6b00000|  0%| F|  |TAMS 0x00000000e6a00000| PB 0x00000000e6a00000| Untracked 
| 107|0x00000000e6b00000, 0x00000000e6b00000, 0x00000000e6c00000|  0%| F|  |TAMS 0x00000000e6b00000| PB 0x00000000e6b00000| Untracked 
| 108|0x00000000e6c00000, 0x00000000e6c00000, 0x00000000e6d00000|  0%| F|  |TAMS 0x00000000e6c00000| PB 0x00000000e6c00000| Untracked 
| 109|0x00000000e6d00000, 0x00000000e6d00000, 0x00000000e6e00000|  0%| F|  |TAMS 0x00000000e6d00000| PB 0x00000000e6d00000| Untracked 
| 110|0x00000000e6e00000, 0x00000000e6e00000, 0x00000000e6f00000|  0%| F|  |TAMS 0x00000000e6e00000| PB 0x00000000e6e00000| Untracked 
| 111|0x00000000e6f00000, 0x00000000e6f00000, 0x00000000e7000000|  0%| F|  |TAMS 0x00000000e6f00000| PB 0x00000000e6f00000| Untracked 
| 112|0x00000000e7000000, 0x00000000e7000000, 0x00000000e7100000|  0%| F|  |TAMS 0x00000000e7000000| PB 0x00000000e7000000| Untracked 
| 113|0x00000000e7100000, 0x00000000e7100000, 0x00000000e7200000|  0%| F|  |TAMS 0x00000000e7100000| PB 0x00000000e7100000| Untracked 
| 114|0x00000000e7200000, 0x00000000e7200000, 0x00000000e7300000|  0%| F|  |TAMS 0x00000000e7200000| PB 0x00000000e7200000| Untracked 
| 115|0x00000000e7300000, 0x00000000e7300000, 0x00000000e7400000|  0%| F|  |TAMS 0x00000000e7300000| PB 0x00000000e7300000| Untracked 
| 116|0x00000000e7400000, 0x00000000e7400000, 0x00000000e7500000|  0%| F|  |TAMS 0x00000000e7400000| PB 0x00000000e7400000| Untracked 
| 117|0x00000000e7500000, 0x00000000e7500000, 0x00000000e7600000|  0%| F|  |TAMS 0x00000000e7500000| PB 0x00000000e7500000| Untracked 
| 118|0x00000000e7600000, 0x00000000e7600000, 0x00000000e7700000|  0%| F|  |TAMS 0x00000000e7600000| PB 0x00000000e7600000| Untracked 
| 119|0x00000000e7700000, 0x00000000e7700000, 0x00000000e7800000|  0%| F|  |TAMS 0x00000000e7700000| PB 0x00000000e7700000| Untracked 
| 120|0x00000000e7800000, 0x00000000e7800000, 0x00000000e7900000|  0%| F|  |TAMS 0x00000000e7800000| PB 0x00000000e7800000| Untracked 
| 121|0x00000000e7900000, 0x00000000e7900000, 0x00000000e7a00000|  0%| F|  |TAMS 0x00000000e7900000| PB 0x00000000e7900000| Untracked 
| 122|0x00000000e7a00000, 0x00000000e7a00000, 0x00000000e7b00000|  0%| F|  |TAMS 0x00000000e7a00000| PB 0x00000000e7a00000| Untracked 
| 123|0x00000000e7b00000, 0x00000000e7b00000, 0x00000000e7c00000|  0%| F|  |TAMS 0x00000000e7b00000| PB 0x00000000e7b00000| Untracked 
| 124|0x00000000e7c00000, 0x00000000e7c00000, 0x00000000e7d00000|  0%| F|  |TAMS 0x00000000e7c00000| PB 0x00000000e7c00000| Untracked 
| 125|0x00000000e7d00000, 0x00000000e7d00000, 0x00000000e7e00000|  0%| F|  |TAMS 0x00000000e7d00000| PB 0x00000000e7d00000| Untracked 
| 126|0x00000000e7e00000, 0x00000000e7e00000, 0x00000000e7f00000|  0%| F|  |TAMS 0x00000000e7e00000| PB 0x00000000e7e00000| Untracked 
| 127|0x00000000e7f00000, 0x00000000e7f00000, 0x00000000e8000000|  0%| F|  |TAMS 0x00000000e7f00000| PB 0x00000000e7f00000| Untracked 
| 128|0x00000000e8000000, 0x00000000e8000000, 0x00000000e8100000|  0%| F|  |TAMS 0x00000000e8000000| PB 0x00000000e8000000| Untracked 
| 129|0x00000000e8100000, 0x00000000e8100000, 0x00000000e8200000|  0%| F|  |TAMS 0x00000000e8100000| PB 0x00000000e8100000| Untracked 
| 130|0x00000000e8200000, 0x00000000e8200000, 0x00000000e8300000|  0%| F|  |TAMS 0x00000000e8200000| PB 0x00000000e8200000| Untracked 
| 131|0x00000000e8300000, 0x00000000e8300000, 0x00000000e8400000|  0%| F|  |TAMS 0x00000000e8300000| PB 0x00000000e8300000| Untracked 
| 132|0x00000000e8400000, 0x00000000e8400000, 0x00000000e8500000|  0%| F|  |TAMS 0x00000000e8400000| PB 0x00000000e8400000| Untracked 
| 133|0x00000000e8500000, 0x00000000e8500000, 0x00000000e8600000|  0%| F|  |TAMS 0x00000000e8500000| PB 0x00000000e8500000| Untracked 
| 134|0x00000000e8600000, 0x00000000e8600000, 0x00000000e8700000|  0%| F|  |TAMS 0x00000000e8600000| PB 0x00000000e8600000| Untracked 
| 135|0x00000000e8700000, 0x00000000e8700000, 0x00000000e8800000|  0%| F|  |TAMS 0x00000000e8700000| PB 0x00000000e8700000| Untracked 
| 136|0x00000000e8800000, 0x00000000e8800000, 0x00000000e8900000|  0%| F|  |TAMS 0x00000000e8800000| PB 0x00000000e8800000| Untracked 
| 137|0x00000000e8900000, 0x00000000e8900000, 0x00000000e8a00000|  0%| F|  |TAMS 0x00000000e8900000| PB 0x00000000e8900000| Untracked 
| 138|0x00000000e8a00000, 0x00000000e8a00000, 0x00000000e8b00000|  0%| F|  |TAMS 0x00000000e8a00000| PB 0x00000000e8a00000| Untracked 
| 139|0x00000000e8b00000, 0x00000000e8b00000, 0x00000000e8c00000|  0%| F|  |TAMS 0x00000000e8b00000| PB 0x00000000e8b00000| Untracked 
| 140|0x00000000e8c00000, 0x00000000e8c00000, 0x00000000e8d00000|  0%| F|  |TAMS 0x00000000e8c00000| PB 0x00000000e8c00000| Untracked 
| 141|0x00000000e8d00000, 0x00000000e8d00000, 0x00000000e8e00000|  0%| F|  |TAMS 0x00000000e8d00000| PB 0x00000000e8d00000| Untracked 
| 142|0x00000000e8e00000, 0x00000000e8e00000, 0x00000000e8f00000|  0%| F|  |TAMS 0x00000000e8e00000| PB 0x00000000e8e00000| Untracked 
| 143|0x00000000e8f00000, 0x00000000e8f00000, 0x00000000e9000000|  0%| F|  |TAMS 0x00000000e8f00000| PB 0x00000000e8f00000| Untracked 
| 144|0x00000000e9000000, 0x00000000e9000000, 0x00000000e9100000|  0%| F|  |TAMS 0x00000000e9000000| PB 0x00000000e9000000| Untracked 
| 145|0x00000000e9100000, 0x00000000e9100000, 0x00000000e9200000|  0%| F|  |TAMS 0x00000000e9100000| PB 0x00000000e9100000| Untracked 
| 146|0x00000000e9200000, 0x00000000e9200000, 0x00000000e9300000|  0%| F|  |TAMS 0x00000000e9200000| PB 0x00000000e9200000| Untracked 
| 147|0x00000000e9300000, 0x00000000e9300000, 0x00000000e9400000|  0%| F|  |TAMS 0x00000000e9300000| PB 0x00000000e9300000| Untracked 
| 148|0x00000000e9400000, 0x00000000e9400000, 0x00000000e9500000|  0%| F|  |TAMS 0x00000000e9400000| PB 0x00000000e9400000| Untracked 
| 149|0x00000000e9500000, 0x00000000e9500000, 0x00000000e9600000|  0%| F|  |TAMS 0x00000000e9500000| PB 0x00000000e9500000| Untracked 
| 150|0x00000000e9600000, 0x00000000e9600000, 0x00000000e9700000|  0%| F|  |TAMS 0x00000000e9600000| PB 0x00000000e9600000| Untracked 
| 151|0x00000000e9700000, 0x00000000e9700000, 0x00000000e9800000|  0%| F|  |TAMS 0x00000000e9700000| PB 0x00000000e9700000| Untracked 
| 152|0x00000000e9800000, 0x00000000e9800000, 0x00000000e9900000|  0%| F|  |TAMS 0x00000000e9800000| PB 0x00000000e9800000| Untracked 
| 153|0x00000000e9900000, 0x00000000e9900000, 0x00000000e9a00000|  0%| F|  |TAMS 0x00000000e9900000| PB 0x00000000e9900000| Untracked 
| 154|0x00000000e9a00000, 0x00000000e9a00000, 0x00000000e9b00000|  0%| F|  |TAMS 0x00000000e9a00000| PB 0x00000000e9a00000| Untracked 
| 155|0x00000000e9b00000, 0x00000000e9b00000, 0x00000000e9c00000|  0%| F|  |TAMS 0x00000000e9b00000| PB 0x00000000e9b00000| Untracked 
| 156|0x00000000e9c00000, 0x00000000e9c00000, 0x00000000e9d00000|  0%| F|  |TAMS 0x00000000e9c00000| PB 0x00000000e9c00000| Untracked 
| 157|0x00000000e9d00000, 0x00000000e9d00000, 0x00000000e9e00000|  0%| F|  |TAMS 0x00000000e9d00000| PB 0x00000000e9d00000| Untracked 
| 158|0x00000000e9e00000, 0x00000000e9e00000, 0x00000000e9f00000|  0%| F|  |TAMS 0x00000000e9e00000| PB 0x00000000e9e00000| Untracked 
| 159|0x00000000e9f00000, 0x00000000e9f00000, 0x00000000ea000000|  0%| F|  |TAMS 0x00000000e9f00000| PB 0x00000000e9f00000| Untracked 
| 160|0x00000000ea000000, 0x00000000ea000000, 0x00000000ea100000|  0%| F|  |TAMS 0x00000000ea000000| PB 0x00000000ea000000| Untracked 
| 161|0x00000000ea100000, 0x00000000ea100000, 0x00000000ea200000|  0%| F|  |TAMS 0x00000000ea100000| PB 0x00000000ea100000| Untracked 
| 162|0x00000000ea200000, 0x00000000ea200000, 0x00000000ea300000|  0%| F|  |TAMS 0x00000000ea200000| PB 0x00000000ea200000| Untracked 
| 163|0x00000000ea300000, 0x00000000ea300000, 0x00000000ea400000|  0%| F|  |TAMS 0x00000000ea300000| PB 0x00000000ea300000| Untracked 
| 164|0x00000000ea400000, 0x00000000ea400000, 0x00000000ea500000|  0%| F|  |TAMS 0x00000000ea400000| PB 0x00000000ea400000| Untracked 
| 165|0x00000000ea500000, 0x00000000ea500000, 0x00000000ea600000|  0%| F|  |TAMS 0x00000000ea500000| PB 0x00000000ea500000| Untracked 
| 166|0x00000000ea600000, 0x00000000ea600000, 0x00000000ea700000|  0%| F|  |TAMS 0x00000000ea600000| PB 0x00000000ea600000| Untracked 
| 167|0x00000000ea700000, 0x00000000ea700000, 0x00000000ea800000|  0%| F|  |TAMS 0x00000000ea700000| PB 0x00000000ea700000| Untracked 
| 168|0x00000000ea800000, 0x00000000ea800000, 0x00000000ea900000|  0%| F|  |TAMS 0x00000000ea800000| PB 0x00000000ea800000| Untracked 
| 169|0x00000000ea900000, 0x00000000ea900000, 0x00000000eaa00000|  0%| F|  |TAMS 0x00000000ea900000| PB 0x00000000ea900000| Untracked 
| 170|0x00000000eaa00000, 0x00000000eaa00000, 0x00000000eab00000|  0%| F|  |TAMS 0x00000000eaa00000| PB 0x00000000eaa00000| Untracked 
| 171|0x00000000eab00000, 0x00000000eab00000, 0x00000000eac00000|  0%| F|  |TAMS 0x00000000eab00000| PB 0x00000000eab00000| Untracked 
| 172|0x00000000eac00000, 0x00000000eac00000, 0x00000000ead00000|  0%| F|  |TAMS 0x00000000eac00000| PB 0x00000000eac00000| Untracked 
| 173|0x00000000ead00000, 0x00000000ead00000, 0x00000000eae00000|  0%| F|  |TAMS 0x00000000ead00000| PB 0x00000000ead00000| Untracked 
| 174|0x00000000eae00000, 0x00000000eae00000, 0x00000000eaf00000|  0%| F|  |TAMS 0x00000000eae00000| PB 0x00000000eae00000| Untracked 
| 175|0x00000000eaf00000, 0x00000000eaf00000, 0x00000000eb000000|  0%| F|  |TAMS 0x00000000eaf00000| PB 0x00000000eaf00000| Untracked 
| 176|0x00000000eb000000, 0x00000000eb000000, 0x00000000eb100000|  0%| F|  |TAMS 0x00000000eb000000| PB 0x00000000eb000000| Untracked 
| 177|0x00000000eb100000, 0x00000000eb100000, 0x00000000eb200000|  0%| F|  |TAMS 0x00000000eb100000| PB 0x00000000eb100000| Untracked 
| 178|0x00000000eb200000, 0x00000000eb200000, 0x00000000eb300000|  0%| F|  |TAMS 0x00000000eb200000| PB 0x00000000eb200000| Untracked 
| 179|0x00000000eb300000, 0x00000000eb300000, 0x00000000eb400000|  0%| F|  |TAMS 0x00000000eb300000| PB 0x00000000eb300000| Untracked 
| 180|0x00000000eb400000, 0x00000000eb400000, 0x00000000eb500000|  0%| F|  |TAMS 0x00000000eb400000| PB 0x00000000eb400000| Untracked 
| 181|0x00000000eb500000, 0x00000000eb500000, 0x00000000eb600000|  0%| F|  |TAMS 0x00000000eb500000| PB 0x00000000eb500000| Untracked 
| 182|0x00000000eb600000, 0x00000000eb600000, 0x00000000eb700000|  0%| F|  |TAMS 0x00000000eb600000| PB 0x00000000eb600000| Untracked 
| 183|0x00000000eb700000, 0x00000000eb700000, 0x00000000eb800000|  0%| F|  |TAMS 0x00000000eb700000| PB 0x00000000eb700000| Untracked 
| 184|0x00000000eb800000, 0x00000000eb800000, 0x00000000eb900000|  0%| F|  |TAMS 0x00000000eb800000| PB 0x00000000eb800000| Untracked 
| 185|0x00000000eb900000, 0x00000000eb900000, 0x00000000eba00000|  0%| F|  |TAMS 0x00000000eb900000| PB 0x00000000eb900000| Untracked 
| 186|0x00000000eba00000, 0x00000000eba00000, 0x00000000ebb00000|  0%| F|  |TAMS 0x00000000eba00000| PB 0x00000000eba00000| Untracked 
| 187|0x00000000ebb00000, 0x00000000ebb00000, 0x00000000ebc00000|  0%| F|  |TAMS 0x00000000ebb00000| PB 0x00000000ebb00000| Untracked 
| 188|0x00000000ebc00000, 0x00000000ebc80000, 0x00000000ebd00000| 50%| E|  |TAMS 0x00000000ebc00000| PB 0x00000000ebc00000| Complete 
| 189|0x00000000ebd00000, 0x00000000ebe00000, 0x00000000ebe00000|100%| E|CS|TAMS 0x00000000ebd00000| PB 0x00000000ebd00000| Complete 
| 190|0x00000000ebe00000, 0x00000000ebf00000, 0x00000000ebf00000|100%| E|CS|TAMS 0x00000000ebe00000| PB 0x00000000ebe00000| Complete 
| 191|0x00000000ebf00000, 0x00000000ec000000, 0x00000000ec000000|100%| E|CS|TAMS 0x00000000ebf00000| PB 0x00000000ebf00000| Complete 
| 192|0x00000000ec000000, 0x00000000ec100000, 0x00000000ec100000|100%| E|CS|TAMS 0x00000000ec000000| PB 0x00000000ec000000| Complete 
| 193|0x00000000ec100000, 0x00000000ec200000, 0x00000000ec200000|100%| E|CS|TAMS 0x00000000ec100000| PB 0x00000000ec100000| Complete 
| 194|0x00000000ec200000, 0x00000000ec300000, 0x00000000ec300000|100%| E|CS|TAMS 0x00000000ec200000| PB 0x00000000ec200000| Complete 
| 195|0x00000000ec300000, 0x00000000ec400000, 0x00000000ec400000|100%| E|CS|TAMS 0x00000000ec300000| PB 0x00000000ec300000| Complete 
| 196|0x00000000ec400000, 0x00000000ec500000, 0x00000000ec500000|100%| E|CS|TAMS 0x00000000ec400000| PB 0x00000000ec400000| Complete 
| 197|0x00000000ec500000, 0x00000000ec600000, 0x00000000ec600000|100%| E|CS|TAMS 0x00000000ec500000| PB 0x00000000ec500000| Complete 
| 198|0x00000000ec600000, 0x00000000ec700000, 0x00000000ec700000|100%| E|CS|TAMS 0x00000000ec600000| PB 0x00000000ec600000| Complete 
| 199|0x00000000ec700000, 0x00000000ec800000, 0x00000000ec800000|100%| E|CS|TAMS 0x00000000ec700000| PB 0x00000000ec700000| Complete 
| 200|0x00000000ec800000, 0x00000000ec900000, 0x00000000ec900000|100%| E|CS|TAMS 0x00000000ec800000| PB 0x00000000ec800000| Complete 
| 201|0x00000000ec900000, 0x00000000eca00000, 0x00000000eca00000|100%| E|CS|TAMS 0x00000000ec900000| PB 0x00000000ec900000| Complete 
| 202|0x00000000eca00000, 0x00000000ecb00000, 0x00000000ecb00000|100%| E|CS|TAMS 0x00000000eca00000| PB 0x00000000eca00000| Complete 
| 203|0x00000000ecb00000, 0x00000000ecc00000, 0x00000000ecc00000|100%| E|CS|TAMS 0x00000000ecb00000| PB 0x00000000ecb00000| Complete 
| 204|0x00000000ecc00000, 0x00000000ecd00000, 0x00000000ecd00000|100%| E|CS|TAMS 0x00000000ecc00000| PB 0x00000000ecc00000| Complete 
| 205|0x00000000ecd00000, 0x00000000ece00000, 0x00000000ece00000|100%| E|CS|TAMS 0x00000000ecd00000| PB 0x00000000ecd00000| Complete 
| 206|0x00000000ece00000, 0x00000000ecf00000, 0x00000000ecf00000|100%| E|CS|TAMS 0x00000000ece00000| PB 0x00000000ece00000| Complete 
| 207|0x00000000ecf00000, 0x00000000ed000000, 0x00000000ed000000|100%| E|CS|TAMS 0x00000000ecf00000| PB 0x00000000ecf00000| Complete 
| 208|0x00000000ed000000, 0x00000000ed100000, 0x00000000ed100000|100%| E|CS|TAMS 0x00000000ed000000| PB 0x00000000ed000000| Complete 
| 209|0x00000000ed100000, 0x00000000ed200000, 0x00000000ed200000|100%| E|CS|TAMS 0x00000000ed100000| PB 0x00000000ed100000| Complete 
| 210|0x00000000ed200000, 0x00000000ed300000, 0x00000000ed300000|100%| E|CS|TAMS 0x00000000ed200000| PB 0x00000000ed200000| Complete 
| 211|0x00000000ed300000, 0x00000000ed400000, 0x00000000ed400000|100%| E|CS|TAMS 0x00000000ed300000| PB 0x00000000ed300000| Complete 
| 212|0x00000000ed400000, 0x00000000ed500000, 0x00000000ed500000|100%| E|CS|TAMS 0x00000000ed400000| PB 0x00000000ed400000| Complete 
| 213|0x00000000ed500000, 0x00000000ed600000, 0x00000000ed600000|100%| E|CS|TAMS 0x00000000ed500000| PB 0x00000000ed500000| Complete 
| 214|0x00000000ed600000, 0x00000000ed700000, 0x00000000ed700000|100%| E|  |TAMS 0x00000000ed600000| PB 0x00000000ed600000| Complete 
| 215|0x00000000ed700000, 0x00000000ed800000, 0x00000000ed800000|100%| E|CS|TAMS 0x00000000ed700000| PB 0x00000000ed700000| Complete 
| 216|0x00000000ed800000, 0x00000000ed900000, 0x00000000ed900000|100%| E|CS|TAMS 0x00000000ed800000| PB 0x00000000ed800000| Complete 
| 217|0x00000000ed900000, 0x00000000eda00000, 0x00000000eda00000|100%| E|CS|TAMS 0x00000000ed900000| PB 0x00000000ed900000| Complete 
| 218|0x00000000eda00000, 0x00000000edb00000, 0x00000000edb00000|100%| E|CS|TAMS 0x00000000eda00000| PB 0x00000000eda00000| Complete 
| 219|0x00000000edb00000, 0x00000000edc00000, 0x00000000edc00000|100%| E|CS|TAMS 0x00000000edb00000| PB 0x00000000edb00000| Complete 
| 220|0x00000000edc00000, 0x00000000edd00000, 0x00000000edd00000|100%| E|CS|TAMS 0x00000000edc00000| PB 0x00000000edc00000| Complete 
| 221|0x00000000edd00000, 0x00000000ede00000, 0x00000000ede00000|100%| E|CS|TAMS 0x00000000edd00000| PB 0x00000000edd00000| Complete 
| 222|0x00000000ede00000, 0x00000000edf00000, 0x00000000edf00000|100%| E|CS|TAMS 0x00000000ede00000| PB 0x00000000ede00000| Complete 
| 223|0x00000000edf00000, 0x00000000ee000000, 0x00000000ee000000|100%| E|CS|TAMS 0x00000000edf00000| PB 0x00000000edf00000| Complete 
| 224|0x00000000ee000000, 0x00000000ee100000, 0x00000000ee100000|100%| E|CS|TAMS 0x00000000ee000000| PB 0x00000000ee000000| Complete 
| 225|0x00000000ee100000, 0x00000000ee200000, 0x00000000ee200000|100%| E|CS|TAMS 0x00000000ee100000| PB 0x00000000ee100000| Complete 
| 226|0x00000000ee200000, 0x00000000ee300000, 0x00000000ee300000|100%| E|CS|TAMS 0x00000000ee200000| PB 0x00000000ee200000| Complete 
| 227|0x00000000ee300000, 0x00000000ee400000, 0x00000000ee400000|100%| E|CS|TAMS 0x00000000ee300000| PB 0x00000000ee300000| Complete 
| 228|0x00000000ee400000, 0x00000000ee500000, 0x00000000ee500000|100%| E|CS|TAMS 0x00000000ee400000| PB 0x00000000ee400000| Complete 
| 229|0x00000000ee500000, 0x00000000ee600000, 0x00000000ee600000|100%| E|CS|TAMS 0x00000000ee500000| PB 0x00000000ee500000| Complete 
| 230|0x00000000ee600000, 0x00000000ee700000, 0x00000000ee700000|100%| E|CS|TAMS 0x00000000ee600000| PB 0x00000000ee600000| Complete 
| 231|0x00000000ee700000, 0x00000000ee800000, 0x00000000ee800000|100%| E|CS|TAMS 0x00000000ee700000| PB 0x00000000ee700000| Complete 
| 232|0x00000000ee800000, 0x00000000ee900000, 0x00000000ee900000|100%| S|CS|TAMS 0x00000000ee800000| PB 0x00000000ee800000| Complete 
| 233|0x00000000ee900000, 0x00000000eea00000, 0x00000000eea00000|100%| S|CS|TAMS 0x00000000ee900000| PB 0x00000000ee900000| Complete 
| 234|0x00000000eea00000, 0x00000000eeb00000, 0x00000000eeb00000|100%| S|CS|TAMS 0x00000000eea00000| PB 0x00000000eea00000| Complete 
| 235|0x00000000eeb00000, 0x00000000eec00000, 0x00000000eec00000|100%| S|CS|TAMS 0x00000000eeb00000| PB 0x00000000eeb00000| Complete 
| 236|0x00000000eec00000, 0x00000000eed00000, 0x00000000eed00000|100%| E|CS|TAMS 0x00000000eec00000| PB 0x00000000eec00000| Complete 
| 237|0x00000000eed00000, 0x00000000eee00000, 0x00000000eee00000|100%| E|CS|TAMS 0x00000000eed00000| PB 0x00000000eed00000| Complete 
| 238|0x00000000eee00000, 0x00000000eef00000, 0x00000000eef00000|100%| E|CS|TAMS 0x00000000eee00000| PB 0x00000000eee00000| Complete 
| 239|0x00000000eef00000, 0x00000000ef000000, 0x00000000ef000000|100%| E|CS|TAMS 0x00000000eef00000| PB 0x00000000eef00000| Complete 
| 240|0x00000000ef000000, 0x00000000ef100000, 0x00000000ef100000|100%| E|CS|TAMS 0x00000000ef000000| PB 0x00000000ef000000| Complete 
| 241|0x00000000ef100000, 0x00000000ef200000, 0x00000000ef200000|100%| E|CS|TAMS 0x00000000ef100000| PB 0x00000000ef100000| Complete 
| 242|0x00000000ef200000, 0x00000000ef300000, 0x00000000ef300000|100%| E|CS|TAMS 0x00000000ef200000| PB 0x00000000ef200000| Complete 
| 243|0x00000000ef300000, 0x00000000ef400000, 0x00000000ef400000|100%| E|CS|TAMS 0x00000000ef300000| PB 0x00000000ef300000| Complete 
| 244|0x00000000ef400000, 0x00000000ef500000, 0x00000000ef500000|100%| E|CS|TAMS 0x00000000ef400000| PB 0x00000000ef400000| Complete 
| 245|0x00000000ef500000, 0x00000000ef600000, 0x00000000ef600000|100%| E|CS|TAMS 0x00000000ef500000| PB 0x00000000ef500000| Complete 
| 246|0x00000000ef600000, 0x00000000ef700000, 0x00000000ef700000|100%| E|CS|TAMS 0x00000000ef600000| PB 0x00000000ef600000| Complete 
| 247|0x00000000ef700000, 0x00000000ef800000, 0x00000000ef800000|100%| E|CS|TAMS 0x00000000ef700000| PB 0x00000000ef700000| Complete 
| 248|0x00000000ef800000, 0x00000000ef900000, 0x00000000ef900000|100%| E|CS|TAMS 0x00000000ef800000| PB 0x00000000ef800000| Complete 
| 249|0x00000000ef900000, 0x00000000efa00000, 0x00000000efa00000|100%| E|CS|TAMS 0x00000000ef900000| PB 0x00000000ef900000| Complete 
| 250|0x00000000efa00000, 0x00000000efb00000, 0x00000000efb00000|100%| E|CS|TAMS 0x00000000efa00000| PB 0x00000000efa00000| Complete 
| 251|0x00000000efb00000, 0x00000000efc00000, 0x00000000efc00000|100%| E|CS|TAMS 0x00000000efb00000| PB 0x00000000efb00000| Complete 
| 252|0x00000000efc00000, 0x00000000efd00000, 0x00000000efd00000|100%| E|CS|TAMS 0x00000000efc00000| PB 0x00000000efc00000| Complete 
| 253|0x00000000efd00000, 0x00000000efe00000, 0x00000000efe00000|100%| E|CS|TAMS 0x00000000efd00000| PB 0x00000000efd00000| Complete 
| 254|0x00000000efe00000, 0x00000000eff00000, 0x00000000eff00000|100%| E|CS|TAMS 0x00000000efe00000| PB 0x00000000efe00000| Complete 
| 255|0x00000000eff00000, 0x00000000f0000000, 0x00000000f0000000|100%| E|CS|TAMS 0x00000000eff00000| PB 0x00000000eff00000| Complete 

Card table byte_map: [0x000002c1da2a0000,0x000002c1da3a0000] _byte_map_base: 0x000002c1d9ba0000

Marking Bits: (CMBitMap*) 0x000002c1c7c8ab90
 Bits: [0x000002c1da3a0000, 0x000002c1daba0000)

Polling page: 0x000002c1c5bb0000

Metaspace:

Usage:
  Non-class:     49.67 MB used.
      Class:      8.69 MB used.
       Both:     58.36 MB used.

Virtual space:
  Non-class space:       64.00 MB reserved,      50.75 MB ( 79%) committed,  1 nodes.
      Class space:      320.00 MB reserved,       9.75 MB (  3%) committed,  1 nodes.
             Both:      384.00 MB reserved,      60.50 MB ( 16%) committed. 

Chunk freelists:
   Non-Class:  12.63 MB
       Class:  6.27 MB
        Both:  18.90 MB

MaxMetaspaceSize: 384.00 MB
CompressedClassSpaceSize: 320.00 MB
Initial GC threshold: 21.00 MB
Current GC threshold: 99.81 MB
CDS: on
 - commit_granule_bytes: 65536.
 - commit_granule_words: 8192.
 - virtual_space_node_default_size: 8388608.
 - enlarge_chunks_in_place: 1.
 - use_allocation_guard: 0.


Internal statistics:

num_allocs_failed_limit: 15.
num_arena_births: 4158.
num_arena_deaths: 0.
num_vsnodes_births: 2.
num_vsnodes_deaths: 0.
num_space_committed: 968.
num_space_uncommitted: 0.
num_chunks_returned_to_freelist: 15.
num_chunks_taken_from_freelist: 7243.
num_chunk_merges: 6.
num_chunk_splits: 4635.
num_chunks_enlarged: 2758.
num_inconsistent_stats: 0.

CodeHeap 'non-profiled nmethods': size=120000Kb used=5536Kb max_used=5536Kb free=114464Kb
 bounds [0x000002c1d2930000, 0x000002c1d2ea0000, 0x000002c1d9e60000]
CodeHeap 'profiled nmethods': size=120000Kb used=17985Kb max_used=17985Kb free=102014Kb
 bounds [0x000002c1cae60000, 0x000002c1cc000000, 0x000002c1d2390000]
CodeHeap 'non-nmethods': size=5760Kb used=2091Kb max_used=2138Kb free=3668Kb
 bounds [0x000002c1d2390000, 0x000002c1d2600000, 0x000002c1d2930000]
CodeCache: size=245760Kb, used=25612Kb, max_used=25659Kb, free=220146Kb
 total_blobs=10269, nmethods=9496, adapters=677, full_count=0
Compilation: enabled, stopped_count=0, restarted_count=0

Compilation events (20 events):
Event: 311.954 Thread 0x000002c1dd631f00 nmethod 10129 0x000002c1cbfe0290 code [0x000002c1cbfe0460, 0x000002c1cbfe09a8]
Event: 311.954 Thread 0x000002c1dd626e40 nmethod 10128 0x000002c1d2e93d90 code [0x000002c1d2e93f60, 0x000002c1d2e94298]
Event: 311.963 Thread 0x000002c1dd631f00 10130       1       org.gradle.api.internal.cache.DefaultCacheConfigurations$DefaultCacheResourceConfiguration::getEntryRetention (5 bytes)
Event: 311.963 Thread 0x000002c1dd631f00 nmethod 10130 0x000002c1d2e94590 code [0x000002c1d2e94720, 0x000002c1d2e947e8]
Event: 311.963 Thread 0x000002c1dd631f00 10132       3       org.gradle.api.internal.provider.DefaultProperty::convention (36 bytes)
Event: 311.963 Thread 0x000002c1dd631f00 nmethod 10132 0x000002c1cbfe0b10 code [0x000002c1cbfe0da0, 0x000002c1cbfe1c68]
Event: 311.963 Thread 0x000002c1dd631f00 10131       1       org.gradle.api.internal.cache.DefaultCacheConfigurations$DefaultCacheResourceConfiguration_Decorated::getModelIdentityDisplayName (5 bytes)
Event: 311.963 Thread 0x000002c1dd631f00 nmethod 10131 0x000002c1d2e94890 code [0x000002c1d2e94a20, 0x000002c1d2e94ae8]
Event: 311.964 Thread 0x000002c1dd631f00 10133       1       org.gradle.api.internal.provider.DefaultProperty::getType (5 bytes)
Event: 311.964 Thread 0x000002c1dd631f00 nmethod 10133 0x000002c1d2e94b90 code [0x000002c1d2e94d20, 0x000002c1d2e94de8]
Event: 312.263 Thread 0x000002c1dd626e40 10134       4       java.util.ArrayList::contains (14 bytes)
Event: 312.265 Thread 0x000002c1dd626e40 nmethod 10134 0x000002c1d2e94e90 code [0x000002c1d2e95020, 0x000002c1d2e951a0]
Event: 312.268 Thread 0x000002c1dd626e40 10135       4       java.util.concurrent.atomic.AtomicReference::updateAndGet (54 bytes)
Event: 312.278 Thread 0x000002c1dd626e40 nmethod 10135 0x000002c1d2e95310 code [0x000002c1d2e95500, 0x000002c1d2e95db8]
Event: 312.278 Thread 0x000002c1dd626e40 10136       4       org.gradle.internal.service.DefaultServiceRegistry$SingletonService::<init> (55 bytes)
Event: 312.295 Thread 0x000002c1dd631f00 10138       3       com.google.common.collect.ImmutableList::indexOf (14 bytes)
Event: 312.296 Thread 0x000002c1dd631f00 nmethod 10138 0x000002c1cbfe1f90 code [0x000002c1cbfe2140, 0x000002c1cbfe22c8]
Event: 312.296 Thread 0x000002c1dd631f00 10137       3       com.google.common.collect.ImmutableList::contains (14 bytes)
Event: 312.296 Thread 0x000002c1dd631f00 nmethod 10137 0x000002c1cbfe2390 code [0x000002c1cbfe2540, 0x000002c1cbfe2758]
Event: 312.307 Thread 0x000002c1dd631f00 10139       3       org.gradle.api.internal.DefaultNamedDomainObjectCollection$AbstractNamedDomainObjectProvider::<init> (20 bytes)

GC Heap History (20 events):
Event: 9.368 GC heap before
{Heap before GC invocations=0 (full 0):
 garbage-first heap   total 262144K, used 26624K [0x00000000e0000000, 0x0000000100000000)
  region size 1024K, 23 young (23552K), 0 survivors (0K)
 Metaspace       used 2902K, committed 3072K, reserved 393216K
  class space    used 346K, committed 384K, reserved 327680K
}
Event: 9.962 GC heap after
{Heap after GC invocations=1 (full 0):
 garbage-first heap   total 262144K, used 11775K [0x00000000e0000000, 0x0000000100000000)
  region size 1024K, 3 young (3072K), 3 survivors (3072K)
 Metaspace       used 2902K, committed 3072K, reserved 393216K
  class space    used 346K, committed 384K, reserved 327680K
}
Event: 20.764 GC heap before
{Heap before GC invocations=1 (full 0):
 garbage-first heap   total 262144K, used 40447K [0x00000000e0000000, 0x0000000100000000)
  region size 1024K, 30 young (30720K), 3 survivors (3072K)
 Metaspace       used 4635K, committed 4800K, reserved 393216K
  class space    used 596K, committed 704K, reserved 327680K
}
Event: 20.767 GC heap after
{Heap after GC invocations=2 (full 0):
 garbage-first heap   total 262144K, used 14415K [0x00000000e0000000, 0x0000000100000000)
  region size 1024K, 3 young (3072K), 3 survivors (3072K)
 Metaspace       used 4635K, committed 4800K, reserved 393216K
  class space    used 596K, committed 704K, reserved 327680K
}
Event: 74.788 GC heap before
{Heap before GC invocations=2 (full 0):
 garbage-first heap   total 262144K, used 102479K [0x00000000e0000000, 0x0000000100000000)
  region size 1024K, 89 young (91136K), 3 survivors (3072K)
 Metaspace       used 17710K, committed 18240K, reserved 393216K
  class space    used 2462K, committed 2752K, reserved 327680K
}
Event: 74.924 GC heap after
{Heap after GC invocations=3 (full 0):
 garbage-first heap   total 262144K, used 22939K [0x00000000e0000000, 0x0000000100000000)
  region size 1024K, 11 young (11264K), 11 survivors (11264K)
 Metaspace       used 17710K, committed 18240K, reserved 393216K
  class space    used 2462K, committed 2752K, reserved 327680K
}
Event: 77.425 GC heap before
{Heap before GC invocations=3 (full 0):
 garbage-first heap   total 262144K, used 47515K [0x00000000e0000000, 0x0000000100000000)
  region size 1024K, 36 young (36864K), 11 survivors (11264K)
 Metaspace       used 20856K, committed 21504K, reserved 393216K
  class space    used 2982K, committed 3328K, reserved 327680K
}
Event: 77.435 GC heap after
{Heap after GC invocations=4 (full 0):
 garbage-first heap   total 262144K, used 24742K [0x00000000e0000000, 0x0000000100000000)
  region size 1024K, 2 young (2048K), 2 survivors (2048K)
 Metaspace       used 20856K, committed 21504K, reserved 393216K
  class space    used 2982K, committed 3328K, reserved 327680K
}
Event: 95.269 GC heap before
{Heap before GC invocations=5 (full 0):
 garbage-first heap   total 262144K, used 125094K [0x00000000e0000000, 0x0000000100000000)
  region size 1024K, 102 young (104448K), 2 survivors (2048K)
 Metaspace       used 34604K, committed 35968K, reserved 393216K
  class space    used 5126K, committed 5824K, reserved 327680K
}
Event: 95.281 GC heap after
{Heap after GC invocations=6 (full 0):
 garbage-first heap   total 262144K, used 30749K [0x00000000e0000000, 0x0000000100000000)
  region size 1024K, 8 young (8192K), 8 survivors (8192K)
 Metaspace       used 34604K, committed 35968K, reserved 393216K
  class space    used 5126K, committed 5824K, reserved 327680K
}
Event: 95.361 GC heap before
{Heap before GC invocations=6 (full 0):
 garbage-first heap   total 262144K, used 31773K [0x00000000e0000000, 0x0000000100000000)
  region size 1024K, 10 young (10240K), 8 survivors (8192K)
 Metaspace       used 34905K, committed 36288K, reserved 393216K
  class space    used 5153K, committed 5824K, reserved 327680K
}
Event: 95.367 GC heap after
{Heap after GC invocations=7 (full 0):
 garbage-first heap   total 262144K, used 30870K [0x00000000e0000000, 0x0000000100000000)
  region size 1024K, 9 young (9216K), 9 survivors (9216K)
 Metaspace       used 34905K, committed 36288K, reserved 393216K
  class space    used 5153K, committed 5824K, reserved 327680K
}
Event: 95.460 GC heap before
{Heap before GC invocations=7 (full 0):
 garbage-first heap   total 262144K, used 31894K [0x00000000e0000000, 0x0000000100000000)
  region size 1024K, 11 young (11264K), 9 survivors (9216K)
 Metaspace       used 35271K, committed 36608K, reserved 393216K
  class space    used 5209K, committed 5888K, reserved 327680K
}
Event: 95.465 GC heap after
{Heap after GC invocations=8 (full 0):
 garbage-first heap   total 262144K, used 31075K [0x00000000e0000000, 0x0000000100000000)
  region size 1024K, 9 young (9216K), 9 survivors (9216K)
 Metaspace       used 35271K, committed 36608K, reserved 393216K
  class space    used 5209K, committed 5888K, reserved 327680K
}
Event: 186.258 GC heap before
{Heap before GC invocations=9 (full 0):
 garbage-first heap   total 262144K, used 178531K [0x00000000e0000000, 0x0000000100000000)
  region size 1024K, 153 young (156672K), 9 survivors (9216K)
 Metaspace       used 49126K, committed 51200K, reserved 393216K
  class space    used 7438K, committed 8448K, reserved 327680K
}
Event: 186.286 GC heap after
{Heap after GC invocations=10 (full 0):
 garbage-first heap   total 262144K, used 39673K [0x00000000e0000000, 0x0000000100000000)
  region size 1024K, 17 young (17408K), 17 survivors (17408K)
 Metaspace       used 49126K, committed 51200K, reserved 393216K
  class space    used 7438K, committed 8448K, reserved 327680K
}
Event: 251.005 GC heap before
{Heap before GC invocations=10 (full 0):
 garbage-first heap   total 262144K, used 179961K [0x00000000e0000000, 0x0000000100000000)
  region size 1024K, 153 young (156672K), 17 survivors (17408K)
 Metaspace       used 57796K, committed 60096K, reserved 393216K
  class space    used 8689K, committed 9792K, reserved 327680K
}
Event: 251.038 GC heap after
{Heap after GC invocations=11 (full 0):
 garbage-first heap   total 262144K, used 50070K [0x00000000e0000000, 0x0000000100000000)
  region size 1024K, 20 young (20480K), 20 survivors (20480K)
 Metaspace       used 57796K, committed 60096K, reserved 393216K
  class space    used 8689K, committed 9792K, reserved 327680K
}
Event: 253.215 GC heap before
{Heap before GC invocations=11 (full 0):
 garbage-first heap   total 262144K, used 69526K [0x00000000e0000000, 0x0000000100000000)
  region size 1024K, 40 young (40960K), 20 survivors (20480K)
 Metaspace       used 58983K, committed 61248K, reserved 393216K
  class space    used 8871K, committed 9984K, reserved 327680K
}
Event: 253.236 GC heap after
{Heap after GC invocations=12 (full 0):
 garbage-first heap   total 262144K, used 53830K [0x00000000e0000000, 0x0000000100000000)
  region size 1024K, 4 young (4096K), 4 survivors (4096K)
 Metaspace       used 58983K, committed 61248K, reserved 393216K
  class space    used 8871K, committed 9984K, reserved 327680K
}

Dll operation events (20 events):
Event: 2.482 Attempting to load shared library C:\Users\user\.vscode\extensions\redhat.java-1.56.0-win32-x64\jre\21.0.12.1-win32-x86_64\bin\nio.dll
Event: 2.490 Loaded shared library C:\Users\user\.vscode\extensions\redhat.java-1.56.0-win32-x64\jre\21.0.12.1-win32-x86_64\bin\nio.dll
Event: 2.498 Attempting to load shared library C:\Users\user\.vscode\extensions\redhat.java-1.56.0-win32-x64\jre\21.0.12.1-win32-x86_64\bin\zip.dll
Event: 2.498 Loaded shared library C:\Users\user\.vscode\extensions\redhat.java-1.56.0-win32-x64\jre\21.0.12.1-win32-x86_64\bin\zip.dll
Event: 5.293 Attempting to load shared library C:\Users\user\.vscode\extensions\redhat.java-1.56.0-win32-x64\jre\21.0.12.1-win32-x86_64\bin\jimage.dll
Event: 5.293 Loaded shared library C:\Users\user\.vscode\extensions\redhat.java-1.56.0-win32-x64\jre\21.0.12.1-win32-x86_64\bin\jimage.dll
Event: 8.576 Attempting to load shared library C:\Users\user\.vscode\extensions\redhat.java-1.56.0-win32-x64\jre\21.0.12.1-win32-x86_64\bin\verify.dll
Event: 8.593 Loaded shared library C:\Users\user\.vscode\extensions\redhat.java-1.56.0-win32-x64\jre\21.0.12.1-win32-x86_64\bin\verify.dll
Event: 8.988 Attempting to load shared library C:\Users\user\.gradle\native\660c5614fbf4a5f2a75b1949f50a0caf5cd603558e7d8a26e50b933a0cfb79d1\windows-amd64\native-platform.dll
Event: 8.995 Loaded shared library C:\Users\user\.gradle\native\660c5614fbf4a5f2a75b1949f50a0caf5cd603558e7d8a26e50b933a0cfb79d1\windows-amd64\native-platform.dll
Event: 9.142 Attempting to load shared library C:\Users\user\.gradle\native\0.2.8\x86_64-windows-gnu\gradle-fileevents.dll
Event: 9.147 Loaded shared library C:\Users\user\.gradle\native\0.2.8\x86_64-windows-gnu\gradle-fileevents.dll
Event: 28.607 Attempting to load shared library C:\Users\user\.vscode\extensions\redhat.java-1.56.0-win32-x64\jre\21.0.12.1-win32-x86_64\bin\management.dll
Event: 28.631 Loaded shared library C:\Users\user\.vscode\extensions\redhat.java-1.56.0-win32-x64\jre\21.0.12.1-win32-x86_64\bin\management.dll
Event: 28.667 Attempting to load shared library C:\Users\user\.vscode\extensions\redhat.java-1.56.0-win32-x64\jre\21.0.12.1-win32-x86_64\bin\management_ext.dll
Event: 28.697 Loaded shared library C:\Users\user\.vscode\extensions\redhat.java-1.56.0-win32-x64\jre\21.0.12.1-win32-x86_64\bin\management_ext.dll
Event: 49.049 Attempting to load shared library C:\Users\user\.vscode\extensions\redhat.java-1.56.0-win32-x64\jre\21.0.12.1-win32-x86_64\bin\extnet.dll
Event: 49.089 Loaded shared library C:\Users\user\.vscode\extensions\redhat.java-1.56.0-win32-x64\jre\21.0.12.1-win32-x86_64\bin\extnet.dll
Event: 59.368 Attempting to load shared library C:\Users\user\.vscode\extensions\redhat.java-1.56.0-win32-x64\jre\21.0.12.1-win32-x86_64\bin\sunmscapi.dll
Event: 59.477 Loaded shared library C:\Users\user\.vscode\extensions\redhat.java-1.56.0-win32-x64\jre\21.0.12.1-win32-x86_64\bin\sunmscapi.dll

Deoptimization events (20 events):
Event: 305.707 Thread 0x000002c1f8b9baa0 DEOPT PACKING pc=0x000002c1cbde4b7b sp=0x000000c887bfc500
Event: 305.707 Thread 0x000002c1f8b9baa0 DEOPT UNPACKING pc=0x000002c1d23e86e2 sp=0x000000c887bfb9c0 mode 0
Event: 305.707 Thread 0x000002c1f8b9baa0 DEOPT PACKING pc=0x000002c1cbde565b sp=0x000000c887bfc470
Event: 305.707 Thread 0x000002c1f8b9baa0 DEOPT UNPACKING pc=0x000002c1d23e86e2 sp=0x000000c887bfb938 mode 0
Event: 309.308 Thread 0x000002c1dd8d6110 Uncommon trap: trap_request=0xffffffd6 fr.pc=0x000002c1d2e76798 relative=0x0000000000002038
Event: 309.308 Thread 0x000002c1dd8d6110 Uncommon trap: reason=array_check action=maybe_recompile pc=0x000002c1d2e76798 method=org.gradle.internal.service.DefaultServiceRegistry$FactoryService.bind()V @ 342 c2
Event: 309.308 Thread 0x000002c1dd8d6110 DEOPT PACKING pc=0x000002c1d2e76798 sp=0x000000c887efdbd0
Event: 309.308 Thread 0x000002c1dd8d6110 DEOPT UNPACKING pc=0x000002c1d23e7ba2 sp=0x000000c887efdbc0 mode 2
Event: 309.308 Thread 0x000002c1dd8d6110 Uncommon trap: trap_request=0xffffffd6 fr.pc=0x000002c1d2e76798 relative=0x0000000000002038
Event: 309.308 Thread 0x000002c1dd8d6110 Uncommon trap: reason=array_check action=maybe_recompile pc=0x000002c1d2e76798 method=org.gradle.internal.service.DefaultServiceRegistry$FactoryService.bind()V @ 342 c2
Event: 309.308 Thread 0x000002c1dd8d6110 DEOPT PACKING pc=0x000002c1d2e76798 sp=0x000000c887efdda0
Event: 309.308 Thread 0x000002c1dd8d6110 DEOPT UNPACKING pc=0x000002c1d23e7ba2 sp=0x000000c887efdd90 mode 2
Event: 309.330 Thread 0x000002c1dd8d6110 Uncommon trap: trap_request=0xffffffd6 fr.pc=0x000002c1d2e76b6c relative=0x000000000000240c
Event: 309.330 Thread 0x000002c1dd8d6110 Uncommon trap: reason=array_check action=maybe_recompile pc=0x000002c1d2e76b6c method=org.gradle.internal.service.DefaultServiceRegistry$FactoryService.bind()V @ 192 c2
Event: 309.330 Thread 0x000002c1dd8d6110 DEOPT PACKING pc=0x000002c1d2e76b6c sp=0x000000c887efdc50
Event: 309.330 Thread 0x000002c1dd8d6110 DEOPT UNPACKING pc=0x000002c1d23e7ba2 sp=0x000000c887efdc40 mode 2
Event: 309.330 Thread 0x000002c1dd8d6110 Uncommon trap: trap_request=0xffffffd6 fr.pc=0x000002c1d2e76798 relative=0x0000000000002038
Event: 309.330 Thread 0x000002c1dd8d6110 Uncommon trap: reason=array_check action=maybe_recompile pc=0x000002c1d2e76798 method=org.gradle.internal.service.DefaultServiceRegistry$FactoryService.bind()V @ 342 c2
Event: 309.330 Thread 0x000002c1dd8d6110 DEOPT PACKING pc=0x000002c1d2e76798 sp=0x000000c887efdab0
Event: 309.330 Thread 0x000002c1dd8d6110 DEOPT UNPACKING pc=0x000002c1d23e7ba2 sp=0x000000c887efdaa0 mode 2

Classes loaded (20 events):
Event: 253.156 Loading class java/io/ObjectStreamClass$ExceptionInfo
Event: 253.156 Loading class java/io/ObjectStreamClass$ExceptionInfo done
Event: 253.214 Loading class java/io/CharArrayWriter
Event: 253.237 Loading class java/io/CharArrayWriter done
Event: 254.421 Loading class java/io/ObjectStreamClass$1
Event: 254.422 Loading class java/io/ObjectStreamClass$1 done
Event: 254.422 Loading class java/io/ObjectStreamClass$MemberSignature
Event: 254.422 Loading class java/io/ObjectStreamClass$MemberSignature done
Event: 254.422 Loading class java/io/ObjectStreamClass$3
Event: 254.422 Loading class java/io/ObjectStreamClass$3 done
Event: 254.422 Loading class java/io/ObjectStreamClass$4
Event: 254.422 Loading class java/io/ObjectStreamClass$4 done
Event: 254.422 Loading class java/io/ObjectStreamClass$5
Event: 254.423 Loading class java/io/ObjectStreamClass$5 done
Event: 254.436 Loading class java/net/UrlDeserializedState
Event: 254.436 Loading class java/net/UrlDeserializedState done
Event: 254.437 Loading class java/net/Proxy
Event: 254.437 Loading class java/net/Proxy done
Event: 272.041 Loading class java/util/concurrent/CompletableFuture$Signaller
Event: 272.043 Loading class java/util/concurrent/CompletableFuture$Signaller done

Classes unloaded (0 events):
No events

Classes redefined (0 events):
No events

Internal exceptions (20 events):
Event: 292.943 Thread 0x000002c1dd8d6110 Exception <a 'java/lang/NoClassDefFoundError'{0x00000000ed6f5b60}: org/jetbrains/kotlin/gradle/plugin/KotlinPluginWrapper> (0x00000000ed6f5b60) 
thrown [s\src\hotspot\share\oops\constantPool.cpp, line 873]
Event: 292.943 Thread 0x000002c1dd8d6110 Exception <a 'java/lang/NoClassDefFoundError'{0x00000000ed6f8218}: org/graalvm/buildtools/gradle/NativeImagePlugin> (0x00000000ed6f8218) 
thrown [s\src\hotspot\share\oops\constantPool.cpp, line 873]
Event: 292.943 Thread 0x000002c1dd8d6110 Exception <a 'java/lang/NoClassDefFoundError'{0x00000000ed6fa8c0}: org/cyclonedx/gradle/CyclonedxPlugin> (0x00000000ed6fa8c0) 
thrown [s\src\hotspot\share\oops\constantPool.cpp, line 873]
Event: 292.943 Thread 0x000002c1dd8d6110 Exception <a 'java/lang/NoClassDefFoundError'{0x00000000ed6fcf78}: com/google/protobuf/gradle/ProtobufPlugin> (0x00000000ed6fcf78) 
thrown [s\src\hotspot\share\oops\constantPool.cpp, line 873]
Event: 293.250 Thread 0x000002c1dd8d6110 Exception <a 'sun/nio/fs/WindowsException'{0x00000000ed58ad58}> (0x00000000ed58ad58) 
thrown [s\src\hotspot\share\prims\jni.cpp, line 520]
Event: 295.812 Thread 0x000002c1fb2d6b20 Exception <a 'java/io/IOException'{0x00000000ed1e8b98}> (0x00000000ed1e8b98) 
thrown [s\src\hotspot\share\prims\jni.cpp, line 520]
Event: 296.942 Thread 0x000002c1fb2d71b0 Exception <a 'sun/net/ConnectionResetException'{0x00000000ed03ca88}: Connection reset> (0x00000000ed03ca88) 
thrown [s\src\hotspot\share\prims\jni.cpp, line 539]
Event: 300.120 Thread 0x000002c1dd8d6110 Exception <a 'sun/nio/fs/WindowsException'{0x00000000ecc603e8}> (0x00000000ecc603e8) 
thrown [s\src\hotspot\share\prims\jni.cpp, line 520]
Event: 300.145 Thread 0x000002c1dd8d6110 Exception <a 'sun/nio/fs/WindowsException'{0x00000000ecc61b60}> (0x00000000ecc61b60) 
thrown [s\src\hotspot\share\prims\jni.cpp, line 520]
Event: 300.173 Thread 0x000002c1dd8d6110 Exception <a 'sun/nio/fs/WindowsException'{0x00000000ecc632d0}> (0x00000000ecc632d0) 
thrown [s\src\hotspot\share\prims\jni.cpp, line 520]
Event: 300.199 Thread 0x000002c1dd8d6110 Exception <a 'sun/nio/fs/WindowsException'{0x00000000ecc64a30}> (0x00000000ecc64a30) 
thrown [s\src\hotspot\share\prims\jni.cpp, line 520]
Event: 304.161 Thread 0x000002c1dd8d6110 Exception <a 'java/lang/NoClassDefFoundError'{0x00000000ec41da90}: org/jetbrains/kotlin/gradle/plugin/KotlinPluginWrapper> (0x00000000ec41da90) 
thrown [s\src\hotspot\share\oops\constantPool.cpp, line 873]
Event: 304.161 Thread 0x000002c1dd8d6110 Exception <a 'java/lang/NoClassDefFoundError'{0x00000000ec420148}: org/graalvm/buildtools/gradle/NativeImagePlugin> (0x00000000ec420148) 
thrown [s\src\hotspot\share\oops\constantPool.cpp, line 873]
Event: 304.161 Thread 0x000002c1dd8d6110 Exception <a 'java/lang/NoClassDefFoundError'{0x00000000ec4227f0}: org/cyclonedx/gradle/CyclonedxPlugin> (0x00000000ec4227f0) 
thrown [s\src\hotspot\share\oops\constantPool.cpp, line 873]
Event: 304.161 Thread 0x000002c1dd8d6110 Exception <a 'java/lang/NoClassDefFoundError'{0x00000000ec424ea8}: com/google/protobuf/gradle/ProtobufPlugin> (0x00000000ec424ea8) 
thrown [s\src\hotspot\share\oops\constantPool.cpp, line 873]
Event: 304.443 Thread 0x000002c1dd8d6110 Exception <a 'sun/nio/fs/WindowsException'{0x00000000ec36ec90}> (0x00000000ec36ec90) 
thrown [s\src\hotspot\share\prims\jni.cpp, line 520]
Event: 311.987 Thread 0x000002c1dd8d6110 Exception <a 'sun/nio/fs/WindowsException'{0x00000000ebe7cbe8}> (0x00000000ebe7cbe8) 
thrown [s\src\hotspot\share\prims\jni.cpp, line 520]
Event: 312.010 Thread 0x000002c1dd8d6110 Exception <a 'sun/nio/fs/WindowsException'{0x00000000ebe7e0b0}> (0x00000000ebe7e0b0) 
thrown [s\src\hotspot\share\prims\jni.cpp, line 520]
Event: 312.037 Thread 0x000002c1dd8d6110 Exception <a 'sun/nio/fs/WindowsException'{0x00000000ebe7f570}> (0x00000000ebe7f570) 
thrown [s\src\hotspot\share\prims\jni.cpp, line 520]
Event: 312.068 Thread 0x000002c1dd8d6110 Exception <a 'sun/nio/fs/WindowsException'{0x00000000ebe80a20}> (0x00000000ebe80a20) 
thrown [s\src\hotspot\share\prims\jni.cpp, line 520]

ZGC Phase Switch (0 events):
No events

VM Operations (20 events):
Event: 301.880 Executing safepoint VM operation: Cleanup
Event: 301.880 Executing safepoint VM operation: Cleanup done
Event: 302.890 Executing safepoint VM operation: Cleanup
Event: 302.890 Executing safepoint VM operation: Cleanup done
Event: 303.899 Executing safepoint VM operation: Cleanup
Event: 303.900 Executing safepoint VM operation: Cleanup done
Event: 304.907 Executing safepoint VM operation: Cleanup
Event: 304.907 Executing safepoint VM operation: Cleanup done
Event: 305.913 Executing safepoint VM operation: Cleanup
Event: 305.913 Executing safepoint VM operation: Cleanup done
Event: 306.922 Executing safepoint VM operation: Cleanup
Event: 306.922 Executing safepoint VM operation: Cleanup done
Event: 308.937 Executing safepoint VM operation: Cleanup
Event: 308.937 Executing safepoint VM operation: Cleanup done
Event: 309.949 Executing safepoint VM operation: Cleanup
Event: 309.949 Executing safepoint VM operation: Cleanup done
Event: 310.963 Executing safepoint VM operation: Cleanup
Event: 310.963 Executing safepoint VM operation: Cleanup done
Event: 311.974 Executing safepoint VM operation: Cleanup
Event: 311.974 Executing safepoint VM operation: Cleanup done

Memory protections (0 events):
No events

Nmethod flushes (20 events):
Event: 253.287 Thread 0x000002c1dd5f4870 flushing  nmethod 0x000002c1cb2cae90
Event: 253.287 Thread 0x000002c1dd5f4870 flushing  nmethod 0x000002c1cb2cbd10
Event: 253.287 Thread 0x000002c1dd5f4870 flushing  nmethod 0x000002c1cb4eec10
Event: 253.287 Thread 0x000002c1dd5f4870 flushing  nmethod 0x000002c1d2982390
Event: 253.287 Thread 0x000002c1dd5f4870 flushing  nmethod 0x000002c1d2984f10
Event: 253.287 Thread 0x000002c1dd5f4870 flushing  nmethod 0x000002c1caebeb90
Event: 253.287 Thread 0x000002c1dd5f4870 flushing  nmethod 0x000002c1caebf010
Event: 253.287 Thread 0x000002c1dd5f4870 flushing  nmethod 0x000002c1caebfa10
Event: 253.287 Thread 0x000002c1dd5f4870 flushing  nmethod 0x000002c1caec3510
Event: 253.287 Thread 0x000002c1dd5f4870 flushing  nmethod 0x000002c1caf49e90
Event: 253.287 Thread 0x000002c1dd5f4870 flushing  nmethod 0x000002c1caff3690
Event: 253.287 Thread 0x000002c1dd5f4870 flushing  nmethod 0x000002c1caff5b90
Event: 253.287 Thread 0x000002c1dd5f4870 flushing  nmethod 0x000002c1caff6110
Event: 253.287 Thread 0x000002c1dd5f4870 flushing  nmethod 0x000002c1caff8e10
Event: 253.287 Thread 0x000002c1dd5f4870 flushing  nmethod 0x000002c1caffcd10
Event: 253.287 Thread 0x000002c1dd5f4870 flushing  nmethod 0x000002c1cb154110
Event: 253.287 Thread 0x000002c1dd5f4870 flushing  nmethod 0x000002c1cb154790
Event: 253.287 Thread 0x000002c1dd5f4870 flushing  nmethod 0x000002c1cb16e510
Event: 253.287 Thread 0x000002c1dd5f4870 flushing  nmethod 0x000002c1cb4d3410
Event: 253.287 Thread 0x000002c1dd5f4870 flushing  nmethod 0x000002c1cb574f10

Events (20 events):
Event: 304.675 Thread 0x000002c1fa53fc80 Thread exited: 0x000002c1fa53fc80
Event: 304.694 Thread 0x000002c1fb2d6490 Thread exited: 0x000002c1fb2d6490
Event: 304.699 Thread 0x000002c1fb2dacc0 Thread exited: 0x000002c1fb2dacc0
Event: 304.717 Thread 0x000002c1fb2da630 Thread exited: 0x000002c1fb2da630
Event: 305.710 Thread 0x000002c1fb2d8560 Thread exited: 0x000002c1fb2d8560
Event: 305.804 Thread 0x000002c1fb2d7840 Thread exited: 0x000002c1fb2d7840
Event: 308.482 Thread 0x000002c1f8b9baa0 Thread added: 0x000002c1fa5409a0
Event: 308.616 Thread 0x000002c1fb2d8bf0 Thread added: 0x000002c1fa540310
Event: 308.671 Thread 0x000002c1f8b9baa0 Thread added: 0x000002c1fa5423e0
Event: 308.763 Thread 0x000002c1fb2d8bf0 Thread added: 0x000002c1fa541030
Event: 309.154 Thread 0x000002c1fa541030 Thread exited: 0x000002c1fa541030
Event: 309.179 Thread 0x000002c1fa540310 Thread exited: 0x000002c1fa540310
Event: 309.231 Thread 0x000002c1dd8d6110 Thread added: 0x000002c1fa5416c0
Event: 309.237 Thread 0x000002c1dd8d6110 Thread added: 0x000002c1fa541030
Event: 309.267 Thread 0x000002c1dd8d6110 Thread added: 0x000002c1fa53ef60
Event: 309.507 Thread 0x000002c1dd8d6110 Thread added: 0x000002c1fa542a70
Event: 309.842 Thread 0x000002c1dd8d6110 Thread added: 0x000002c1fa53f5f0
Event: 311.185 Thread 0x000002c1dd8d6110 Thread added: 0x000002c1fa543100
Event: 311.530 Thread 0x000002c1dd8d6110 Thread added: 0x000002c1fa540310
Event: 311.704 Thread 0x000002c1dd8d6110 Thread added: 0x000002c1fa53fc80


Dynamic libraries:
0x00007ff6187a0000 - 0x00007ff6187ae000 	C:\Users\user\.vscode\extensions\redhat.java-1.56.0-win32-x64\jre\21.0.12.1-win32-x86_64\bin\java.exe
0x00007ffcbcde0000 - 0x00007ffcbd047000 	C:\WINDOWS\SYSTEM32\ntdll.dll
0x00007ffcbb7a0000 - 0x00007ffcbb86b000 	C:\WINDOWS\System32\KERNEL32.DLL
0x00007ffcba6f0000 - 0x00007ffcbaaf2000 	C:\WINDOWS\System32\KERNELBASE.dll
0x00007ffcba460000 - 0x00007ffcba5ac000 	C:\WINDOWS\System32\ucrtbase.dll
0x00007ffca6300000 - 0x00007ffca631e000 	C:\Users\user\.vscode\extensions\redhat.java-1.56.0-win32-x64\jre\21.0.12.1-win32-x86_64\bin\VCRUNTIME140.dll
0x00007ffca62c0000 - 0x00007ffca62d8000 	C:\Users\user\.vscode\extensions\redhat.java-1.56.0-win32-x64\jre\21.0.12.1-win32-x86_64\bin\jli.dll
0x00007ffcbad00000 - 0x00007ffcbaecf000 	C:\WINDOWS\System32\USER32.dll
0x00007ffcba090000 - 0x00007ffcba0b7000 	C:\WINDOWS\System32\win32u.dll
0x00007ffcbc7f0000 - 0x00007ffcbc81b000 	C:\WINDOWS\System32\GDI32.dll
0x00007ffcba5c0000 - 0x00007ffcba6e9000 	C:\WINDOWS\System32\gdi32full.dll
0x00007ffcb9fe0000 - 0x00007ffcba083000 	C:\WINDOWS\System32\msvcp_win.dll
0x00007ffca3f40000 - 0x00007ffca41d0000 	C:\WINDOWS\WinSxS\amd64_microsoft.windows.common-controls_6595b64144ccf1df_6.0.26100.9278_none_3e0d1ba8e3303201\COMCTL32.dll
0x00007ffcbc740000 - 0x00007ffcbc7e9000 	C:\WINDOWS\System32\msvcrt.dll
0x00007ffcbaca0000 - 0x00007ffcbacd1000 	C:\WINDOWS\System32\IMM32.DLL
0x00007ffcb4270000 - 0x00007ffcb427c000 	C:\Users\user\.vscode\extensions\redhat.java-1.56.0-win32-x64\jre\21.0.12.1-win32-x86_64\bin\vcruntime140_1.dll
0x00007ffc90d80000 - 0x00007ffc90e0d000 	C:\Users\user\.vscode\extensions\redhat.java-1.56.0-win32-x64\jre\21.0.12.1-win32-x86_64\bin\msvcp140.dll
0x00007ffc0df50000 - 0x00007ffc0ecf2000 	C:\Users\user\.vscode\extensions\redhat.java-1.56.0-win32-x64\jre\21.0.12.1-win32-x86_64\bin\server\jvm.dll
0x00007ffcbc670000 - 0x00007ffcbc72c000 	C:\WINDOWS\System32\ADVAPI32.dll
0x00007ffcbc550000 - 0x00007ffcbc5f9000 	C:\WINDOWS\System32\sechost.dll
0x00007ffcbc430000 - 0x00007ffcbc548000 	C:\WINDOWS\System32\RPCRT4.dll
0x00007ffcbac10000 - 0x00007ffcbac90000 	C:\WINDOWS\System32\WS2_32.dll
0x00007ffcb9e40000 - 0x00007ffcb9e9e000 	C:\WINDOWS\SYSTEM32\POWRPROF.dll
0x00007ffca4200000 - 0x00007ffca4236000 	C:\WINDOWS\SYSTEM32\WINMM.dll
0x00007ffca7c00000 - 0x00007ffca7c0b000 	C:\WINDOWS\SYSTEM32\VERSION.dll
0x00007ffcb9e20000 - 0x00007ffcb9e35000 	C:\WINDOWS\SYSTEM32\UMPDC.dll
0x00007ffcb8ca0000 - 0x00007ffcb8cbb000 	C:\WINDOWS\SYSTEM32\kernel.appcore.dll
0x00007ffca71e0000 - 0x00007ffca71ea000 	C:\Users\user\.vscode\extensions\redhat.java-1.56.0-win32-x64\jre\21.0.12.1-win32-x86_64\bin\jimage.dll
0x00007ffcb7500000 - 0x00007ffcb774c000 	C:\WINDOWS\SYSTEM32\DBGHELP.DLL
0x00007ffcbc900000 - 0x00007ffcbcc85000 	C:\WINDOWS\System32\combase.dll
0x00007ffcbb870000 - 0x00007ffcbb949000 	C:\WINDOWS\System32\OLEAUT32.dll
0x00007ffc9dc80000 - 0x00007ffc9dcbb000 	C:\WINDOWS\SYSTEM32\dbgcore.DLL
0x00007ffcba310000 - 0x00007ffcba3bc000 	C:\WINDOWS\System32\bcryptPrimitives.dll
0x00007ffc9f6e0000 - 0x00007ffc9f6ef000 	C:\Users\user\.vscode\extensions\redhat.java-1.56.0-win32-x64\jre\21.0.12.1-win32-x86_64\bin\instrument.dll
0x00007ffc9e860000 - 0x00007ffc9e880000 	C:\Users\user\.vscode\extensions\redhat.java-1.56.0-win32-x64\jre\21.0.12.1-win32-x86_64\bin\java.dll
0x00007ffcbb950000 - 0x00007ffcbc0e8000 	C:\WINDOWS\System32\SHELL32.dll
0x00007ffcb78e0000 - 0x00007ffcb818e000 	C:\WINDOWS\SYSTEM32\windows.storage.dll
0x00007ffcbafa0000 - 0x00007ffcbb09b000 	C:\WINDOWS\System32\SHCORE.dll
0x00007ffcbb0a0000 - 0x00007ffcbb106000 	C:\WINDOWS\System32\shlwapi.dll
0x00007ffcb9f00000 - 0x00007ffcb9f29000 	C:\WINDOWS\SYSTEM32\profapi.dll
0x00007ffc9ba10000 - 0x00007ffc9ba28000 	C:\Users\user\.vscode\extensions\redhat.java-1.56.0-win32-x64\jre\21.0.12.1-win32-x86_64\bin\zip.dll
0x00007ffca70b0000 - 0x00007ffca70c0000 	C:\Users\user\.vscode\extensions\redhat.java-1.56.0-win32-x64\jre\21.0.12.1-win32-x86_64\bin\net.dll
0x00007ffcaf7d0000 - 0x00007ffcaf8fa000 	C:\WINDOWS\SYSTEM32\WINHTTP.dll
0x00007ffcb9260000 - 0x00007ffcb92cc000 	C:\WINDOWS\system32\mswsock.dll
0x00007ffc9b980000 - 0x00007ffc9b996000 	C:\Users\user\.vscode\extensions\redhat.java-1.56.0-win32-x64\jre\21.0.12.1-win32-x86_64\bin\nio.dll
0x00007ffc9e710000 - 0x00007ffc9e720000 	C:\Users\user\.vscode\extensions\redhat.java-1.56.0-win32-x64\jre\21.0.12.1-win32-x86_64\bin\verify.dll
0x00007ffc910f0000 - 0x00007ffc91117000 	C:\Users\user\.gradle\native\660c5614fbf4a5f2a75b1949f50a0caf5cd603558e7d8a26e50b933a0cfb79d1\windows-amd64\native-platform.dll
0x00007ffc86e30000 - 0x00007ffc86ea7000 	C:\Users\user\.gradle\native\0.2.8\x86_64-windows-gnu\gradle-fileevents.dll
0x00007ffc96b90000 - 0x00007ffc96b9a000 	C:\Users\user\.vscode\extensions\redhat.java-1.56.0-win32-x64\jre\21.0.12.1-win32-x86_64\bin\management.dll
0x00007ffc96b80000 - 0x00007ffc96b8c000 	C:\Users\user\.vscode\extensions\redhat.java-1.56.0-win32-x64\jre\21.0.12.1-win32-x86_64\bin\management_ext.dll
0x00007ffcbcc90000 - 0x00007ffcbcc98000 	C:\WINDOWS\System32\PSAPI.DLL
0x00007ffcb8730000 - 0x00007ffcb8763000 	C:\WINDOWS\SYSTEM32\IPHLPAPI.DLL
0x00007ffcbc420000 - 0x00007ffcbc42a000 	C:\WINDOWS\System32\NSI.dll
0x00007ffc918b0000 - 0x00007ffc918b9000 	C:\Users\user\.vscode\extensions\redhat.java-1.56.0-win32-x64\jre\21.0.12.1-win32-x86_64\bin\extnet.dll
0x00007ffcb9550000 - 0x00007ffcb956b000 	C:\WINDOWS\SYSTEM32\CRYPTSP.dll
0x00007ffcb8c00000 - 0x00007ffcb8c39000 	C:\WINDOWS\system32\rsaenh.dll
0x00007ffcb9310000 - 0x00007ffcb9344000 	C:\WINDOWS\SYSTEM32\USERENV.dll
0x00007ffcb9ed0000 - 0x00007ffcb9efa000 	C:\WINDOWS\SYSTEM32\bcrypt.dll
0x00007ffcb9570000 - 0x00007ffcb957c000 	C:\WINDOWS\SYSTEM32\CRYPTBASE.dll
0x00007ffc910e0000 - 0x00007ffc910ee000 	C:\Users\user\.vscode\extensions\redhat.java-1.56.0-win32-x64\jre\21.0.12.1-win32-x86_64\bin\sunmscapi.dll
0x00007ffcba0c0000 - 0x00007ffcba23e000 	C:\WINDOWS\System32\CRYPT32.dll
0x00007ffcb9790000 - 0x00007ffcb97c0000 	C:\WINDOWS\SYSTEM32\ncrypt.dll
0x00007ffcb9740000 - 0x00007ffcb977f000 	C:\WINDOWS\SYSTEM32\NTASN1.dll
0x00007ffc4d6a0000 - 0x00007ffc4d6a8000 	C:\WINDOWS\system32\wshunix.dll

JVMTI agents:
C:\Users\user\.gradle\wrapper\dists\gradle-9.5.1-bin\iq79hdu3mqx29lgffhp8bfmx\gradle-9.5.1\lib\agents\gradle-instrumentation-agent-9.5.1.jar path:C:\Users\user\.vscode\extensions\redhat.java-1.56.0-win32-x64\jre\21.0.12.1-win32-x86_64\bin\instrument.dll, loaded, initialized, instrumentlib options:none

dbghelp: loaded successfully - version: 4.0.5 - missing functions: none
symbol engine: initialized successfully - sym options: 0x614 - pdb path: .;C:\Users\user\.vscode\extensions\redhat.java-1.56.0-win32-x64\jre\21.0.12.1-win32-x86_64\bin;C:\WINDOWS\SYSTEM32;C:\WINDOWS\WinSxS\amd64_microsoft.windows.common-controls_6595b64144ccf1df_6.0.26100.9278_none_3e0d1ba8e3303201;C:\Users\user\.vscode\extensions\redhat.java-1.56.0-win32-x64\jre\21.0.12.1-win32-x86_64\bin\server;C:\Users\user\.gradle\native\660c5614fbf4a5f2a75b1949f50a0caf5cd603558e7d8a26e50b933a0cfb79d1\windows-amd64;C:\Users\user\.gradle\native\0.2.8\x86_64-windows-gnu

VM Arguments:
jvm_args: --add-opens=java.base/java.lang=ALL-UNNAMED --add-opens=java.base/java.lang.invoke=ALL-UNNAMED --add-opens=java.base/java.util=ALL-UNNAMED --add-opens=java.prefs/java.util.prefs=ALL-UNNAMED --add-exports=jdk.compiler/com.sun.tools.javac.api=ALL-UNNAMED --add-exports=jdk.compiler/com.sun.tools.javac.util=ALL-UNNAMED --add-opens=java.base/java.nio.charset=ALL-UNNAMED --add-opens=java.base/java.net=ALL-UNNAMED --add-opens=java.base/java.util.concurrent=ALL-UNNAMED --add-opens=java.base/java.util.concurrent.atomic=ALL-UNNAMED --add-opens=java.xml/javax.xml.namespace=ALL-UNNAMED --add-opens=java.base/java.time=ALL-UNNAMED -XX:MaxMetaspaceSize=384m -XX:+HeapDumpOnOutOfMemoryError -Xms256m -Xmx512m -Dfile.encoding=UTF-8 -Duser.country=KR -Duser.language=ko -Duser.variant -javaagent:C:\Users\user\.gradle\wrapper\dists\gradle-9.5.1-bin\iq79hdu3mqx29lgffhp8bfmx\gradle-9.5.1\lib\agents\gradle-instrumentation-agent-9.5.1.jar 
java_command: org.gradle.launcher.daemon.bootstrap.GradleDaemon 9.5.1
java_class_path (initial): C:\Users\user\.gradle\wrapper\dists\gradle-9.5.1-bin\iq79hdu3mqx29lgffhp8bfmx\gradle-9.5.1\lib\gradle-daemon-main-9.5.1.jar
Launcher Type: SUN_STANDARD

[Global flags]
     intx CICompilerCount                          = 4                                         {product} {ergonomic}
   size_t CompressedClassSpaceSize                 = 335544320                                 {product} {ergonomic}
     uint ConcGCThreads                            = 2                                         {product} {ergonomic}
     uint G1ConcRefinementThreads                  = 8                                         {product} {ergonomic}
   size_t G1HeapRegionSize                         = 1048576                                   {product} {ergonomic}
    uintx GCDrainStackTargetSize                   = 64                                        {product} {ergonomic}
     bool HeapDumpOnOutOfMemoryError               = true                                   {manageable} {command line}
   size_t InitialHeapSize                          = 268435456                                 {product} {command line}
   size_t MarkStackSize                            = 4194304                                   {product} {ergonomic}
   size_t MaxHeapSize                              = 536870912                                 {product} {command line}
   size_t MaxMetaspaceSize                         = 402653184                                 {product} {command line}
   size_t MaxNewSize                               = 321912832                                 {product} {ergonomic}
   size_t MinHeapDeltaBytes                        = 1048576                                   {product} {ergonomic}
   size_t MinHeapSize                              = 268435456                                 {product} {command line}
    uintx NonNMethodCodeHeapSize                   = 5839372                                {pd product} {ergonomic}
    uintx NonProfiledCodeHeapSize                  = 122909434                              {pd product} {ergonomic}
    uintx ProfiledCodeHeapSize                     = 122909434                              {pd product} {ergonomic}
    uintx ReservedCodeCacheSize                    = 251658240                              {pd product} {ergonomic}
     bool SegmentedCodeCache                       = true                                      {product} {ergonomic}
   size_t SoftMaxHeapSize                          = 536870912                              {manageable} {ergonomic}
     bool UseCompressedOops                        = true                           {product lp64_product} {ergonomic}
     bool UseG1GC                                  = true                                      {product} {ergonomic}
     bool UseLargePagesIndividualAllocation        = false                                  {pd product} {ergonomic}

Logging:
Log output configuration:
 #0: stdout all=warning uptime,level,tags foldmultilines=false
 #1: stderr all=off uptime,level,tags foldmultilines=false

Release file:
JAVA_VERSION="21.0.12.1" 
MODULES="java.base java.compiler java.datatransfer java.xml java.prefs java.desktop java.instrument java.logging java.management java.security.sasl java.naming java.rmi java.management.rmi java.net.http java.scripting java.security.jgss java.transaction.xa java.sql java.sql.rowset java.xml.crypto java.se java.smartcardio jdk.accessibility jdk.internal.jvmstat jdk.attach jdk.charsets jdk.internal.opt jdk.zipfs jdk.compiler jdk.crypto.ec jdk.crypto.cryptoki jdk.crypto.mscapi jdk.dynalink jdk.internal.ed jdk.editpad jdk.hotspot.agent jdk.httpserver jdk.internal.le jdk.internal.vm.ci jdk.internal.vm.compiler jdk.internal.vm.compiler.management jdk.jartool jdk.javadoc jdk.jcmd jdk.management jdk.management.agent jdk.jconsole jdk.jdeps jdk.jdwp.agent jdk.jdi jdk.jfr jdk.jshell jdk.jsobject jdk.jstatd jdk.localedata jdk.management.jfr jdk.naming.dns jdk.naming.rmi jdk.net jdk.nio.mapmode jdk.random jdk.sctp jdk.security.auth jdk.security.jgss jdk.unsupported jdk.unsupported.desktop jdk.xml.dom" 

Environment Variables:
PATH=C:\Program Files\Common Files\Oracle\Java\javapath;C:\Program Files\Python313\Scripts\;C:\Program Files\Python313\;C:\WINDOWS\system32;C:\WINDOWS;C:\WINDOWS\System32\Wbem;C:\WINDOWS\System32\WindowsPowerShell\v1.0\;C:\WINDOWS\System32\OpenSSH\;C:\Program Files\Git\cmd;C:\Program Files (x86)\cloudflared\;C:\Program Files\nodejs\;C:\Users\user\Desktop\Scripts\;C:\Users\user\Desktop\;C:\Users\user\AppData\Local\Microsoft\WindowsApps;C:\Users\user\AppData\Local\Programs\Microsoft VS Code\bin;C:\Program Files\Multipass\bin;C:\intelFPGA_lite\18.1\modelsim_ase\win32aloem;C:\Users\user\Desktop\opencv\build\x64\vc15\bin;C:\Users\user\AppData\Roaming\npm
USERNAME=user
OS=Windows_NT
PROCESSOR_IDENTIFIER=Intel64 Family 6 Model 140 Stepping 1, GenuineIntel
TMP=C:\Users\user\AppData\Local\Temp
TEMP=C:\Users\user\AppData\Local\Temp




Periodic native trim disabled

---------------  S Y S T E M  ---------------

OS:
 Windows 11 , 64 bit Build 26100 (10.0.26100.9444)
OS uptime: 0 days 6:39 hours

CPU: total 8 (initial active 8) (4 cores per cpu, 2 threads per core) family 6 model 140 stepping 1 microcode 0x8a, cx8, cmov, fxsr, ht, mmx, 3dnowpref, sse, sse2, sse3, ssse3, sse4.1, sse4.2, popcnt, lzcnt, tsc, tscinvbit, avx, avx2, aes, erms, clmul, bmi1, bmi2, adx, avx512f, avx512dq, avx512cd, avx512bw, avx512vl, sha, fma, vzeroupper, avx512_vpopcntdq, avx512_vpclmulqdq, avx512_vaes, avx512_vnni, clflush, clflushopt, clwb, avx512_vbmi2, avx512_vbmi, rdtscp, rdpid, fsrm, gfni, avx512_bitalg, f16c, pku, cet_ibt, cet_ss, avx512_ifma
Processor Information for the first 8 processors :
  Max Mhz: 2419, Current Mhz: 2419, Mhz Limit: 2419

Memory: 4k page, system-wide physical 16107M (1173M free)
TotalPageFile size 46495M (AvailPageFile size 2071M)
current process WorkingSet (physical memory assigned to process): 232M, peak: 373M
current process commit charge ("private bytes"): 488M, peak: 516M

vm_info: OpenJDK 64-Bit Server VM (21.0.12.1+1-LTS) for windows-amd64 JRE (21.0.12.1+1-LTS), built on 2026-08-18T00:00:00Z by "admin" with MS VC++ 17.12 (VS2022)

END.
