#
# There is insufficient memory for the Java Runtime Environment to continue.
# Native memory allocation (malloc) failed to allocate 144864 bytes. Error detail: Chunk::new
# Possible reasons:
#   The system is out of physical RAM or swap space
#   This process is running with CompressedOops enabled, and the Java Heap may be blocking the growth of the native heap
# Possible solutions:
#   Reduce memory load on the system
#   Increase physical memory or swap space
#   Check if swap backing store is full
#   Decrease Java heap size (-Xmx/-Xms)
#   Decrease number of Java threads
#   Decrease Java thread stack sizes (-Xss)
#   Set larger code cache with -XX:ReservedCodeCacheSize=
#   JVM is running with Unscaled Compressed Oops mode in which the Java heap is
#     placed in the first 4GB address space. The Java Heap base address is the
#     maximum limit for the native heap growth. Please use -XX:HeapBaseMinAddress
#     to set the Java Heap base and to place the Java Heap above 4GB virtual address.
# This output file may be truncated or incomplete.
#
#  Out of Memory Error (arena.cpp:168), pid=55784, tid=55768
#
# JRE version: OpenJDK Runtime Environment Temurin-21.0.12.1+1 (21.0.12.1+1) (build 21.0.12.1+1-LTS)
# Java VM: OpenJDK 64-Bit Server VM Temurin-21.0.12.1+1 (21.0.12.1+1-LTS, mixed mode, sharing, tiered, compressed oops, compressed class ptrs, g1 gc, windows-amd64)
# No core dump will be written. Minidumps are not enabled by default on client versions of Windows
#

---------------  S U M M A R Y ------------

Command Line: --add-opens=java.base/java.lang=ALL-UNNAMED --add-opens=java.base/java.lang.invoke=ALL-UNNAMED --add-opens=java.base/java.util=ALL-UNNAMED --add-opens=java.prefs/java.util.prefs=ALL-UNNAMED --add-exports=jdk.compiler/com.sun.tools.javac.api=ALL-UNNAMED --add-exports=jdk.compiler/com.sun.tools.javac.util=ALL-UNNAMED --add-opens=java.base/java.nio.charset=ALL-UNNAMED --add-opens=java.base/java.net=ALL-UNNAMED --add-opens=java.base/java.util.concurrent=ALL-UNNAMED --add-opens=java.base/java.util.concurrent.atomic=ALL-UNNAMED --add-opens=java.xml/javax.xml.namespace=ALL-UNNAMED --add-opens=java.base/java.time=ALL-UNNAMED -XX:MaxMetaspaceSize=384m -XX:+HeapDumpOnOutOfMemoryError -Xms256m -Xmx512m -Dfile.encoding=UTF-8 -Duser.country=KR -Duser.language=ko -Duser.variant -javaagent:C:\Users\user\.gradle\wrapper\dists\gradle-9.5.1-bin\iq79hdu3mqx29lgffhp8bfmx\gradle-9.5.1\lib\agents\gradle-instrumentation-agent-9.5.1.jar org.gradle.launcher.daemon.bootstrap.GradleDaemon 9.5.1

Host: 11th Gen Intel(R) Core(TM) i5-1135G7 @ 2.40GHz, 8 cores, 15G,  Windows 11 , 64 bit Build 26100 (10.0.26100.9444)
Time: Fri Sep 11 00:16:49 2026 elapsed time: 203.027557 seconds (0d 0h 3m 23s)

---------------  T H R E A D  ---------------

Current thread (0x00000238ca1a2ef0):  JavaThread "C2 CompilerThread0" daemon [_thread_in_native, id=55768, stack(0x000000984f400000,0x000000984f500000) (1024K)]


Current CompileTask:
C2:203033 10218       4       java.util.concurrent.locks.AbstractQueuedSynchronizer$ConditionObject::awaitNanos (202 bytes)

Stack: [0x000000984f400000,0x000000984f500000]
Native frames: (J=compiled Java code, j=interpreted, Vv=VM code, C=native code)
V  [jvm.dll+0x6d83e9]
V  [jvm.dll+0x8b5736]
V  [jvm.dll+0x8b7cee]
V  [jvm.dll+0x8b83d3]
V  [jvm.dll+0x284596]
V  [jvm.dll+0xc685d]
V  [jvm.dll+0xc6da1]
V  [jvm.dll+0x3bf18b]
V  [jvm.dll+0x1e3da4]
V  [jvm.dll+0x24c853]
V  [jvm.dll+0x24bce0]
V  [jvm.dll+0x1cb4ae]
V  [jvm.dll+0x25baad]
V  [jvm.dll+0x25a03a]
V  [jvm.dll+0x3f8aae]
V  [jvm.dll+0x8600cd]
V  [jvm.dll+0x6d6c1d]
C  [ucrtbase.dll+0x2cd30]
C  [KERNEL32.DLL+0x2cd87]
C  [ntdll.dll+0xacaec]


---------------  P R O C E S S  ---------------

Threads class SMR info:
_java_thread_list=0x00000238e79e8e10, length=52, elements={
0x00000238b2a7eca0, 0x00000238ca171650, 0x00000238ca176de0, 0x00000238ca1973c0,
0x00000238ca199e30, 0x00000238ca19b510, 0x00000238ca19cc90, 0x00000238ca1a2ef0,
0x00000238ca1a85b0, 0x00000238ca3bf640, 0x00000238ca417ae0, 0x00000238e55c53c0,
0x00000238ca17cee0, 0x00000238e4325a50, 0x00000238e4253d10, 0x00000238e454bfe0,
0x00000238e454b2c0, 0x00000238e454cd00, 0x00000238e454b950, 0x00000238e454c670,
0x00000238e4248130, 0x00000238e42487c0, 0x00000238e424a890, 0x00000238e424b5b0,
0x00000238e424bc40, 0x00000238e424cff0, 0x00000238e6dd99c0, 0x00000238e6dd8610,
0x00000238e6dd6bd0, 0x00000238e4249b70, 0x00000238e424dd10, 0x00000238e424c2d0,
0x00000238e6dd7260, 0x00000238e6dd5eb0, 0x00000238e6dda6e0, 0x00000238e6dd78f0,
0x00000238e6dd8ca0, 0x00000238e6ddad70, 0x00000238e6ddb400, 0x00000238e6dd7f80,
0x00000238e6dd9330, 0x00000238e6ddba90, 0x00000238e6ddc120, 0x00000238e6ddc7b0,
0x00000238e6ddce40, 0x00000238e6ddd4d0, 0x00000238e4248e50, 0x00000238e4247aa0,
0x00000238e42466f0, 0x00000238e4247410, 0x00000238e424d680, 0x00000238e424c960
}

Java Threads: ( => current thread )
  0x00000238b2a7eca0 JavaThread "main"                              [_thread_blocked, id=50128, stack(0x000000984e600000,0x000000984e700000) (1024K)]
  0x00000238ca171650 JavaThread "Reference Handler"          daemon [_thread_blocked, id=50900, stack(0x000000984ee00000,0x000000984ef00000) (1024K)]
  0x00000238ca176de0 JavaThread "Finalizer"                  daemon [_thread_blocked, id=32092, stack(0x000000984ef00000,0x000000984f000000) (1024K)]
  0x00000238ca1973c0 JavaThread "Signal Dispatcher"          daemon [_thread_blocked, id=49228, stack(0x000000984f000000,0x000000984f100000) (1024K)]
  0x00000238ca199e30 JavaThread "Attach Listener"            daemon [_thread_blocked, id=53844, stack(0x000000984f100000,0x000000984f200000) (1024K)]
  0x00000238ca19b510 JavaThread "Service Thread"             daemon [_thread_blocked, id=18456, stack(0x000000984f200000,0x000000984f300000) (1024K)]
  0x00000238ca19cc90 JavaThread "Monitor Deflation Thread"   daemon [_thread_blocked, id=47756, stack(0x000000984f300000,0x000000984f400000) (1024K)]
=>0x00000238ca1a2ef0 JavaThread "C2 CompilerThread0"         daemon [_thread_in_native, id=55768, stack(0x000000984f400000,0x000000984f500000) (1024K)]
  0x00000238ca1a85b0 JavaThread "C1 CompilerThread0"         daemon [_thread_blocked, id=5228, stack(0x000000984f500000,0x000000984f600000) (1024K)]
  0x00000238ca3bf640 JavaThread "Common-Cleaner"             daemon [_thread_blocked, id=21448, stack(0x000000984f600000,0x000000984f700000) (1024K)]
  0x00000238ca417ae0 JavaThread "Notification Thread"        daemon [_thread_blocked, id=51844, stack(0x000000984f700000,0x000000984f800000) (1024K)]
  0x00000238e55c53c0 JavaThread "Daemon health stats"               [_thread_blocked, id=41824, stack(0x000000984fd00000,0x000000984fe00000) (1024K)]
  0x00000238ca17cee0 JavaThread "Incoming local TCP Connector on port 52825"        [_thread_in_native, id=52836, stack(0x000000984fe00000,0x000000984ff00000) (1024K)]
  0x00000238e4325a50 JavaThread "Daemon periodic checks"            [_thread_blocked, id=47672, stack(0x000000984ff00000,0x0000009850000000) (1024K)]
  0x00000238e4253d10 JavaThread "Daemon"                            [_thread_blocked, id=23180, stack(0x0000009850000000,0x0000009850100000) (1024K)]
  0x00000238e454bfe0 JavaThread "Daemon worker"                     [_thread_blocked, id=41264, stack(0x0000009850200000,0x0000009850300000) (1024K)]
  0x00000238e454b2c0 JavaThread "Cache worker for journal cache (C:\Users\user\.gradle\caches\journal-1)"        [_thread_blocked, id=53904, stack(0x0000009850600000,0x0000009850700000) (1024K)]
  0x00000238e454cd00 JavaThread "File lock request listener"        [_thread_in_native, id=52784, stack(0x0000009850700000,0x0000009850800000) (1024K)]
  0x00000238e454b950 JavaThread "Cache worker for file hash cache (C:\Users\user\.gradle\caches\9.5.1\fileHashes)"        [_thread_blocked, id=50896, stack(0x0000009850800000,0x0000009850900000) (1024K)]
  0x00000238e454c670 JavaThread "File lock release action executor"        [_thread_blocked, id=51364, stack(0x0000009850900000,0x0000009850a00000) (1024K)]
  0x00000238e4248130 JavaThread "File watcher server"        daemon [_thread_in_native, id=49644, stack(0x0000009850f00000,0x0000009851000000) (1024K)]
  0x00000238e42487c0 JavaThread "File watcher consumer"      daemon [_thread_blocked, id=45104, stack(0x0000009851000000,0x0000009851100000) (1024K)]
  0x00000238e424a890 JavaThread "Cache worker for file content cache (C:\Users\user\.gradle\caches\9.5.1\fileContent)"        [_thread_blocked, id=52016, stack(0x0000009851100000,0x0000009851200000) (1024K)]
  0x00000238e424b5b0 JavaThread "jar transforms"                    [_thread_blocked, id=52352, stack(0x0000009851500000,0x0000009851600000) (1024K)]
  0x00000238e424bc40 JavaThread "jar transforms Thread 2"           [_thread_blocked, id=46452, stack(0x0000009851600000,0x0000009851700000) (1024K)]
  0x00000238e424cff0 JavaThread "jar transforms Thread 3"           [_thread_blocked, id=46652, stack(0x0000009851700000,0x0000009851800000) (1024K)]
  0x00000238e6dd99c0 JavaThread "Memory manager"                    [_thread_blocked, id=43284, stack(0x0000009852100000,0x0000009852200000) (1024K)]
  0x00000238e6dd8610 JavaThread "jar transforms Thread 4"           [_thread_blocked, id=56304, stack(0x0000009852200000,0x0000009852300000) (1024K)]
  0x00000238e6dd6bd0 JavaThread "VFS cleanup"                       [_thread_blocked, id=14232, stack(0x000000984e300000,0x000000984e400000) (1024K)]
  0x00000238e4249b70 JavaThread "Daemon Thread 2"                   [_thread_blocked, id=54800, stack(0x000000984e500000,0x000000984e600000) (1024K)]
  0x00000238e424dd10 JavaThread "Daemon Thread 3"                   [_thread_blocked, id=2272, stack(0x0000009850500000,0x0000009850600000) (1024K)]
  0x00000238e424c2d0 JavaThread "Daemon Thread 4"                   [_thread_blocked, id=41216, stack(0x0000009850e00000,0x0000009850f00000) (1024K)]
  0x00000238e6dd7260 JavaThread "Daemon Thread 5"                   [_thread_blocked, id=43828, stack(0x0000009851300000,0x0000009851400000) (1024K)]
  0x00000238e6dd5eb0 JavaThread "VFS cleanup Thread 2"              [_thread_blocked, id=54596, stack(0x0000009851400000,0x0000009851500000) (1024K)]
  0x00000238e6dda6e0 JavaThread "Handler for socket connection from /127.0.0.1:52825 to /127.0.0.1:52749"        [_thread_in_native, id=49960, stack(0x000000984e400000,0x000000984e500000) (1024K)]
  0x00000238e6dd78f0 JavaThread "Cancel handler"                    [_thread_blocked, id=10640, stack(0x0000009850300000,0x0000009850400000) (1024K)]
  0x00000238e6dd8ca0 JavaThread "Asynchronous log dispatcher for DefaultDaemonConnection: socket connection from /127.0.0.1:52825 to /127.0.0.1:52749"        [_thread_blocked, id=53072, stack(0x0000009850100000,0x0000009850200000) (1024K)]
  0x00000238e6ddad70 JavaThread "Stdin handler"                     [_thread_blocked, id=55360, stack(0x0000009850400000,0x0000009850500000) (1024K)]
  0x00000238e6ddb400 JavaThread "Daemon client event forwarder"        [_thread_blocked, id=33720, stack(0x0000009850d00000,0x0000009850e00000) (1024K)]
  0x00000238e6dd7f80 JavaThread "Cache worker for file hash cache (C:\2026_spring\.gradle\9.5.1\fileHashes)"        [_thread_blocked, id=52220, stack(0x0000009851200000,0x0000009851300000) (1024K)]
  0x00000238e6dd9330 JavaThread "Cache worker for Build Output Cleanup Cache (C:\2026_spring\.gradle\buildOutputCleanup)"        [_thread_blocked, id=9844, stack(0x0000009851800000,0x0000009851900000) (1024K)]
  0x00000238e6ddba90 JavaThread "Cache worker for checksums cache (C:\2026_spring\.gradle\9.5.1\checksums)"        [_thread_blocked, id=49888, stack(0x0000009851900000,0x0000009851a00000) (1024K)]
  0x00000238e6ddc120 JavaThread "Cache worker for cache directory md-supplier (C:\Users\user\.gradle\caches\9.5.1\md-supplier)"        [_thread_blocked, id=52124, stack(0x0000009851a00000,0x0000009851b00000) (1024K)]
  0x00000238e6ddc7b0 JavaThread "Cache worker for cache directory md-rule (C:\Users\user\.gradle\caches\9.5.1\md-rule)"        [_thread_blocked, id=46696, stack(0x0000009851b00000,0x0000009851c00000) (1024K)]
  0x00000238e6ddce40 JavaThread "Build operations"                  [_thread_blocked, id=44712, stack(0x0000009851c00000,0x0000009851d00000) (1024K)]
  0x00000238e6ddd4d0 JavaThread "Build operations Thread 2"         [_thread_blocked, id=43896, stack(0x0000009851d00000,0x0000009851e00000) (1024K)]
  0x00000238e4248e50 JavaThread "Build operations Thread 3"         [_thread_blocked, id=24012, stack(0x0000009851e00000,0x0000009851f00000) (1024K)]
  0x00000238e4247aa0 JavaThread "Build operations Thread 4"         [_thread_blocked, id=47328, stack(0x0000009851f00000,0x0000009852000000) (1024K)]
  0x00000238e42466f0 JavaThread "Build operations Thread 5"         [_thread_blocked, id=50344, stack(0x0000009852000000,0x0000009852100000) (1024K)]
  0x00000238e4247410 JavaThread "Build operations Thread 6"         [_thread_blocked, id=45328, stack(0x0000009852300000,0x0000009852400000) (1024K)]
  0x00000238e424d680 JavaThread "Build operations Thread 7"         [_thread_blocked, id=40492, stack(0x0000009852400000,0x0000009852500000) (1024K)]
  0x00000238e424c960 JavaThread "Build operations Thread 8"         [_thread_blocked, id=23176, stack(0x0000009852500000,0x0000009852600000) (1024K)]
Total: 52

Other Threads:
  0x00000238ca155020 VMThread "VM Thread"                           [id=50068, stack(0x000000984ed00000,0x000000984ee00000) (1024K)]
  0x00000238ca1459e0 WatcherThread "VM Periodic Task Thread"        [id=49648, stack(0x000000984ec00000,0x000000984ed00000) (1024K)]
  0x00000238b2aaa0d0 WorkerThread "GC Thread#0"                     [id=8212, stack(0x000000984e700000,0x000000984e800000) (1024K)]
  0x00000238ca7d7b70 WorkerThread "GC Thread#1"                     [id=46892, stack(0x000000984f800000,0x000000984f900000) (1024K)]
  0x00000238ca7d6560 WorkerThread "GC Thread#2"                     [id=44484, stack(0x000000984f900000,0x000000984fa00000) (1024K)]
  0x00000238ca7d6910 WorkerThread "GC Thread#3"                     [id=41372, stack(0x000000984fa00000,0x000000984fb00000) (1024K)]
  0x00000238ca7d6cc0 WorkerThread "GC Thread#4"                     [id=4564, stack(0x000000984fb00000,0x000000984fc00000) (1024K)]
  0x00000238e4169850 WorkerThread "GC Thread#5"                     [id=52860, stack(0x000000984fc00000,0x000000984fd00000) (1024K)]
  0x00000238e4a833f0 WorkerThread "GC Thread#6"                     [id=34440, stack(0x0000009850a00000,0x0000009850b00000) (1024K)]
  0x00000238e4a82c90 WorkerThread "GC Thread#7"                     [id=2304, stack(0x0000009850b00000,0x0000009850c00000) (1024K)]
  0x00000238b2aaffe0 ConcurrentGCThread "G1 Main Marker"            [id=53652, stack(0x000000984e800000,0x000000984e900000) (1024K)]
  0x00000238b2ab1210 WorkerThread "G1 Conc#0"                       [id=37808, stack(0x000000984e900000,0x000000984ea00000) (1024K)]
  0x00000238e5e85750 WorkerThread "G1 Conc#1"                       [id=45340, stack(0x0000009850c00000,0x0000009850d00000) (1024K)]
  0x00000238ca018600 ConcurrentGCThread "G1 Refine#0"               [id=22444, stack(0x000000984ea00000,0x000000984eb00000) (1024K)]
  0x00000238ca019f40 ConcurrentGCThread "G1 Service"                [id=51460, stack(0x000000984eb00000,0x000000984ec00000) (1024K)]
Total: 15

Threads with active compile tasks:
C2 CompilerThread0  206050 10218       4       java.util.concurrent.locks.AbstractQueuedSynchronizer$ConditionObject::awaitNanos (202 bytes)
C1 CompilerThread0  206053 10326       3       java.lang.Class::getPackage (38 bytes)
Total: 2

VM state: not at safepoint (normal execution)

VM Mutex/Monitor currently owned by a thread:  ([mutex/lock_event])
[0x00007ffe1088e5b0] CompileThread_lock - owner thread: 0x00000238ca1a85b0

Heap address: 0x00000000e0000000, size: 512 MB, Compressed Oops mode: 32-bit

CDS archive(s) mapped at: [0x00000238cb000000-0x00000238cbba0000-0x00000238cbba0000), size 12189696, SharedBaseAddress: 0x00000238cb000000, ArchiveRelocationMode: 1.
Compressed class space mapped at: 0x00000238cc000000-0x00000238e0000000, reserved size: 335544320
Narrow klass base: 0x00000238cb000000, Narrow klass shift: 0, Narrow klass range: 0x100000000

GC Precious Log:
 CardTable entry size: 512
 Card Set container configuration: InlinePtr #cards 5 size 8 Array Of Cards #cards 12 size 40 Howl #buckets 4 coarsen threshold 1843 Howl Bitmap #cards 512 size 80 coarsen threshold 460 Card regions per heap region 1 cards per card region 2048
 CPUs: 8 total, 8 available
 Memory: 16107M
 Large Page Support: Disabled
 NUMA Support: Disabled
 Compressed Oops: Enabled (32-bit)
 Heap Region Size: 1M
 Heap Min Capacity: 256M
 Heap Initial Capacity: 256M
 Heap Max Capacity: 512M
 Pre-touch: Disabled
 Parallel Workers: 8
 Concurrent Workers: 2
 Concurrent Refinement Workers: 8
 Periodic GC: Disabled

Heap:
 garbage-first heap   total 262144K, used 101131K [0x00000000e0000000, 0x0000000100000000)
  region size 1024K, 71 young (72704K), 20 survivors (20480K)
 Metaspace       used 58302K, committed 60480K, reserved 393216K
  class space    used 8591K, committed 9664K, reserved 327680K

Heap Regions: E=young(eden), S=young(survivor), O=old, HS=humongous(starts), HC=humongous(continues), CS=collection set, F=free, TAMS=top-at-mark-start, PB=parsable bottom
|   0|0x00000000e0000000, 0x00000000e0100000, 0x00000000e0100000|100%|HS|  |TAMS 0x00000000e0000000| PB 0x00000000e0000000| Complete 
|   1|0x00000000e0100000, 0x00000000e0200000, 0x00000000e0200000|100%|HC|  |TAMS 0x00000000e0100000| PB 0x00000000e0100000| Complete 
|   2|0x00000000e0200000, 0x00000000e0300000, 0x00000000e0300000|100%|HC|  |TAMS 0x00000000e0200000| PB 0x00000000e0200000| Complete 
|   3|0x00000000e0300000, 0x00000000e0400000, 0x00000000e0400000|100%|HC|  |TAMS 0x00000000e0300000| PB 0x00000000e0300000| Complete 
|   4|0x00000000e0400000, 0x00000000e0500000, 0x00000000e0500000|100%| O|  |TAMS 0x00000000e0400000| PB 0x00000000e0400000| Untracked 
|   5|0x00000000e0500000, 0x00000000e0600000, 0x00000000e0600000|100%| O|  |TAMS 0x00000000e0500000| PB 0x00000000e0500000| Untracked 
|   6|0x00000000e0600000, 0x00000000e0700000, 0x00000000e0700000|100%| O|  |TAMS 0x00000000e0600000| PB 0x00000000e0600000| Untracked 
|   7|0x00000000e0700000, 0x00000000e0800000, 0x00000000e0800000|100%| O|  |TAMS 0x00000000e0700000| PB 0x00000000e0700000| Untracked 
|   8|0x00000000e0800000, 0x00000000e0900000, 0x00000000e0900000|100%| O|  |TAMS 0x00000000e0800000| PB 0x00000000e0800000| Untracked 
|   9|0x00000000e0900000, 0x00000000e0a00000, 0x00000000e0a00000|100%|HS|  |TAMS 0x00000000e0900000| PB 0x00000000e0900000| Complete 
|  10|0x00000000e0a00000, 0x00000000e0b00000, 0x00000000e0b00000|100%| O|  |TAMS 0x00000000e0a00000| PB 0x00000000e0a00000| Untracked 
|  11|0x00000000e0b00000, 0x00000000e0c00000, 0x00000000e0c00000|100%| O|  |TAMS 0x00000000e0b00000| PB 0x00000000e0b00000| Untracked 
|  12|0x00000000e0c00000, 0x00000000e0d00000, 0x00000000e0d00000|100%| O|  |TAMS 0x00000000e0c00000| PB 0x00000000e0c00000| Untracked 
|  13|0x00000000e0d00000, 0x00000000e0e00000, 0x00000000e0e00000|100%| O|  |TAMS 0x00000000e0d00000| PB 0x00000000e0d00000| Untracked 
|  14|0x00000000e0e00000, 0x00000000e0f00000, 0x00000000e0f00000|100%| O|  |TAMS 0x00000000e0e00000| PB 0x00000000e0e00000| Untracked 
|  15|0x00000000e0f00000, 0x00000000e1000000, 0x00000000e1000000|100%| O|  |TAMS 0x00000000e0f00000| PB 0x00000000e0f00000| Untracked 
|  16|0x00000000e1000000, 0x00000000e1100000, 0x00000000e1100000|100%| O|  |TAMS 0x00000000e1000000| PB 0x00000000e1000000| Untracked 
|  17|0x00000000e1100000, 0x00000000e1200000, 0x00000000e1200000|100%| O|  |TAMS 0x00000000e1100000| PB 0x00000000e1100000| Untracked 
|  18|0x00000000e1200000, 0x00000000e1300000, 0x00000000e1300000|100%| O|  |TAMS 0x00000000e1200000| PB 0x00000000e1200000| Untracked 
|  19|0x00000000e1300000, 0x00000000e1400000, 0x00000000e1400000|100%| O|  |TAMS 0x00000000e1300000| PB 0x00000000e1300000| Untracked 
|  20|0x00000000e1400000, 0x00000000e1500000, 0x00000000e1500000|100%| O|  |TAMS 0x00000000e1400000| PB 0x00000000e1400000| Untracked 
|  21|0x00000000e1500000, 0x00000000e1600000, 0x00000000e1600000|100%| O|  |TAMS 0x00000000e1500000| PB 0x00000000e1500000| Untracked 
|  22|0x00000000e1600000, 0x00000000e1600000, 0x00000000e1700000|  0%| F|  |TAMS 0x00000000e1600000| PB 0x00000000e1600000| Untracked 
|  23|0x00000000e1700000, 0x00000000e1800000, 0x00000000e1800000|100%| O|  |TAMS 0x00000000e1700000| PB 0x00000000e1700000| Untracked 
|  24|0x00000000e1800000, 0x00000000e1900000, 0x00000000e1900000|100%| O|  |TAMS 0x00000000e1800000| PB 0x00000000e1800000| Untracked 
|  25|0x00000000e1900000, 0x00000000e1a00000, 0x00000000e1a00000|100%| O|  |TAMS 0x00000000e1900000| PB 0x00000000e1900000| Untracked 
|  26|0x00000000e1a00000, 0x00000000e1b00000, 0x00000000e1b00000|100%| O|  |TAMS 0x00000000e1a00000| PB 0x00000000e1a00000| Untracked 
|  27|0x00000000e1b00000, 0x00000000e1c00000, 0x00000000e1c00000|100%| O|  |TAMS 0x00000000e1b00000| PB 0x00000000e1b00000| Untracked 
|  28|0x00000000e1c00000, 0x00000000e1d00000, 0x00000000e1d00000|100%| O|  |TAMS 0x00000000e1c00000| PB 0x00000000e1c00000| Untracked 
|  29|0x00000000e1d00000, 0x00000000e1dc2d20, 0x00000000e1e00000| 76%| O|  |TAMS 0x00000000e1d00000| PB 0x00000000e1d00000| Untracked 
|  30|0x00000000e1e00000, 0x00000000e1e00000, 0x00000000e1f00000|  0%| F|  |TAMS 0x00000000e1e00000| PB 0x00000000e1e00000| Untracked 
|  31|0x00000000e1f00000, 0x00000000e1f00000, 0x00000000e2000000|  0%| F|  |TAMS 0x00000000e1f00000| PB 0x00000000e1f00000| Untracked 
|  32|0x00000000e2000000, 0x00000000e2000000, 0x00000000e2100000|  0%| F|  |TAMS 0x00000000e2000000| PB 0x00000000e2000000| Untracked 
|  33|0x00000000e2100000, 0x00000000e2100000, 0x00000000e2200000|  0%| F|  |TAMS 0x00000000e2100000| PB 0x00000000e2100000| Untracked 
|  34|0x00000000e2200000, 0x00000000e2200000, 0x00000000e2300000|  0%| F|  |TAMS 0x00000000e2200000| PB 0x00000000e2200000| Untracked 
|  35|0x00000000e2300000, 0x00000000e2300000, 0x00000000e2400000|  0%| F|  |TAMS 0x00000000e2300000| PB 0x00000000e2300000| Untracked 
|  36|0x00000000e2400000, 0x00000000e2400000, 0x00000000e2500000|  0%| F|  |TAMS 0x00000000e2400000| PB 0x00000000e2400000| Untracked 
|  37|0x00000000e2500000, 0x00000000e2500000, 0x00000000e2600000|  0%| F|  |TAMS 0x00000000e2500000| PB 0x00000000e2500000| Untracked 
|  38|0x00000000e2600000, 0x00000000e2600000, 0x00000000e2700000|  0%| F|  |TAMS 0x00000000e2600000| PB 0x00000000e2600000| Untracked 
|  39|0x00000000e2700000, 0x00000000e2700000, 0x00000000e2800000|  0%| F|  |TAMS 0x00000000e2700000| PB 0x00000000e2700000| Untracked 
|  40|0x00000000e2800000, 0x00000000e2800000, 0x00000000e2900000|  0%| F|  |TAMS 0x00000000e2800000| PB 0x00000000e2800000| Untracked 
|  41|0x00000000e2900000, 0x00000000e2900000, 0x00000000e2a00000|  0%| F|  |TAMS 0x00000000e2900000| PB 0x00000000e2900000| Untracked 
|  42|0x00000000e2a00000, 0x00000000e2a00000, 0x00000000e2b00000|  0%| F|  |TAMS 0x00000000e2a00000| PB 0x00000000e2a00000| Untracked 
|  43|0x00000000e2b00000, 0x00000000e2b00000, 0x00000000e2c00000|  0%| F|  |TAMS 0x00000000e2b00000| PB 0x00000000e2b00000| Untracked 
|  44|0x00000000e2c00000, 0x00000000e2c00000, 0x00000000e2d00000|  0%| F|  |TAMS 0x00000000e2c00000| PB 0x00000000e2c00000| Untracked 
|  45|0x00000000e2d00000, 0x00000000e2d00000, 0x00000000e2e00000|  0%| F|  |TAMS 0x00000000e2d00000| PB 0x00000000e2d00000| Untracked 
|  46|0x00000000e2e00000, 0x00000000e2e00000, 0x00000000e2f00000|  0%| F|  |TAMS 0x00000000e2e00000| PB 0x00000000e2e00000| Untracked 
|  47|0x00000000e2f00000, 0x00000000e2f00000, 0x00000000e3000000|  0%| F|  |TAMS 0x00000000e2f00000| PB 0x00000000e2f00000| Untracked 
|  48|0x00000000e3000000, 0x00000000e3000000, 0x00000000e3100000|  0%| F|  |TAMS 0x00000000e3000000| PB 0x00000000e3000000| Untracked 
|  49|0x00000000e3100000, 0x00000000e3100000, 0x00000000e3200000|  0%| F|  |TAMS 0x00000000e3100000| PB 0x00000000e3100000| Untracked 
|  50|0x00000000e3200000, 0x00000000e3200000, 0x00000000e3300000|  0%| F|  |TAMS 0x00000000e3200000| PB 0x00000000e3200000| Untracked 
|  51|0x00000000e3300000, 0x00000000e3300000, 0x00000000e3400000|  0%| F|  |TAMS 0x00000000e3300000| PB 0x00000000e3300000| Untracked 
|  52|0x00000000e3400000, 0x00000000e3400000, 0x00000000e3500000|  0%| F|  |TAMS 0x00000000e3400000| PB 0x00000000e3400000| Untracked 
|  53|0x00000000e3500000, 0x00000000e3500000, 0x00000000e3600000|  0%| F|  |TAMS 0x00000000e3500000| PB 0x00000000e3500000| Untracked 
|  54|0x00000000e3600000, 0x00000000e3600000, 0x00000000e3700000|  0%| F|  |TAMS 0x00000000e3600000| PB 0x00000000e3600000| Untracked 
|  55|0x00000000e3700000, 0x00000000e3700000, 0x00000000e3800000|  0%| F|  |TAMS 0x00000000e3700000| PB 0x00000000e3700000| Untracked 
|  56|0x00000000e3800000, 0x00000000e3800000, 0x00000000e3900000|  0%| F|  |TAMS 0x00000000e3800000| PB 0x00000000e3800000| Untracked 
|  57|0x00000000e3900000, 0x00000000e3900000, 0x00000000e3a00000|  0%| F|  |TAMS 0x00000000e3900000| PB 0x00000000e3900000| Untracked 
|  58|0x00000000e3a00000, 0x00000000e3a00000, 0x00000000e3b00000|  0%| F|  |TAMS 0x00000000e3a00000| PB 0x00000000e3a00000| Untracked 
|  59|0x00000000e3b00000, 0x00000000e3b00000, 0x00000000e3c00000|  0%| F|  |TAMS 0x00000000e3b00000| PB 0x00000000e3b00000| Untracked 
|  60|0x00000000e3c00000, 0x00000000e3c00000, 0x00000000e3d00000|  0%| F|  |TAMS 0x00000000e3c00000| PB 0x00000000e3c00000| Untracked 
|  61|0x00000000e3d00000, 0x00000000e3d00000, 0x00000000e3e00000|  0%| F|  |TAMS 0x00000000e3d00000| PB 0x00000000e3d00000| Untracked 
|  62|0x00000000e3e00000, 0x00000000e3e00000, 0x00000000e3f00000|  0%| F|  |TAMS 0x00000000e3e00000| PB 0x00000000e3e00000| Untracked 
|  63|0x00000000e3f00000, 0x00000000e3f00000, 0x00000000e4000000|  0%| F|  |TAMS 0x00000000e3f00000| PB 0x00000000e3f00000| Untracked 
|  64|0x00000000e4000000, 0x00000000e4000000, 0x00000000e4100000|  0%| F|  |TAMS 0x00000000e4000000| PB 0x00000000e4000000| Untracked 
|  65|0x00000000e4100000, 0x00000000e4100000, 0x00000000e4200000|  0%| F|  |TAMS 0x00000000e4100000| PB 0x00000000e4100000| Untracked 
|  66|0x00000000e4200000, 0x00000000e4200000, 0x00000000e4300000|  0%| F|  |TAMS 0x00000000e4200000| PB 0x00000000e4200000| Untracked 
|  67|0x00000000e4300000, 0x00000000e4300000, 0x00000000e4400000|  0%| F|  |TAMS 0x00000000e4300000| PB 0x00000000e4300000| Untracked 
|  68|0x00000000e4400000, 0x00000000e4400000, 0x00000000e4500000|  0%| F|  |TAMS 0x00000000e4400000| PB 0x00000000e4400000| Untracked 
|  69|0x00000000e4500000, 0x00000000e4500000, 0x00000000e4600000|  0%| F|  |TAMS 0x00000000e4500000| PB 0x00000000e4500000| Untracked 
|  70|0x00000000e4600000, 0x00000000e4600000, 0x00000000e4700000|  0%| F|  |TAMS 0x00000000e4600000| PB 0x00000000e4600000| Untracked 
|  71|0x00000000e4700000, 0x00000000e4700000, 0x00000000e4800000|  0%| F|  |TAMS 0x00000000e4700000| PB 0x00000000e4700000| Untracked 
|  72|0x00000000e4800000, 0x00000000e4800000, 0x00000000e4900000|  0%| F|  |TAMS 0x00000000e4800000| PB 0x00000000e4800000| Untracked 
|  73|0x00000000e4900000, 0x00000000e4900000, 0x00000000e4a00000|  0%| F|  |TAMS 0x00000000e4900000| PB 0x00000000e4900000| Untracked 
|  74|0x00000000e4a00000, 0x00000000e4a00000, 0x00000000e4b00000|  0%| F|  |TAMS 0x00000000e4a00000| PB 0x00000000e4a00000| Untracked 
|  75|0x00000000e4b00000, 0x00000000e4b00000, 0x00000000e4c00000|  0%| F|  |TAMS 0x00000000e4b00000| PB 0x00000000e4b00000| Untracked 
|  76|0x00000000e4c00000, 0x00000000e4c00000, 0x00000000e4d00000|  0%| F|  |TAMS 0x00000000e4c00000| PB 0x00000000e4c00000| Untracked 
|  77|0x00000000e4d00000, 0x00000000e4d00000, 0x00000000e4e00000|  0%| F|  |TAMS 0x00000000e4d00000| PB 0x00000000e4d00000| Untracked 
|  78|0x00000000e4e00000, 0x00000000e4e00000, 0x00000000e4f00000|  0%| F|  |TAMS 0x00000000e4e00000| PB 0x00000000e4e00000| Untracked 
|  79|0x00000000e4f00000, 0x00000000e4f00000, 0x00000000e5000000|  0%| F|  |TAMS 0x00000000e4f00000| PB 0x00000000e4f00000| Untracked 
|  80|0x00000000e5000000, 0x00000000e5000000, 0x00000000e5100000|  0%| F|  |TAMS 0x00000000e5000000| PB 0x00000000e5000000| Untracked 
|  81|0x00000000e5100000, 0x00000000e5100000, 0x00000000e5200000|  0%| F|  |TAMS 0x00000000e5100000| PB 0x00000000e5100000| Untracked 
|  82|0x00000000e5200000, 0x00000000e5200000, 0x00000000e5300000|  0%| F|  |TAMS 0x00000000e5200000| PB 0x00000000e5200000| Untracked 
|  83|0x00000000e5300000, 0x00000000e5400000, 0x00000000e5400000|100%| S|CS|TAMS 0x00000000e5300000| PB 0x00000000e5300000| Complete 
|  84|0x00000000e5400000, 0x00000000e5500000, 0x00000000e5500000|100%| S|CS|TAMS 0x00000000e5400000| PB 0x00000000e5400000| Complete 
|  85|0x00000000e5500000, 0x00000000e5600000, 0x00000000e5600000|100%| S|CS|TAMS 0x00000000e5500000| PB 0x00000000e5500000| Complete 
|  86|0x00000000e5600000, 0x00000000e5700000, 0x00000000e5700000|100%| S|CS|TAMS 0x00000000e5600000| PB 0x00000000e5600000| Complete 
|  87|0x00000000e5700000, 0x00000000e5700000, 0x00000000e5800000|  0%| F|  |TAMS 0x00000000e5700000| PB 0x00000000e5700000| Untracked 
|  88|0x00000000e5800000, 0x00000000e5800000, 0x00000000e5900000|  0%| F|  |TAMS 0x00000000e5800000| PB 0x00000000e5800000| Untracked 
|  89|0x00000000e5900000, 0x00000000e5900000, 0x00000000e5a00000|  0%| F|  |TAMS 0x00000000e5900000| PB 0x00000000e5900000| Untracked 
|  90|0x00000000e5a00000, 0x00000000e5a00000, 0x00000000e5b00000|  0%| F|  |TAMS 0x00000000e5a00000| PB 0x00000000e5a00000| Untracked 
|  91|0x00000000e5b00000, 0x00000000e5b00000, 0x00000000e5c00000|  0%| F|  |TAMS 0x00000000e5b00000| PB 0x00000000e5b00000| Untracked 
|  92|0x00000000e5c00000, 0x00000000e5c00000, 0x00000000e5d00000|  0%| F|  |TAMS 0x00000000e5c00000| PB 0x00000000e5c00000| Untracked 
|  93|0x00000000e5d00000, 0x00000000e5d00000, 0x00000000e5e00000|  0%| F|  |TAMS 0x00000000e5d00000| PB 0x00000000e5d00000| Untracked 
|  94|0x00000000e5e00000, 0x00000000e5e00000, 0x00000000e5f00000|  0%| F|  |TAMS 0x00000000e5e00000| PB 0x00000000e5e00000| Untracked 
|  95|0x00000000e5f00000, 0x00000000e5f00000, 0x00000000e6000000|  0%| F|  |TAMS 0x00000000e5f00000| PB 0x00000000e5f00000| Untracked 
|  96|0x00000000e6000000, 0x00000000e6000000, 0x00000000e6100000|  0%| F|  |TAMS 0x00000000e6000000| PB 0x00000000e6000000| Untracked 
|  97|0x00000000e6100000, 0x00000000e6100000, 0x00000000e6200000|  0%| F|  |TAMS 0x00000000e6100000| PB 0x00000000e6100000| Untracked 
|  98|0x00000000e6200000, 0x00000000e6200000, 0x00000000e6300000|  0%| F|  |TAMS 0x00000000e6200000| PB 0x00000000e6200000| Untracked 
|  99|0x00000000e6300000, 0x00000000e6300000, 0x00000000e6400000|  0%| F|  |TAMS 0x00000000e6300000| PB 0x00000000e6300000| Untracked 
| 100|0x00000000e6400000, 0x00000000e6400000, 0x00000000e6500000|  0%| F|  |TAMS 0x00000000e6400000| PB 0x00000000e6400000| Untracked 
| 101|0x00000000e6500000, 0x00000000e6500000, 0x00000000e6600000|  0%| F|  |TAMS 0x00000000e6500000| PB 0x00000000e6500000| Untracked 
| 102|0x00000000e6600000, 0x00000000e6600000, 0x00000000e6700000|  0%| F|  |TAMS 0x00000000e6600000| PB 0x00000000e6600000| Untracked 
| 103|0x00000000e6700000, 0x00000000e6800000, 0x00000000e6800000|100%| S|CS|TAMS 0x00000000e6700000| PB 0x00000000e6700000| Complete 
| 104|0x00000000e6800000, 0x00000000e6900000, 0x00000000e6900000|100%| S|CS|TAMS 0x00000000e6800000| PB 0x00000000e6800000| Complete 
| 105|0x00000000e6900000, 0x00000000e6a00000, 0x00000000e6a00000|100%| S|CS|TAMS 0x00000000e6900000| PB 0x00000000e6900000| Complete 
| 106|0x00000000e6a00000, 0x00000000e6b00000, 0x00000000e6b00000|100%| S|CS|TAMS 0x00000000e6a00000| PB 0x00000000e6a00000| Complete 
| 107|0x00000000e6b00000, 0x00000000e6c00000, 0x00000000e6c00000|100%| S|CS|TAMS 0x00000000e6b00000| PB 0x00000000e6b00000| Complete 
| 108|0x00000000e6c00000, 0x00000000e6d00000, 0x00000000e6d00000|100%| S|CS|TAMS 0x00000000e6c00000| PB 0x00000000e6c00000| Complete 
| 109|0x00000000e6d00000, 0x00000000e6e00000, 0x00000000e6e00000|100%| S|CS|TAMS 0x00000000e6d00000| PB 0x00000000e6d00000| Complete 
| 110|0x00000000e6e00000, 0x00000000e6f00000, 0x00000000e6f00000|100%| S|CS|TAMS 0x00000000e6e00000| PB 0x00000000e6e00000| Complete 
| 111|0x00000000e6f00000, 0x00000000e7000000, 0x00000000e7000000|100%| S|CS|TAMS 0x00000000e6f00000| PB 0x00000000e6f00000| Complete 
| 112|0x00000000e7000000, 0x00000000e7100000, 0x00000000e7100000|100%| S|CS|TAMS 0x00000000e7000000| PB 0x00000000e7000000| Complete 
| 113|0x00000000e7100000, 0x00000000e7200000, 0x00000000e7200000|100%| S|CS|TAMS 0x00000000e7100000| PB 0x00000000e7100000| Complete 
| 114|0x00000000e7200000, 0x00000000e7300000, 0x00000000e7300000|100%| S|CS|TAMS 0x00000000e7200000| PB 0x00000000e7200000| Complete 
| 115|0x00000000e7300000, 0x00000000e7400000, 0x00000000e7400000|100%| S|CS|TAMS 0x00000000e7300000| PB 0x00000000e7300000| Complete 
| 116|0x00000000e7400000, 0x00000000e7500000, 0x00000000e7500000|100%| S|CS|TAMS 0x00000000e7400000| PB 0x00000000e7400000| Complete 
| 117|0x00000000e7500000, 0x00000000e7600000, 0x00000000e7600000|100%| S|CS|TAMS 0x00000000e7500000| PB 0x00000000e7500000| Complete 
| 118|0x00000000e7600000, 0x00000000e7700000, 0x00000000e7700000|100%| S|CS|TAMS 0x00000000e7600000| PB 0x00000000e7600000| Complete 
| 119|0x00000000e7700000, 0x00000000e7700000, 0x00000000e7800000|  0%| F|  |TAMS 0x00000000e7700000| PB 0x00000000e7700000| Untracked 
| 120|0x00000000e7800000, 0x00000000e7800000, 0x00000000e7900000|  0%| F|  |TAMS 0x00000000e7800000| PB 0x00000000e7800000| Untracked 
| 121|0x00000000e7900000, 0x00000000e7900000, 0x00000000e7a00000|  0%| F|  |TAMS 0x00000000e7900000| PB 0x00000000e7900000| Untracked 
| 122|0x00000000e7a00000, 0x00000000e7a00000, 0x00000000e7b00000|  0%| F|  |TAMS 0x00000000e7a00000| PB 0x00000000e7a00000| Untracked 
| 123|0x00000000e7b00000, 0x00000000e7b00000, 0x00000000e7c00000|  0%| F|  |TAMS 0x00000000e7b00000| PB 0x00000000e7b00000| Untracked 
| 124|0x00000000e7c00000, 0x00000000e7c00000, 0x00000000e7d00000|  0%| F|  |TAMS 0x00000000e7c00000| PB 0x00000000e7c00000| Untracked 
| 125|0x00000000e7d00000, 0x00000000e7d00000, 0x00000000e7e00000|  0%| F|  |TAMS 0x00000000e7d00000| PB 0x00000000e7d00000| Untracked 
| 126|0x00000000e7e00000, 0x00000000e7e00000, 0x00000000e7f00000|  0%| F|  |TAMS 0x00000000e7e00000| PB 0x00000000e7e00000| Untracked 
| 127|0x00000000e7f00000, 0x00000000e7f00000, 0x00000000e8000000|  0%| F|  |TAMS 0x00000000e7f00000| PB 0x00000000e7f00000| Untracked 
| 128|0x00000000e8000000, 0x00000000e8000000, 0x00000000e8100000|  0%| F|  |TAMS 0x00000000e8000000| PB 0x00000000e8000000| Untracked 
| 129|0x00000000e8100000, 0x00000000e8100000, 0x00000000e8200000|  0%| F|  |TAMS 0x00000000e8100000| PB 0x00000000e8100000| Untracked 
| 130|0x00000000e8200000, 0x00000000e8200000, 0x00000000e8300000|  0%| F|  |TAMS 0x00000000e8200000| PB 0x00000000e8200000| Untracked 
| 131|0x00000000e8300000, 0x00000000e8300000, 0x00000000e8400000|  0%| F|  |TAMS 0x00000000e8300000| PB 0x00000000e8300000| Untracked 
| 132|0x00000000e8400000, 0x00000000e8400000, 0x00000000e8500000|  0%| F|  |TAMS 0x00000000e8400000| PB 0x00000000e8400000| Untracked 
| 133|0x00000000e8500000, 0x00000000e8500000, 0x00000000e8600000|  0%| F|  |TAMS 0x00000000e8500000| PB 0x00000000e8500000| Untracked 
| 134|0x00000000e8600000, 0x00000000e8600000, 0x00000000e8700000|  0%| F|  |TAMS 0x00000000e8600000| PB 0x00000000e8600000| Untracked 
| 135|0x00000000e8700000, 0x00000000e8700000, 0x00000000e8800000|  0%| F|  |TAMS 0x00000000e8700000| PB 0x00000000e8700000| Untracked 
| 136|0x00000000e8800000, 0x00000000e8800000, 0x00000000e8900000|  0%| F|  |TAMS 0x00000000e8800000| PB 0x00000000e8800000| Untracked 
| 137|0x00000000e8900000, 0x00000000e8900000, 0x00000000e8a00000|  0%| F|  |TAMS 0x00000000e8900000| PB 0x00000000e8900000| Untracked 
| 138|0x00000000e8a00000, 0x00000000e8a00000, 0x00000000e8b00000|  0%| F|  |TAMS 0x00000000e8a00000| PB 0x00000000e8a00000| Untracked 
| 139|0x00000000e8b00000, 0x00000000e8b00000, 0x00000000e8c00000|  0%| F|  |TAMS 0x00000000e8b00000| PB 0x00000000e8b00000| Untracked 
| 140|0x00000000e8c00000, 0x00000000e8c00000, 0x00000000e8d00000|  0%| F|  |TAMS 0x00000000e8c00000| PB 0x00000000e8c00000| Untracked 
| 141|0x00000000e8d00000, 0x00000000e8d00000, 0x00000000e8e00000|  0%| F|  |TAMS 0x00000000e8d00000| PB 0x00000000e8d00000| Untracked 
| 142|0x00000000e8e00000, 0x00000000e8e00000, 0x00000000e8f00000|  0%| F|  |TAMS 0x00000000e8e00000| PB 0x00000000e8e00000| Untracked 
| 143|0x00000000e8f00000, 0x00000000e8f00000, 0x00000000e9000000|  0%| F|  |TAMS 0x00000000e8f00000| PB 0x00000000e8f00000| Untracked 
| 144|0x00000000e9000000, 0x00000000e9000000, 0x00000000e9100000|  0%| F|  |TAMS 0x00000000e9000000| PB 0x00000000e9000000| Untracked 
| 145|0x00000000e9100000, 0x00000000e9100000, 0x00000000e9200000|  0%| F|  |TAMS 0x00000000e9100000| PB 0x00000000e9100000| Untracked 
| 146|0x00000000e9200000, 0x00000000e9200000, 0x00000000e9300000|  0%| F|  |TAMS 0x00000000e9200000| PB 0x00000000e9200000| Untracked 
| 147|0x00000000e9300000, 0x00000000e9300000, 0x00000000e9400000|  0%| F|  |TAMS 0x00000000e9300000| PB 0x00000000e9300000| Untracked 
| 148|0x00000000e9400000, 0x00000000e9400000, 0x00000000e9500000|  0%| F|  |TAMS 0x00000000e9400000| PB 0x00000000e9400000| Untracked 
| 149|0x00000000e9500000, 0x00000000e9500000, 0x00000000e9600000|  0%| F|  |TAMS 0x00000000e9500000| PB 0x00000000e9500000| Untracked 
| 150|0x00000000e9600000, 0x00000000e9600000, 0x00000000e9700000|  0%| F|  |TAMS 0x00000000e9600000| PB 0x00000000e9600000| Untracked 
| 151|0x00000000e9700000, 0x00000000e9700000, 0x00000000e9800000|  0%| F|  |TAMS 0x00000000e9700000| PB 0x00000000e9700000| Untracked 
| 152|0x00000000e9800000, 0x00000000e9800000, 0x00000000e9900000|  0%| F|  |TAMS 0x00000000e9800000| PB 0x00000000e9800000| Untracked 
| 153|0x00000000e9900000, 0x00000000e9900000, 0x00000000e9a00000|  0%| F|  |TAMS 0x00000000e9900000| PB 0x00000000e9900000| Untracked 
| 154|0x00000000e9a00000, 0x00000000e9a00000, 0x00000000e9b00000|  0%| F|  |TAMS 0x00000000e9a00000| PB 0x00000000e9a00000| Untracked 
| 155|0x00000000e9b00000, 0x00000000e9b00000, 0x00000000e9c00000|  0%| F|  |TAMS 0x00000000e9b00000| PB 0x00000000e9b00000| Untracked 
| 156|0x00000000e9c00000, 0x00000000e9c00000, 0x00000000e9d00000|  0%| F|  |TAMS 0x00000000e9c00000| PB 0x00000000e9c00000| Untracked 
| 157|0x00000000e9d00000, 0x00000000e9d00000, 0x00000000e9e00000|  0%| F|  |TAMS 0x00000000e9d00000| PB 0x00000000e9d00000| Untracked 
| 158|0x00000000e9e00000, 0x00000000e9e00000, 0x00000000e9f00000|  0%| F|  |TAMS 0x00000000e9e00000| PB 0x00000000e9e00000| Untracked 
| 159|0x00000000e9f00000, 0x00000000e9f00000, 0x00000000ea000000|  0%| F|  |TAMS 0x00000000e9f00000| PB 0x00000000e9f00000| Untracked 
| 160|0x00000000ea000000, 0x00000000ea000000, 0x00000000ea100000|  0%| F|  |TAMS 0x00000000ea000000| PB 0x00000000ea000000| Untracked 
| 161|0x00000000ea100000, 0x00000000ea100000, 0x00000000ea200000|  0%| F|  |TAMS 0x00000000ea100000| PB 0x00000000ea100000| Untracked 
| 162|0x00000000ea200000, 0x00000000ea200000, 0x00000000ea300000|  0%| F|  |TAMS 0x00000000ea200000| PB 0x00000000ea200000| Untracked 
| 163|0x00000000ea300000, 0x00000000ea300000, 0x00000000ea400000|  0%| F|  |TAMS 0x00000000ea300000| PB 0x00000000ea300000| Untracked 
| 164|0x00000000ea400000, 0x00000000ea400000, 0x00000000ea500000|  0%| F|  |TAMS 0x00000000ea400000| PB 0x00000000ea400000| Untracked 
| 165|0x00000000ea500000, 0x00000000ea500000, 0x00000000ea600000|  0%| F|  |TAMS 0x00000000ea500000| PB 0x00000000ea500000| Untracked 
| 166|0x00000000ea600000, 0x00000000ea600000, 0x00000000ea700000|  0%| F|  |TAMS 0x00000000ea600000| PB 0x00000000ea600000| Untracked 
| 167|0x00000000ea700000, 0x00000000ea700000, 0x00000000ea800000|  0%| F|  |TAMS 0x00000000ea700000| PB 0x00000000ea700000| Untracked 
| 168|0x00000000ea800000, 0x00000000ea800000, 0x00000000ea900000|  0%| F|  |TAMS 0x00000000ea800000| PB 0x00000000ea800000| Untracked 
| 169|0x00000000ea900000, 0x00000000ea900000, 0x00000000eaa00000|  0%| F|  |TAMS 0x00000000ea900000| PB 0x00000000ea900000| Untracked 
| 170|0x00000000eaa00000, 0x00000000eaa00000, 0x00000000eab00000|  0%| F|  |TAMS 0x00000000eaa00000| PB 0x00000000eaa00000| Untracked 
| 171|0x00000000eab00000, 0x00000000eab00000, 0x00000000eac00000|  0%| F|  |TAMS 0x00000000eab00000| PB 0x00000000eab00000| Untracked 
| 172|0x00000000eac00000, 0x00000000eac00000, 0x00000000ead00000|  0%| F|  |TAMS 0x00000000eac00000| PB 0x00000000eac00000| Untracked 
| 173|0x00000000ead00000, 0x00000000ead00000, 0x00000000eae00000|  0%| F|  |TAMS 0x00000000ead00000| PB 0x00000000ead00000| Untracked 
| 174|0x00000000eae00000, 0x00000000eae00000, 0x00000000eaf00000|  0%| F|  |TAMS 0x00000000eae00000| PB 0x00000000eae00000| Untracked 
| 175|0x00000000eaf00000, 0x00000000eaf00000, 0x00000000eb000000|  0%| F|  |TAMS 0x00000000eaf00000| PB 0x00000000eaf00000| Untracked 
| 176|0x00000000eb000000, 0x00000000eb000000, 0x00000000eb100000|  0%| F|  |TAMS 0x00000000eb000000| PB 0x00000000eb000000| Untracked 
| 177|0x00000000eb100000, 0x00000000eb100000, 0x00000000eb200000|  0%| F|  |TAMS 0x00000000eb100000| PB 0x00000000eb100000| Untracked 
| 178|0x00000000eb200000, 0x00000000eb200000, 0x00000000eb300000|  0%| F|  |TAMS 0x00000000eb200000| PB 0x00000000eb200000| Untracked 
| 179|0x00000000eb300000, 0x00000000eb300000, 0x00000000eb400000|  0%| F|  |TAMS 0x00000000eb300000| PB 0x00000000eb300000| Untracked 
| 180|0x00000000eb400000, 0x00000000eb400000, 0x00000000eb500000|  0%| F|  |TAMS 0x00000000eb400000| PB 0x00000000eb400000| Untracked 
| 181|0x00000000eb500000, 0x00000000eb500000, 0x00000000eb600000|  0%| F|  |TAMS 0x00000000eb500000| PB 0x00000000eb500000| Untracked 
| 182|0x00000000eb600000, 0x00000000eb600000, 0x00000000eb700000|  0%| F|  |TAMS 0x00000000eb600000| PB 0x00000000eb600000| Untracked 
| 183|0x00000000eb700000, 0x00000000eb700000, 0x00000000eb800000|  0%| F|  |TAMS 0x00000000eb700000| PB 0x00000000eb700000| Untracked 
| 184|0x00000000eb800000, 0x00000000eb800000, 0x00000000eb900000|  0%| F|  |TAMS 0x00000000eb800000| PB 0x00000000eb800000| Untracked 
| 185|0x00000000eb900000, 0x00000000eb900000, 0x00000000eba00000|  0%| F|  |TAMS 0x00000000eb900000| PB 0x00000000eb900000| Untracked 
| 186|0x00000000eba00000, 0x00000000eba00000, 0x00000000ebb00000|  0%| F|  |TAMS 0x00000000eba00000| PB 0x00000000eba00000| Untracked 
| 187|0x00000000ebb00000, 0x00000000ebb00000, 0x00000000ebc00000|  0%| F|  |TAMS 0x00000000ebb00000| PB 0x00000000ebb00000| Untracked 
| 188|0x00000000ebc00000, 0x00000000ebc00000, 0x00000000ebd00000|  0%| F|  |TAMS 0x00000000ebc00000| PB 0x00000000ebc00000| Untracked 
| 189|0x00000000ebd00000, 0x00000000ebd00000, 0x00000000ebe00000|  0%| F|  |TAMS 0x00000000ebd00000| PB 0x00000000ebd00000| Untracked 
| 190|0x00000000ebe00000, 0x00000000ebe00000, 0x00000000ebf00000|  0%| F|  |TAMS 0x00000000ebe00000| PB 0x00000000ebe00000| Untracked 
| 191|0x00000000ebf00000, 0x00000000ebf00000, 0x00000000ec000000|  0%| F|  |TAMS 0x00000000ebf00000| PB 0x00000000ebf00000| Untracked 
| 192|0x00000000ec000000, 0x00000000ec000000, 0x00000000ec100000|  0%| F|  |TAMS 0x00000000ec000000| PB 0x00000000ec000000| Untracked 
| 193|0x00000000ec100000, 0x00000000ec100000, 0x00000000ec200000|  0%| F|  |TAMS 0x00000000ec100000| PB 0x00000000ec100000| Untracked 
| 194|0x00000000ec200000, 0x00000000ec200000, 0x00000000ec300000|  0%| F|  |TAMS 0x00000000ec200000| PB 0x00000000ec200000| Untracked 
| 195|0x00000000ec300000, 0x00000000ec300000, 0x00000000ec400000|  0%| F|  |TAMS 0x00000000ec300000| PB 0x00000000ec300000| Untracked 
| 196|0x00000000ec400000, 0x00000000ec400000, 0x00000000ec500000|  0%| F|  |TAMS 0x00000000ec400000| PB 0x00000000ec400000| Untracked 
| 197|0x00000000ec500000, 0x00000000ec500000, 0x00000000ec600000|  0%| F|  |TAMS 0x00000000ec500000| PB 0x00000000ec500000| Untracked 
| 198|0x00000000ec600000, 0x00000000ec600000, 0x00000000ec700000|  0%| F|  |TAMS 0x00000000ec600000| PB 0x00000000ec600000| Untracked 
| 199|0x00000000ec700000, 0x00000000ec700000, 0x00000000ec800000|  0%| F|  |TAMS 0x00000000ec700000| PB 0x00000000ec700000| Untracked 
| 200|0x00000000ec800000, 0x00000000ec800000, 0x00000000ec900000|  0%| F|  |TAMS 0x00000000ec800000| PB 0x00000000ec800000| Untracked 
| 201|0x00000000ec900000, 0x00000000ec900000, 0x00000000eca00000|  0%| F|  |TAMS 0x00000000ec900000| PB 0x00000000ec900000| Untracked 
| 202|0x00000000eca00000, 0x00000000eca00000, 0x00000000ecb00000|  0%| F|  |TAMS 0x00000000eca00000| PB 0x00000000eca00000| Untracked 
| 203|0x00000000ecb00000, 0x00000000ecb00000, 0x00000000ecc00000|  0%| F|  |TAMS 0x00000000ecb00000| PB 0x00000000ecb00000| Untracked 
| 204|0x00000000ecc00000, 0x00000000ecc00000, 0x00000000ecd00000|  0%| F|  |TAMS 0x00000000ecc00000| PB 0x00000000ecc00000| Untracked 
| 205|0x00000000ecd00000, 0x00000000ece00000, 0x00000000ece00000|100%| E|  |TAMS 0x00000000ecd00000| PB 0x00000000ecd00000| Complete 
| 206|0x00000000ece00000, 0x00000000ecf00000, 0x00000000ecf00000|100%| E|CS|TAMS 0x00000000ece00000| PB 0x00000000ece00000| Complete 
| 207|0x00000000ecf00000, 0x00000000ed000000, 0x00000000ed000000|100%| E|CS|TAMS 0x00000000ecf00000| PB 0x00000000ecf00000| Complete 
| 208|0x00000000ed000000, 0x00000000ed100000, 0x00000000ed100000|100%| E|CS|TAMS 0x00000000ed000000| PB 0x00000000ed000000| Complete 
| 209|0x00000000ed100000, 0x00000000ed200000, 0x00000000ed200000|100%| E|CS|TAMS 0x00000000ed100000| PB 0x00000000ed100000| Complete 
| 210|0x00000000ed200000, 0x00000000ed300000, 0x00000000ed300000|100%| E|CS|TAMS 0x00000000ed200000| PB 0x00000000ed200000| Complete 
| 211|0x00000000ed300000, 0x00000000ed400000, 0x00000000ed400000|100%| E|CS|TAMS 0x00000000ed300000| PB 0x00000000ed300000| Complete 
| 212|0x00000000ed400000, 0x00000000ed500000, 0x00000000ed500000|100%| E|CS|TAMS 0x00000000ed400000| PB 0x00000000ed400000| Complete 
| 213|0x00000000ed500000, 0x00000000ed600000, 0x00000000ed600000|100%| E|CS|TAMS 0x00000000ed500000| PB 0x00000000ed500000| Complete 
| 214|0x00000000ed600000, 0x00000000ed700000, 0x00000000ed700000|100%| E|CS|TAMS 0x00000000ed600000| PB 0x00000000ed600000| Complete 
| 215|0x00000000ed700000, 0x00000000ed800000, 0x00000000ed800000|100%| E|CS|TAMS 0x00000000ed700000| PB 0x00000000ed700000| Complete 
| 216|0x00000000ed800000, 0x00000000ed900000, 0x00000000ed900000|100%| E|CS|TAMS 0x00000000ed800000| PB 0x00000000ed800000| Complete 
| 217|0x00000000ed900000, 0x00000000eda00000, 0x00000000eda00000|100%| E|CS|TAMS 0x00000000ed900000| PB 0x00000000ed900000| Complete 
| 218|0x00000000eda00000, 0x00000000edb00000, 0x00000000edb00000|100%| E|CS|TAMS 0x00000000eda00000| PB 0x00000000eda00000| Complete 
| 219|0x00000000edb00000, 0x00000000edc00000, 0x00000000edc00000|100%| E|CS|TAMS 0x00000000edb00000| PB 0x00000000edb00000| Complete 
| 220|0x00000000edc00000, 0x00000000edd00000, 0x00000000edd00000|100%| E|CS|TAMS 0x00000000edc00000| PB 0x00000000edc00000| Complete 
| 221|0x00000000edd00000, 0x00000000ede00000, 0x00000000ede00000|100%| E|CS|TAMS 0x00000000edd00000| PB 0x00000000edd00000| Complete 
| 222|0x00000000ede00000, 0x00000000edf00000, 0x00000000edf00000|100%| E|CS|TAMS 0x00000000ede00000| PB 0x00000000ede00000| Complete 
| 223|0x00000000edf00000, 0x00000000ee000000, 0x00000000ee000000|100%| E|CS|TAMS 0x00000000edf00000| PB 0x00000000edf00000| Complete 
| 224|0x00000000ee000000, 0x00000000ee100000, 0x00000000ee100000|100%| E|CS|TAMS 0x00000000ee000000| PB 0x00000000ee000000| Complete 
| 225|0x00000000ee100000, 0x00000000ee200000, 0x00000000ee200000|100%| E|CS|TAMS 0x00000000ee100000| PB 0x00000000ee100000| Complete 
| 226|0x00000000ee200000, 0x00000000ee300000, 0x00000000ee300000|100%| E|CS|TAMS 0x00000000ee200000| PB 0x00000000ee200000| Complete 
| 227|0x00000000ee300000, 0x00000000ee400000, 0x00000000ee400000|100%| E|CS|TAMS 0x00000000ee300000| PB 0x00000000ee300000| Complete 
| 228|0x00000000ee400000, 0x00000000ee500000, 0x00000000ee500000|100%| E|CS|TAMS 0x00000000ee400000| PB 0x00000000ee400000| Complete 
| 229|0x00000000ee500000, 0x00000000ee600000, 0x00000000ee600000|100%| E|CS|TAMS 0x00000000ee500000| PB 0x00000000ee500000| Complete 
| 230|0x00000000ee600000, 0x00000000ee700000, 0x00000000ee700000|100%| E|CS|TAMS 0x00000000ee600000| PB 0x00000000ee600000| Complete 
| 231|0x00000000ee700000, 0x00000000ee800000, 0x00000000ee800000|100%| E|CS|TAMS 0x00000000ee700000| PB 0x00000000ee700000| Complete 
| 232|0x00000000ee800000, 0x00000000ee900000, 0x00000000ee900000|100%| E|CS|TAMS 0x00000000ee800000| PB 0x00000000ee800000| Complete 
| 233|0x00000000ee900000, 0x00000000eea00000, 0x00000000eea00000|100%| E|CS|TAMS 0x00000000ee900000| PB 0x00000000ee900000| Complete 
| 234|0x00000000eea00000, 0x00000000eeb00000, 0x00000000eeb00000|100%| E|CS|TAMS 0x00000000eea00000| PB 0x00000000eea00000| Complete 
| 235|0x00000000eeb00000, 0x00000000eec00000, 0x00000000eec00000|100%| E|CS|TAMS 0x00000000eeb00000| PB 0x00000000eeb00000| Complete 
| 236|0x00000000eec00000, 0x00000000eed00000, 0x00000000eed00000|100%| E|CS|TAMS 0x00000000eec00000| PB 0x00000000eec00000| Complete 
| 237|0x00000000eed00000, 0x00000000eee00000, 0x00000000eee00000|100%| E|CS|TAMS 0x00000000eed00000| PB 0x00000000eed00000| Complete 
| 238|0x00000000eee00000, 0x00000000eef00000, 0x00000000eef00000|100%| E|CS|TAMS 0x00000000eee00000| PB 0x00000000eee00000| Complete 
| 239|0x00000000eef00000, 0x00000000ef000000, 0x00000000ef000000|100%| E|CS|TAMS 0x00000000eef00000| PB 0x00000000eef00000| Complete 
| 240|0x00000000ef000000, 0x00000000ef100000, 0x00000000ef100000|100%| E|CS|TAMS 0x00000000ef000000| PB 0x00000000ef000000| Complete 
| 241|0x00000000ef100000, 0x00000000ef200000, 0x00000000ef200000|100%| E|CS|TAMS 0x00000000ef100000| PB 0x00000000ef100000| Complete 
| 242|0x00000000ef200000, 0x00000000ef300000, 0x00000000ef300000|100%| E|CS|TAMS 0x00000000ef200000| PB 0x00000000ef200000| Complete 
| 243|0x00000000ef300000, 0x00000000ef400000, 0x00000000ef400000|100%| E|CS|TAMS 0x00000000ef300000| PB 0x00000000ef300000| Complete 
| 244|0x00000000ef400000, 0x00000000ef500000, 0x00000000ef500000|100%| E|CS|TAMS 0x00000000ef400000| PB 0x00000000ef400000| Complete 
| 245|0x00000000ef500000, 0x00000000ef600000, 0x00000000ef600000|100%| E|CS|TAMS 0x00000000ef500000| PB 0x00000000ef500000| Complete 
| 246|0x00000000ef600000, 0x00000000ef700000, 0x00000000ef700000|100%| E|CS|TAMS 0x00000000ef600000| PB 0x00000000ef600000| Complete 
| 247|0x00000000ef700000, 0x00000000ef800000, 0x00000000ef800000|100%| E|CS|TAMS 0x00000000ef700000| PB 0x00000000ef700000| Complete 
| 248|0x00000000ef800000, 0x00000000ef900000, 0x00000000ef900000|100%| E|CS|TAMS 0x00000000ef800000| PB 0x00000000ef800000| Complete 
| 249|0x00000000ef900000, 0x00000000efa00000, 0x00000000efa00000|100%| E|CS|TAMS 0x00000000ef900000| PB 0x00000000ef900000| Complete 
| 250|0x00000000efa00000, 0x00000000efb00000, 0x00000000efb00000|100%| E|CS|TAMS 0x00000000efa00000| PB 0x00000000efa00000| Complete 
| 251|0x00000000efb00000, 0x00000000efc00000, 0x00000000efc00000|100%| E|CS|TAMS 0x00000000efb00000| PB 0x00000000efb00000| Complete 
| 252|0x00000000efc00000, 0x00000000efd00000, 0x00000000efd00000|100%| E|CS|TAMS 0x00000000efc00000| PB 0x00000000efc00000| Complete 
| 253|0x00000000efd00000, 0x00000000efe00000, 0x00000000efe00000|100%| E|CS|TAMS 0x00000000efd00000| PB 0x00000000efd00000| Complete 
| 254|0x00000000efe00000, 0x00000000eff00000, 0x00000000eff00000|100%| E|CS|TAMS 0x00000000efe00000| PB 0x00000000efe00000| Complete 
| 255|0x00000000eff00000, 0x00000000f0000000, 0x00000000f0000000|100%| E|CS|TAMS 0x00000000eff00000| PB 0x00000000eff00000| Complete 

Card table byte_map: [0x00000238c6e00000,0x00000238c6f00000] _byte_map_base: 0x00000238c6700000

Marking Bits: (CMBitMap*) 0x00000238b2aaa6f0
 Bits: [0x00000238c6f00000, 0x00000238c7700000)

Polling page: 0x00000238b2b40000

Metaspace:

Usage:
  Non-class:     48.55 MB used.
      Class:      8.39 MB used.
       Both:     56.94 MB used.

Virtual space:
  Non-class space:       64.00 MB reserved,      49.62 MB ( 78%) committed,  1 nodes.
      Class space:      320.00 MB reserved,       9.44 MB (  3%) committed,  1 nodes.
             Both:      384.00 MB reserved,      59.06 MB ( 15%) committed. 

Chunk freelists:
   Non-Class:  14.16 MB
       Class:  6.50 MB
        Both:  20.65 MB

MaxMetaspaceSize: 384.00 MB
CompressedClassSpaceSize: 320.00 MB
Initial GC threshold: 21.00 MB
Current GC threshold: 59.94 MB
CDS: on
 - commit_granule_bytes: 65536.
 - commit_granule_words: 8192.
 - virtual_space_node_default_size: 8388608.
 - enlarge_chunks_in_place: 1.
 - use_allocation_guard: 0.


Internal statistics:

num_allocs_failed_limit: 12.
num_arena_births: 3992.
num_arena_deaths: 0.
num_vsnodes_births: 2.
num_vsnodes_deaths: 0.
num_space_committed: 945.
num_space_uncommitted: 0.
num_chunks_returned_to_freelist: 12.
num_chunks_taken_from_freelist: 7051.
num_chunk_merges: 6.
num_chunk_splits: 4470.
num_chunks_enlarged: 2581.
num_inconsistent_stats: 0.

CodeHeap 'non-profiled nmethods': size=120000Kb used=5790Kb max_used=5790Kb free=114209Kb
 bounds [0x00000238bed60000, 0x00000238bf310000, 0x00000238c6290000]
CodeHeap 'profiled nmethods': size=120000Kb used=18497Kb max_used=18497Kb free=101502Kb
 bounds [0x00000238b7290000, 0x00000238b84b0000, 0x00000238be7c0000]
CodeHeap 'non-nmethods': size=5760Kb used=2110Kb max_used=2153Kb free=3649Kb
 bounds [0x00000238be7c0000, 0x00000238bea30000, 0x00000238bed60000]
CodeCache: size=245760Kb, used=26397Kb, max_used=26440Kb, free=219360Kb
 total_blobs=10601, nmethods=9828, adapters=675, full_count=0
Compilation: enabled, stopped_count=0, restarted_count=0

Compilation events (20 events):
Event: 198.688 Thread 0x00000238ca1a85b0 nmethod 10209 0x00000238bf300890 code [0x00000238bf300a20, 0x00000238bf300ad0]
Event: 198.689 Thread 0x00000238ca1a85b0 10210       1       org.gradle.internal.logging.events.ProgressStartEvent::getBuildOperationCategory (5 bytes)
Event: 198.689 Thread 0x00000238ca1a85b0 nmethod 10210 0x00000238bf300b90 code [0x00000238bf300d20, 0x00000238bf300de8]
Event: 199.222 Thread 0x00000238ca1a85b0 10211       3       it.unimi.dsi.fastutil.longs.Long2IntOpenHashMap::put (48 bytes)
Event: 199.223 Thread 0x00000238ca1a85b0 nmethod 10211 0x00000238b8461e90 code [0x00000238b8462060, 0x00000238b84622a8]
Event: 199.223 Thread 0x00000238ca1a85b0 10212       3       it.unimi.dsi.fastutil.longs.Long2IntOpenHashMap::find (109 bytes)
Event: 199.223 Thread 0x00000238ca1a85b0 nmethod 10212 0x00000238b8462410 code [0x00000238b8462600, 0x00000238b8462a80]
Event: 199.287 Thread 0x00000238ca1a85b0 10213       1       java.security.Provider::getName (5 bytes)
Event: 199.287 Thread 0x00000238ca1a85b0 nmethod 10213 0x00000238bf300e90 code [0x00000238bf301020, 0x00000238bf3010e8]
Event: 199.321 Thread 0x00000238ca1a85b0 10214       1       org.gradle.cache.internal.btree.BTreePersistentIndexedCache$IndexBlock::getType (3 bytes)
Event: 199.321 Thread 0x00000238ca1a85b0 nmethod 10214 0x00000238bf301190 code [0x00000238bf301320, 0x00000238bf3013e8]
Event: 199.609 Thread 0x00000238ca1a85b0 10215       3       org.gradle.cache.internal.btree.BlockPayload::<init> (5 bytes)
Event: 199.610 Thread 0x00000238ca1a85b0 nmethod 10215 0x00000238b8462c10 code [0x00000238b8462dc0, 0x00000238b8462f28]
Event: 199.663 Thread 0x00000238ca1a85b0 10216       3       java.util.concurrent.CopyOnWriteArraySet::remove (9 bytes)
Event: 199.663 Thread 0x00000238ca1a85b0 nmethod 10216 0x00000238b8463010 code [0x00000238b84631c0, 0x00000238b8463320]
Event: 199.663 Thread 0x00000238ca1a85b0 10217       3       java.util.concurrent.CopyOnWriteArrayList::remove (34 bytes)
Event: 199.664 Thread 0x00000238ca1a85b0 nmethod 10217 0x00000238b8463410 code [0x00000238b84635e0, 0x00000238b8463820]
Event: 199.884 Thread 0x00000238ca1a2ef0 10218       4       java.util.concurrent.locks.AbstractQueuedSynchronizer$ConditionObject::awaitNanos (202 bytes)
Event: 201.959 Thread 0x00000238ca1a85b0 10220   !   3       org.gradle.cache.internal.locklistener.DefaultFileLockContentionHandler::maybePingOwner (210 bytes)
Event: 201.960 Thread 0x00000238ca1a85b0 nmethod 10220 0x00000238b8463910 code [0x00000238b8463be0, 0x00000238b8464858]

GC Heap History (18 events):
Event: 5.229 GC heap before
{Heap before GC invocations=0 (full 0):
 garbage-first heap   total 262144K, used 27648K [0x00000000e0000000, 0x0000000100000000)
  region size 1024K, 23 young (23552K), 0 survivors (0K)
 Metaspace       used 2941K, committed 3072K, reserved 393216K
  class space    used 349K, committed 384K, reserved 327680K
}
Event: 5.298 GC heap after
{Heap after GC invocations=1 (full 0):
 garbage-first heap   total 262144K, used 11775K [0x00000000e0000000, 0x0000000100000000)
  region size 1024K, 3 young (3072K), 3 survivors (3072K)
 Metaspace       used 2941K, committed 3072K, reserved 393216K
  class space    used 349K, committed 384K, reserved 327680K
}
Event: 8.172 GC heap before
{Heap before GC invocations=1 (full 0):
 garbage-first heap   total 262144K, used 41471K [0x00000000e0000000, 0x0000000100000000)
  region size 1024K, 31 young (31744K), 3 survivors (3072K)
 Metaspace       used 4667K, committed 4864K, reserved 393216K
  class space    used 592K, committed 704K, reserved 327680K
}
Event: 8.176 GC heap after
{Heap after GC invocations=2 (full 0):
 garbage-first heap   total 262144K, used 15208K [0x00000000e0000000, 0x0000000100000000)
  region size 1024K, 3 young (3072K), 3 survivors (3072K)
 Metaspace       used 4667K, committed 4864K, reserved 393216K
  class space    used 592K, committed 704K, reserved 327680K
}
Event: 85.376 GC heap before
{Heap before GC invocations=2 (full 0):
 garbage-first heap   total 262144K, used 106344K [0x00000000e0000000, 0x0000000100000000)
  region size 1024K, 92 young (94208K), 3 survivors (3072K)
 Metaspace       used 17933K, committed 18432K, reserved 393216K
  class space    used 2481K, committed 2752K, reserved 327680K
}
Event: 85.448 GC heap after
{Heap after GC invocations=3 (full 0):
 garbage-first heap   total 262144K, used 23375K [0x00000000e0000000, 0x0000000100000000)
  region size 1024K, 11 young (11264K), 11 survivors (11264K)
 Metaspace       used 17933K, committed 18432K, reserved 393216K
  class space    used 2481K, committed 2752K, reserved 327680K
}
Event: 88.622 GC heap before
{Heap before GC invocations=3 (full 0):
 garbage-first heap   total 262144K, used 45903K [0x00000000e0000000, 0x0000000100000000)
  region size 1024K, 34 young (34816K), 11 survivors (11264K)
 Metaspace       used 20845K, committed 21504K, reserved 393216K
  class space    used 2969K, committed 3264K, reserved 327680K
}
Event: 88.629 GC heap after
{Heap after GC invocations=4 (full 0):
 garbage-first heap   total 262144K, used 25068K [0x00000000e0000000, 0x0000000100000000)
  region size 1024K, 3 young (3072K), 3 survivors (3072K)
 Metaspace       used 20845K, committed 21504K, reserved 393216K
  class space    used 2969K, committed 3264K, reserved 327680K
}
Event: 109.313 GC heap before
{Heap before GC invocations=5 (full 0):
 garbage-first heap   total 262144K, used 126444K [0x00000000e0000000, 0x0000000100000000)
  region size 1024K, 102 young (104448K), 3 survivors (3072K)
 Metaspace       used 34669K, committed 35968K, reserved 393216K
  class space    used 4960K, committed 5632K, reserved 327680K
}
Event: 109.318 GC heap after
{Heap after GC invocations=6 (full 0):
 garbage-first heap   total 262144K, used 30583K [0x00000000e0000000, 0x0000000100000000)
  region size 1024K, 8 young (8192K), 8 survivors (8192K)
 Metaspace       used 34669K, committed 35968K, reserved 393216K
  class space    used 4960K, committed 5632K, reserved 327680K
}
Event: 109.562 GC heap before
{Heap before GC invocations=6 (full 0):
 garbage-first heap   total 262144K, used 31607K [0x00000000e0000000, 0x0000000100000000)
  region size 1024K, 10 young (10240K), 8 survivors (8192K)
 Metaspace       used 35010K, committed 36288K, reserved 393216K
  class space    used 4988K, committed 5632K, reserved 327680K
}
Event: 109.566 GC heap after
{Heap after GC invocations=7 (full 0):
 garbage-first heap   total 262144K, used 30494K [0x00000000e0000000, 0x0000000100000000)
  region size 1024K, 8 young (8192K), 8 survivors (8192K)
 Metaspace       used 35010K, committed 36288K, reserved 393216K
  class space    used 4988K, committed 5632K, reserved 327680K
}
Event: 109.731 GC heap before
{Heap before GC invocations=7 (full 0):
 garbage-first heap   total 262144K, used 31518K [0x00000000e0000000, 0x0000000100000000)
  region size 1024K, 10 young (10240K), 8 survivors (8192K)
 Metaspace       used 35269K, committed 36608K, reserved 393216K
  class space    used 5014K, committed 5696K, reserved 327680K
}
Event: 109.737 GC heap after
{Heap after GC invocations=8 (full 0):
 garbage-first heap   total 262144K, used 31182K [0x00000000e0000000, 0x0000000100000000)
  region size 1024K, 9 young (9216K), 9 survivors (9216K)
 Metaspace       used 35269K, committed 36608K, reserved 393216K
  class space    used 5014K, committed 5696K, reserved 327680K
}
Event: 117.416 GC heap before
{Heap before GC invocations=9 (full 0):
 garbage-first heap   total 262144K, used 178638K [0x00000000e0000000, 0x0000000100000000)
  region size 1024K, 153 young (156672K), 9 survivors (9216K)
 Metaspace       used 50231K, committed 52288K, reserved 393216K
  class space    used 7495K, committed 8512K, reserved 327680K
}
Event: 117.426 GC heap after
{Heap after GC invocations=10 (full 0):
 garbage-first heap   total 262144K, used 38913K [0x00000000e0000000, 0x0000000100000000)
  region size 1024K, 16 young (16384K), 16 survivors (16384K)
 Metaspace       used 50231K, committed 52288K, reserved 393216K
  class space    used 7495K, committed 8512K, reserved 327680K
}
Event: 159.002 GC heap before
{Heap before GC invocations=10 (full 0):
 garbage-first heap   total 262144K, used 179201K [0x00000000e0000000, 0x0000000100000000)
  region size 1024K, 153 young (156672K), 16 survivors (16384K)
 Metaspace       used 57735K, committed 59904K, reserved 393216K
  class space    used 8582K, committed 9600K, reserved 327680K
}
Event: 159.016 GC heap after
{Heap after GC invocations=11 (full 0):
 garbage-first heap   total 262144K, used 49931K [0x00000000e0000000, 0x0000000100000000)
  region size 1024K, 20 young (20480K), 20 survivors (20480K)
 Metaspace       used 57735K, committed 59904K, reserved 393216K
  class space    used 8582K, committed 9600K, reserved 327680K
}

Dll operation events (20 events):
Event: 0.566 Attempting to load shared library C:\Users\user\.vscode\extensions\redhat.java-1.56.0-win32-x64\jre\21.0.12.1-win32-x86_64\bin\nio.dll
Event: 0.579 Loaded shared library C:\Users\user\.vscode\extensions\redhat.java-1.56.0-win32-x64\jre\21.0.12.1-win32-x86_64\bin\nio.dll
Event: 0.610 Attempting to load shared library C:\Users\user\.vscode\extensions\redhat.java-1.56.0-win32-x64\jre\21.0.12.1-win32-x86_64\bin\zip.dll
Event: 0.610 Loaded shared library C:\Users\user\.vscode\extensions\redhat.java-1.56.0-win32-x64\jre\21.0.12.1-win32-x86_64\bin\zip.dll
Event: 2.740 Attempting to load shared library C:\Users\user\.vscode\extensions\redhat.java-1.56.0-win32-x64\jre\21.0.12.1-win32-x86_64\bin\jimage.dll
Event: 2.741 Loaded shared library C:\Users\user\.vscode\extensions\redhat.java-1.56.0-win32-x64\jre\21.0.12.1-win32-x86_64\bin\jimage.dll
Event: 4.265 Attempting to load shared library C:\Users\user\.vscode\extensions\redhat.java-1.56.0-win32-x64\jre\21.0.12.1-win32-x86_64\bin\verify.dll
Event: 4.274 Loaded shared library C:\Users\user\.vscode\extensions\redhat.java-1.56.0-win32-x64\jre\21.0.12.1-win32-x86_64\bin\verify.dll
Event: 4.602 Attempting to load shared library C:\Users\user\.gradle\native\660c5614fbf4a5f2a75b1949f50a0caf5cd603558e7d8a26e50b933a0cfb79d1\windows-amd64\native-platform.dll
Event: 4.605 Loaded shared library C:\Users\user\.gradle\native\660c5614fbf4a5f2a75b1949f50a0caf5cd603558e7d8a26e50b933a0cfb79d1\windows-amd64\native-platform.dll
Event: 4.694 Attempting to load shared library C:\Users\user\.gradle\native\0.2.8\x86_64-windows-gnu\gradle-fileevents.dll
Event: 4.698 Loaded shared library C:\Users\user\.gradle\native\0.2.8\x86_64-windows-gnu\gradle-fileevents.dll
Event: 9.551 Attempting to load shared library C:\Users\user\.vscode\extensions\redhat.java-1.56.0-win32-x64\jre\21.0.12.1-win32-x86_64\bin\management.dll
Event: 9.564 Loaded shared library C:\Users\user\.vscode\extensions\redhat.java-1.56.0-win32-x64\jre\21.0.12.1-win32-x86_64\bin\management.dll
Event: 9.569 Attempting to load shared library C:\Users\user\.vscode\extensions\redhat.java-1.56.0-win32-x64\jre\21.0.12.1-win32-x86_64\bin\management_ext.dll
Event: 9.573 Loaded shared library C:\Users\user\.vscode\extensions\redhat.java-1.56.0-win32-x64\jre\21.0.12.1-win32-x86_64\bin\management_ext.dll
Event: 10.603 Attempting to load shared library C:\Users\user\.vscode\extensions\redhat.java-1.56.0-win32-x64\jre\21.0.12.1-win32-x86_64\bin\extnet.dll
Event: 10.605 Loaded shared library C:\Users\user\.vscode\extensions\redhat.java-1.56.0-win32-x64\jre\21.0.12.1-win32-x86_64\bin\extnet.dll
Event: 63.247 Attempting to load shared library C:\Users\user\.vscode\extensions\redhat.java-1.56.0-win32-x64\jre\21.0.12.1-win32-x86_64\bin\sunmscapi.dll
Event: 63.297 Loaded shared library C:\Users\user\.vscode\extensions\redhat.java-1.56.0-win32-x64\jre\21.0.12.1-win32-x86_64\bin\sunmscapi.dll

Deoptimization events (20 events):
Event: 171.586 Thread 0x00000238e454bfe0 Uncommon trap: trap_request=0xffffffd6 fr.pc=0x00000238bf2a3cec relative=0x00000000000018ec
Event: 171.586 Thread 0x00000238e454bfe0 Uncommon trap: reason=array_check action=maybe_recompile pc=0x00000238bf2a3cec method=org.gradle.internal.service.DefaultServiceRegistry$FactoryService.bind()V @ 342 c2
Event: 171.586 Thread 0x00000238e454bfe0 DEOPT PACKING pc=0x00000238bf2a3cec sp=0x00000098502f9d70
Event: 171.586 Thread 0x00000238e454bfe0 DEOPT UNPACKING pc=0x00000238be817ba2 sp=0x00000098502f9d40 mode 2
Event: 171.586 Thread 0x00000238e454bfe0 Uncommon trap: trap_request=0xffffffd6 fr.pc=0x00000238bf2a3cec relative=0x00000000000018ec
Event: 171.586 Thread 0x00000238e454bfe0 Uncommon trap: reason=array_check action=maybe_recompile pc=0x00000238bf2a3cec method=org.gradle.internal.service.DefaultServiceRegistry$FactoryService.bind()V @ 342 c2
Event: 171.586 Thread 0x00000238e454bfe0 DEOPT PACKING pc=0x00000238bf2a3cec sp=0x00000098502f9cb0
Event: 171.586 Thread 0x00000238e454bfe0 DEOPT UNPACKING pc=0x00000238be817ba2 sp=0x00000098502f9c80 mode 2
Event: 171.586 Thread 0x00000238e454bfe0 Uncommon trap: trap_request=0xffffffd6 fr.pc=0x00000238bf2a3cec relative=0x00000000000018ec
Event: 171.586 Thread 0x00000238e454bfe0 Uncommon trap: reason=array_check action=maybe_recompile pc=0x00000238bf2a3cec method=org.gradle.internal.service.DefaultServiceRegistry$FactoryService.bind()V @ 342 c2
Event: 171.586 Thread 0x00000238e454bfe0 DEOPT PACKING pc=0x00000238bf2a3cec sp=0x00000098502f98c0
Event: 171.586 Thread 0x00000238e454bfe0 DEOPT UNPACKING pc=0x00000238be817ba2 sp=0x00000098502f9890 mode 2
Event: 171.586 Thread 0x00000238e454bfe0 Uncommon trap: trap_request=0xffffffd6 fr.pc=0x00000238bf2a3cec relative=0x00000000000018ec
Event: 171.586 Thread 0x00000238e454bfe0 Uncommon trap: reason=array_check action=maybe_recompile pc=0x00000238bf2a3cec method=org.gradle.internal.service.DefaultServiceRegistry$FactoryService.bind()V @ 342 c2
Event: 171.586 Thread 0x00000238e454bfe0 DEOPT PACKING pc=0x00000238bf2a3cec sp=0x00000098502f9670
Event: 171.586 Thread 0x00000238e454bfe0 DEOPT UNPACKING pc=0x00000238be817ba2 sp=0x00000098502f9640 mode 2
Event: 171.586 Thread 0x00000238e454bfe0 Uncommon trap: trap_request=0xffffffd6 fr.pc=0x00000238bf2a3cec relative=0x00000000000018ec
Event: 171.586 Thread 0x00000238e454bfe0 Uncommon trap: reason=array_check action=maybe_recompile pc=0x00000238bf2a3cec method=org.gradle.internal.service.DefaultServiceRegistry$FactoryService.bind()V @ 342 c2
Event: 171.586 Thread 0x00000238e454bfe0 DEOPT PACKING pc=0x00000238bf2a3cec sp=0x00000098502f9a60
Event: 171.586 Thread 0x00000238e454bfe0 DEOPT UNPACKING pc=0x00000238be817ba2 sp=0x00000098502f9a30 mode 2

Classes loaded (20 events):
Event: 121.101 Loading class java/net/Proxy
Event: 121.101 Loading class java/net/Proxy done
Event: 121.125 Loading class java/util/concurrent/CompletableFuture$AsyncRun
Event: 121.126 Loading class java/util/concurrent/CompletableFuture$AsyncRun done
Event: 128.491 Loading class jdk/internal/math/FormattedFPDecimal
Event: 128.491 Loading class jdk/internal/math/FormattedFPDecimal done
Event: 128.491 Loading class sun/text/resources/cldr/FormatData_en
Event: 128.492 Loading class sun/text/resources/cldr/FormatData_en done
Event: 131.997 Loading class java/util/AbstractList$ListItr
Event: 131.997 Loading class java/util/AbstractList$ListItr done
Event: 164.029 Loading class sun/net/ConnectionResetException
Event: 164.029 Loading class sun/net/ConnectionResetException done
Event: 164.085 Loading class java/lang/Throwable$WrappedPrintWriter
Event: 164.085 Loading class java/lang/Throwable$PrintStreamOrWriter
Event: 164.086 Loading class java/lang/Throwable$PrintStreamOrWriter done
Event: 164.086 Loading class java/lang/Throwable$WrappedPrintWriter done
Event: 164.086 Loading class java/lang/StackTraceElement$HashedModules
Event: 164.086 Loading class java/lang/StackTraceElement$HashedModules done
Event: 164.224 Loading class java/util/concurrent/CompletableFuture$Signaller
Event: 164.224 Loading class java/util/concurrent/CompletableFuture$Signaller done

Classes unloaded (0 events):
No events

Classes redefined (0 events):
No events

Internal exceptions (20 events):
Event: 171.281 Thread 0x00000238e454bfe0 Exception <a 'java/lang/NoClassDefFoundError'{0x00000000eeba6760}: org/jetbrains/kotlin/gradle/plugin/KotlinPluginWrapper> (0x00000000eeba6760) 
thrown [s\src\hotspot\share\oops\constantPool.cpp, line 873]
Event: 171.281 Thread 0x00000238e454bfe0 Exception <a 'java/lang/NoClassDefFoundError'{0x00000000eeba8e18}: org/graalvm/buildtools/gradle/NativeImagePlugin> (0x00000000eeba8e18) 
thrown [s\src\hotspot\share\oops\constantPool.cpp, line 873]
Event: 171.281 Thread 0x00000238e454bfe0 Exception <a 'java/lang/NoClassDefFoundError'{0x00000000eebab4c0}: org/cyclonedx/gradle/CyclonedxPlugin> (0x00000000eebab4c0) 
thrown [s\src\hotspot\share\oops\constantPool.cpp, line 873]
Event: 171.281 Thread 0x00000238e454bfe0 Exception <a 'java/lang/NoClassDefFoundError'{0x00000000eebadb78}: com/google/protobuf/gradle/ProtobufPlugin> (0x00000000eebadb78) 
thrown [s\src\hotspot\share\oops\constantPool.cpp, line 873]
Event: 171.950 Thread 0x00000238e454bfe0 Exception <a 'sun/nio/fs/WindowsException'{0x00000000ee92c1d0}> (0x00000000ee92c1d0) 
thrown [s\src\hotspot\share\prims\jni.cpp, line 520]
Event: 181.702 Thread 0x00000238e454bfe0 Exception <a 'sun/nio/fs/WindowsException'{0x00000000ee54d868}> (0x00000000ee54d868) 
thrown [s\src\hotspot\share\prims\jni.cpp, line 520]
Event: 181.742 Thread 0x00000238e454bfe0 Exception <a 'sun/nio/fs/WindowsException'{0x00000000ee54efe0}> (0x00000000ee54efe0) 
thrown [s\src\hotspot\share\prims\jni.cpp, line 520]
Event: 181.783 Thread 0x00000238e454bfe0 Exception <a 'sun/nio/fs/WindowsException'{0x00000000ee550750}> (0x00000000ee550750) 
thrown [s\src\hotspot\share\prims\jni.cpp, line 520]
Event: 181.822 Thread 0x00000238e454bfe0 Exception <a 'sun/nio/fs/WindowsException'{0x00000000ee551eb0}> (0x00000000ee551eb0) 
thrown [s\src\hotspot\share\prims\jni.cpp, line 520]
Event: 187.256 Thread 0x00000238e454bfe0 Exception <a 'java/lang/NoClassDefFoundError'{0x00000000edd590a0}: org/jetbrains/kotlin/gradle/plugin/KotlinPluginWrapper> (0x00000000edd590a0) 
thrown [s\src\hotspot\share\oops\constantPool.cpp, line 873]
Event: 187.256 Thread 0x00000238e454bfe0 Exception <a 'java/lang/NoClassDefFoundError'{0x00000000edd5b758}: org/graalvm/buildtools/gradle/NativeImagePlugin> (0x00000000edd5b758) 
thrown [s\src\hotspot\share\oops\constantPool.cpp, line 873]
Event: 187.256 Thread 0x00000238e454bfe0 Exception <a 'java/lang/NoClassDefFoundError'{0x00000000edd5de00}: org/cyclonedx/gradle/CyclonedxPlugin> (0x00000000edd5de00) 
thrown [s\src\hotspot\share\oops\constantPool.cpp, line 873]
Event: 187.256 Thread 0x00000238e454bfe0 Exception <a 'java/lang/NoClassDefFoundError'{0x00000000edd604b8}: com/google/protobuf/gradle/ProtobufPlugin> (0x00000000edd604b8) 
thrown [s\src\hotspot\share\oops\constantPool.cpp, line 873]
Event: 187.613 Thread 0x00000238e454bfe0 Exception <a 'sun/nio/fs/WindowsException'{0x00000000edc69b68}> (0x00000000edc69b68) 
thrown [s\src\hotspot\share\prims\jni.cpp, line 520]
Event: 191.158 Thread 0x00000238e6ddad70 Exception <a 'java/io/IOException'{0x00000000edbfe500}> (0x00000000edbfe500) 
thrown [s\src\hotspot\share\prims\jni.cpp, line 520]
Event: 191.234 Thread 0x00000238e6ddb400 Exception <a 'java/io/IOException'{0x00000000eda43af0}> (0x00000000eda43af0) 
thrown [s\src\hotspot\share\prims\jni.cpp, line 520]
Event: 195.510 Thread 0x00000238e454bfe0 Exception <a 'sun/nio/fs/WindowsException'{0x00000000ed7da018}> (0x00000000ed7da018) 
thrown [s\src\hotspot\share\prims\jni.cpp, line 520]
Event: 195.556 Thread 0x00000238e454bfe0 Exception <a 'sun/nio/fs/WindowsException'{0x00000000ed7db790}> (0x00000000ed7db790) 
thrown [s\src\hotspot\share\prims\jni.cpp, line 520]
Event: 195.601 Thread 0x00000238e454bfe0 Exception <a 'sun/nio/fs/WindowsException'{0x00000000ed7dcf00}> (0x00000000ed7dcf00) 
thrown [s\src\hotspot\share\prims\jni.cpp, line 520]
Event: 195.647 Thread 0x00000238e454bfe0 Exception <a 'sun/nio/fs/WindowsException'{0x00000000ed7de660}> (0x00000000ed7de660) 
thrown [s\src\hotspot\share\prims\jni.cpp, line 520]

ZGC Phase Switch (0 events):
No events

VM Operations (20 events):
Event: 186.576 Executing safepoint VM operation: Cleanup
Event: 186.576 Executing safepoint VM operation: Cleanup done
Event: 187.589 Executing safepoint VM operation: Cleanup
Event: 187.589 Executing safepoint VM operation: Cleanup done
Event: 188.604 Executing safepoint VM operation: Cleanup
Event: 188.604 Executing safepoint VM operation: Cleanup done
Event: 190.630 Executing safepoint VM operation: Cleanup
Event: 190.630 Executing safepoint VM operation: Cleanup done
Event: 191.643 Executing safepoint VM operation: Cleanup
Event: 191.643 Executing safepoint VM operation: Cleanup done
Event: 194.664 Executing safepoint VM operation: Cleanup
Event: 194.664 Executing safepoint VM operation: Cleanup done
Event: 195.678 Executing safepoint VM operation: Cleanup
Event: 195.678 Executing safepoint VM operation: Cleanup done
Event: 196.688 Executing safepoint VM operation: Cleanup
Event: 196.688 Executing safepoint VM operation: Cleanup done
Event: 197.703 Executing safepoint VM operation: Cleanup
Event: 197.703 Executing safepoint VM operation: Cleanup done
Event: 198.715 Executing safepoint VM operation: Cleanup
Event: 198.715 Executing safepoint VM operation: Cleanup done

Memory protections (0 events):
No events

Nmethod flushes (20 events):
Event: 109.760 Thread 0x00000238ca155020 flushing  nmethod 0x00000238b76ea410
Event: 109.760 Thread 0x00000238ca155020 flushing  nmethod 0x00000238b76eb710
Event: 109.760 Thread 0x00000238ca155020 flushing  nmethod 0x00000238b76ebd10
Event: 109.760 Thread 0x00000238ca155020 flushing  nmethod 0x00000238b76ed010
Event: 109.760 Thread 0x00000238ca155020 flushing  nmethod 0x00000238b76edf10
Event: 109.760 Thread 0x00000238ca155020 flushing  nmethod 0x00000238b76efb10
Event: 109.760 Thread 0x00000238ca155020 flushing  nmethod 0x00000238b76f0690
Event: 109.760 Thread 0x00000238ca155020 flushing  nmethod 0x00000238b76fca10
Event: 109.760 Thread 0x00000238ca155020 flushing  nmethod 0x00000238b76fd010
Event: 109.760 Thread 0x00000238ca155020 flushing  nmethod 0x00000238b7712f10
Event: 109.760 Thread 0x00000238ca155020 flushing  nmethod 0x00000238b77d5010
Event: 109.760 Thread 0x00000238ca155020 flushing  nmethod 0x00000238b77d7410
Event: 109.760 Thread 0x00000238ca155020 flushing  nmethod 0x00000238b77dc810
Event: 109.760 Thread 0x00000238ca155020 flushing  nmethod 0x00000238b75bb790
Event: 109.760 Thread 0x00000238ca155020 flushing  nmethod 0x00000238b75bc510
Event: 109.760 Thread 0x00000238ca155020 flushing  nmethod 0x00000238b75bfa90
Event: 109.760 Thread 0x00000238ca155020 flushing  nmethod 0x00000238b7601b10
Event: 109.760 Thread 0x00000238ca155020 flushing  nmethod 0x00000238b7602590
Event: 109.760 Thread 0x00000238ca155020 flushing  nmethod 0x00000238b7603710
Event: 109.760 Thread 0x00000238ca155020 flushing  nmethod 0x00000238b7608290

Events (20 events):
Event: 190.413 Thread 0x00000238e6dd7260 Thread added: 0x00000238e6ddc120
Event: 191.112 Thread 0x00000238e6ddc120 Thread exited: 0x00000238e6ddc120
Event: 191.144 Thread 0x00000238e6dd7f80 Thread exited: 0x00000238e6dd7f80
Event: 191.228 Thread 0x00000238e6ddad70 Thread exited: 0x00000238e6ddad70
Event: 191.280 Thread 0x00000238e6ddb400 Thread exited: 0x00000238e6ddb400
Event: 191.295 Thread 0x00000238e454bfe0 Thread added: 0x00000238e6dd8ca0
Event: 191.309 Thread 0x00000238e454bfe0 Thread added: 0x00000238e6ddad70
Event: 191.362 Thread 0x00000238e454bfe0 Thread added: 0x00000238e6ddb400
Event: 191.659 Thread 0x00000238e454bfe0 Thread added: 0x00000238e6dd7f80
Event: 191.988 Thread 0x00000238e454bfe0 Thread added: 0x00000238e6dd9330
Event: 194.779 Thread 0x00000238e454bfe0 Thread added: 0x00000238e6ddba90
Event: 195.098 Thread 0x00000238e454bfe0 Thread added: 0x00000238e6ddc120
Event: 195.293 Thread 0x00000238e454bfe0 Thread added: 0x00000238e6ddc7b0
Event: 198.675 Thread 0x00000238e454bfe0 Thread added: 0x00000238e6ddce40
Event: 198.675 Thread 0x00000238e454bfe0 Thread added: 0x00000238e6ddd4d0
Event: 198.675 Thread 0x00000238e454bfe0 Thread added: 0x00000238e4248e50
Event: 198.675 Thread 0x00000238e454bfe0 Thread added: 0x00000238e4247aa0
Event: 198.675 Thread 0x00000238e454bfe0 Thread added: 0x00000238e42466f0
Event: 198.676 Thread 0x00000238e454bfe0 Thread added: 0x00000238e4247410
Event: 198.676 Thread 0x00000238e454bfe0 Thread added: 0x00000238e424d680


Dynamic libraries:
0x00007ff784e70000 - 0x00007ff784e7e000 	C:\Users\user\.vscode\extensions\redhat.java-1.56.0-win32-x64\jre\21.0.12.1-win32-x86_64\bin\java.exe
0x00007ffec1060000 - 0x00007ffec12c7000 	C:\WINDOWS\SYSTEM32\ntdll.dll
0x00007ffec07a0000 - 0x00007ffec086b000 	C:\WINDOWS\System32\KERNEL32.DLL
0x00007ffebe6a0000 - 0x00007ffebeaa2000 	C:\WINDOWS\System32\KERNELBASE.dll
0x00007ffebe540000 - 0x00007ffebe68c000 	C:\WINDOWS\System32\ucrtbase.dll
0x00007ffeadf10000 - 0x00007ffeadf2e000 	C:\Users\user\.vscode\extensions\redhat.java-1.56.0-win32-x64\jre\21.0.12.1-win32-x86_64\bin\VCRUNTIME140.dll
0x00007ffeadf30000 - 0x00007ffeadf48000 	C:\Users\user\.vscode\extensions\redhat.java-1.56.0-win32-x64\jre\21.0.12.1-win32-x86_64\bin\jli.dll
0x00007ffec0d00000 - 0x00007ffec0ecf000 	C:\WINDOWS\System32\USER32.dll
0x00007ffebed50000 - 0x00007ffebed77000 	C:\WINDOWS\System32\win32u.dll
0x00007ffebf580000 - 0x00007ffebf5ab000 	C:\WINDOWS\System32\GDI32.dll
0x00007ffebeab0000 - 0x00007ffebebd9000 	C:\WINDOWS\System32\gdi32full.dll
0x00007ffebeca0000 - 0x00007ffebed43000 	C:\WINDOWS\System32\msvcp_win.dll
0x00007ffea8470000 - 0x00007ffea8700000 	C:\WINDOWS\WinSxS\amd64_microsoft.windows.common-controls_6595b64144ccf1df_6.0.26100.9278_none_3e0d1ba8e3303201\COMCTL32.dll
0x00007ffec0100000 - 0x00007ffec01a9000 	C:\WINDOWS\System32\msvcrt.dll
0x00007ffebf230000 - 0x00007ffebf261000 	C:\WINDOWS\System32\IMM32.DLL
0x00007ffeb62e0000 - 0x00007ffeb62ec000 	C:\Users\user\.vscode\extensions\redhat.java-1.56.0-win32-x64\jre\21.0.12.1-win32-x86_64\bin\vcruntime140_1.dll
0x00007ffe9b410000 - 0x00007ffe9b49d000 	C:\Users\user\.vscode\extensions\redhat.java-1.56.0-win32-x64\jre\21.0.12.1-win32-x86_64\bin\msvcp140.dll
0x00007ffe0fbd0000 - 0x00007ffe10972000 	C:\Users\user\.vscode\extensions\redhat.java-1.56.0-win32-x64\jre\21.0.12.1-win32-x86_64\bin\server\jvm.dll
0x00007ffebf4a0000 - 0x00007ffebf55c000 	C:\WINDOWS\System32\ADVAPI32.dll
0x00007ffec0ee0000 - 0x00007ffec0f89000 	C:\WINDOWS\System32\sechost.dll
0x00007ffec01b0000 - 0x00007ffec02c8000 	C:\WINDOWS\System32\RPCRT4.dll
0x00007ffec0f90000 - 0x00007ffec1010000 	C:\WINDOWS\System32\WS2_32.dll
0x00007ffebe0c0000 - 0x00007ffebe11e000 	C:\WINDOWS\SYSTEM32\POWRPROF.dll
0x00007ffea8710000 - 0x00007ffea8746000 	C:\WINDOWS\SYSTEM32\WINMM.dll
0x00007ffeabe00000 - 0x00007ffeabe0b000 	C:\WINDOWS\SYSTEM32\VERSION.dll
0x00007ffebe0a0000 - 0x00007ffebe0b5000 	C:\WINDOWS\SYSTEM32\UMPDC.dll
0x00007ffebcf30000 - 0x00007ffebcf4b000 	C:\WINDOWS\SYSTEM32\kernel.appcore.dll
0x00007ffeaf5a0000 - 0x00007ffeaf5aa000 	C:\Users\user\.vscode\extensions\redhat.java-1.56.0-win32-x64\jre\21.0.12.1-win32-x86_64\bin\jimage.dll
0x00007ffebb9a0000 - 0x00007ffebbbec000 	C:\WINDOWS\SYSTEM32\DBGHELP.DLL
0x00007ffebeea0000 - 0x00007ffebf225000 	C:\WINDOWS\System32\combase.dll
0x00007ffebf670000 - 0x00007ffebf749000 	C:\WINDOWS\System32\OLEAUT32.dll
0x00007ffe9af60000 - 0x00007ffe9af9b000 	C:\WINDOWS\SYSTEM32\dbgcore.DLL
0x00007ffebebe0000 - 0x00007ffebec8c000 	C:\WINDOWS\System32\bcryptPrimitives.dll
0x00007ffeadf00000 - 0x00007ffeadf0f000 	C:\Users\user\.vscode\extensions\redhat.java-1.56.0-win32-x64\jre\21.0.12.1-win32-x86_64\bin\instrument.dll
0x00007ffeadee0000 - 0x00007ffeadf00000 	C:\Users\user\.vscode\extensions\redhat.java-1.56.0-win32-x64\jre\21.0.12.1-win32-x86_64\bin\java.dll
0x00007ffebf7a0000 - 0x00007ffebff38000 	C:\WINDOWS\System32\SHELL32.dll
0x00007ffebbc00000 - 0x00007ffebc4ae000 	C:\WINDOWS\SYSTEM32\windows.storage.dll
0x00007ffebf3a0000 - 0x00007ffebf49b000 	C:\WINDOWS\System32\SHCORE.dll
0x00007ffec0c90000 - 0x00007ffec0cf6000 	C:\WINDOWS\System32\shlwapi.dll
0x00007ffebe180000 - 0x00007ffebe1a9000 	C:\WINDOWS\SYSTEM32\profapi.dll
0x00007ffeac440000 - 0x00007ffeac458000 	C:\Users\user\.vscode\extensions\redhat.java-1.56.0-win32-x64\jre\21.0.12.1-win32-x86_64\bin\zip.dll
0x00007ffeac430000 - 0x00007ffeac440000 	C:\Users\user\.vscode\extensions\redhat.java-1.56.0-win32-x64\jre\21.0.12.1-win32-x86_64\bin\net.dll
0x00007ffeae130000 - 0x00007ffeae25a000 	C:\WINDOWS\SYSTEM32\WINHTTP.dll
0x00007ffebd4f0000 - 0x00007ffebd55c000 	C:\WINDOWS\system32\mswsock.dll
0x00007ffe9b520000 - 0x00007ffe9b536000 	C:\Users\user\.vscode\extensions\redhat.java-1.56.0-win32-x64\jre\21.0.12.1-win32-x86_64\bin\nio.dll
0x00007ffea3c40000 - 0x00007ffea3c50000 	C:\Users\user\.vscode\extensions\redhat.java-1.56.0-win32-x64\jre\21.0.12.1-win32-x86_64\bin\verify.dll
0x00007ffeade30000 - 0x00007ffeade57000 	C:\Users\user\.gradle\native\660c5614fbf4a5f2a75b1949f50a0caf5cd603558e7d8a26e50b933a0cfb79d1\windows-amd64\native-platform.dll
0x00007ffe931f0000 - 0x00007ffe93267000 	C:\Users\user\.gradle\native\0.2.8\x86_64-windows-gnu\gradle-fileevents.dll
0x00007ffeba9e0000 - 0x00007ffeba9ea000 	C:\Users\user\.vscode\extensions\redhat.java-1.56.0-win32-x64\jre\21.0.12.1-win32-x86_64\bin\management.dll
0x00007ffeb4c80000 - 0x00007ffeb4c8c000 	C:\Users\user\.vscode\extensions\redhat.java-1.56.0-win32-x64\jre\21.0.12.1-win32-x86_64\bin\management_ext.dll
0x00007ffebf570000 - 0x00007ffebf578000 	C:\WINDOWS\System32\PSAPI.DLL
0x00007ffebc900000 - 0x00007ffebc933000 	C:\WINDOWS\SYSTEM32\IPHLPAPI.DLL
0x00007ffebf270000 - 0x00007ffebf27a000 	C:\WINDOWS\System32\NSI.dll
0x00007ffeb4c70000 - 0x00007ffeb4c79000 	C:\Users\user\.vscode\extensions\redhat.java-1.56.0-win32-x64\jre\21.0.12.1-win32-x86_64\bin\extnet.dll
0x00007ffebd7e0000 - 0x00007ffebd7fb000 	C:\WINDOWS\SYSTEM32\CRYPTSP.dll
0x00007ffebce90000 - 0x00007ffebcec9000 	C:\WINDOWS\system32\rsaenh.dll
0x00007ffebd5a0000 - 0x00007ffebd5d4000 	C:\WINDOWS\SYSTEM32\USERENV.dll
0x00007ffebe150000 - 0x00007ffebe17a000 	C:\WINDOWS\SYSTEM32\bcrypt.dll
0x00007ffebd800000 - 0x00007ffebd80c000 	C:\WINDOWS\SYSTEM32\CRYPTBASE.dll
0x00007ffeaf650000 - 0x00007ffeaf65e000 	C:\Users\user\.vscode\extensions\redhat.java-1.56.0-win32-x64\jre\21.0.12.1-win32-x86_64\bin\sunmscapi.dll
0x00007ffebe320000 - 0x00007ffebe49e000 	C:\WINDOWS\System32\CRYPT32.dll
0x00007ffebda20000 - 0x00007ffebda50000 	C:\WINDOWS\SYSTEM32\ncrypt.dll
0x00007ffebd9d0000 - 0x00007ffebda0f000 	C:\WINDOWS\SYSTEM32\NTASN1.dll
0x00007ffeab6e0000 - 0x00007ffeab6e8000 	C:\WINDOWS\system32\wshunix.dll

JVMTI agents:
C:\Users\user\.gradle\wrapper\dists\gradle-9.5.1-bin\iq79hdu3mqx29lgffhp8bfmx\gradle-9.5.1\lib\agents\gradle-instrumentation-agent-9.5.1.jar path:C:\Users\user\.vscode\extensions\redhat.java-1.56.0-win32-x64\jre\21.0.12.1-win32-x86_64\bin\instrument.dll, loaded, initialized, instrumentlib options:none

dbghelp: loaded successfully - version: 4.0.5 - missing functions: none
symbol engine: initialized successfully - sym options: 0x614 - pdb path: .;C:\Users\user\.vscode\extensions\redhat.java-1.56.0-win32-x64\jre\21.0.12.1-win32-x86_64\bin;C:\WINDOWS\SYSTEM32;C:\WINDOWS\WinSxS\amd64_microsoft.windows.common-controls_6595b64144ccf1df_6.0.26100.9278_none_3e0d1ba8e3303201;C:\Users\user\.vscode\extensions\redhat.java-1.56.0-win32-x64\jre\21.0.12.1-win32-x86_64\bin\server;C:\Users\user\.gradle\native\660c5614fbf4a5f2a75b1949f50a0caf5cd603558e7d8a26e50b933a0cfb79d1\windows-amd64;C:\Users\user\.gradle\native\0.2.8\x86_64-windows-gnu

VM Arguments:
jvm_args: --add-opens=java.base/java.lang=ALL-UNNAMED --add-opens=java.base/java.lang.invoke=ALL-UNNAMED --add-opens=java.base/java.util=ALL-UNNAMED --add-opens=java.prefs/java.util.prefs=ALL-UNNAMED --add-exports=jdk.compiler/com.sun.tools.javac.api=ALL-UNNAMED --add-exports=jdk.compiler/com.sun.tools.javac.util=ALL-UNNAMED --add-opens=java.base/java.nio.charset=ALL-UNNAMED --add-opens=java.base/java.net=ALL-UNNAMED --add-opens=java.base/java.util.concurrent=ALL-UNNAMED --add-opens=java.base/java.util.concurrent.atomic=ALL-UNNAMED --add-opens=java.xml/javax.xml.namespace=ALL-UNNAMED --add-opens=java.base/java.time=ALL-UNNAMED -XX:MaxMetaspaceSize=384m -XX:+HeapDumpOnOutOfMemoryError -Xms256m -Xmx512m -Dfile.encoding=UTF-8 -Duser.country=KR -Duser.language=ko -Duser.variant -javaagent:C:\Users\user\.gradle\wrapper\dists\gradle-9.5.1-bin\iq79hdu3mqx29lgffhp8bfmx\gradle-9.5.1\lib\agents\gradle-instrumentation-agent-9.5.1.jar 
java_command: org.gradle.launcher.daemon.bootstrap.GradleDaemon 9.5.1
java_class_path (initial): C:\Users\user\.gradle\wrapper\dists\gradle-9.5.1-bin\iq79hdu3mqx29lgffhp8bfmx\gradle-9.5.1\lib\gradle-daemon-main-9.5.1.jar
Launcher Type: SUN_STANDARD

[Global flags]
     intx CICompilerCount                          = 4                                         {product} {ergonomic}
   size_t CompressedClassSpaceSize                 = 335544320                                 {product} {ergonomic}
     uint ConcGCThreads                            = 2                                         {product} {ergonomic}
     uint G1ConcRefinementThreads                  = 8                                         {product} {ergonomic}
   size_t G1HeapRegionSize                         = 1048576                                   {product} {ergonomic}
    uintx GCDrainStackTargetSize                   = 64                                        {product} {ergonomic}
     bool HeapDumpOnOutOfMemoryError               = true                                   {manageable} {command line}
   size_t InitialHeapSize                          = 268435456                                 {product} {command line}
   size_t MarkStackSize                            = 4194304                                   {product} {ergonomic}
   size_t MaxHeapSize                              = 536870912                                 {product} {command line}
   size_t MaxMetaspaceSize                         = 402653184                                 {product} {command line}
   size_t MaxNewSize                               = 321912832                                 {product} {ergonomic}
   size_t MinHeapDeltaBytes                        = 1048576                                   {product} {ergonomic}
   size_t MinHeapSize                              = 268435456                                 {product} {command line}
    uintx NonNMethodCodeHeapSize                   = 5839372                                {pd product} {ergonomic}
    uintx NonProfiledCodeHeapSize                  = 122909434                              {pd product} {ergonomic}
    uintx ProfiledCodeHeapSize                     = 122909434                              {pd product} {ergonomic}
    uintx ReservedCodeCacheSize                    = 251658240                              {pd product} {ergonomic}
     bool SegmentedCodeCache                       = true                                      {product} {ergonomic}
   size_t SoftMaxHeapSize                          = 536870912                              {manageable} {ergonomic}
     bool UseCompressedOops                        = true                           {product lp64_product} {ergonomic}
     bool UseG1GC                                  = true                                      {product} {ergonomic}
     bool UseLargePagesIndividualAllocation        = false                                  {pd product} {ergonomic}

Logging:
Log output configuration:
 #0: stdout all=warning uptime,level,tags foldmultilines=false
 #1: stderr all=off uptime,level,tags foldmultilines=false

Release file:
JAVA_VERSION="21.0.12.1" 
MODULES="java.base java.compiler java.datatransfer java.xml java.prefs java.desktop java.instrument java.logging java.management java.security.sasl java.naming java.rmi java.management.rmi java.net.http java.scripting java.security.jgss java.transaction.xa java.sql java.sql.rowset java.xml.crypto java.se java.smartcardio jdk.accessibility jdk.internal.jvmstat jdk.attach jdk.charsets jdk.internal.opt jdk.zipfs jdk.compiler jdk.crypto.ec jdk.crypto.cryptoki jdk.crypto.mscapi jdk.dynalink jdk.internal.ed jdk.editpad jdk.hotspot.agent jdk.httpserver jdk.internal.le jdk.internal.vm.ci jdk.internal.vm.compiler jdk.internal.vm.compiler.management jdk.jartool jdk.javadoc jdk.jcmd jdk.management jdk.management.agent jdk.jconsole jdk.jdeps jdk.jdwp.agent jdk.jdi jdk.jfr jdk.jshell jdk.jsobject jdk.jstatd jdk.localedata jdk.management.jfr jdk.naming.dns jdk.naming.rmi jdk.net jdk.nio.mapmode jdk.random jdk.sctp jdk.security.auth jdk.security.jgss jdk.unsupported jdk.unsupported.desktop jdk.xml.dom" 

Environment Variables:
PATH=C:\Program Files\Common Files\Oracle\Java\javapath;C:\Program Files\Python313\Scripts\;C:\Program Files\Python313\;C:\WINDOWS\system32;C:\WINDOWS;C:\WINDOWS\System32\Wbem;C:\WINDOWS\System32\WindowsPowerShell\v1.0\;C:\WINDOWS\System32\OpenSSH\;C:\Program Files\nodejs\;C:\Program Files\Git\cmd;C:\Program Files (x86)\cloudflared\;C:\Users\user\Desktop\Scripts\;C:\Users\user\Desktop\;C:\Users\user\AppData\Local\Microsoft\WindowsApps;C:\Users\user\AppData\Local\Programs\Microsoft VS Code\bin;C:\Program Files\Multipass\bin;C:\Users\user\AppData\Roaming\npm;C:\intelFPGA_lite\18.1\modelsim_ase\win32aloem;C:\Users\user\Desktop\opencv\build\x64\vc15\bin;
USERNAME=user
OS=Windows_NT
PROCESSOR_IDENTIFIER=Intel64 Family 6 Model 140 Stepping 1, GenuineIntel
TMP=C:\Users\user\AppData\Local\Temp
TEMP=C:\Users\user\AppData\Local\Temp




Periodic native trim disabled

---------------  S Y S T E M  ---------------

OS:
 Windows 11 , 64 bit Build 26100 (10.0.26100.9444)
OS uptime: 0 days 21:25 hours

CPU: total 8 (initial active 8) (4 cores per cpu, 2 threads per core) family 6 model 140 stepping 1 microcode 0x8a, cx8, cmov, fxsr, ht, mmx, 3dnowpref, sse, sse2, sse3, ssse3, sse4.1, sse4.2, popcnt, lzcnt, tsc, tscinvbit, avx, avx2, aes, erms, clmul, bmi1, bmi2, adx, avx512f, avx512dq, avx512cd, avx512bw, avx512vl, sha, fma, vzeroupper, avx512_vpopcntdq, avx512_vpclmulqdq, avx512_vaes, avx512_vnni, clflush, clflushopt, clwb, avx512_vbmi2, avx512_vbmi, rdtscp, rdpid, fsrm, gfni, avx512_bitalg, f16c, pku, cet_ibt, cet_ss, avx512_ifma
Processor Information for the first 8 processors :
  Max Mhz: 2419, Current Mhz: 2419, Mhz Limit: 2419

Memory: 4k page, system-wide physical 16107M (1884M free)
TotalPageFile size 46495M (AvailPageFile size 0M)
current process WorkingSet (physical memory assigned to process): 394M, peak: 404M
current process commit charge ("private bytes"): 489M, peak: 510M

vm_info: OpenJDK 64-Bit Server VM (21.0.12.1+1-LTS) for windows-amd64 JRE (21.0.12.1+1-LTS), built on 2026-08-18T00:00:00Z by "admin" with MS VC++ 17.12 (VS2022)

END.
