#
# There is insufficient memory for the Java Runtime Environment to continue.
# Native memory allocation (malloc) failed to allocate 1740016 bytes for Chunk::new
# Possible reasons:
#   The system is out of physical RAM or swap space
#   The process is running with CompressedOops enabled, and the Java Heap may be blocking the growth of the native heap
# Possible solutions:
#   Reduce memory load on the system
#   Increase physical memory or swap space
#   Check if swap backing store is full
#   Decrease Java heap size (-Xmx/-Xms)
#   Decrease number of Java threads
#   Decrease Java thread stack sizes (-Xss)
#   Set larger code cache with -XX:ReservedCodeCacheSize=
#   JVM is running with Unscaled Compressed Oops mode in which the Java heap is
#     placed in the first 4GB address space. The Java Heap base address is the
#     maximum limit for the native heap growth. Please use -XX:HeapBaseMinAddress
#     to set the Java Heap base and to place the Java Heap above 4GB virtual address.
# This output file may be truncated or incomplete.
#
#  Out of Memory Error (arena.cpp:189), pid=5156, tid=28300
#
# JRE version: Java(TM) SE Runtime Environment (17.0.12+8) (build 17.0.12+8-LTS-286)
# Java VM: Java HotSpot(TM) 64-Bit Server VM (17.0.12+8-LTS-286, mixed mode, sharing, tiered, compressed oops, compressed class ptrs, g1 gc, windows-amd64)
# No core dump will be written. Minidumps are not enabled by default on client versions of Windows
#

---------------  S U M M A R Y ------------

Command Line: --add-opens=java.base/java.lang=ALL-UNNAMED --add-opens=java.base/java.lang.invoke=ALL-UNNAMED --add-opens=java.base/java.util=ALL-UNNAMED --add-opens=java.prefs/java.util.prefs=ALL-UNNAMED --add-exports=jdk.compiler/com.sun.tools.javac.api=ALL-UNNAMED --add-exports=jdk.compiler/com.sun.tools.javac.util=ALL-UNNAMED --add-opens=java.base/java.nio.charset=ALL-UNNAMED --add-opens=java.base/java.net=ALL-UNNAMED --add-opens=java.base/java.util.concurrent=ALL-UNNAMED --add-opens=java.base/java.util.concurrent.atomic=ALL-UNNAMED --add-opens=java.xml/javax.xml.namespace=ALL-UNNAMED --add-opens=java.base/java.time=ALL-UNNAMED -XX:MaxMetaspaceSize=384m -XX:+HeapDumpOnOutOfMemoryError -Xms256m -Xmx512m -Dfile.encoding=UTF-8 -Duser.country=KR -Duser.language=ko -Duser.variant -javaagent:C:\Users\user\.gradle\wrapper\dists\gradle-9.5.1-bin\iq79hdu3mqx29lgffhp8bfmx\gradle-9.5.1\lib\agents\gradle-instrumentation-agent-9.5.1.jar org.gradle.launcher.daemon.bootstrap.GradleDaemon 9.5.1

Host: 11th Gen Intel(R) Core(TM) i5-1135G7 @ 2.40GHz, 8 cores, 15G,  Windows 11 , 64 bit Build 26100 (10.0.26100.9168)
Time: Tue Sep  8 11:26:49 2026  Windows 11 , 64 bit Build 26100 (10.0.26100.9168) elapsed time: 1695.594897 seconds (0d 0h 28m 15s)

---------------  T H R E A D  ---------------

Current thread (0x00000278a711ac50):  JavaThread "C2 CompilerThread0" daemon [_thread_in_native, id=28300, stack(0x000000fe44b00000,0x000000fe44c00000)]


Current CompileTask:
C2:1695595 23067 % !   4       org.gradle.api.internal.artifacts.ivyservice.resolveengine.result.StreamingResolutionResultBuilder$GraphFactory::deserialize @ 32 (286 bytes)

Stack: [0x000000fe44b00000,0x000000fe44c00000]
Native frames: (J=compiled Java code, j=interpreted, Vv=VM code, C=native code)
V  [jvm.dll+0x67a04a]
V  [jvm.dll+0x7da4ed]
V  [jvm.dll+0x7dbe33]
V  [jvm.dll+0x7dc4a3]
V  [jvm.dll+0x24508f]
V  [jvm.dll+0xab773]
V  [jvm.dll+0xabd3c]
V  [jvm.dll+0x361b9f]
V  [jvm.dll+0x32c431]
V  [jvm.dll+0x32b8ca]
V  [jvm.dll+0x21683f]
V  [jvm.dll+0x215c6f]
V  [jvm.dll+0x1a2960]
V  [jvm.dll+0x22610b]
V  [jvm.dll+0x2242ab]
V  [jvm.dll+0x79075c]
V  [jvm.dll+0x78abea]
V  [jvm.dll+0x678f35]
C  [ucrtbase.dll+0x2cd30]
C  [KERNEL32.DLL+0x2ccb7]
C  [ntdll.dll+0xaad6c]


---------------  P R O C E S S  ---------------

Threads class SMR info:
_java_thread_list=0x00000278c3b1b280, length=46, elements={
0x000002788a8860b0, 0x00000278a70fb3c0, 0x00000278a70fbe90, 0x00000278a71185e0,
0x00000278a7118eb0, 0x00000278a7119780, 0x00000278a711a050, 0x00000278a711ac50,
0x00000278a711b560, 0x00000278a711de80, 0x00000278a70de680, 0x00000278a74355a0,
0x00000278c2242430, 0x00000278c2423010, 0x00000278a7bafe30, 0x00000278a7db48c0,
0x00000278c12f52f0, 0x00000278c12f6730, 0x00000278c12f8590, 0x00000278c12f7b70,
0x00000278c12f5d10, 0x00000278c12f7150, 0x00000278c12f8080, 0x00000278c1180c90,
0x00000278c117e410, 0x00000278c117f340, 0x00000278c11816b0, 0x00000278c1181bc0,
0x00000278c1183a20, 0x00000278c1183f30, 0x00000278c504a640, 0x00000278c5049200,
0x00000278c504ddf0, 0x00000278c504e300, 0x00000278c11825e0, 0x00000278c117fd60,
0x00000278c50478b0, 0x00000278c11820d0, 0x00000278c429b9e0, 0x00000278c4298230,
0x00000278c5046e90, 0x00000278c4297810, 0x00000278c4294060, 0x00000278c4297d20,
0x00000278c4295ec0, 0x00000278c4294570
}

Java Threads: ( => current thread )
  0x000002788a8860b0 JavaThread "main" [_thread_blocked, id=15148, stack(0x000000fe43e00000,0x000000fe43f00000)]
  0x00000278a70fb3c0 JavaThread "Reference Handler" daemon [_thread_blocked, id=32724, stack(0x000000fe44500000,0x000000fe44600000)]
  0x00000278a70fbe90 JavaThread "Finalizer" daemon [_thread_blocked, id=11848, stack(0x000000fe44600000,0x000000fe44700000)]
  0x00000278a71185e0 JavaThread "Signal Dispatcher" daemon [_thread_blocked, id=34576, stack(0x000000fe44700000,0x000000fe44800000)]
  0x00000278a7118eb0 JavaThread "Attach Listener" daemon [_thread_blocked, id=36212, stack(0x000000fe44800000,0x000000fe44900000)]
  0x00000278a7119780 JavaThread "Service Thread" daemon [_thread_blocked, id=11700, stack(0x000000fe44900000,0x000000fe44a00000)]
  0x00000278a711a050 JavaThread "Monitor Deflation Thread" daemon [_thread_blocked, id=32684, stack(0x000000fe44a00000,0x000000fe44b00000)]
=>0x00000278a711ac50 JavaThread "C2 CompilerThread0" daemon [_thread_in_native, id=28300, stack(0x000000fe44b00000,0x000000fe44c00000)]
  0x00000278a711b560 JavaThread "C1 CompilerThread0" daemon [_thread_blocked, id=9292, stack(0x000000fe44c00000,0x000000fe44d00000)]
  0x00000278a711de80 JavaThread "Sweeper thread" daemon [_thread_blocked, id=34408, stack(0x000000fe44d00000,0x000000fe44e00000)]
  0x00000278a70de680 JavaThread "Common-Cleaner" daemon [_thread_blocked, id=28556, stack(0x000000fe44e00000,0x000000fe44f00000)]
  0x00000278a74355a0 JavaThread "Notification Thread" daemon [_thread_blocked, id=22032, stack(0x000000fe44f00000,0x000000fe45000000)]
  0x00000278c2242430 JavaThread "Daemon health stats" [_thread_blocked, id=18720, stack(0x000000fe45600000,0x000000fe45700000)]
  0x00000278c2423010 JavaThread "Incoming local TCP Connector on port 60014" [_thread_in_native, id=14392, stack(0x000000fe45700000,0x000000fe45800000)]
  0x00000278a7bafe30 JavaThread "Daemon periodic checks" [_thread_blocked, id=29884, stack(0x000000fe45800000,0x000000fe45900000)]
  0x00000278a7db48c0 JavaThread "Daemon" [_thread_blocked, id=15284, stack(0x000000fe45900000,0x000000fe45a00000)]
  0x00000278c12f52f0 JavaThread "Daemon worker" [_thread_blocked, id=12044, stack(0x000000fe45c00000,0x000000fe45d00000)]
  0x00000278c12f6730 JavaThread "Cache worker for journal cache (C:\Users\user\.gradle\caches\journal-1)" [_thread_blocked, id=12860, stack(0x000000fe46000000,0x000000fe46100000)]
  0x00000278c12f8590 JavaThread "File lock request listener" [_thread_in_native, id=38416, stack(0x000000fe46100000,0x000000fe46200000)]
  0x00000278c12f7b70 JavaThread "Cache worker for file hash cache (C:\Users\user\.gradle\caches\9.5.1\fileHashes)" [_thread_blocked, id=23232, stack(0x000000fe46200000,0x000000fe46300000)]
  0x00000278c12f5d10 JavaThread "File watcher server" daemon [_thread_in_native, id=4708, stack(0x000000fe46800000,0x000000fe46900000)]
  0x00000278c12f7150 JavaThread "File watcher consumer" daemon [_thread_blocked, id=21292, stack(0x000000fe46900000,0x000000fe46a00000)]
  0x00000278c12f8080 JavaThread "Cache worker for file content cache (C:\Users\user\.gradle\caches\9.5.1\fileContent)" [_thread_blocked, id=19352, stack(0x000000fe46a00000,0x000000fe46b00000)]
  0x00000278c1180c90 JavaThread "jar transforms" [_thread_blocked, id=12036, stack(0x000000fe46f00000,0x000000fe47000000)]
  0x00000278c117e410 JavaThread "jar transforms Thread 2" [_thread_blocked, id=26272, stack(0x000000fe47000000,0x000000fe47100000)]
  0x00000278c117f340 JavaThread "jar transforms Thread 3" [_thread_blocked, id=11716, stack(0x000000fe47100000,0x000000fe47200000)]
  0x00000278c11816b0 JavaThread "jar transforms Thread 4" [_thread_blocked, id=11800, stack(0x000000fe47200000,0x000000fe47300000)]
  0x00000278c1181bc0 JavaThread "jar transforms Thread 5" [_thread_blocked, id=756, stack(0x000000fe47300000,0x000000fe47400000)]
  0x00000278c1183a20 JavaThread "Memory manager" [_thread_blocked, id=3836, stack(0x000000fe47f00000,0x000000fe48000000)]
  0x00000278c1183f30 JavaThread "jar transforms Thread 6" [_thread_blocked, id=11240, stack(0x000000fe48000000,0x000000fe48100000)]
  0x00000278c504a640 JavaThread "jar transforms Thread 7" [_thread_blocked, id=18560, stack(0x000000fe46c00000,0x000000fe46d00000)]
  0x00000278c5049200 JavaThread "jar transforms Thread 8" [_thread_blocked, id=24584, stack(0x000000fe46d00000,0x000000fe46e00000)]
  0x00000278c504ddf0 JavaThread "ForkJoinPool.commonPool-worker-1" daemon [_thread_blocked, id=2272, stack(0x000000fe46e00000,0x000000fe46f00000)]
  0x00000278c504e300 JavaThread "ForkJoinPool.commonPool-worker-2" daemon [_thread_blocked, id=27336, stack(0x000000fe48100000,0x000000fe48200000)]
  0x00000278c11825e0 JavaThread "ForkJoinPool.commonPool-worker-6" daemon [_thread_blocked, id=32896, stack(0x000000fe48600000,0x000000fe48700000)]
  0x00000278c117fd60 JavaThread "ForkJoinPool.commonPool-worker-8" daemon [_thread_blocked, id=3452, stack(0x000000fe48300000,0x000000fe48400000)]
  0x00000278c50478b0 JavaThread "ForkJoinPool.commonPool-worker-9" daemon [_thread_blocked, id=28136, stack(0x000000fe43d00000,0x000000fe43e00000)]
  0x00000278c11820d0 JavaThread "VFS cleanup Thread 2" [_thread_blocked, id=25780, stack(0x000000fe45a00000,0x000000fe45b00000)]
  0x00000278c429b9e0 JavaThread "ForkJoinPool.commonPool-worker-10" daemon [_thread_blocked, id=31200, stack(0x000000fe48200000,0x000000fe48300000)]
  0x00000278c4298230 JavaThread "ForkJoinPool.commonPool-worker-11" daemon [_thread_blocked, id=29276, stack(0x000000fe48500000,0x000000fe48600000)]
  0x00000278c5046e90 JavaThread "File lock release action executor Thread 5" [_thread_blocked, id=13140, stack(0x000000fe43b00000,0x000000fe43c00000)]
  0x00000278c4297810 JavaThread "Handler for socket connection from /127.0.0.1:60014 to /127.0.0.1:65260" [_thread_in_native, id=10384, stack(0x000000fe43c00000,0x000000fe43d00000)]
  0x00000278c4294060 JavaThread "Cancel handler" [_thread_blocked, id=23360, stack(0x000000fe45b00000,0x000000fe45c00000)]
  0x00000278c4297d20 JavaThread "Asynchronous log dispatcher for DefaultDaemonConnection: socket connection from /127.0.0.1:60014 to /127.0.0.1:65260" [_thread_blocked, id=18396, stack(0x000000fe45d00000,0x000000fe45e00000)]
  0x00000278c4295ec0 JavaThread "Stdin handler" [_thread_blocked, id=372, stack(0x000000fe46700000,0x000000fe46800000)]
  0x00000278c4294570 JavaThread "Daemon client event forwarder" [_thread_in_native, id=13256, stack(0x000000fe46b00000,0x000000fe46c00000)]

Other Threads:
  0x00000278a70ef5c0 VMThread "VM Thread" [stack: 0x000000fe44400000,0x000000fe44500000] [id=9508]
  0x00000278a738e9d0 WatcherThread [stack: 0x000000fe45000000,0x000000fe45100000] [id=31308]
  0x000002788a8b4ba0 GCTaskThread "GC Thread#0" [stack: 0x000000fe43f00000,0x000000fe44000000] [id=24676]
  0x00000278a723f820 GCTaskThread "GC Thread#1" [stack: 0x000000fe45100000,0x000000fe45200000] [id=11288]
  0x00000278a723fae0 GCTaskThread "GC Thread#2" [stack: 0x000000fe45200000,0x000000fe45300000] [id=12424]
  0x00000278a72f41d0 GCTaskThread "GC Thread#3" [stack: 0x000000fe45300000,0x000000fe45400000] [id=21276]
  0x00000278a72f4490 GCTaskThread "GC Thread#4" [stack: 0x000000fe45400000,0x000000fe45500000] [id=18968]
  0x00000278a72f4750 GCTaskThread "GC Thread#5" [stack: 0x000000fe45500000,0x000000fe45600000] [id=3808]
  0x00000278c253d4f0 GCTaskThread "GC Thread#6" [stack: 0x000000fe46300000,0x000000fe46400000] [id=28416]
  0x00000278c2a6c420 GCTaskThread "GC Thread#7" [stack: 0x000000fe46400000,0x000000fe46500000] [id=38308]
  0x000002788a8b9a00 ConcurrentGCThread "G1 Main Marker" [stack: 0x000000fe44000000,0x000000fe44100000] [id=17508]
  0x000002788a8ba320 ConcurrentGCThread "G1 Conc#0" [stack: 0x000000fe44100000,0x000000fe44200000] [id=22096]
  0x00000278c2513b00 ConcurrentGCThread "G1 Conc#1" [stack: 0x000000fe46500000,0x000000fe46600000] [id=25744]
  0x00000278a6fa80f0 ConcurrentGCThread "G1 Refine#0" [stack: 0x000000fe44200000,0x000000fe44300000] [id=24120]
  0x00000278c63a3d10 ConcurrentGCThread "G1 Refine#1" [stack: 0x000000fe45e00000,0x000000fe45f00000] [id=18844]
  0x00000278c63a2590 ConcurrentGCThread "G1 Refine#2" [stack: 0x000000fe45f00000,0x000000fe46000000] [id=20764]
  0x00000278c63a1fb0 ConcurrentGCThread "G1 Refine#3" [stack: 0x000000fe46600000,0x000000fe46700000] [id=32116]
  0x00000278a6fa9a40 ConcurrentGCThread "G1 Service" [stack: 0x000000fe44300000,0x000000fe44400000] [id=2084]

Threads with active compile tasks:
C2 CompilerThread0  1695626 23067 % !   4       org.gradle.api.internal.artifacts.ivyservice.resolveengine.result.StreamingResolutionResultBuilder$GraphFactory::deserialize @ 32 (286 bytes)

VM state: not at safepoint (normal execution)

VM Mutex/Monitor currently owned by a thread: None

Heap address: 0x00000000e0000000, size: 512 MB, Compressed Oops mode: 32-bit

CDS archive(s) mapped at: [0x00000278a8000000-0x00000278a8bd0000-0x00000278a8bd0000), size 12386304, SharedBaseAddress: 0x00000278a8000000, ArchiveRelocationMode: 1.
Compressed class space mapped at: 0x00000278a9000000-0x00000278bd000000, reserved size: 335544320
Narrow klass base: 0x00000278a8000000, Narrow klass shift: 0, Narrow klass range: 0x100000000

GC Precious Log:
 CPUs: 8 total, 8 available
 Memory: 16107M
 Large Page Support: Disabled
 NUMA Support: Disabled
 Compressed Oops: Enabled (32-bit)
 Heap Region Size: 1M
 Heap Min Capacity: 256M
 Heap Initial Capacity: 256M
 Heap Max Capacity: 512M
 Pre-touch: Disabled
 Parallel Workers: 8
 Concurrent Workers: 2
 Concurrent Refinement Workers: 8
 Periodic GC: Disabled

Heap:
 garbage-first heap   total 262144K, used 120307K [0x00000000e0000000, 0x0000000100000000)
  region size 1024K, 60 young (61440K), 9 survivors (9216K)
 Metaspace       used 70642K, committed 72384K, reserved 393216K
  class space    used 9473K, committed 10368K, reserved 327680K

Heap Regions: E=young(eden), S=young(survivor), O=old, HS=humongous(starts), HC=humongous(continues), CS=collection set, F=free, OA=open archive, CA=closed archive, TAMS=top-at-mark-start (previous, next)
|   0|0x00000000e0000000, 0x00000000e0100000, 0x00000000e0100000|100%|HS|  |TAMS 0x00000000e0100000, 0x00000000e0000000| Complete 
|   1|0x00000000e0100000, 0x00000000e0200000, 0x00000000e0200000|100%|HC|  |TAMS 0x00000000e0200000, 0x00000000e0100000| Complete 
|   2|0x00000000e0200000, 0x00000000e0300000, 0x00000000e0300000|100%|HC|  |TAMS 0x00000000e0300000, 0x00000000e0200000| Complete 
|   3|0x00000000e0300000, 0x00000000e0400000, 0x00000000e0400000|100%|HC|  |TAMS 0x00000000e0400000, 0x00000000e0300000| Complete 
|   4|0x00000000e0400000, 0x00000000e0500000, 0x00000000e0500000|100%| O|  |TAMS 0x00000000e0500000, 0x00000000e0400000| Untracked 
|   5|0x00000000e0500000, 0x00000000e0600000, 0x00000000e0600000|100%| O|  |TAMS 0x00000000e0600000, 0x00000000e0500000| Untracked 
|   6|0x00000000e0600000, 0x00000000e0700000, 0x00000000e0700000|100%| O|  |TAMS 0x00000000e0700000, 0x00000000e0600000| Untracked 
|   7|0x00000000e0700000, 0x00000000e0800000, 0x00000000e0800000|100%| O|  |TAMS 0x00000000e0800000, 0x00000000e0700000| Untracked 
|   8|0x00000000e0800000, 0x00000000e0900000, 0x00000000e0900000|100%| O|  |TAMS 0x00000000e0900000, 0x00000000e0800000| Untracked 
|   9|0x00000000e0900000, 0x00000000e0a00000, 0x00000000e0a00000|100%| O|  |TAMS 0x00000000e0a00000, 0x00000000e0900000| Untracked 
|  10|0x00000000e0a00000, 0x00000000e0b00000, 0x00000000e0b00000|100%| O|  |TAMS 0x00000000e0b00000, 0x00000000e0a00000| Untracked 
|  11|0x00000000e0b00000, 0x00000000e0c00000, 0x00000000e0c00000|100%| O|  |TAMS 0x00000000e0c00000, 0x00000000e0b00000| Untracked 
|  12|0x00000000e0c00000, 0x00000000e0d00000, 0x00000000e0d00000|100%|HS|  |TAMS 0x00000000e0d00000, 0x00000000e0c00000| Complete 
|  13|0x00000000e0d00000, 0x00000000e0e00000, 0x00000000e0e00000|100%| O|  |TAMS 0x00000000e0e00000, 0x00000000e0d00000| Untracked 
|  14|0x00000000e0e00000, 0x00000000e0f00000, 0x00000000e0f00000|100%| O|  |TAMS 0x00000000e0f00000, 0x00000000e0e00000| Untracked 
|  15|0x00000000e0f00000, 0x00000000e1000000, 0x00000000e1000000|100%| O|  |TAMS 0x00000000e1000000, 0x00000000e0f00000| Untracked 
|  16|0x00000000e1000000, 0x00000000e1100000, 0x00000000e1100000|100%| O|  |TAMS 0x00000000e1100000, 0x00000000e1000000| Untracked 
|  17|0x00000000e1100000, 0x00000000e1200000, 0x00000000e1200000|100%| O|  |TAMS 0x00000000e1200000, 0x00000000e1100000| Untracked 
|  18|0x00000000e1200000, 0x00000000e1300000, 0x00000000e1300000|100%| O|  |TAMS 0x00000000e1300000, 0x00000000e1200000| Untracked 
|  19|0x00000000e1300000, 0x00000000e1400000, 0x00000000e1400000|100%| O|  |TAMS 0x00000000e1400000, 0x00000000e1300000| Untracked 
|  20|0x00000000e1400000, 0x00000000e1500000, 0x00000000e1500000|100%| O|  |TAMS 0x00000000e1500000, 0x00000000e1400000| Untracked 
|  21|0x00000000e1500000, 0x00000000e1600000, 0x00000000e1600000|100%| O|  |TAMS 0x00000000e1600000, 0x00000000e1500000| Untracked 
|  22|0x00000000e1600000, 0x00000000e1700000, 0x00000000e1700000|100%| O|  |TAMS 0x00000000e1700000, 0x00000000e1600000| Untracked 
|  23|0x00000000e1700000, 0x00000000e1800000, 0x00000000e1800000|100%| O|  |TAMS 0x00000000e1800000, 0x00000000e1700000| Untracked 
|  24|0x00000000e1800000, 0x00000000e1900000, 0x00000000e1900000|100%| O|  |TAMS 0x00000000e1900000, 0x00000000e1800000| Untracked 
|  25|0x00000000e1900000, 0x00000000e1a00000, 0x00000000e1a00000|100%| O|  |TAMS 0x00000000e1a00000, 0x00000000e1900000| Untracked 
|  26|0x00000000e1a00000, 0x00000000e1b00000, 0x00000000e1b00000|100%| O|  |TAMS 0x00000000e1b00000, 0x00000000e1a00000| Untracked 
|  27|0x00000000e1b00000, 0x00000000e1c00000, 0x00000000e1c00000|100%| O|  |TAMS 0x00000000e1c00000, 0x00000000e1b00000| Untracked 
|  28|0x00000000e1c00000, 0x00000000e1d00000, 0x00000000e1d00000|100%| O|  |TAMS 0x00000000e1d00000, 0x00000000e1c00000| Untracked 
|  29|0x00000000e1d00000, 0x00000000e1e00000, 0x00000000e1e00000|100%| O|  |TAMS 0x00000000e1e00000, 0x00000000e1d00000| Untracked 
|  30|0x00000000e1e00000, 0x00000000e1f00000, 0x00000000e1f00000|100%| O|  |TAMS 0x00000000e1f00000, 0x00000000e1e00000| Untracked 
|  31|0x00000000e1f00000, 0x00000000e2000000, 0x00000000e2000000|100%| O|  |TAMS 0x00000000e2000000, 0x00000000e1f00000| Untracked 
|  32|0x00000000e2000000, 0x00000000e2100000, 0x00000000e2100000|100%| O|  |TAMS 0x00000000e2100000, 0x00000000e2000000| Untracked 
|  33|0x00000000e2100000, 0x00000000e2200000, 0x00000000e2200000|100%| O|  |TAMS 0x00000000e2200000, 0x00000000e2100000| Untracked 
|  34|0x00000000e2200000, 0x00000000e2300000, 0x00000000e2300000|100%| O|  |TAMS 0x00000000e2300000, 0x00000000e2200000| Untracked 
|  35|0x00000000e2300000, 0x00000000e2400000, 0x00000000e2400000|100%| O|  |TAMS 0x00000000e2400000, 0x00000000e2300000| Untracked 
|  36|0x00000000e2400000, 0x00000000e2500000, 0x00000000e2500000|100%| O|  |TAMS 0x00000000e2500000, 0x00000000e2400000| Untracked 
|  37|0x00000000e2500000, 0x00000000e2600000, 0x00000000e2600000|100%| O|  |TAMS 0x00000000e2600000, 0x00000000e2500000| Untracked 
|  38|0x00000000e2600000, 0x00000000e2700000, 0x00000000e2700000|100%| O|  |TAMS 0x00000000e2622a00, 0x00000000e2600000| Untracked 
|  39|0x00000000e2700000, 0x00000000e2800000, 0x00000000e2800000|100%| O|  |TAMS 0x00000000e2700000, 0x00000000e2700000| Untracked 
|  40|0x00000000e2800000, 0x00000000e2900000, 0x00000000e2900000|100%| O|  |TAMS 0x00000000e2800000, 0x00000000e2800000| Untracked 
|  41|0x00000000e2900000, 0x00000000e2a00000, 0x00000000e2a00000|100%| O|  |TAMS 0x00000000e2900000, 0x00000000e2900000| Untracked 
|  42|0x00000000e2a00000, 0x00000000e2b00000, 0x00000000e2b00000|100%| O|  |TAMS 0x00000000e2a00000, 0x00000000e2a00000| Untracked 
|  43|0x00000000e2b00000, 0x00000000e2c00000, 0x00000000e2c00000|100%| O|  |TAMS 0x00000000e2b00000, 0x00000000e2b00000| Untracked 
|  44|0x00000000e2c00000, 0x00000000e2d00000, 0x00000000e2d00000|100%| O|  |TAMS 0x00000000e2c00000, 0x00000000e2c00000| Untracked 
|  45|0x00000000e2d00000, 0x00000000e2e00000, 0x00000000e2e00000|100%| O|  |TAMS 0x00000000e2d00000, 0x00000000e2d00000| Untracked 
|  46|0x00000000e2e00000, 0x00000000e2f00000, 0x00000000e2f00000|100%| O|  |TAMS 0x00000000e2e00000, 0x00000000e2e00000| Untracked 
|  47|0x00000000e2f00000, 0x00000000e3000000, 0x00000000e3000000|100%| O|  |TAMS 0x00000000e2f00000, 0x00000000e2f00000| Untracked 
|  48|0x00000000e3000000, 0x00000000e3100000, 0x00000000e3100000|100%| O|  |TAMS 0x00000000e3000000, 0x00000000e3000000| Untracked 
|  49|0x00000000e3100000, 0x00000000e3200000, 0x00000000e3200000|100%| O|  |TAMS 0x00000000e3100000, 0x00000000e3100000| Untracked 
|  50|0x00000000e3200000, 0x00000000e3300000, 0x00000000e3300000|100%| O|  |TAMS 0x00000000e3200000, 0x00000000e3200000| Untracked 
|  51|0x00000000e3300000, 0x00000000e3400000, 0x00000000e3400000|100%| O|  |TAMS 0x00000000e3300000, 0x00000000e3300000| Untracked 
|  52|0x00000000e3400000, 0x00000000e3500000, 0x00000000e3500000|100%| O|  |TAMS 0x00000000e3400000, 0x00000000e3400000| Untracked 
|  53|0x00000000e3500000, 0x00000000e3600000, 0x00000000e3600000|100%| O|  |TAMS 0x00000000e3500000, 0x00000000e3500000| Untracked 
|  54|0x00000000e3600000, 0x00000000e3700000, 0x00000000e3700000|100%| O|  |TAMS 0x00000000e3600000, 0x00000000e3600000| Untracked 
|  55|0x00000000e3700000, 0x00000000e3800000, 0x00000000e3800000|100%| O|  |TAMS 0x00000000e3700000, 0x00000000e3700000| Untracked 
|  56|0x00000000e3800000, 0x00000000e3900000, 0x00000000e3900000|100%| O|  |TAMS 0x00000000e3800000, 0x00000000e3800000| Untracked 
|  57|0x00000000e3900000, 0x00000000e3a00000, 0x00000000e3a00000|100%| O|  |TAMS 0x00000000e3900000, 0x00000000e3900000| Untracked 
|  58|0x00000000e3a00000, 0x00000000e3ade800, 0x00000000e3b00000| 86%| O|  |TAMS 0x00000000e3a00000, 0x00000000e3a00000| Untracked 
|  59|0x00000000e3b00000, 0x00000000e3b00000, 0x00000000e3c00000|  0%| F|  |TAMS 0x00000000e3b00000, 0x00000000e3b00000| Untracked 
|  60|0x00000000e3c00000, 0x00000000e3c00000, 0x00000000e3d00000|  0%| F|  |TAMS 0x00000000e3c00000, 0x00000000e3c00000| Untracked 
|  61|0x00000000e3d00000, 0x00000000e3d00000, 0x00000000e3e00000|  0%| F|  |TAMS 0x00000000e3d00000, 0x00000000e3d00000| Untracked 
|  62|0x00000000e3e00000, 0x00000000e3e00000, 0x00000000e3f00000|  0%| F|  |TAMS 0x00000000e3e00000, 0x00000000e3e00000| Untracked 
|  63|0x00000000e3f00000, 0x00000000e3f00000, 0x00000000e4000000|  0%| F|  |TAMS 0x00000000e3f00000, 0x00000000e3f00000| Untracked 
|  64|0x00000000e4000000, 0x00000000e4000000, 0x00000000e4100000|  0%| F|  |TAMS 0x00000000e4000000, 0x00000000e4000000| Untracked 
|  65|0x00000000e4100000, 0x00000000e4100000, 0x00000000e4200000|  0%| F|  |TAMS 0x00000000e4100000, 0x00000000e4100000| Untracked 
|  66|0x00000000e4200000, 0x00000000e4200000, 0x00000000e4300000|  0%| F|  |TAMS 0x00000000e4200000, 0x00000000e4200000| Untracked 
|  67|0x00000000e4300000, 0x00000000e4300000, 0x00000000e4400000|  0%| F|  |TAMS 0x00000000e4300000, 0x00000000e4300000| Untracked 
|  68|0x00000000e4400000, 0x00000000e4400000, 0x00000000e4500000|  0%| F|  |TAMS 0x00000000e4400000, 0x00000000e4400000| Untracked 
|  69|0x00000000e4500000, 0x00000000e4500000, 0x00000000e4600000|  0%| F|  |TAMS 0x00000000e4500000, 0x00000000e4500000| Untracked 
|  70|0x00000000e4600000, 0x00000000e4600000, 0x00000000e4700000|  0%| F|  |TAMS 0x00000000e4600000, 0x00000000e4600000| Untracked 
|  71|0x00000000e4700000, 0x00000000e4700000, 0x00000000e4800000|  0%| F|  |TAMS 0x00000000e4700000, 0x00000000e4700000| Untracked 
|  72|0x00000000e4800000, 0x00000000e4800000, 0x00000000e4900000|  0%| F|  |TAMS 0x00000000e4800000, 0x00000000e4800000| Untracked 
|  73|0x00000000e4900000, 0x00000000e4900000, 0x00000000e4a00000|  0%| F|  |TAMS 0x00000000e4900000, 0x00000000e4900000| Untracked 
|  74|0x00000000e4a00000, 0x00000000e4a00000, 0x00000000e4b00000|  0%| F|  |TAMS 0x00000000e4a00000, 0x00000000e4a00000| Untracked 
|  75|0x00000000e4b00000, 0x00000000e4b00000, 0x00000000e4c00000|  0%| F|  |TAMS 0x00000000e4b00000, 0x00000000e4b00000| Untracked 
|  76|0x00000000e4c00000, 0x00000000e4c00000, 0x00000000e4d00000|  0%| F|  |TAMS 0x00000000e4c00000, 0x00000000e4c00000| Untracked 
|  77|0x00000000e4d00000, 0x00000000e4d00000, 0x00000000e4e00000|  0%| F|  |TAMS 0x00000000e4d00000, 0x00000000e4d00000| Untracked 
|  78|0x00000000e4e00000, 0x00000000e4e00000, 0x00000000e4f00000|  0%| F|  |TAMS 0x00000000e4e00000, 0x00000000e4e00000| Untracked 
|  79|0x00000000e4f00000, 0x00000000e4f00000, 0x00000000e5000000|  0%| F|  |TAMS 0x00000000e4f00000, 0x00000000e4f00000| Untracked 
|  80|0x00000000e5000000, 0x00000000e5000000, 0x00000000e5100000|  0%| F|  |TAMS 0x00000000e5000000, 0x00000000e5000000| Untracked 
|  81|0x00000000e5100000, 0x00000000e5100000, 0x00000000e5200000|  0%| F|  |TAMS 0x00000000e5100000, 0x00000000e5100000| Untracked 
|  82|0x00000000e5200000, 0x00000000e5200000, 0x00000000e5300000|  0%| F|  |TAMS 0x00000000e5200000, 0x00000000e5200000| Untracked 
|  83|0x00000000e5300000, 0x00000000e5300000, 0x00000000e5400000|  0%| F|  |TAMS 0x00000000e5300000, 0x00000000e5300000| Untracked 
|  84|0x00000000e5400000, 0x00000000e5400000, 0x00000000e5500000|  0%| F|  |TAMS 0x00000000e5400000, 0x00000000e5400000| Untracked 
|  85|0x00000000e5500000, 0x00000000e5500000, 0x00000000e5600000|  0%| F|  |TAMS 0x00000000e5500000, 0x00000000e5500000| Untracked 
|  86|0x00000000e5600000, 0x00000000e5600000, 0x00000000e5700000|  0%| F|  |TAMS 0x00000000e5600000, 0x00000000e5600000| Untracked 
|  87|0x00000000e5700000, 0x00000000e5700000, 0x00000000e5800000|  0%| F|  |TAMS 0x00000000e5700000, 0x00000000e5700000| Untracked 
|  88|0x00000000e5800000, 0x00000000e5800000, 0x00000000e5900000|  0%| F|  |TAMS 0x00000000e5800000, 0x00000000e5800000| Untracked 
|  89|0x00000000e5900000, 0x00000000e5900000, 0x00000000e5a00000|  0%| F|  |TAMS 0x00000000e5900000, 0x00000000e5900000| Untracked 
|  90|0x00000000e5a00000, 0x00000000e5a00000, 0x00000000e5b00000|  0%| F|  |TAMS 0x00000000e5a00000, 0x00000000e5a00000| Untracked 
|  91|0x00000000e5b00000, 0x00000000e5b00000, 0x00000000e5c00000|  0%| F|  |TAMS 0x00000000e5b00000, 0x00000000e5b00000| Untracked 
|  92|0x00000000e5c00000, 0x00000000e5c00000, 0x00000000e5d00000|  0%| F|  |TAMS 0x00000000e5c00000, 0x00000000e5c00000| Untracked 
|  93|0x00000000e5d00000, 0x00000000e5d00000, 0x00000000e5e00000|  0%| F|  |TAMS 0x00000000e5d00000, 0x00000000e5d00000| Untracked 
|  94|0x00000000e5e00000, 0x00000000e5e9e6e0, 0x00000000e5f00000| 61%| S|CS|TAMS 0x00000000e5e00000, 0x00000000e5e00000| Complete 
|  95|0x00000000e5f00000, 0x00000000e6000000, 0x00000000e6000000|100%| S|CS|TAMS 0x00000000e5f00000, 0x00000000e5f00000| Complete 
|  96|0x00000000e6000000, 0x00000000e6100000, 0x00000000e6100000|100%| S|CS|TAMS 0x00000000e6000000, 0x00000000e6000000| Complete 
|  97|0x00000000e6100000, 0x00000000e6200000, 0x00000000e6200000|100%| S|CS|TAMS 0x00000000e6100000, 0x00000000e6100000| Complete 
|  98|0x00000000e6200000, 0x00000000e6300000, 0x00000000e6300000|100%| S|CS|TAMS 0x00000000e6200000, 0x00000000e6200000| Complete 
|  99|0x00000000e6300000, 0x00000000e6400000, 0x00000000e6400000|100%| S|CS|TAMS 0x00000000e6300000, 0x00000000e6300000| Complete 
| 100|0x00000000e6400000, 0x00000000e6500000, 0x00000000e6500000|100%| S|CS|TAMS 0x00000000e6400000, 0x00000000e6400000| Complete 
| 101|0x00000000e6500000, 0x00000000e6600000, 0x00000000e6600000|100%| S|CS|TAMS 0x00000000e6500000, 0x00000000e6500000| Complete 
| 102|0x00000000e6600000, 0x00000000e6700000, 0x00000000e6700000|100%| S|CS|TAMS 0x00000000e6600000, 0x00000000e6600000| Complete 
| 103|0x00000000e6700000, 0x00000000e6700000, 0x00000000e6800000|  0%| F|  |TAMS 0x00000000e6700000, 0x00000000e6700000| Untracked 
| 104|0x00000000e6800000, 0x00000000e6800000, 0x00000000e6900000|  0%| F|  |TAMS 0x00000000e6800000, 0x00000000e6800000| Untracked 
| 105|0x00000000e6900000, 0x00000000e6900000, 0x00000000e6a00000|  0%| F|  |TAMS 0x00000000e6900000, 0x00000000e6900000| Untracked 
| 106|0x00000000e6a00000, 0x00000000e6a00000, 0x00000000e6b00000|  0%| F|  |TAMS 0x00000000e6a00000, 0x00000000e6a00000| Untracked 
| 107|0x00000000e6b00000, 0x00000000e6b00000, 0x00000000e6c00000|  0%| F|  |TAMS 0x00000000e6b00000, 0x00000000e6b00000| Untracked 
| 108|0x00000000e6c00000, 0x00000000e6c00000, 0x00000000e6d00000|  0%| F|  |TAMS 0x00000000e6c00000, 0x00000000e6c00000| Untracked 
| 109|0x00000000e6d00000, 0x00000000e6d00000, 0x00000000e6e00000|  0%| F|  |TAMS 0x00000000e6d00000, 0x00000000e6d00000| Untracked 
| 110|0x00000000e6e00000, 0x00000000e6e00000, 0x00000000e6f00000|  0%| F|  |TAMS 0x00000000e6e00000, 0x00000000e6e00000| Untracked 
| 111|0x00000000e6f00000, 0x00000000e6f00000, 0x00000000e7000000|  0%| F|  |TAMS 0x00000000e6f00000, 0x00000000e6f00000| Untracked 
| 112|0x00000000e7000000, 0x00000000e7000000, 0x00000000e7100000|  0%| F|  |TAMS 0x00000000e7000000, 0x00000000e7000000| Untracked 
| 113|0x00000000e7100000, 0x00000000e7100000, 0x00000000e7200000|  0%| F|  |TAMS 0x00000000e7100000, 0x00000000e7100000| Untracked 
| 114|0x00000000e7200000, 0x00000000e7200000, 0x00000000e7300000|  0%| F|  |TAMS 0x00000000e7200000, 0x00000000e7200000| Untracked 
| 115|0x00000000e7300000, 0x00000000e7300000, 0x00000000e7400000|  0%| F|  |TAMS 0x00000000e7300000, 0x00000000e7300000| Untracked 
| 116|0x00000000e7400000, 0x00000000e7400000, 0x00000000e7500000|  0%| F|  |TAMS 0x00000000e7400000, 0x00000000e7400000| Untracked 
| 117|0x00000000e7500000, 0x00000000e7500000, 0x00000000e7600000|  0%| F|  |TAMS 0x00000000e7500000, 0x00000000e7500000| Untracked 
| 118|0x00000000e7600000, 0x00000000e7600000, 0x00000000e7700000|  0%| F|  |TAMS 0x00000000e7600000, 0x00000000e7600000| Untracked 
| 119|0x00000000e7700000, 0x00000000e7700000, 0x00000000e7800000|  0%| F|  |TAMS 0x00000000e7700000, 0x00000000e7700000| Untracked 
| 120|0x00000000e7800000, 0x00000000e7800000, 0x00000000e7900000|  0%| F|  |TAMS 0x00000000e7800000, 0x00000000e7800000| Untracked 
| 121|0x00000000e7900000, 0x00000000e7900000, 0x00000000e7a00000|  0%| F|  |TAMS 0x00000000e7900000, 0x00000000e7900000| Untracked 
| 122|0x00000000e7a00000, 0x00000000e7a00000, 0x00000000e7b00000|  0%| F|  |TAMS 0x00000000e7a00000, 0x00000000e7a00000| Untracked 
| 123|0x00000000e7b00000, 0x00000000e7b00000, 0x00000000e7c00000|  0%| F|  |TAMS 0x00000000e7b00000, 0x00000000e7b00000| Untracked 
| 124|0x00000000e7c00000, 0x00000000e7c00000, 0x00000000e7d00000|  0%| F|  |TAMS 0x00000000e7c00000, 0x00000000e7c00000| Untracked 
| 125|0x00000000e7d00000, 0x00000000e7d00000, 0x00000000e7e00000|  0%| F|  |TAMS 0x00000000e7d00000, 0x00000000e7d00000| Untracked 
| 126|0x00000000e7e00000, 0x00000000e7e00000, 0x00000000e7f00000|  0%| F|  |TAMS 0x00000000e7e00000, 0x00000000e7e00000| Untracked 
| 127|0x00000000e7f00000, 0x00000000e7f00000, 0x00000000e8000000|  0%| F|  |TAMS 0x00000000e7f00000, 0x00000000e7f00000| Untracked 
| 128|0x00000000e8000000, 0x00000000e8000000, 0x00000000e8100000|  0%| F|  |TAMS 0x00000000e8000000, 0x00000000e8000000| Untracked 
| 129|0x00000000e8100000, 0x00000000e8100000, 0x00000000e8200000|  0%| F|  |TAMS 0x00000000e8100000, 0x00000000e8100000| Untracked 
| 130|0x00000000e8200000, 0x00000000e8200000, 0x00000000e8300000|  0%| F|  |TAMS 0x00000000e8200000, 0x00000000e8200000| Untracked 
| 131|0x00000000e8300000, 0x00000000e8300000, 0x00000000e8400000|  0%| F|  |TAMS 0x00000000e8300000, 0x00000000e8300000| Untracked 
| 132|0x00000000e8400000, 0x00000000e8400000, 0x00000000e8500000|  0%| F|  |TAMS 0x00000000e8400000, 0x00000000e8400000| Untracked 
| 133|0x00000000e8500000, 0x00000000e8500000, 0x00000000e8600000|  0%| F|  |TAMS 0x00000000e8500000, 0x00000000e8500000| Untracked 
| 134|0x00000000e8600000, 0x00000000e8600000, 0x00000000e8700000|  0%| F|  |TAMS 0x00000000e8600000, 0x00000000e8600000| Untracked 
| 135|0x00000000e8700000, 0x00000000e8700000, 0x00000000e8800000|  0%| F|  |TAMS 0x00000000e8700000, 0x00000000e8700000| Untracked 
| 136|0x00000000e8800000, 0x00000000e8800000, 0x00000000e8900000|  0%| F|  |TAMS 0x00000000e8800000, 0x00000000e8800000| Untracked 
| 137|0x00000000e8900000, 0x00000000e8900000, 0x00000000e8a00000|  0%| F|  |TAMS 0x00000000e8900000, 0x00000000e8900000| Untracked 
| 138|0x00000000e8a00000, 0x00000000e8a00000, 0x00000000e8b00000|  0%| F|  |TAMS 0x00000000e8a00000, 0x00000000e8a00000| Untracked 
| 139|0x00000000e8b00000, 0x00000000e8b00000, 0x00000000e8c00000|  0%| F|  |TAMS 0x00000000e8b00000, 0x00000000e8b00000| Untracked 
| 140|0x00000000e8c00000, 0x00000000e8c00000, 0x00000000e8d00000|  0%| F|  |TAMS 0x00000000e8c00000, 0x00000000e8c00000| Untracked 
| 141|0x00000000e8d00000, 0x00000000e8d00000, 0x00000000e8e00000|  0%| F|  |TAMS 0x00000000e8d00000, 0x00000000e8d00000| Untracked 
| 142|0x00000000e8e00000, 0x00000000e8e00000, 0x00000000e8f00000|  0%| F|  |TAMS 0x00000000e8e00000, 0x00000000e8e00000| Untracked 
| 143|0x00000000e8f00000, 0x00000000e8f00000, 0x00000000e9000000|  0%| F|  |TAMS 0x00000000e8f00000, 0x00000000e8f00000| Untracked 
| 144|0x00000000e9000000, 0x00000000e9000000, 0x00000000e9100000|  0%| F|  |TAMS 0x00000000e9000000, 0x00000000e9000000| Untracked 
| 145|0x00000000e9100000, 0x00000000e9100000, 0x00000000e9200000|  0%| F|  |TAMS 0x00000000e9100000, 0x00000000e9100000| Untracked 
| 146|0x00000000e9200000, 0x00000000e9200000, 0x00000000e9300000|  0%| F|  |TAMS 0x00000000e9200000, 0x00000000e9200000| Untracked 
| 147|0x00000000e9300000, 0x00000000e9300000, 0x00000000e9400000|  0%| F|  |TAMS 0x00000000e9300000, 0x00000000e9300000| Untracked 
| 148|0x00000000e9400000, 0x00000000e9400000, 0x00000000e9500000|  0%| F|  |TAMS 0x00000000e9400000, 0x00000000e9400000| Untracked 
| 149|0x00000000e9500000, 0x00000000e9500000, 0x00000000e9600000|  0%| F|  |TAMS 0x00000000e9500000, 0x00000000e9500000| Untracked 
| 150|0x00000000e9600000, 0x00000000e9600000, 0x00000000e9700000|  0%| F|  |TAMS 0x00000000e9600000, 0x00000000e9600000| Untracked 
| 151|0x00000000e9700000, 0x00000000e9700000, 0x00000000e9800000|  0%| F|  |TAMS 0x00000000e9700000, 0x00000000e9700000| Untracked 
| 152|0x00000000e9800000, 0x00000000e9800000, 0x00000000e9900000|  0%| F|  |TAMS 0x00000000e9800000, 0x00000000e9800000| Untracked 
| 153|0x00000000e9900000, 0x00000000e9900000, 0x00000000e9a00000|  0%| F|  |TAMS 0x00000000e9900000, 0x00000000e9900000| Untracked 
| 154|0x00000000e9a00000, 0x00000000e9a00000, 0x00000000e9b00000|  0%| F|  |TAMS 0x00000000e9a00000, 0x00000000e9a00000| Untracked 
| 155|0x00000000e9b00000, 0x00000000e9b00000, 0x00000000e9c00000|  0%| F|  |TAMS 0x00000000e9b00000, 0x00000000e9b00000| Untracked 
| 156|0x00000000e9c00000, 0x00000000e9c00000, 0x00000000e9d00000|  0%| F|  |TAMS 0x00000000e9c00000, 0x00000000e9c00000| Untracked 
| 157|0x00000000e9d00000, 0x00000000e9d00000, 0x00000000e9e00000|  0%| F|  |TAMS 0x00000000e9d00000, 0x00000000e9d00000| Untracked 
| 158|0x00000000e9e00000, 0x00000000e9e00000, 0x00000000e9f00000|  0%| F|  |TAMS 0x00000000e9e00000, 0x00000000e9e00000| Untracked 
| 159|0x00000000e9f00000, 0x00000000e9f00000, 0x00000000ea000000|  0%| F|  |TAMS 0x00000000e9f00000, 0x00000000e9f00000| Untracked 
| 160|0x00000000ea000000, 0x00000000ea000000, 0x00000000ea100000|  0%| F|  |TAMS 0x00000000ea000000, 0x00000000ea000000| Untracked 
| 161|0x00000000ea100000, 0x00000000ea100000, 0x00000000ea200000|  0%| F|  |TAMS 0x00000000ea100000, 0x00000000ea100000| Untracked 
| 162|0x00000000ea200000, 0x00000000ea200000, 0x00000000ea300000|  0%| F|  |TAMS 0x00000000ea200000, 0x00000000ea200000| Untracked 
| 163|0x00000000ea300000, 0x00000000ea300000, 0x00000000ea400000|  0%| F|  |TAMS 0x00000000ea300000, 0x00000000ea300000| Untracked 
| 164|0x00000000ea400000, 0x00000000ea400000, 0x00000000ea500000|  0%| F|  |TAMS 0x00000000ea400000, 0x00000000ea400000| Untracked 
| 165|0x00000000ea500000, 0x00000000ea500000, 0x00000000ea600000|  0%| F|  |TAMS 0x00000000ea500000, 0x00000000ea500000| Untracked 
| 166|0x00000000ea600000, 0x00000000ea600000, 0x00000000ea700000|  0%| F|  |TAMS 0x00000000ea600000, 0x00000000ea600000| Untracked 
| 167|0x00000000ea700000, 0x00000000ea700000, 0x00000000ea800000|  0%| F|  |TAMS 0x00000000ea700000, 0x00000000ea700000| Untracked 
| 168|0x00000000ea800000, 0x00000000ea800000, 0x00000000ea900000|  0%| F|  |TAMS 0x00000000ea800000, 0x00000000ea800000| Untracked 
| 169|0x00000000ea900000, 0x00000000ea900000, 0x00000000eaa00000|  0%| F|  |TAMS 0x00000000ea900000, 0x00000000ea900000| Untracked 
| 170|0x00000000eaa00000, 0x00000000eaa00000, 0x00000000eab00000|  0%| F|  |TAMS 0x00000000eaa00000, 0x00000000eaa00000| Untracked 
| 171|0x00000000eab00000, 0x00000000eab00000, 0x00000000eac00000|  0%| F|  |TAMS 0x00000000eab00000, 0x00000000eab00000| Untracked 
| 172|0x00000000eac00000, 0x00000000eac00000, 0x00000000ead00000|  0%| F|  |TAMS 0x00000000eac00000, 0x00000000eac00000| Untracked 
| 173|0x00000000ead00000, 0x00000000ead00000, 0x00000000eae00000|  0%| F|  |TAMS 0x00000000ead00000, 0x00000000ead00000| Untracked 
| 174|0x00000000eae00000, 0x00000000eae00000, 0x00000000eaf00000|  0%| F|  |TAMS 0x00000000eae00000, 0x00000000eae00000| Untracked 
| 175|0x00000000eaf00000, 0x00000000eaf00000, 0x00000000eb000000|  0%| F|  |TAMS 0x00000000eaf00000, 0x00000000eaf00000| Untracked 
| 176|0x00000000eb000000, 0x00000000eb000000, 0x00000000eb100000|  0%| F|  |TAMS 0x00000000eb000000, 0x00000000eb000000| Untracked 
| 177|0x00000000eb100000, 0x00000000eb100000, 0x00000000eb200000|  0%| F|  |TAMS 0x00000000eb100000, 0x00000000eb100000| Untracked 
| 178|0x00000000eb200000, 0x00000000eb200000, 0x00000000eb300000|  0%| F|  |TAMS 0x00000000eb200000, 0x00000000eb200000| Untracked 
| 179|0x00000000eb300000, 0x00000000eb300000, 0x00000000eb400000|  0%| F|  |TAMS 0x00000000eb300000, 0x00000000eb300000| Untracked 
| 180|0x00000000eb400000, 0x00000000eb400000, 0x00000000eb500000|  0%| F|  |TAMS 0x00000000eb400000, 0x00000000eb400000| Untracked 
| 181|0x00000000eb500000, 0x00000000eb500000, 0x00000000eb600000|  0%| F|  |TAMS 0x00000000eb500000, 0x00000000eb500000| Untracked 
| 182|0x00000000eb600000, 0x00000000eb600000, 0x00000000eb700000|  0%| F|  |TAMS 0x00000000eb600000, 0x00000000eb600000| Untracked 
| 183|0x00000000eb700000, 0x00000000eb700000, 0x00000000eb800000|  0%| F|  |TAMS 0x00000000eb700000, 0x00000000eb700000| Untracked 
| 184|0x00000000eb800000, 0x00000000eb800000, 0x00000000eb900000|  0%| F|  |TAMS 0x00000000eb800000, 0x00000000eb800000| Untracked 
| 185|0x00000000eb900000, 0x00000000eb900000, 0x00000000eba00000|  0%| F|  |TAMS 0x00000000eb900000, 0x00000000eb900000| Untracked 
| 186|0x00000000eba00000, 0x00000000eba00000, 0x00000000ebb00000|  0%| F|  |TAMS 0x00000000eba00000, 0x00000000eba00000| Untracked 
| 187|0x00000000ebb00000, 0x00000000ebb00000, 0x00000000ebc00000|  0%| F|  |TAMS 0x00000000ebb00000, 0x00000000ebb00000| Untracked 
| 188|0x00000000ebc00000, 0x00000000ebc00000, 0x00000000ebd00000|  0%| F|  |TAMS 0x00000000ebc00000, 0x00000000ebc00000| Untracked 
| 189|0x00000000ebd00000, 0x00000000ebd00000, 0x00000000ebe00000|  0%| F|  |TAMS 0x00000000ebd00000, 0x00000000ebd00000| Untracked 
| 190|0x00000000ebe00000, 0x00000000ebe00000, 0x00000000ebf00000|  0%| F|  |TAMS 0x00000000ebe00000, 0x00000000ebe00000| Untracked 
| 191|0x00000000ebf00000, 0x00000000ebf00000, 0x00000000ec000000|  0%| F|  |TAMS 0x00000000ebf00000, 0x00000000ebf00000| Untracked 
| 192|0x00000000ec000000, 0x00000000ec000000, 0x00000000ec100000|  0%| F|  |TAMS 0x00000000ec000000, 0x00000000ec000000| Untracked 
| 193|0x00000000ec100000, 0x00000000ec100000, 0x00000000ec200000|  0%| F|  |TAMS 0x00000000ec100000, 0x00000000ec100000| Untracked 
| 194|0x00000000ec200000, 0x00000000ec200000, 0x00000000ec300000|  0%| F|  |TAMS 0x00000000ec200000, 0x00000000ec200000| Untracked 
| 195|0x00000000ec300000, 0x00000000ec300000, 0x00000000ec400000|  0%| F|  |TAMS 0x00000000ec300000, 0x00000000ec300000| Untracked 
| 196|0x00000000ec400000, 0x00000000ec400000, 0x00000000ec500000|  0%| F|  |TAMS 0x00000000ec400000, 0x00000000ec400000| Untracked 
| 197|0x00000000ec500000, 0x00000000ec500000, 0x00000000ec600000|  0%| F|  |TAMS 0x00000000ec500000, 0x00000000ec500000| Untracked 
| 198|0x00000000ec600000, 0x00000000ec600000, 0x00000000ec700000|  0%| F|  |TAMS 0x00000000ec600000, 0x00000000ec600000| Untracked 
| 199|0x00000000ec700000, 0x00000000ec700000, 0x00000000ec800000|  0%| F|  |TAMS 0x00000000ec700000, 0x00000000ec700000| Untracked 
| 200|0x00000000ec800000, 0x00000000ec800000, 0x00000000ec900000|  0%| F|  |TAMS 0x00000000ec800000, 0x00000000ec800000| Untracked 
| 201|0x00000000ec900000, 0x00000000ec900000, 0x00000000eca00000|  0%| F|  |TAMS 0x00000000ec900000, 0x00000000ec900000| Untracked 
| 202|0x00000000eca00000, 0x00000000eca00000, 0x00000000ecb00000|  0%| F|  |TAMS 0x00000000eca00000, 0x00000000eca00000| Untracked 
| 203|0x00000000ecb00000, 0x00000000ecb00000, 0x00000000ecc00000|  0%| F|  |TAMS 0x00000000ecb00000, 0x00000000ecb00000| Untracked 
| 204|0x00000000ecc00000, 0x00000000ecc00000, 0x00000000ecd00000|  0%| F|  |TAMS 0x00000000ecc00000, 0x00000000ecc00000| Untracked 
| 205|0x00000000ecd00000, 0x00000000ecd28e80, 0x00000000ece00000| 15%| E|  |TAMS 0x00000000ecd00000, 0x00000000ecd00000| Complete 
| 206|0x00000000ece00000, 0x00000000ecf00000, 0x00000000ecf00000|100%| E|CS|TAMS 0x00000000ece00000, 0x00000000ece00000| Complete 
| 207|0x00000000ecf00000, 0x00000000ed000000, 0x00000000ed000000|100%| E|CS|TAMS 0x00000000ecf00000, 0x00000000ecf00000| Complete 
| 208|0x00000000ed000000, 0x00000000ed100000, 0x00000000ed100000|100%| E|CS|TAMS 0x00000000ed000000, 0x00000000ed000000| Complete 
| 209|0x00000000ed100000, 0x00000000ed200000, 0x00000000ed200000|100%| E|CS|TAMS 0x00000000ed100000, 0x00000000ed100000| Complete 
| 210|0x00000000ed200000, 0x00000000ed300000, 0x00000000ed300000|100%| E|CS|TAMS 0x00000000ed200000, 0x00000000ed200000| Complete 
| 211|0x00000000ed300000, 0x00000000ed400000, 0x00000000ed400000|100%| E|CS|TAMS 0x00000000ed300000, 0x00000000ed300000| Complete 
| 212|0x00000000ed400000, 0x00000000ed500000, 0x00000000ed500000|100%| E|CS|TAMS 0x00000000ed400000, 0x00000000ed400000| Complete 
| 213|0x00000000ed500000, 0x00000000ed600000, 0x00000000ed600000|100%| E|CS|TAMS 0x00000000ed500000, 0x00000000ed500000| Complete 
| 214|0x00000000ed600000, 0x00000000ed700000, 0x00000000ed700000|100%| E|CS|TAMS 0x00000000ed600000, 0x00000000ed600000| Complete 
| 215|0x00000000ed700000, 0x00000000ed800000, 0x00000000ed800000|100%| E|CS|TAMS 0x00000000ed700000, 0x00000000ed700000| Complete 
| 216|0x00000000ed800000, 0x00000000ed900000, 0x00000000ed900000|100%| E|CS|TAMS 0x00000000ed800000, 0x00000000ed800000| Complete 
| 217|0x00000000ed900000, 0x00000000eda00000, 0x00000000eda00000|100%| E|CS|TAMS 0x00000000ed900000, 0x00000000ed900000| Complete 
| 218|0x00000000eda00000, 0x00000000edb00000, 0x00000000edb00000|100%| E|CS|TAMS 0x00000000eda00000, 0x00000000eda00000| Complete 
| 219|0x00000000edb00000, 0x00000000edc00000, 0x00000000edc00000|100%| E|CS|TAMS 0x00000000edb00000, 0x00000000edb00000| Complete 
| 220|0x00000000edc00000, 0x00000000edd00000, 0x00000000edd00000|100%| E|CS|TAMS 0x00000000edc00000, 0x00000000edc00000| Complete 
| 221|0x00000000edd00000, 0x00000000ede00000, 0x00000000ede00000|100%| E|CS|TAMS 0x00000000edd00000, 0x00000000edd00000| Complete 
| 222|0x00000000ede00000, 0x00000000edf00000, 0x00000000edf00000|100%| E|CS|TAMS 0x00000000ede00000, 0x00000000ede00000| Complete 
| 223|0x00000000edf00000, 0x00000000ee000000, 0x00000000ee000000|100%| E|CS|TAMS 0x00000000edf00000, 0x00000000edf00000| Complete 
| 224|0x00000000ee000000, 0x00000000ee100000, 0x00000000ee100000|100%| E|CS|TAMS 0x00000000ee000000, 0x00000000ee000000| Complete 
| 225|0x00000000ee100000, 0x00000000ee200000, 0x00000000ee200000|100%| E|CS|TAMS 0x00000000ee100000, 0x00000000ee100000| Complete 
| 226|0x00000000ee200000, 0x00000000ee300000, 0x00000000ee300000|100%| E|CS|TAMS 0x00000000ee200000, 0x00000000ee200000| Complete 
| 227|0x00000000ee300000, 0x00000000ee400000, 0x00000000ee400000|100%| E|CS|TAMS 0x00000000ee300000, 0x00000000ee300000| Complete 
| 228|0x00000000ee400000, 0x00000000ee500000, 0x00000000ee500000|100%| E|CS|TAMS 0x00000000ee400000, 0x00000000ee400000| Complete 
| 229|0x00000000ee500000, 0x00000000ee600000, 0x00000000ee600000|100%| E|CS|TAMS 0x00000000ee500000, 0x00000000ee500000| Complete 
| 230|0x00000000ee600000, 0x00000000ee700000, 0x00000000ee700000|100%| E|CS|TAMS 0x00000000ee600000, 0x00000000ee600000| Complete 
| 231|0x00000000ee700000, 0x00000000ee800000, 0x00000000ee800000|100%| E|CS|TAMS 0x00000000ee700000, 0x00000000ee700000| Complete 
| 232|0x00000000ee800000, 0x00000000ee900000, 0x00000000ee900000|100%| E|CS|TAMS 0x00000000ee800000, 0x00000000ee800000| Complete 
| 233|0x00000000ee900000, 0x00000000eea00000, 0x00000000eea00000|100%| E|CS|TAMS 0x00000000ee900000, 0x00000000ee900000| Complete 
| 234|0x00000000eea00000, 0x00000000eeb00000, 0x00000000eeb00000|100%| E|CS|TAMS 0x00000000eea00000, 0x00000000eea00000| Complete 
| 235|0x00000000eeb00000, 0x00000000eec00000, 0x00000000eec00000|100%| E|CS|TAMS 0x00000000eeb00000, 0x00000000eeb00000| Complete 
| 236|0x00000000eec00000, 0x00000000eed00000, 0x00000000eed00000|100%| E|CS|TAMS 0x00000000eec00000, 0x00000000eec00000| Complete 
| 237|0x00000000eed00000, 0x00000000eee00000, 0x00000000eee00000|100%| E|CS|TAMS 0x00000000eed00000, 0x00000000eed00000| Complete 
| 238|0x00000000eee00000, 0x00000000eef00000, 0x00000000eef00000|100%| E|CS|TAMS 0x00000000eee00000, 0x00000000eee00000| Complete 
| 239|0x00000000eef00000, 0x00000000ef000000, 0x00000000ef000000|100%| E|CS|TAMS 0x00000000eef00000, 0x00000000eef00000| Complete 
| 240|0x00000000ef000000, 0x00000000ef100000, 0x00000000ef100000|100%| E|CS|TAMS 0x00000000ef000000, 0x00000000ef000000| Complete 
| 241|0x00000000ef100000, 0x00000000ef200000, 0x00000000ef200000|100%| E|CS|TAMS 0x00000000ef100000, 0x00000000ef100000| Complete 
| 242|0x00000000ef200000, 0x00000000ef300000, 0x00000000ef300000|100%| E|CS|TAMS 0x00000000ef200000, 0x00000000ef200000| Complete 
| 243|0x00000000ef300000, 0x00000000ef400000, 0x00000000ef400000|100%| E|CS|TAMS 0x00000000ef300000, 0x00000000ef300000| Complete 
| 244|0x00000000ef400000, 0x00000000ef500000, 0x00000000ef500000|100%| E|CS|TAMS 0x00000000ef400000, 0x00000000ef400000| Complete 
| 245|0x00000000ef500000, 0x00000000ef600000, 0x00000000ef600000|100%| E|CS|TAMS 0x00000000ef500000, 0x00000000ef500000| Complete 
| 246|0x00000000ef600000, 0x00000000ef700000, 0x00000000ef700000|100%| E|CS|TAMS 0x00000000ef600000, 0x00000000ef600000| Complete 
| 247|0x00000000ef700000, 0x00000000ef800000, 0x00000000ef800000|100%| E|CS|TAMS 0x00000000ef700000, 0x00000000ef700000| Complete 
| 248|0x00000000ef800000, 0x00000000ef900000, 0x00000000ef900000|100%| E|CS|TAMS 0x00000000ef800000, 0x00000000ef800000| Complete 
| 249|0x00000000ef900000, 0x00000000efa00000, 0x00000000efa00000|100%| E|CS|TAMS 0x00000000ef900000, 0x00000000ef900000| Complete 
| 250|0x00000000efa00000, 0x00000000efb00000, 0x00000000efb00000|100%| E|CS|TAMS 0x00000000efa00000, 0x00000000efa00000| Complete 
| 251|0x00000000efb00000, 0x00000000efc00000, 0x00000000efc00000|100%| E|CS|TAMS 0x00000000efb00000, 0x00000000efb00000| Complete 
| 252|0x00000000efc00000, 0x00000000efd00000, 0x00000000efd00000|100%| E|CS|TAMS 0x00000000efc00000, 0x00000000efc00000| Complete 
| 253|0x00000000efd00000, 0x00000000efe00000, 0x00000000efe00000|100%| E|CS|TAMS 0x00000000efd00000, 0x00000000efd00000| Complete 
| 254|0x00000000efe00000, 0x00000000eff00000, 0x00000000eff00000|100%| E|CS|TAMS 0x00000000efe00000, 0x00000000efe00000| Complete 
| 255|0x00000000eff00000, 0x00000000f0000000, 0x00000000f0000000|100%| E|CS|TAMS 0x00000000eff00000, 0x00000000eff00000| Complete 

Card table byte_map: [0x00000278a34a0000,0x00000278a35a0000] _byte_map_base: 0x00000278a2da0000

Marking Bits (Prev, Next): (CMBitMap*) 0x000002788a8b5110, (CMBitMap*) 0x000002788a8b50d0
 Prev Bits: [0x00000278a3ea0000, 0x00000278a46a0000)
 Next Bits: [0x00000278a36a0000, 0x00000278a3ea0000)

Polling page: 0x000002788ab60000

Metaspace:

Usage:
  Non-class:     59.74 MB used.
      Class:      9.25 MB used.
       Both:     68.99 MB used.

Virtual space:
  Non-class space:       64.00 MB reserved,      60.56 MB ( 95%) committed,  1 nodes.
      Class space:      320.00 MB reserved,      10.12 MB (  3%) committed,  1 nodes.
             Both:      384.00 MB reserved,      70.69 MB ( 18%) committed. 

Chunk freelists:
   Non-Class:  2.82 MB
       Class:  5.72 MB
        Both:  8.54 MB

MaxMetaspaceSize: 384.00 MB
CompressedClassSpaceSize: 320.00 MB
Initial GC threshold: 21.00 MB
Current GC threshold: 98.44 MB
CDS: on
MetaspaceReclaimPolicy: balanced
 - commit_granule_bytes: 65536.
 - commit_granule_words: 8192.
 - virtual_space_node_default_size: 8388608.
 - enlarge_chunks_in_place: 1.
 - new_chunks_are_fully_committed: 0.
 - uncommit_free_chunks: 1.
 - use_allocation_guard: 0.
 - handle_deallocations: 1.


Internal statistics:

num_allocs_failed_limit: 9.
num_arena_births: 3216.
num_arena_deaths: 0.
num_vsnodes_births: 2.
num_vsnodes_deaths: 0.
num_space_committed: 1131.
num_space_uncommitted: 0.
num_chunks_returned_to_freelist: 9.
num_chunks_taken_from_freelist: 7328.
num_chunk_merges: 9.
num_chunk_splits: 4101.
num_chunks_enlarged: 1681.
num_inconsistent_stats: 0.

CodeHeap 'non-profiled nmethods': size=120000Kb used=22387Kb max_used=22387Kb free=97612Kb
 bounds [0x000002789b4f0000, 0x000002789cad0000, 0x00000278a2a20000]
CodeHeap 'profiled nmethods': size=120000Kb used=32274Kb max_used=32274Kb free=87725Kb
 bounds [0x0000027893a20000, 0x00000278959b0000, 0x000002789af50000]
CodeHeap 'non-nmethods': size=5760Kb used=1693Kb max_used=1760Kb free=4067Kb
 bounds [0x000002789af50000, 0x000002789b1c0000, 0x000002789b4f0000]
 total_blobs=19237 nmethods=18479 adapters=666
 compilation: enabled
              stopped_count=0, restarted_count=0
 full_count=0

Compilation events (20 events):
Event: 1694.208 Thread 0x00000278a711b560 nmethod 23060 0x000002789599a410 code [0x000002789599a5e0, 0x000002789599aaf8]
Event: 1694.208 Thread 0x00000278a711b560 23061       3       org.gradle.api.internal.provider.sources.EnvironmentVariableValueSource$Parameters$Inject_::$gradleInitAttach (1 bytes)
Event: 1694.208 Thread 0x00000278a711b560 nmethod 23061 0x000002789599ac90 code [0x000002789599ae20, 0x000002789599af38]
Event: 1694.208 Thread 0x00000278a711b560 23062       3       org.gradle.api.internal.provider.sources.EnvironmentVariableValueSource$Parameters$Inject_::initFromState (12 bytes)
Event: 1694.208 Thread 0x00000278a711b560 nmethod 23062 0x000002789599b010 code [0x000002789599b1c0, 0x000002789599b458]
Event: 1694.208 Thread 0x00000278a711b560 23064       3       net.rubygrapefruit.platform.NativeException::<init> (6 bytes)
Event: 1694.209 Thread 0x00000278a711b560 nmethod 23064 0x000002789599b590 code [0x000002789599b740, 0x000002789599b948]
Event: 1694.235 Thread 0x00000278a711ac50 nmethod 23059 0x000002789cacab90 code [0x000002789cacad80, 0x000002789cacb760]
Event: 1694.235 Thread 0x00000278a711ac50 23063       4       java.util.Collections$EmptyList::spliterator (4 bytes)
Event: 1694.235 Thread 0x00000278a711ac50 nmethod 23063 0x000002789cacbf10 code [0x000002789cacc080, 0x000002789cacc0f8]
Event: 1694.238 Thread 0x00000278a711ac50 23065       4       java.util.LinkedList$LLSpliterator::tryAdvance (84 bytes)
Event: 1694.242 Thread 0x00000278a711ac50 nmethod 23065 0x000002789cacc210 code [0x000002789cacc3a0, 0x000002789cacc718]
Event: 1694.360 Thread 0x00000278a711ac50 23066       4       java.lang.String::decode2 (12 bytes)
Event: 1694.360 Thread 0x00000278a711ac50 nmethod 23066 0x000002789cacc990 code [0x000002789caccb00, 0x000002789caccb78]
Event: 1694.477 Thread 0x00000278a711ac50 23067 % !   4       org.gradle.api.internal.artifacts.ivyservice.resolveengine.result.StreamingResolutionResultBuilder$GraphFactory::deserialize @ 32 (286 bytes)
Event: 1695.557 Thread 0x00000278a711b560 23068       3       org.gradle.tooling.internal.provider.runner.DefaultBuildController::resolveTarget (75 bytes)
Event: 1695.558 Thread 0x00000278a711b560 nmethod 23068 0x000002789599ba10 code [0x000002789599bca0, 0x000002789599c958]
Event: 1695.558 Thread 0x00000278a711b560 23069       3       java.lang.AbstractStringBuilder::append (63 bytes)
Event: 1695.558 Thread 0x00000278a711b560 nmethod 23069 0x000002789599cc90 code [0x000002789599ce80, 0x000002789599d3e8]
Event: 1695.559 Thread 0x00000278a711b560 23070   !   3       jdk.internal.reflect.GeneratedConstructorAccessor127::newInstance (77 bytes)

GC Heap History (20 events):
Event: 1365.936 GC heap before
{Heap before GC invocations=66 (full 0):
 garbage-first heap   total 262144K, used 215922K [0x00000000e0000000, 0x0000000100000000)
  region size 1024K, 153 young (156672K), 2 survivors (2048K)
 Metaspace       used 70330K, committed 72064K, reserved 393216K
  class space    used 9469K, committed 10368K, reserved 327680K
}
Event: 1365.939 GC heap after
{Heap after GC invocations=67 (full 0):
 garbage-first heap   total 262144K, used 63865K [0x00000000e0000000, 0x0000000100000000)
  region size 1024K, 4 young (4096K), 4 survivors (4096K)
 Metaspace       used 70330K, committed 72064K, reserved 393216K
  class space    used 9469K, committed 10368K, reserved 327680K
}
Event: 1387.606 GC heap before
{Heap before GC invocations=67 (full 0):
 garbage-first heap   total 262144K, used 216441K [0x00000000e0000000, 0x0000000100000000)
  region size 1024K, 153 young (156672K), 4 survivors (4096K)
 Metaspace       used 70360K, committed 72128K, reserved 393216K
  class space    used 9469K, committed 10368K, reserved 327680K
}
Event: 1387.611 GC heap after
{Heap after GC invocations=68 (full 0):
 garbage-first heap   total 262144K, used 67088K [0x00000000e0000000, 0x0000000100000000)
  region size 1024K, 7 young (7168K), 7 survivors (7168K)
 Metaspace       used 70360K, committed 72128K, reserved 393216K
  class space    used 9469K, committed 10368K, reserved 327680K
}
Event: 1437.900 GC heap before
{Heap before GC invocations=68 (full 0):
 garbage-first heap   total 262144K, used 216592K [0x00000000e0000000, 0x0000000100000000)
  region size 1024K, 153 young (156672K), 7 survivors (7168K)
 Metaspace       used 70383K, committed 72128K, reserved 393216K
  class space    used 9469K, committed 10368K, reserved 327680K
}
Event: 1437.903 GC heap after
{Heap after GC invocations=69 (full 0):
 garbage-first heap   total 262144K, used 61361K [0x00000000e0000000, 0x0000000100000000)
  region size 1024K, 2 young (2048K), 2 survivors (2048K)
 Metaspace       used 70383K, committed 72128K, reserved 393216K
  class space    used 9469K, committed 10368K, reserved 327680K
}
Event: 1548.770 GC heap before
{Heap before GC invocations=69 (full 0):
 garbage-first heap   total 262144K, used 215985K [0x00000000e0000000, 0x0000000100000000)
  region size 1024K, 153 young (156672K), 2 survivors (2048K)
 Metaspace       used 70440K, committed 72192K, reserved 393216K
  class space    used 9472K, committed 10368K, reserved 327680K
}
Event: 1548.774 GC heap after
{Heap after GC invocations=70 (full 0):
 garbage-first heap   total 262144K, used 66496K [0x00000000e0000000, 0x0000000100000000)
  region size 1024K, 7 young (7168K), 7 survivors (7168K)
 Metaspace       used 70440K, committed 72192K, reserved 393216K
  class space    used 9472K, committed 10368K, reserved 327680K
}
Event: 1625.958 GC heap before
{Heap before GC invocations=70 (full 0):
 garbage-first heap   total 262144K, used 216000K [0x00000000e0000000, 0x0000000100000000)
  region size 1024K, 153 young (156672K), 7 survivors (7168K)
 Metaspace       used 70466K, committed 72256K, reserved 393216K
  class space    used 9472K, committed 10368K, reserved 327680K
}
Event: 1625.961 GC heap after
{Heap after GC invocations=71 (full 0):
 garbage-first heap   total 262144K, used 65466K [0x00000000e0000000, 0x0000000100000000)
  region size 1024K, 6 young (6144K), 6 survivors (6144K)
 Metaspace       used 70466K, committed 72256K, reserved 393216K
  class space    used 9472K, committed 10368K, reserved 327680K
}
Event: 1659.718 GC heap before
{Heap before GC invocations=71 (full 0):
 garbage-first heap   total 262144K, used 215994K [0x00000000e0000000, 0x0000000100000000)
  region size 1024K, 153 young (156672K), 6 survivors (6144K)
 Metaspace       used 70498K, committed 72256K, reserved 393216K
  class space    used 9472K, committed 10368K, reserved 327680K
}
Event: 1659.720 GC heap after
{Heap after GC invocations=72 (full 0):
 garbage-first heap   total 262144K, used 62401K [0x00000000e0000000, 0x0000000100000000)
  region size 1024K, 3 young (3072K), 3 survivors (3072K)
 Metaspace       used 70498K, committed 72256K, reserved 393216K
  class space    used 9472K, committed 10368K, reserved 327680K
}
Event: 1670.924 GC heap before
{Heap before GC invocations=72 (full 0):
 garbage-first heap   total 262144K, used 216001K [0x00000000e0000000, 0x0000000100000000)
  region size 1024K, 153 young (156672K), 3 survivors (3072K)
 Metaspace       used 70574K, committed 72384K, reserved 393216K
  class space    used 9473K, committed 10368K, reserved 327680K
}
Event: 1670.927 GC heap after
{Heap after GC invocations=73 (full 0):
 garbage-first heap   total 262144K, used 64283K [0x00000000e0000000, 0x0000000100000000)
  region size 1024K, 4 young (4096K), 4 survivors (4096K)
 Metaspace       used 70574K, committed 72384K, reserved 393216K
  class space    used 9473K, committed 10368K, reserved 327680K
}
Event: 1679.997 GC heap before
{Heap before GC invocations=73 (full 0):
 garbage-first heap   total 262144K, used 216859K [0x00000000e0000000, 0x0000000100000000)
  region size 1024K, 153 young (156672K), 4 survivors (4096K)
 Metaspace       used 70613K, committed 72384K, reserved 393216K
  class space    used 9473K, committed 10368K, reserved 327680K
}
Event: 1680.002 GC heap after
{Heap after GC invocations=74 (full 0):
 garbage-first heap   total 262144K, used 67601K [0x00000000e0000000, 0x0000000100000000)
  region size 1024K, 8 young (8192K), 8 survivors (8192K)
 Metaspace       used 70613K, committed 72384K, reserved 393216K
  class space    used 9473K, committed 10368K, reserved 327680K
}
Event: 1686.134 GC heap before
{Heap before GC invocations=74 (full 0):
 garbage-first heap   total 262144K, used 216081K [0x00000000e0000000, 0x0000000100000000)
  region size 1024K, 153 young (156672K), 8 survivors (8192K)
 Metaspace       used 70625K, committed 72384K, reserved 393216K
  class space    used 9473K, committed 10368K, reserved 327680K
}
Event: 1686.138 GC heap after
{Heap after GC invocations=75 (full 0):
 garbage-first heap   total 262144K, used 67320K [0x00000000e0000000, 0x0000000100000000)
  region size 1024K, 7 young (7168K), 7 survivors (7168K)
 Metaspace       used 70625K, committed 72384K, reserved 393216K
  class space    used 9473K, committed 10368K, reserved 327680K
}
Event: 1694.127 GC heap before
{Heap before GC invocations=75 (full 0):
 garbage-first heap   total 262144K, used 216824K [0x00000000e0000000, 0x0000000100000000)
  region size 1024K, 153 young (156672K), 7 survivors (7168K)
 Metaspace       used 70633K, committed 72384K, reserved 393216K
  class space    used 9473K, committed 10368K, reserved 327680K
}
Event: 1694.133 GC heap after
{Heap after GC invocations=76 (full 0):
 garbage-first heap   total 262144K, used 69107K [0x00000000e0000000, 0x0000000100000000)
  region size 1024K, 9 young (9216K), 9 survivors (9216K)
 Metaspace       used 70633K, committed 72384K, reserved 393216K
  class space    used 9473K, committed 10368K, reserved 327680K
}

Deoptimization events (20 events):
Event: 1686.016 Thread 0x00000278c504e300 Uncommon trap: trap_request=0xffffff45 fr.pc=0x000002789c9f934c relative=0x000000000000140c
Event: 1686.016 Thread 0x00000278c504e300 Uncommon trap: reason=unstable_if action=reinterpret pc=0x000002789c9f934c method=java.util.concurrent.ConcurrentHashMap.initTable()[Ljava/util/concurrent/ConcurrentHashMap$Node; @ 20 c2
Event: 1686.016 Thread 0x00000278c504e300 DEOPT PACKING pc=0x000002789c9f934c sp=0x000000fe481fe6f0
Event: 1686.016 Thread 0x00000278c504e300 DEOPT UNPACKING pc=0x000002789afa5ba3 sp=0x000000fe481fe600 mode 2
Event: 1686.767 Thread 0x00000278c4295ec0 Uncommon trap: trap_request=0xffffffde fr.pc=0x000002789baea4d4 relative=0x0000000000003494
Event: 1686.767 Thread 0x00000278c4295ec0 Uncommon trap: reason=class_check action=maybe_recompile pc=0x000002789baea4d4 method=java.util.concurrent.ConcurrentHashMap.get(Ljava/lang/Object;)Ljava/lang/Object; @ 93 c2
Event: 1686.767 Thread 0x00000278c4295ec0 DEOPT PACKING pc=0x000002789baea4d4 sp=0x000000fe47dfeba0
Event: 1686.767 Thread 0x00000278c4295ec0 DEOPT UNPACKING pc=0x000002789afa5ba3 sp=0x000000fe47dfe7a8 mode 2
Event: 1694.206 Thread 0x00000278c4294570 Uncommon trap: trap_request=0xffffff45 fr.pc=0x000002789ba33784 relative=0x00000000000017c4
Event: 1694.206 Thread 0x00000278c4294570 Uncommon trap: reason=unstable_if action=reinterpret pc=0x000002789ba33784 method=sun.nio.ch.IOUtil.writeFromNativeBuffer(Ljava/io/FileDescriptor;Ljava/nio/ByteBuffer;JZZILsun/nio/ch/NativeDispatcher;)I @ 157 c2
Event: 1694.206 Thread 0x00000278c4294570 DEOPT PACKING pc=0x000002789ba33784 sp=0x000000fe46bfeec0
Event: 1694.206 Thread 0x00000278c4294570 DEOPT UNPACKING pc=0x000002789afa5ba3 sp=0x000000fe46bfedc0 mode 2
Event: 1694.206 Thread 0x00000278c4294570 Uncommon trap: trap_request=0xffffff45 fr.pc=0x000002789bb302c4 relative=0x0000000000000a84
Event: 1694.206 Thread 0x00000278c4294570 Uncommon trap: reason=unstable_if action=reinterpret pc=0x000002789bb302c4 method=sun.nio.ch.SocketChannelImpl.write(Ljava/nio/ByteBuffer;)I @ 90 c2
Event: 1694.206 Thread 0x00000278c4294570 DEOPT PACKING pc=0x000002789bb302c4 sp=0x000000fe46bfef90
Event: 1694.206 Thread 0x00000278c4294570 DEOPT UNPACKING pc=0x000002789afa5ba3 sp=0x000000fe46bfedd0 mode 2
Event: 1694.206 Thread 0x00000278c4294570 Uncommon trap: trap_request=0xffffff45 fr.pc=0x000002789bb32780 relative=0x0000000000000800
Event: 1694.206 Thread 0x00000278c4294570 Uncommon trap: reason=unstable_if action=reinterpret pc=0x000002789bb32780 method=sun.nio.ch.SocketChannelImpl.write(Ljava/nio/ByteBuffer;)I @ 90 c2
Event: 1694.206 Thread 0x00000278c4294570 DEOPT PACKING pc=0x000002789bb32780 sp=0x000000fe46bfee00
Event: 1694.206 Thread 0x00000278c4294570 DEOPT UNPACKING pc=0x000002789afa5ba3 sp=0x000000fe46bfedc0 mode 2

Classes unloaded (0 events):
No events

Classes redefined (0 events):
No events

Internal exceptions (20 events):
Event: 1686.341 Thread 0x00000278c12f52f0 Exception <a 'sun/nio/fs/WindowsException'{0x00000000ee56f950}> (0x00000000ee56f950) 
thrown [s\open\src\hotspot\share\prims\jni.cpp, line 516]
Event: 1686.341 Thread 0x00000278c12f52f0 Exception <a 'sun/nio/fs/WindowsException'{0x00000000ee56fbb8}> (0x00000000ee56fbb8) 
thrown [s\open\src\hotspot\share\prims\jni.cpp, line 516]
Event: 1686.693 Thread 0x00000278c12f52f0 Exception <a 'sun/nio/fs/WindowsException'{0x00000000ee136620}> (0x00000000ee136620) 
thrown [s\open\src\hotspot\share\prims\jni.cpp, line 516]
Event: 1686.694 Thread 0x00000278c12f52f0 Exception <a 'sun/nio/fs/WindowsException'{0x00000000ee137d40}> (0x00000000ee137d40) 
thrown [s\open\src\hotspot\share\prims\jni.cpp, line 516]
Event: 1686.695 Thread 0x00000278c12f52f0 Exception <a 'sun/nio/fs/WindowsException'{0x00000000ee139460}> (0x00000000ee139460) 
thrown [s\open\src\hotspot\share\prims\jni.cpp, line 516]
Event: 1686.697 Thread 0x00000278c12f52f0 Exception <a 'sun/nio/fs/WindowsException'{0x00000000ee13ab70}> (0x00000000ee13ab70) 
thrown [s\open\src\hotspot\share\prims\jni.cpp, line 516]
Event: 1686.784 Thread 0x00000278c12f52f0 Exception <a 'java/lang/NoClassDefFoundError'{0x00000000edb90328}: org/jetbrains/kotlin/gradle/plugin/KotlinPluginWrapper> (0x00000000edb90328) 
thrown [s\open\src\hotspot\share\oops\constantPool.cpp, line 837]
Event: 1686.784 Thread 0x00000278c12f52f0 Exception <a 'java/lang/NoClassDefFoundError'{0x00000000edb92970}: org/graalvm/buildtools/gradle/NativeImagePlugin> (0x00000000edb92970) 
thrown [s\open\src\hotspot\share\oops\constantPool.cpp, line 837]
Event: 1686.784 Thread 0x00000278c12f52f0 Exception <a 'java/lang/NoClassDefFoundError'{0x00000000edb94fa8}: org/cyclonedx/gradle/CyclonedxPlugin> (0x00000000edb94fa8) 
thrown [s\open\src\hotspot\share\oops\constantPool.cpp, line 837]
Event: 1686.784 Thread 0x00000278c12f52f0 Exception <a 'java/lang/NoClassDefFoundError'{0x00000000edbd5df8}: com/google/protobuf/gradle/ProtobufPlugin> (0x00000000edbd5df8) 
thrown [s\open\src\hotspot\share\oops\constantPool.cpp, line 837]
Event: 1687.101 Thread 0x00000278c12f52f0 Exception <a 'sun/nio/fs/WindowsException'{0x00000000ebf881b0}> (0x00000000ebf881b0) 
thrown [s\open\src\hotspot\share\prims\jni.cpp, line 516]
Event: 1687.101 Thread 0x00000278c12f52f0 Exception <a 'sun/nio/fs/WindowsException'{0x00000000ebf88418}> (0x00000000ebf88418) 
thrown [s\open\src\hotspot\share\prims\jni.cpp, line 516]
Event: 1692.386 Thread 0x00000278c12f52f0 Exception <a 'sun/nio/fs/WindowsException'{0x00000000ebba8b88}> (0x00000000ebba8b88) 
thrown [s\open\src\hotspot\share\prims\jni.cpp, line 516]
Event: 1692.410 Thread 0x00000278c12f52f0 Exception <a 'sun/nio/fs/WindowsException'{0x00000000ebbaa2a8}> (0x00000000ebbaa2a8) 
thrown [s\open\src\hotspot\share\prims\jni.cpp, line 516]
Event: 1692.474 Thread 0x00000278c12f52f0 Exception <a 'sun/nio/fs/WindowsException'{0x00000000ebbab9c8}> (0x00000000ebbab9c8) 
thrown [s\open\src\hotspot\share\prims\jni.cpp, line 516]
Event: 1692.568 Thread 0x00000278c12f52f0 Exception <a 'sun/nio/fs/WindowsException'{0x00000000ebbad0d8}> (0x00000000ebbad0d8) 
thrown [s\open\src\hotspot\share\prims\jni.cpp, line 516]
Event: 1693.333 Thread 0x00000278c12f52f0 Exception <a 'java/lang/NoClassDefFoundError'{0x00000000eb325660}: org/jetbrains/kotlin/gradle/plugin/KotlinPluginWrapper> (0x00000000eb325660) 
thrown [s\open\src\hotspot\share\oops\constantPool.cpp, line 837]
Event: 1693.333 Thread 0x00000278c12f52f0 Exception <a 'java/lang/NoClassDefFoundError'{0x00000000eb3281f8}: org/graalvm/buildtools/gradle/NativeImagePlugin> (0x00000000eb3281f8) 
thrown [s\open\src\hotspot\share\oops\constantPool.cpp, line 837]
Event: 1693.333 Thread 0x00000278c12f52f0 Exception <a 'java/lang/NoClassDefFoundError'{0x00000000eb32ad80}: org/cyclonedx/gradle/CyclonedxPlugin> (0x00000000eb32ad80) 
thrown [s\open\src\hotspot\share\oops\constantPool.cpp, line 837]
Event: 1693.334 Thread 0x00000278c12f52f0 Exception <a 'java/lang/NoClassDefFoundError'{0x00000000eb32d918}: com/google/protobuf/gradle/ProtobufPlugin> (0x00000000eb32d918) 
thrown [s\open\src\hotspot\share\oops\constantPool.cpp, line 837]

VM Operations (20 events):
Event: 1677.001 Executing VM operation: Cleanup
Event: 1677.001 Executing VM operation: Cleanup done
Event: 1679.997 Executing VM operation: G1CollectForAllocation
Event: 1680.002 Executing VM operation: G1CollectForAllocation done
Event: 1681.009 Executing VM operation: Cleanup
Event: 1681.010 Executing VM operation: Cleanup done
Event: 1682.019 Executing VM operation: Cleanup
Event: 1682.019 Executing VM operation: Cleanup done
Event: 1683.387 Executing VM operation: HandshakeAllThreads
Event: 1683.387 Executing VM operation: HandshakeAllThreads done
Event: 1685.414 Executing VM operation: Cleanup
Event: 1685.415 Executing VM operation: Cleanup done
Event: 1686.134 Executing VM operation: G1CollectForAllocation
Event: 1686.140 Executing VM operation: G1CollectForAllocation done
Event: 1687.145 Executing VM operation: Cleanup
Event: 1687.145 Executing VM operation: Cleanup done
Event: 1694.127 Executing VM operation: G1CollectForAllocation
Event: 1694.133 Executing VM operation: G1CollectForAllocation done
Event: 1695.146 Executing VM operation: Cleanup
Event: 1695.146 Executing VM operation: Cleanup done

Events (20 events):
Event: 1692.189 Thread 0x00000278c4297300 Thread added: 0x00000278c4297300
Event: 1692.212 Thread 0x00000278c4299b80 Thread added: 0x00000278c4299b80
Event: 1692.217 Thread 0x00000278c42963d0 Thread added: 0x00000278c42963d0
Event: 1693.136 Thread 0x00000278c429a090 Thread added: 0x00000278c429a090
Event: 1693.136 Thread 0x00000278c429aab0 Thread added: 0x00000278c429aab0
Event: 1693.136 Thread 0x00000278c429b4d0 Thread added: 0x00000278c429b4d0
Event: 1693.136 Thread 0x00000278c117f850 Thread added: 0x00000278c117f850
Event: 1693.136 Thread 0x00000278c117e920 Thread added: 0x00000278c117e920
Event: 1693.136 Thread 0x00000278c1180780 Thread added: 0x00000278c1180780
Event: 1693.137 Thread 0x00000278c1180270 Thread added: 0x00000278c1180270
Event: 1693.145 Thread 0x00000278c1184440 Thread added: 0x00000278c1184440
Event: 1694.522 Thread 0x00000278c1184e60 Thread added: 0x00000278c1184e60
Event: 1694.523 Thread 0x00000278c1185370 Thread added: 0x00000278c1185370
Event: 1694.523 Thread 0x00000278c1185880 Thread added: 0x00000278c1185880
Event: 1694.523 Thread 0x00000278c1182af0 Thread added: 0x00000278c1182af0
Event: 1694.523 Thread 0x00000278c50487e0 Thread added: 0x00000278c50487e0
Event: 1694.524 Thread 0x00000278c5049710 Thread added: 0x00000278c5049710
Event: 1694.524 Thread 0x00000278c504ab50 Thread added: 0x00000278c504ab50
Event: 1694.524 Thread 0x00000278c5047dc0 Thread added: 0x00000278c5047dc0
Event: 1694.524 Thread 0x00000278c504ba80 Thread added: 0x00000278c504ba80


Dynamic libraries:
0x00007ff76a1e0000 - 0x00007ff76a1f0000 	C:\Program Files\Java\jdk-17\bin\java.exe
0x00007ffac7aa0000 - 0x00007ffac7d06000 	C:\WINDOWS\SYSTEM32\ntdll.dll
0x00007ffac6670000 - 0x00007ffac6739000 	C:\WINDOWS\System32\KERNEL32.DLL
0x00007ffac52d0000 - 0x00007ffac56cf000 	C:\WINDOWS\System32\KERNELBASE.dll
0x00007ffac4cb0000 - 0x00007ffac4dfc000 	C:\WINDOWS\System32\ucrtbase.dll
0x00007ffa944a0000 - 0x00007ffa944bb000 	C:\Program Files\Java\jdk-17\bin\VCRUNTIME140.dll
0x00007ffa85630000 - 0x00007ffa85649000 	C:\Program Files\Java\jdk-17\bin\jli.dll
0x00007ffac71c0000 - 0x00007ffac727c000 	C:\WINDOWS\System32\ADVAPI32.dll
0x00007ffac7830000 - 0x00007ffac78d9000 	C:\WINDOWS\System32\msvcrt.dll
0x00007ffac65c0000 - 0x00007ffac666a000 	C:\WINDOWS\System32\sechost.dll
0x00007ffac78e0000 - 0x00007ffac79f8000 	C:\WINDOWS\System32\RPCRT4.dll
0x00007ffac59d0000 - 0x00007ffac5b96000 	C:\WINDOWS\System32\USER32.dll
0x00007ffac56e0000 - 0x00007ffac5707000 	C:\WINDOWS\System32\win32u.dll
0x00007ffac7a30000 - 0x00007ffac7a5b000 	C:\WINDOWS\System32\GDI32.dll
0x00007ffac4e10000 - 0x00007ffac4f39000 	C:\WINDOWS\System32\gdi32full.dll
0x00007ffac4f40000 - 0x00007ffac4fe3000 	C:\WINDOWS\System32\msvcp_win.dll
0x00007ffaadc40000 - 0x00007ffaaded1000 	C:\WINDOWS\WinSxS\amd64_microsoft.windows.common-controls_6595b64144ccf1df_6.0.26100.8972_none_3e0da176e32f9d4b\COMCTL32.dll
0x00007ffaba9f0000 - 0x00007ffaba9fb000 	C:\WINDOWS\SYSTEM32\VERSION.dll
0x00007ffac5d10000 - 0x00007ffac5d42000 	C:\WINDOWS\System32\IMM32.DLL
0x00007ffaa79f0000 - 0x00007ffaa79fc000 	C:\Program Files\Java\jdk-17\bin\vcruntime140_1.dll
0x00007ffa55d90000 - 0x00007ffa55e1e000 	C:\Program Files\Java\jdk-17\bin\msvcp140.dll
0x00007ffa41400000 - 0x00007ffa41fe0000 	C:\Program Files\Java\jdk-17\bin\server\jvm.dll
0x00007ffac6920000 - 0x00007ffac6928000 	C:\WINDOWS\System32\PSAPI.DLL
0x00007ffaa9920000 - 0x00007ffaa992a000 	C:\WINDOWS\SYSTEM32\WSOCK32.dll
0x00007ffac5940000 - 0x00007ffac59c2000 	C:\WINDOWS\System32\WS2_32.dll
0x00007ffaad970000 - 0x00007ffaad9a6000 	C:\WINDOWS\SYSTEM32\WINMM.dll
0x00007ffac39a0000 - 0x00007ffac39bb000 	C:\WINDOWS\SYSTEM32\kernel.appcore.dll
0x00007ffaa7510000 - 0x00007ffaa751a000 	C:\Program Files\Java\jdk-17\bin\jimage.dll
0x00007ffac2420000 - 0x00007ffac2662000 	C:\WINDOWS\SYSTEM32\DBGHELP.DLL
0x00007ffac5ef0000 - 0x00007ffac6275000 	C:\WINDOWS\System32\combase.dll
0x00007ffac64e0000 - 0x00007ffac65b9000 	C:\WINDOWS\System32\OLEAUT32.dll
0x00007ffaa3250000 - 0x00007ffaa328b000 	C:\WINDOWS\SYSTEM32\dbgcore.DLL
0x00007ffac4ff0000 - 0x00007ffac509c000 	C:\WINDOWS\System32\bcryptPrimitives.dll
0x00007ffaa7280000 - 0x00007ffaa728e000 	C:\Program Files\Java\jdk-17\bin\instrument.dll
0x00007ffa83570000 - 0x00007ffa83595000 	C:\Program Files\Java\jdk-17\bin\java.dll
0x00007ffa53970000 - 0x00007ffa53a47000 	C:\Program Files\Java\jdk-17\bin\jsvml.dll
0x00007ffac6a30000 - 0x00007ffac71b8000 	C:\WINDOWS\System32\SHELL32.dll
0x00007ffac2780000 - 0x00007ffac301b000 	C:\WINDOWS\SYSTEM32\windows.storage.dll
0x00007ffac7290000 - 0x00007ffac7389000 	C:\WINDOWS\System32\SHCORE.dll
0x00007ffac68b0000 - 0x00007ffac6916000 	C:\WINDOWS\System32\shlwapi.dll
0x00007ffac4bd0000 - 0x00007ffac4bf9000 	C:\WINDOWS\SYSTEM32\profapi.dll
0x00007ffa853f0000 - 0x00007ffa85408000 	C:\Program Files\Java\jdk-17\bin\zip.dll
0x00007ffa7ba00000 - 0x00007ffa7ba19000 	C:\Program Files\Java\jdk-17\bin\net.dll
0x00007ffaba1c0000 - 0x00007ffaba2e8000 	C:\WINDOWS\SYSTEM32\WINHTTP.dll
0x00007ffac3f50000 - 0x00007ffac3fbc000 	C:\WINDOWS\system32\mswsock.dll
0x00007ffa7aa30000 - 0x00007ffa7aa46000 	C:\Program Files\Java\jdk-17\bin\nio.dll
0x00007ffaa7030000 - 0x00007ffaa7040000 	C:\Program Files\Java\jdk-17\bin\verify.dll
0x00007ffabb5d0000 - 0x00007ffabb5f7000 	C:\Users\user\.gradle\native\660c5614fbf4a5f2a75b1949f50a0caf5cd603558e7d8a26e50b933a0cfb79d1\windows-amd64\native-platform.dll
0x00007ffa55e20000 - 0x00007ffa55e97000 	C:\Users\user\.gradle\native\0.2.8\x86_64-windows-gnu\gradle-fileevents.dll
0x00007ffaa34c0000 - 0x00007ffaa34ca000 	C:\Program Files\Java\jdk-17\bin\management.dll
0x00007ffaa3470000 - 0x00007ffaa347b000 	C:\Program Files\Java\jdk-17\bin\management_ext.dll
0x00007ffac3370000 - 0x00007ffac33a3000 	C:\WINDOWS\SYSTEM32\IPHLPAPI.DLL
0x00007ffac7a20000 - 0x00007ffac7a2a000 	C:\WINDOWS\System32\NSI.dll
0x00007ffabaa50000 - 0x00007ffabaa6d000 	C:\WINDOWS\SYSTEM32\dhcpcsvc6.DLL
0x00007ffabaa20000 - 0x00007ffabaa45000 	C:\WINDOWS\SYSTEM32\dhcpcsvc.DLL
0x00007ffac33b0000 - 0x00007ffac3508000 	C:\WINDOWS\SYSTEM32\DNSAPI.dll
0x00007ffac3d50000 - 0x00007ffac3d5d000 	C:\WINDOWS\SYSTEM32\DSPARSE.dll
0x00007ffac4240000 - 0x00007ffac425b000 	C:\WINDOWS\SYSTEM32\CRYPTSP.dll
0x00007ffac3900000 - 0x00007ffac3939000 	C:\WINDOWS\system32\rsaenh.dll
0x00007ffac4000000 - 0x00007ffac4032000 	C:\WINDOWS\SYSTEM32\USERENV.dll
0x00007ffac4ba0000 - 0x00007ffac4bca000 	C:\WINDOWS\SYSTEM32\bcrypt.dll
0x00007ffac4260000 - 0x00007ffac426c000 	C:\WINDOWS\SYSTEM32\CRYPTBASE.dll
0x00007ffabd3f0000 - 0x00007ffabd3fe000 	C:\Program Files\Java\jdk-17\bin\sunmscapi.dll
0x00007ffac5140000 - 0x00007ffac52be000 	C:\WINDOWS\System32\CRYPT32.dll
0x00007ffac4480000 - 0x00007ffac44b0000 	C:\WINDOWS\SYSTEM32\ncrypt.dll
0x00007ffac4430000 - 0x00007ffac446f000 	C:\WINDOWS\SYSTEM32\NTASN1.dll
0x00007ffa8b0f0000 - 0x00007ffa8b0f8000 	C:\WINDOWS\system32\wshunix.dll

dbghelp: loaded successfully - version: 4.0.5 - missing functions: none
symbol engine: initialized successfully - sym options: 0x614 - pdb path: .;C:\Program Files\Java\jdk-17\bin;C:\WINDOWS\SYSTEM32;C:\WINDOWS\WinSxS\amd64_microsoft.windows.common-controls_6595b64144ccf1df_6.0.26100.8972_none_3e0da176e32f9d4b;C:\Program Files\Java\jdk-17\bin\server;C:\Users\user\.gradle\native\660c5614fbf4a5f2a75b1949f50a0caf5cd603558e7d8a26e50b933a0cfb79d1\windows-amd64;C:\Users\user\.gradle\native\0.2.8\x86_64-windows-gnu

VM Arguments:
jvm_args: --add-opens=java.base/java.lang=ALL-UNNAMED --add-opens=java.base/java.lang.invoke=ALL-UNNAMED --add-opens=java.base/java.util=ALL-UNNAMED --add-opens=java.prefs/java.util.prefs=ALL-UNNAMED --add-exports=jdk.compiler/com.sun.tools.javac.api=ALL-UNNAMED --add-exports=jdk.compiler/com.sun.tools.javac.util=ALL-UNNAMED --add-opens=java.base/java.nio.charset=ALL-UNNAMED --add-opens=java.base/java.net=ALL-UNNAMED --add-opens=java.base/java.util.concurrent=ALL-UNNAMED --add-opens=java.base/java.util.concurrent.atomic=ALL-UNNAMED --add-opens=java.xml/javax.xml.namespace=ALL-UNNAMED --add-opens=java.base/java.time=ALL-UNNAMED -XX:MaxMetaspaceSize=384m -XX:+HeapDumpOnOutOfMemoryError -Xms256m -Xmx512m -Dfile.encoding=UTF-8 -Duser.country=KR -Duser.language=ko -Duser.variant -javaagent:C:\Users\user\.gradle\wrapper\dists\gradle-9.5.1-bin\iq79hdu3mqx29lgffhp8bfmx\gradle-9.5.1\lib\agents\gradle-instrumentation-agent-9.5.1.jar 
java_command: org.gradle.launcher.daemon.bootstrap.GradleDaemon 9.5.1
java_class_path (initial): C:\Users\user\.gradle\wrapper\dists\gradle-9.5.1-bin\iq79hdu3mqx29lgffhp8bfmx\gradle-9.5.1\lib\gradle-daemon-main-9.5.1.jar
Launcher Type: SUN_STANDARD

[Global flags]
     intx CICompilerCount                          = 4                                         {product} {ergonomic}
   size_t CompressedClassSpaceSize                 = 335544320                                 {product} {ergonomic}
     uint ConcGCThreads                            = 2                                         {product} {ergonomic}
     uint G1ConcRefinementThreads                  = 8                                         {product} {ergonomic}
   size_t G1HeapRegionSize                         = 1048576                                   {product} {ergonomic}
    uintx GCDrainStackTargetSize                   = 64                                        {product} {ergonomic}
     bool HeapDumpOnOutOfMemoryError               = true                                   {manageable} {command line}
   size_t InitialHeapSize                          = 268435456                                 {product} {command line}
   size_t MarkStackSize                            = 4194304                                   {product} {ergonomic}
   size_t MaxHeapSize                              = 536870912                                 {product} {command line}
   size_t MaxMetaspaceSize                         = 402653184                                 {product} {command line}
   size_t MaxNewSize                               = 321912832                                 {product} {ergonomic}
   size_t MinHeapDeltaBytes                        = 1048576                                   {product} {ergonomic}
   size_t MinHeapSize                              = 268435456                                 {product} {command line}
    uintx NonNMethodCodeHeapSize                   = 5839372                                {pd product} {ergonomic}
    uintx NonProfiledCodeHeapSize                  = 122909434                              {pd product} {ergonomic}
    uintx ProfiledCodeHeapSize                     = 122909434                              {pd product} {ergonomic}
    uintx ReservedCodeCacheSize                    = 251658240                              {pd product} {ergonomic}
     bool SegmentedCodeCache                       = true                                      {product} {ergonomic}
   size_t SoftMaxHeapSize                          = 536870912                              {manageable} {ergonomic}
     bool UseCompressedClassPointers               = true                           {product lp64_product} {ergonomic}
     bool UseCompressedOops                        = true                           {product lp64_product} {ergonomic}
     bool UseG1GC                                  = true                                      {product} {ergonomic}
     bool UseLargePagesIndividualAllocation        = false                                  {pd product} {ergonomic}

Logging:
Log output configuration:
 #0: stdout all=warning uptime,level,tags
 #1: stderr all=off uptime,level,tags

Environment Variables:
PATH=C:\Program Files\Common Files\Oracle\Java\javapath;C:\Program Files\Python313\Scripts\;C:\Program Files\Python313\;C:\WINDOWS\system32;C:\WINDOWS;C:\WINDOWS\System32\Wbem;C:\WINDOWS\System32\WindowsPowerShell\v1.0\;C:\WINDOWS\System32\OpenSSH\;C:\Program Files\nodejs\;C:\Program Files\Git\cmd;C:\Program Files (x86)\cloudflared\;C:\Users\user\Desktop\Scripts\;C:\Users\user\Desktop\;C:\Users\user\AppData\Local\Microsoft\WindowsApps;C:\Users\user\AppData\Local\Programs\Microsoft VS Code\bin;C:\Program Files\Multipass\bin;C:\Users\user\AppData\Roaming\npm;C:\intelFPGA_lite\18.1\modelsim_ase\win32aloem;C:\Users\user\Desktop\opencv\build\x64\vc15\bin;
USERNAME=user
OS=Windows_NT
PROCESSOR_IDENTIFIER=Intel64 Family 6 Model 140 Stepping 1, GenuineIntel



---------------  S Y S T E M  ---------------

OS:
 Windows 11 , 64 bit Build 26100 (10.0.26100.9168)
OS uptime: 0 days 1:37 hours

CPU: total 8 (initial active 8) (4 cores per cpu, 2 threads per core) family 6 model 140 stepping 1 microcode 0x8a, cx8, cmov, fxsr, ht, mmx, 3dnowpref, sse, sse2, sse3, ssse3, sse4.1, sse4.2, popcnt, lzcnt, tsc, tscinvbit, avx, avx2, aes, erms, clmul, bmi1, bmi2, adx, avx512f, avx512dq, avx512cd, avx512bw, avx512vl, sha, fma, vzeroupper, avx512_vpopcntdq, avx512_vpclmulqdq, avx512_vaes, avx512_vnni, clflush, clflushopt, clwb, avx512_vbmi2, avx512_vbmi

Memory: 4k page, system-wide physical 16107M (447M free)
TotalPageFile size 46495M (AvailPageFile size 1M)
current process WorkingSet (physical memory assigned to process): 382M, peak: 470M
current process commit charge ("private bytes"): 553M, peak: 557M

vm_info: Java HotSpot(TM) 64-Bit Server VM (17.0.12+8-LTS-286) for windows-amd64 JRE (17.0.12+8-LTS-286), built on Jun  5 2024 06:46:59 by "mach5one" with MS VC++ 17.6 (VS2022)

END.
