#
# There is insufficient memory for the Java Runtime Environment to continue.
# Native memory allocation (malloc) failed to allocate 269376 bytes. Error detail: Chunk::new
# Possible reasons:
#   The system is out of physical RAM or swap space
#   This process is running with CompressedOops enabled, and the Java Heap may be blocking the growth of the native heap
# Possible solutions:
#   Reduce memory load on the system
#   Increase physical memory or swap space
#   Check if swap backing store is full
#   Decrease Java heap size (-Xmx/-Xms)
#   Decrease number of Java threads
#   Decrease Java thread stack sizes (-Xss)
#   Set larger code cache with -XX:ReservedCodeCacheSize=
#   JVM is running with Unscaled Compressed Oops mode in which the Java heap is
#     placed in the first 4GB address space. The Java Heap base address is the
#     maximum limit for the native heap growth. Please use -XX:HeapBaseMinAddress
#     to set the Java Heap base and to place the Java Heap above 4GB virtual address.
# This output file may be truncated or incomplete.
#
#  Out of Memory Error (arena.cpp:168), pid=39540, tid=32688
#
# JRE version: OpenJDK Runtime Environment Temurin-21.0.12.1+1 (21.0.12.1+1) (build 21.0.12.1+1-LTS)
# Java VM: OpenJDK 64-Bit Server VM Temurin-21.0.12.1+1 (21.0.12.1+1-LTS, mixed mode, sharing, tiered, compressed oops, compressed class ptrs, parallel gc, windows-amd64)
# No core dump will be written. Minidumps are not enabled by default on client versions of Windows
#

---------------  S U M M A R Y ------------

Command Line: --add-modules=ALL-SYSTEM --add-opens=java.base/java.util=ALL-UNNAMED --add-opens=java.base/java.lang=ALL-UNNAMED --add-opens=java.base/sun.nio.fs=ALL-UNNAMED -Declipse.application=org.eclipse.jdt.ls.core.id1 -Dosgi.bundles.defaultStartLevel=4 -Declipse.product=org.eclipse.jdt.ls.core.product -Djava.import.generatesMetadataFilesAtProjectRoot=false -Dm2e.project.cache.size=50 -DDetectVMInstallationsJob.disabled=true -Dfile.encoding=utf8 -XX:+UseParallelGC -XX:GCTimeRatio=4 -XX:AdaptiveSizePolicyWeight=90 -Dsun.zip.disableMemoryMapping=true -Xmx2G -Xms100m -Xlog:disable -javaagent:c:\Users\user\.vscode\extensions\redhat.java-1.56.0-win32-x64\lombok\lombok-1.18.39-4050.jar -XX:+HeapDumpOnOutOfMemoryError -XX:HeapDumpPath=c:\Users\user\AppData\Roaming\Code\User\workspaceStorage\1ce6a6e17a27a5c59e90c4fca4451367\redhat.java -Daether.dependencyCollector.impl=bf c:\Users\user\.vscode\extensions\redhat.java-1.56.0-win32-x64\server\plugins\org.eclipse.equinox.launcher_1.8.0.v20260804-1928.jar -configuration c:\Users\user\AppData\Roaming\Code\User\globalStorage\redhat.java\1.56.0\config_win -data c:\Users\user\AppData\Roaming\Code\User\workspaceStorage\1ce6a6e17a27a5c59e90c4fca4451367\redhat.java\jdt_ws --pipe=\\.\pipe\lsp-fdf3560671d232ac29f80097238330c2-sock

Host: 11th Gen Intel(R) Core(TM) i5-1135G7 @ 2.40GHz, 8 cores, 15G,  Windows 11 , 64 bit Build 26100 (10.0.26100.9168)
Time: Tue Sep  8 11:27:33 2026 elapsed time: 28.408192 seconds (0d 0h 0m 28s)

---------------  T H R E A D  ---------------

Current thread (0x00000232d09c2d80):  JavaThread "C2 CompilerThread1" daemon [_thread_in_native, id=32688, stack(0x0000007936300000,0x0000007936400000) (1024K)]


Current CompileTask:
C2:28408 4543       4       org.osgi.framework.Version::toString0 (102 bytes)

Stack: [0x0000007936300000,0x0000007936400000]
Native frames: (J=compiled Java code, j=interpreted, Vv=VM code, C=native code)
V  [jvm.dll+0x6d83e9]
V  [jvm.dll+0x8b5736]
V  [jvm.dll+0x8b7cee]
V  [jvm.dll+0x8b83d3]
V  [jvm.dll+0x284596]
V  [jvm.dll+0xc685d]
V  [jvm.dll+0xc6da1]
V  [jvm.dll+0x2fb5ae]
V  [jvm.dll+0x5fee94]
V  [jvm.dll+0x255d67]
V  [jvm.dll+0x24e0f4]
V  [jvm.dll+0x24bbe6]
V  [jvm.dll+0x1cb4ae]
V  [jvm.dll+0x25baad]
V  [jvm.dll+0x25a03a]
V  [jvm.dll+0x3f8aae]
V  [jvm.dll+0x8600cd]
V  [jvm.dll+0x6d6c1d]
C  [ucrtbase.dll+0x2cd30]
C  [KERNEL32.DLL+0x2ccb7]
C  [ntdll.dll+0xaad6c]


---------------  P R O C E S S  ---------------

Threads class SMR info:
_java_thread_list=0x00000232d6c1a930, length=26, elements={
0x00000232f6e0f560, 0x00000232f6ecb660, 0x00000232f6ece8f0, 0x00000232fe8862c0,
0x00000232fe886d20, 0x00000232fe887780, 0x00000232fe8881e0, 0x00000232fe88e5a0,
0x00000232fe8a7a90, 0x00000232d0471900, 0x00000232d0553fe0, 0x00000232d0cf5a10,
0x00000232d02409c0, 0x00000232d50619a0, 0x00000232d0760df0, 0x00000232d519f6d0,
0x00000232d0d419f0, 0x00000232d563b420, 0x00000232d57c9db0, 0x00000232d57ca440,
0x00000232d57c9090, 0x00000232d09c2d80, 0x00000232d57c9720, 0x00000232d6cb8420,
0x00000232d66f5870, 0x00000232d66f6c20
}

Java Threads: ( => current thread )
  0x00000232f6e0f560 JavaThread "main"                              [_thread_blocked, id=1952, stack(0x0000007934400000,0x0000007934500000) (1024K)]
  0x00000232f6ecb660 JavaThread "Reference Handler"          daemon [_thread_blocked, id=20736, stack(0x0000007934800000,0x0000007934900000) (1024K)]
  0x00000232f6ece8f0 JavaThread "Finalizer"                  daemon [_thread_blocked, id=9924, stack(0x0000007934900000,0x0000007934a00000) (1024K)]
  0x00000232fe8862c0 JavaThread "Signal Dispatcher"          daemon [_thread_blocked, id=36748, stack(0x0000007934a00000,0x0000007934b00000) (1024K)]
  0x00000232fe886d20 JavaThread "Attach Listener"            daemon [_thread_blocked, id=21680, stack(0x0000007934b00000,0x0000007934c00000) (1024K)]
  0x00000232fe887780 JavaThread "Service Thread"             daemon [_thread_blocked, id=23372, stack(0x0000007934c00000,0x0000007934d00000) (1024K)]
  0x00000232fe8881e0 JavaThread "Monitor Deflation Thread"   daemon [_thread_blocked, id=18688, stack(0x0000007934d00000,0x0000007934e00000) (1024K)]
  0x00000232fe88e5a0 JavaThread "C2 CompilerThread0"         daemon [_thread_in_native, id=11488, stack(0x0000007934e00000,0x0000007934f00000) (1024K)]
  0x00000232fe8a7a90 JavaThread "C1 CompilerThread0"         daemon [_thread_blocked, id=23744, stack(0x0000007934f00000,0x0000007935000000) (1024K)]
  0x00000232d0471900 JavaThread "Common-Cleaner"             daemon [_thread_blocked, id=28940, stack(0x0000007935000000,0x0000007935100000) (1024K)]
  0x00000232d0553fe0 JavaThread "Notification Thread"        daemon [_thread_blocked, id=12236, stack(0x0000007935100000,0x0000007935200000) (1024K)]
  0x00000232d0cf5a10 JavaThread "Active Thread: Equinox Container: 6df4a925-a988-4306-88ea-0e5f57c8ccaf"        [_thread_blocked, id=38224, stack(0x0000007935200000,0x0000007935300000) (1024K)]
  0x00000232d02409c0 JavaThread "Refresh Thread: Equinox Container: 6df4a925-a988-4306-88ea-0e5f57c8ccaf" daemon [_thread_blocked, id=33068, stack(0x0000007935a00000,0x0000007935b00000) (1024K)]
  0x00000232d50619a0 JavaThread "Framework Event Dispatcher: Equinox Container: 6df4a925-a988-4306-88ea-0e5f57c8ccaf" daemon [_thread_blocked, id=34320, stack(0x0000007935b00000,0x0000007935c00000) (1024K)]
  0x00000232d0760df0 JavaThread "Start Level: Equinox Container: 6df4a925-a988-4306-88ea-0e5f57c8ccaf" daemon [_thread_in_vm, id=9028, stack(0x0000007935c00000,0x0000007935d00000) (1024K)]
  0x00000232d519f6d0 JavaThread "Bundle File Closer"         daemon [_thread_blocked, id=11220, stack(0x0000007935e00000,0x0000007935f00000) (1024K)]
  0x00000232d0d419f0 JavaThread "SCR Component Actor"        daemon [_thread_blocked, id=23644, stack(0x0000007935d00000,0x0000007935e00000) (1024K)]
  0x00000232d563b420 JavaThread "Worker-JM"                         [_thread_blocked, id=36080, stack(0x0000007936100000,0x0000007936200000) (1024K)]
  0x00000232d57c9db0 JavaThread "JNA Cleaner"                daemon [_thread_blocked, id=12080, stack(0x0000007935f00000,0x0000007936000000) (1024K)]
  0x00000232d57ca440 JavaThread "Worker-0: Updating Maven Dependencies"        [_thread_in_native, id=21892, stack(0x0000007936000000,0x0000007936100000) (1024K)]
  0x00000232d57c9090 JavaThread "Worker-1: Repository registry initialization"        [_thread_blocked, id=28016, stack(0x0000007936200000,0x0000007936300000) (1024K)]
=>0x00000232d09c2d80 JavaThread "C2 CompilerThread1"         daemon [_thread_in_native, id=32688, stack(0x0000007936300000,0x0000007936400000) (1024K)]
  0x00000232d57c9720 JavaThread "Java indexing"              daemon [_thread_blocked, id=10952, stack(0x0000007936400000,0x0000007936500000) (1024K)]
  0x00000232d6cb8420 JavaThread "C2 CompilerThread2"         daemon [_thread_in_native, id=25140, stack(0x0000007936500000,0x0000007936600000) (1024K)]
  0x00000232d66f5870 JavaThread "Worker-2"                          [_thread_blocked, id=20144, stack(0x0000007936600000,0x0000007936700000) (1024K)]
  0x00000232d66f6c20 JavaThread "Worker-3"                          [_thread_blocked, id=1660, stack(0x0000007936700000,0x0000007936800000) (1024K)]
Total: 26

Other Threads:
  0x00000232f6eb09d0 VMThread "VM Thread"                           [id=39296, stack(0x0000007934700000,0x0000007934800000) (1024K)]
  0x00000232f6e7e910 WatcherThread "VM Periodic Task Thread"        [id=24020, stack(0x0000007934600000,0x0000007934700000) (1024K)]
  0x00000232f6e2e590 WorkerThread "GC Thread#0"                     [id=27996, stack(0x0000007934500000,0x0000007934600000) (1024K)]
  0x00000232d0bbb290 WorkerThread "GC Thread#1"                     [id=13708, stack(0x0000007935300000,0x0000007935400000) (1024K)]
  0x00000232d0bc74e0 WorkerThread "GC Thread#2"                     [id=24860, stack(0x0000007935400000,0x0000007935500000) (1024K)]
  0x00000232d0bc7890 WorkerThread "GC Thread#3"                     [id=9572, stack(0x0000007935500000,0x0000007935600000) (1024K)]
  0x00000232d0c376c0 WorkerThread "GC Thread#4"                     [id=27104, stack(0x0000007935600000,0x0000007935700000) (1024K)]
  0x00000232d06df010 WorkerThread "GC Thread#5"                     [id=20756, stack(0x0000007935700000,0x0000007935800000) (1024K)]
  0x00000232d06df3c0 WorkerThread "GC Thread#6"                     [id=11476, stack(0x0000007935800000,0x0000007935900000) (1024K)]
  0x00000232d0b20e00 WorkerThread "GC Thread#7"                     [id=12616, stack(0x0000007935900000,0x0000007935a00000) (1024K)]
Total: 10

Threads with active compile tasks:
C2 CompilerThread0  29479 4592       4       org.eclipse.osgi.internal.debug.Debug::loaderWithClass (40 bytes)
C2 CompilerThread1  29479 4543       4       org.osgi.framework.Version::toString0 (102 bytes)
C2 CompilerThread2  29479 4576       4       java.io.WinNTFileSystem::normalize (143 bytes)
Total: 3

VM state: not at safepoint (normal execution)

VM Mutex/Monitor currently owned by a thread: None

Heap address: 0x0000000080000000, size: 2048 MB, Compressed Oops mode: 32-bit

CDS archive(s) mapped at: [0x000002328f000000-0x000002328fba0000-0x000002328fba0000), size 12189696, SharedBaseAddress: 0x000002328f000000, ArchiveRelocationMode: 1.
Compressed class space mapped at: 0x0000023290000000-0x00000232d0000000, reserved size: 1073741824
Narrow klass base: 0x000002328f000000, Narrow klass shift: 0, Narrow klass range: 0x100000000

GC Precious Log:
 CardTable entry size: 512
 CPUs: 8 total, 8 available
 Memory: 16107M
 Large Page Support: Disabled
 NUMA Support: Disabled
 Compressed Oops: Enabled (32-bit)
 Alignments: Space 512K, Generation 512K, Heap 2M
 Heap Min Capacity: 100M
 Heap Initial Capacity: 100M
 Heap Max Capacity: 2G
 Pre-touch: Disabled
 Parallel Workers: 8

Heap:
 PSYoungGen      total 23552K, used 19677K [0x00000000d5580000, 0x00000000d7100000, 0x0000000100000000)
  eden space 22528K, 83% used [0x00000000d5580000,0x00000000d67cbcb0,0x00000000d6b80000)
  from space 1024K, 92% used [0x00000000d6f00000,0x00000000d6feb890,0x00000000d7000000)
  to   space 1024K, 0% used [0x00000000d7000000,0x00000000d7000000,0x00000000d7100000)
 ParOldGen       total 68608K, used 15804K [0x0000000080000000, 0x0000000084300000, 0x00000000d5580000)
  object space 68608K, 23% used [0x0000000080000000,0x0000000080f6f168,0x0000000084300000)
 Metaspace       used 30613K, committed 31552K, reserved 1114112K
  class space    used 3027K, committed 3456K, reserved 1048576K

Card table byte_map: [0x00000232f67d0000,0x00000232f6be0000] _byte_map_base: 0x00000232f63d0000

Marking Bits: (ParMarkBitMap*) 0x00007ffa315044a0
 Begin Bits: [0x00000232fa2c0000, 0x00000232fc2c0000)
 End Bits:   [0x00000232fc2c0000, 0x00000232fe2c0000)

Polling page: 0x00000232f5010000

Metaspace:

Usage:
  Non-class:     26.94 MB used.
      Class:      2.96 MB used.
       Both:     29.90 MB used.

Virtual space:
  Non-class space:       64.00 MB reserved,      27.44 MB ( 43%) committed,  1 nodes.
      Class space:        1.00 GB reserved,       3.38 MB ( <1%) committed,  1 nodes.
             Both:        1.06 GB reserved,      30.81 MB (  3%) committed. 

Chunk freelists:
   Non-Class:  3.81 MB
       Class:  12.67 MB
        Both:  16.48 MB

MaxMetaspaceSize: unlimited
CompressedClassSpaceSize: 1.00 GB
Initial GC threshold: 21.00 MB
Current GC threshold: 35.00 MB
CDS: on
 - commit_granule_bytes: 65536.
 - commit_granule_words: 8192.
 - virtual_space_node_default_size: 8388608.
 - enlarge_chunks_in_place: 1.
 - use_allocation_guard: 0.


Internal statistics:

num_allocs_failed_limit: 3.
num_arena_births: 724.
num_arena_deaths: 14.
num_vsnodes_births: 2.
num_vsnodes_deaths: 0.
num_space_committed: 493.
num_space_uncommitted: 0.
num_chunks_returned_to_freelist: 17.
num_chunks_taken_from_freelist: 1955.
num_chunk_merges: 9.
num_chunk_splits: 1259.
num_chunks_enlarged: 790.
num_inconsistent_stats: 0.

CodeHeap 'non-profiled nmethods': size=120000Kb used=2194Kb max_used=2194Kb free=117805Kb
 bounds [0x0000023287ad0000, 0x0000023287d40000, 0x000002328f000000]
CodeHeap 'profiled nmethods': size=120000Kb used=9609Kb max_used=9609Kb free=110390Kb
 bounds [0x0000023280000000, 0x0000023280970000, 0x0000023287530000]
CodeHeap 'non-nmethods': size=5760Kb used=1355Kb max_used=1404Kb free=4404Kb
 bounds [0x0000023287530000, 0x00000232877a0000, 0x0000023287ad0000]
CodeCache: size=245760Kb, used=13158Kb, max_used=13207Kb, free=232599Kb
 total_blobs=5230, nmethods=4591, adapters=545, full_count=0
Compilation: enabled, stopped_count=0, restarted_count=0

Compilation events (20 events):
Event: 26.382 Thread 0x00000232fe8a7a90 nmethod 4533 0x0000023280944e90 code [0x0000023280945060, 0x00000232809453c0]
Event: 26.382 Thread 0x00000232fe8a7a90 4539       3       com.sun.org.apache.xerces.internal.dom.DeferredDocumentImpl::getPrevSibling (7 bytes)
Event: 26.382 Thread 0x00000232fe8a7a90 nmethod 4539 0x0000023280945590 code [0x0000023280945740, 0x0000023280945888]
Event: 26.382 Thread 0x00000232fe8a7a90 4541       3       com.sun.org.apache.xerces.internal.dom.NodeImpl::needsSyncChildren (26 bytes)
Event: 26.382 Thread 0x00000232fe8a7a90 nmethod 4541 0x0000023280945910 code [0x0000023280945aa0, 0x0000023280945c08]
Event: 26.383 Thread 0x00000232d09c2d80 nmethod 4537% 0x0000023287cea890 code [0x0000023287ceaa20, 0x0000023287ceac10]
Event: 26.383 Thread 0x00000232d09c2d80 4538       4       java.lang.String::compareTo (63 bytes)
Event: 26.384 Thread 0x00000232d09c2d80 nmethod 4538 0x0000023287cead10 code [0x0000023287ceaea0, 0x0000023287ceb0f0]
Event: 26.384 Thread 0x00000232d09c2d80 4543       4       org.osgi.framework.Version::toString0 (102 bytes)
Event: 26.387 Thread 0x00000232fe88e5a0 nmethod 4530 0x0000023287ceb210 code [0x0000023287ceb400, 0x0000023287ceb9b8]
Event: 26.387 Thread 0x00000232fe88e5a0 4544       4       org.eclipse.osgi.internal.framework.EquinoxBundle::getVersion (11 bytes)
Event: 26.387 Thread 0x00000232fe8a7a90 4545   !   3       org.eclipse.osgi.container.ModuleDatabase::getWiring (31 bytes)
Event: 26.388 Thread 0x00000232fe8a7a90 nmethod 4545 0x0000023280945c90 code [0x0000023280945f00, 0x0000023280946870]
Event: 26.388 Thread 0x00000232fe8a7a90 4547       3       java.util.concurrent.locks.ReentrantReadWriteLock$Sync::tryReleaseShared (146 bytes)
Event: 26.388 Thread 0x00000232fe8a7a90 nmethod 4547 0x0000023280946d10 code [0x0000023280946f60, 0x0000023280947a28]
Event: 26.388 Thread 0x00000232fe8a7a90 4546       3       java.util.concurrent.locks.AbstractQueuedSynchronizer::acquireShared (20 bytes)
Event: 26.388 Thread 0x00000232fe8a7a90 nmethod 4546 0x0000023280947e10 code [0x0000023280947fe0, 0x0000023280948250]
Event: 26.389 Thread 0x00000232fe8a7a90 4548       3       java.util.concurrent.locks.ReentrantReadWriteLock$Sync::tryAcquireShared (177 bytes)
Event: 26.389 Thread 0x00000232fe8a7a90 nmethod 4548 0x0000023280948310 code [0x00000232809485a0, 0x00000232809492c0]
Event: 27.098 Thread 0x00000232fe8a7a90 4550       3       java.util.concurrent.locks.AbstractQueuedSynchronizer$Node::setPrevRelaxed (12 bytes)

GC Heap History (20 events):
Event: 13.010 GC heap before
{Heap before GC invocations=3 (full 0):
 PSYoungGen      total 29696K, used 29679K [0x00000000d5580000, 0x00000000d7680000, 0x0000000100000000)
  eden space 25600K, 100% used [0x00000000d5580000,0x00000000d6e80000,0x00000000d6e80000)
  from space 4096K, 99% used [0x00000000d7280000,0x00000000d767be30,0x00000000d7680000)
  to   space 4096K, 0% used [0x00000000d6e80000,0x00000000d6e80000,0x00000000d7280000)
 ParOldGen       total 68608K, used 2182K [0x0000000080000000, 0x0000000084300000, 0x00000000d5580000)
  object space 68608K, 3% used [0x0000000080000000,0x0000000080221b28,0x0000000084300000)
 Metaspace       used 9647K, committed 10048K, reserved 1114112K
  class space    used 1027K, committed 1216K, reserved 1048576K
}
Event: 13.014 GC heap after
{Heap after GC invocations=3 (full 0):
 PSYoungGen      total 29696K, used 4087K [0x00000000d5580000, 0x00000000d7680000, 0x0000000100000000)
  eden space 25600K, 0% used [0x00000000d5580000,0x00000000d5580000,0x00000000d6e80000)
  from space 4096K, 99% used [0x00000000d6e80000,0x00000000d727dd48,0x00000000d7280000)
  to   space 4096K, 0% used [0x00000000d7280000,0x00000000d7280000,0x00000000d7680000)
 ParOldGen       total 68608K, used 4842K [0x0000000080000000, 0x0000000084300000, 0x00000000d5580000)
  object space 68608K, 7% used [0x0000000080000000,0x00000000804baba0,0x0000000084300000)
 Metaspace       used 9647K, committed 10048K, reserved 1114112K
  class space    used 1027K, committed 1216K, reserved 1048576K
}
Event: 15.493 GC heap before
{Heap before GC invocations=4 (full 0):
 PSYoungGen      total 29696K, used 29687K [0x00000000d5580000, 0x00000000d7680000, 0x0000000100000000)
  eden space 25600K, 100% used [0x00000000d5580000,0x00000000d6e80000,0x00000000d6e80000)
  from space 4096K, 99% used [0x00000000d6e80000,0x00000000d727dd48,0x00000000d7280000)
  to   space 4096K, 0% used [0x00000000d7280000,0x00000000d7280000,0x00000000d7680000)
 ParOldGen       total 68608K, used 4842K [0x0000000080000000, 0x0000000084300000, 0x00000000d5580000)
  object space 68608K, 7% used [0x0000000080000000,0x00000000804baba0,0x0000000084300000)
 Metaspace       used 11652K, committed 12096K, reserved 1114112K
  class space    used 1230K, committed 1408K, reserved 1048576K
}
Event: 15.499 GC heap after
{Heap after GC invocations=4 (full 0):
 PSYoungGen      total 29696K, used 4083K [0x00000000d5580000, 0x00000000d7680000, 0x0000000100000000)
  eden space 25600K, 0% used [0x00000000d5580000,0x00000000d5580000,0x00000000d6e80000)
  from space 4096K, 99% used [0x00000000d7280000,0x00000000d767cf90,0x00000000d7680000)
  to   space 4096K, 0% used [0x00000000d6e80000,0x00000000d6e80000,0x00000000d7280000)
 ParOldGen       total 68608K, used 7089K [0x0000000080000000, 0x0000000084300000, 0x00000000d5580000)
  object space 68608K, 10% used [0x0000000080000000,0x00000000806ec490,0x0000000084300000)
 Metaspace       used 11652K, committed 12096K, reserved 1114112K
  class space    used 1230K, committed 1408K, reserved 1048576K
}
Event: 16.226 GC heap before
{Heap before GC invocations=5 (full 0):
 PSYoungGen      total 29696K, used 29683K [0x00000000d5580000, 0x00000000d7680000, 0x0000000100000000)
  eden space 25600K, 100% used [0x00000000d5580000,0x00000000d6e80000,0x00000000d6e80000)
  from space 4096K, 99% used [0x00000000d7280000,0x00000000d767cf90,0x00000000d7680000)
  to   space 4096K, 0% used [0x00000000d6e80000,0x00000000d6e80000,0x00000000d7280000)
 ParOldGen       total 68608K, used 7089K [0x0000000080000000, 0x0000000084300000, 0x00000000d5580000)
  object space 68608K, 10% used [0x0000000080000000,0x00000000806ec490,0x0000000084300000)
 Metaspace       used 14825K, committed 15360K, reserved 1114112K
  class space    used 1518K, committed 1728K, reserved 1048576K
}
Event: 16.229 GC heap after
{Heap after GC invocations=5 (full 0):
 PSYoungGen      total 29184K, used 4079K [0x00000000d5580000, 0x00000000d7900000, 0x0000000100000000)
  eden space 25088K, 0% used [0x00000000d5580000,0x00000000d5580000,0x00000000d6e00000)
  from space 4096K, 99% used [0x00000000d6e80000,0x00000000d727bf10,0x00000000d7280000)
  to   space 5632K, 0% used [0x00000000d7380000,0x00000000d7380000,0x00000000d7900000)
 ParOldGen       total 68608K, used 7609K [0x0000000080000000, 0x0000000084300000, 0x00000000d5580000)
  object space 68608K, 11% used [0x0000000080000000,0x000000008076e4a0,0x0000000084300000)
 Metaspace       used 14825K, committed 15360K, reserved 1114112K
  class space    used 1518K, committed 1728K, reserved 1048576K
}
Event: 24.660 GC heap before
{Heap before GC invocations=6 (full 0):
 PSYoungGen      total 29184K, used 29167K [0x00000000d5580000, 0x00000000d7900000, 0x0000000100000000)
  eden space 25088K, 100% used [0x00000000d5580000,0x00000000d6e00000,0x00000000d6e00000)
  from space 4096K, 99% used [0x00000000d6e80000,0x00000000d727bf10,0x00000000d7280000)
  to   space 5632K, 0% used [0x00000000d7380000,0x00000000d7380000,0x00000000d7900000)
 ParOldGen       total 68608K, used 7609K [0x0000000080000000, 0x0000000084300000, 0x00000000d5580000)
  object space 68608K, 11% used [0x0000000080000000,0x000000008076e4a0,0x0000000084300000)
 Metaspace       used 18485K, committed 19200K, reserved 1114112K
  class space    used 1925K, committed 2176K, reserved 1048576K
}
Event: 24.664 GC heap after
{Heap after GC invocations=6 (full 0):
 PSYoungGen      total 30208K, used 5464K [0x00000000d5580000, 0x00000000d7900000, 0x0000000100000000)
  eden space 24576K, 0% used [0x00000000d5580000,0x00000000d5580000,0x00000000d6d80000)
  from space 5632K, 97% used [0x00000000d7380000,0x00000000d78d6298,0x00000000d7900000)
  to   space 5632K, 0% used [0x00000000d6e00000,0x00000000d6e00000,0x00000000d7380000)
 ParOldGen       total 68608K, used 7617K [0x0000000080000000, 0x0000000084300000, 0x00000000d5580000)
  object space 68608K, 11% used [0x0000000080000000,0x00000000807704a0,0x0000000084300000)
 Metaspace       used 18485K, committed 19200K, reserved 1114112K
  class space    used 1925K, committed 2176K, reserved 1048576K
}
Event: 24.933 GC heap before
{Heap before GC invocations=7 (full 0):
 PSYoungGen      total 30208K, used 30040K [0x00000000d5580000, 0x00000000d7900000, 0x0000000100000000)
  eden space 24576K, 100% used [0x00000000d5580000,0x00000000d6d80000,0x00000000d6d80000)
  from space 5632K, 97% used [0x00000000d7380000,0x00000000d78d6298,0x00000000d7900000)
  to   space 5632K, 0% used [0x00000000d6e00000,0x00000000d6e00000,0x00000000d7380000)
 ParOldGen       total 68608K, used 7617K [0x0000000080000000, 0x0000000084300000, 0x00000000d5580000)
  object space 68608K, 11% used [0x0000000080000000,0x00000000807704a0,0x0000000084300000)
 Metaspace       used 20517K, committed 21376K, reserved 1114112K
  class space    used 2165K, committed 2496K, reserved 1048576K
}
Event: 24.936 GC heap after
{Heap after GC invocations=7 (full 0):
 PSYoungGen      total 28672K, used 4554K [0x00000000d5580000, 0x00000000d7700000, 0x0000000100000000)
  eden space 24064K, 0% used [0x00000000d5580000,0x00000000d5580000,0x00000000d6d00000)
  from space 4608K, 98% used [0x00000000d6e00000,0x00000000d72728f8,0x00000000d7280000)
  to   space 4608K, 0% used [0x00000000d7280000,0x00000000d7280000,0x00000000d7700000)
 ParOldGen       total 68608K, used 9328K [0x0000000080000000, 0x0000000084300000, 0x00000000d5580000)
  object space 68608K, 13% used [0x0000000080000000,0x000000008091c178,0x0000000084300000)
 Metaspace       used 20517K, committed 21376K, reserved 1114112K
  class space    used 2165K, committed 2496K, reserved 1048576K
}
Event: 25.255 GC heap before
{Heap before GC invocations=8 (full 0):
 PSYoungGen      total 28672K, used 5623K [0x00000000d5580000, 0x00000000d7700000, 0x0000000100000000)
  eden space 24064K, 4% used [0x00000000d5580000,0x00000000d568b3c8,0x00000000d6d00000)
  from space 4608K, 98% used [0x00000000d6e00000,0x00000000d72728f8,0x00000000d7280000)
  to   space 4608K, 0% used [0x00000000d7280000,0x00000000d7280000,0x00000000d7700000)
 ParOldGen       total 68608K, used 9328K [0x0000000080000000, 0x0000000084300000, 0x00000000d5580000)
  object space 68608K, 13% used [0x0000000080000000,0x000000008091c178,0x0000000084300000)
 Metaspace       used 20725K, committed 21504K, reserved 1114112K
  class space    used 2185K, committed 2496K, reserved 1048576K
}
Event: 25.257 GC heap after
{Heap after GC invocations=8 (full 0):
 PSYoungGen      total 28672K, used 4330K [0x00000000d5580000, 0x00000000d7700000, 0x0000000100000000)
  eden space 24064K, 0% used [0x00000000d5580000,0x00000000d5580000,0x00000000d6d00000)
  from space 4608K, 93% used [0x00000000d7280000,0x00000000d76baa48,0x00000000d7700000)
  to   space 4608K, 0% used [0x00000000d6e00000,0x00000000d6e00000,0x00000000d7280000)
 ParOldGen       total 68608K, used 9611K [0x0000000080000000, 0x0000000084300000, 0x00000000d5580000)
  object space 68608K, 14% used [0x0000000080000000,0x0000000080962de0,0x0000000084300000)
 Metaspace       used 20725K, committed 21504K, reserved 1114112K
  class space    used 2185K, committed 2496K, reserved 1048576K
}
Event: 25.257 GC heap before
{Heap before GC invocations=9 (full 1):
 PSYoungGen      total 28672K, used 4330K [0x00000000d5580000, 0x00000000d7700000, 0x0000000100000000)
  eden space 24064K, 0% used [0x00000000d5580000,0x00000000d5580000,0x00000000d6d00000)
  from space 4608K, 93% used [0x00000000d7280000,0x00000000d76baa48,0x00000000d7700000)
  to   space 4608K, 0% used [0x00000000d6e00000,0x00000000d6e00000,0x00000000d7280000)
 ParOldGen       total 68608K, used 9611K [0x0000000080000000, 0x0000000084300000, 0x00000000d5580000)
  object space 68608K, 14% used [0x0000000080000000,0x0000000080962de0,0x0000000084300000)
 Metaspace       used 20725K, committed 21504K, reserved 1114112K
  class space    used 2185K, committed 2496K, reserved 1048576K
}
Event: 25.291 GC heap after
{Heap after GC invocations=9 (full 1):
 PSYoungGen      total 28672K, used 0K [0x00000000d5580000, 0x00000000d7700000, 0x0000000100000000)
  eden space 24064K, 0% used [0x00000000d5580000,0x00000000d5580000,0x00000000d6d00000)
  from space 4608K, 0% used [0x00000000d7280000,0x00000000d7280000,0x00000000d7700000)
  to   space 4608K, 0% used [0x00000000d6e00000,0x00000000d6e00000,0x00000000d7280000)
 ParOldGen       total 68608K, used 13154K [0x0000000080000000, 0x0000000084300000, 0x00000000d5580000)
  object space 68608K, 19% used [0x0000000080000000,0x0000000080cd8868,0x0000000084300000)
 Metaspace       used 20712K, committed 21504K, reserved 1114112K
  class space    used 2181K, committed 2496K, reserved 1048576K
}
Event: 25.604 GC heap before
{Heap before GC invocations=10 (full 1):
 PSYoungGen      total 28672K, used 24049K [0x00000000d5580000, 0x00000000d7700000, 0x0000000100000000)
  eden space 24064K, 99% used [0x00000000d5580000,0x00000000d6cfc700,0x00000000d6d00000)
  from space 4608K, 0% used [0x00000000d7280000,0x00000000d7280000,0x00000000d7700000)
  to   space 4608K, 0% used [0x00000000d6e00000,0x00000000d6e00000,0x00000000d7280000)
 ParOldGen       total 68608K, used 13154K [0x0000000080000000, 0x0000000084300000, 0x00000000d5580000)
  object space 68608K, 19% used [0x0000000080000000,0x0000000080cd8868,0x0000000084300000)
 Metaspace       used 22799K, committed 23616K, reserved 1114112K
  class space    used 2358K, committed 2688K, reserved 1048576K
}
Event: 25.606 GC heap after
{Heap after GC invocations=10 (full 1):
 PSYoungGen      total 25088K, used 1198K [0x00000000d5580000, 0x00000000d7300000, 0x0000000100000000)
  eden space 23552K, 0% used [0x00000000d5580000,0x00000000d5580000,0x00000000d6c80000)
  from space 1536K, 78% used [0x00000000d6e00000,0x00000000d6f2b988,0x00000000d6f80000)
  to   space 2560K, 0% used [0x00000000d7080000,0x00000000d7080000,0x00000000d7300000)
 ParOldGen       total 68608K, used 13162K [0x0000000080000000, 0x0000000084300000, 0x00000000d5580000)
  object space 68608K, 19% used [0x0000000080000000,0x0000000080cda868,0x0000000084300000)
 Metaspace       used 22799K, committed 23616K, reserved 1114112K
  class space    used 2358K, committed 2688K, reserved 1048576K
}
Event: 25.855 GC heap before
{Heap before GC invocations=11 (full 1):
 PSYoungGen      total 25088K, used 24750K [0x00000000d5580000, 0x00000000d7300000, 0x0000000100000000)
  eden space 23552K, 100% used [0x00000000d5580000,0x00000000d6c80000,0x00000000d6c80000)
  from space 1536K, 78% used [0x00000000d6e00000,0x00000000d6f2b988,0x00000000d6f80000)
  to   space 2560K, 0% used [0x00000000d7080000,0x00000000d7080000,0x00000000d7300000)
 ParOldGen       total 68608K, used 13162K [0x0000000080000000, 0x0000000084300000, 0x00000000d5580000)
  object space 68608K, 19% used [0x0000000080000000,0x0000000080cda868,0x0000000084300000)
 Metaspace       used 26411K, committed 27200K, reserved 1114112K
  class space    used 2620K, committed 2944K, reserved 1048576K
}
Event: 25.856 GC heap after
{Heap after GC invocations=11 (full 1):
 PSYoungGen      total 24576K, used 1213K [0x00000000d5580000, 0x00000000d7200000, 0x0000000100000000)
  eden space 23040K, 0% used [0x00000000d5580000,0x00000000d5580000,0x00000000d6c00000)
  from space 1536K, 79% used [0x00000000d7080000,0x00000000d71af7f0,0x00000000d7200000)
  to   space 1536K, 0% used [0x00000000d6f00000,0x00000000d6f00000,0x00000000d7080000)
 ParOldGen       total 68608K, used 13162K [0x0000000080000000, 0x0000000084300000, 0x00000000d5580000)
  object space 68608K, 19% used [0x0000000080000000,0x0000000080cda868,0x0000000084300000)
 Metaspace       used 26411K, committed 27200K, reserved 1114112K
  class space    used 2620K, committed 2944K, reserved 1048576K
}
Event: 26.164 GC heap before
{Heap before GC invocations=12 (full 1):
 PSYoungGen      total 24576K, used 24253K [0x00000000d5580000, 0x00000000d7200000, 0x0000000100000000)
  eden space 23040K, 100% used [0x00000000d5580000,0x00000000d6c00000,0x00000000d6c00000)
  from space 1536K, 79% used [0x00000000d7080000,0x00000000d71af7f0,0x00000000d7200000)
  to   space 1536K, 0% used [0x00000000d6f00000,0x00000000d6f00000,0x00000000d7080000)
 ParOldGen       total 68608K, used 13162K [0x0000000080000000, 0x0000000084300000, 0x00000000d5580000)
  object space 68608K, 19% used [0x0000000080000000,0x0000000080cda868,0x0000000084300000)
 Metaspace       used 27926K, committed 28736K, reserved 1114112K
  class space    used 2728K, committed 3072K, reserved 1048576K
}
Event: 26.167 GC heap after
{Heap after GC invocations=12 (full 1):
 PSYoungGen      total 23552K, used 942K [0x00000000d5580000, 0x00000000d7100000, 0x0000000100000000)
  eden space 22528K, 0% used [0x00000000d5580000,0x00000000d5580000,0x00000000d6b80000)
  from space 1024K, 92% used [0x00000000d6f00000,0x00000000d6feb890,0x00000000d7000000)
  to   space 1024K, 0% used [0x00000000d7000000,0x00000000d7000000,0x00000000d7100000)
 ParOldGen       total 68608K, used 15804K [0x0000000080000000, 0x0000000084300000, 0x00000000d5580000)
  object space 68608K, 23% used [0x0000000080000000,0x0000000080f6f168,0x0000000084300000)
 Metaspace       used 27926K, committed 28736K, reserved 1114112K
  class space    used 2728K, committed 3072K, reserved 1048576K
}

Dll operation events (20 events):
Event: 0.090 Attempting to load shared library c:\Users\user\.vscode\extensions\redhat.java-1.56.0-win32-x64\jre\21.0.12.1-win32-x86_64\bin\java.dll
Event: 0.090 Loaded shared library c:\Users\user\.vscode\extensions\redhat.java-1.56.0-win32-x64\jre\21.0.12.1-win32-x86_64\bin\java.dll
Event: 0.161 Attempting to load shared library c:\Users\user\.vscode\extensions\redhat.java-1.56.0-win32-x64\jre\21.0.12.1-win32-x86_64\bin\zip.dll
Event: 0.163 Loaded shared library c:\Users\user\.vscode\extensions\redhat.java-1.56.0-win32-x64\jre\21.0.12.1-win32-x86_64\bin\zip.dll
Event: 0.325 Attempting to load shared library C:\Users\user\.vscode\extensions\redhat.java-1.56.0-win32-x64\jre\21.0.12.1-win32-x86_64\bin\instrument.dll
Event: 0.325 Loaded shared library C:\Users\user\.vscode\extensions\redhat.java-1.56.0-win32-x64\jre\21.0.12.1-win32-x86_64\bin\instrument.dll
Event: 0.331 Attempting to load shared library C:\Users\user\.vscode\extensions\redhat.java-1.56.0-win32-x64\jre\21.0.12.1-win32-x86_64\bin\net.dll
Event: 0.335 Loaded shared library C:\Users\user\.vscode\extensions\redhat.java-1.56.0-win32-x64\jre\21.0.12.1-win32-x86_64\bin\net.dll
Event: 0.340 Attempting to load shared library C:\Users\user\.vscode\extensions\redhat.java-1.56.0-win32-x64\jre\21.0.12.1-win32-x86_64\bin\nio.dll
Event: 0.352 Loaded shared library C:\Users\user\.vscode\extensions\redhat.java-1.56.0-win32-x64\jre\21.0.12.1-win32-x86_64\bin\nio.dll
Event: 0.358 Attempting to load shared library C:\Users\user\.vscode\extensions\redhat.java-1.56.0-win32-x64\jre\21.0.12.1-win32-x86_64\bin\zip.dll
Event: 0.358 Loaded shared library C:\Users\user\.vscode\extensions\redhat.java-1.56.0-win32-x64\jre\21.0.12.1-win32-x86_64\bin\zip.dll
Event: 1.438 Attempting to load shared library C:\Users\user\.vscode\extensions\redhat.java-1.56.0-win32-x64\jre\21.0.12.1-win32-x86_64\bin\jimage.dll
Event: 1.438 Loaded shared library C:\Users\user\.vscode\extensions\redhat.java-1.56.0-win32-x64\jre\21.0.12.1-win32-x86_64\bin\jimage.dll
Event: 3.705 Attempting to load shared library c:\Users\user\.vscode\extensions\redhat.java-1.56.0-win32-x64\jre\21.0.12.1-win32-x86_64\bin\verify.dll
Event: 3.708 Loaded shared library c:\Users\user\.vscode\extensions\redhat.java-1.56.0-win32-x64\jre\21.0.12.1-win32-x86_64\bin\verify.dll
Event: 11.630 Attempting to load shared library C:\Users\user\AppData\Roaming\Code\User\globalStorage\redhat.java\1.56.0\config_win\org.eclipse.equinox.launcher\org.eclipse.equinox.launcher.win32.win32.x86_64_1.3.100.v20260804-1928\eclipse_11924.dll
Event: 11.635 Loaded shared library C:\Users\user\AppData\Roaming\Code\User\globalStorage\redhat.java\1.56.0\config_win\org.eclipse.equinox.launcher\org.eclipse.equinox.launcher.win32.win32.x86_64_1.3.100.v20260804-1928\eclipse_11924.dll
Event: 16.787 Attempting to load shared library C:\Users\user\AppData\Local\Temp\jna-3599307\jna17523490656030135002.dll
Event: 21.893 Loaded shared library C:\Users\user\AppData\Local\Temp\jna-3599307\jna17523490656030135002.dll

Deoptimization events (20 events):
Event: 26.388 Thread 0x00000232d57ca440 Uncommon trap: trap_request=0xffffffde fr.pc=0x0000023287ca0438 relative=0x00000000000000f8
Event: 26.388 Thread 0x00000232d57ca440 Uncommon trap: reason=class_check action=maybe_recompile pc=0x0000023287ca0438 method=java.lang.Character.codePointAt(Ljava/lang/CharSequence;I)I @ 2 c2
Event: 26.388 Thread 0x00000232d57ca440 DEOPT PACKING pc=0x0000023287ca0438 sp=0x00000079360fe3a0
Event: 26.388 Thread 0x00000232d57ca440 DEOPT UNPACKING pc=0x0000023287586da2 sp=0x00000079360fe328 mode 2
Event: 26.388 Thread 0x00000232d57ca440 Uncommon trap: trap_request=0xffffffde fr.pc=0x0000023287ca0438 relative=0x00000000000000f8
Event: 26.388 Thread 0x00000232d57ca440 Uncommon trap: reason=class_check action=maybe_recompile pc=0x0000023287ca0438 method=java.lang.Character.codePointAt(Ljava/lang/CharSequence;I)I @ 2 c2
Event: 26.388 Thread 0x00000232d57ca440 DEOPT PACKING pc=0x0000023287ca0438 sp=0x00000079360fe3a0
Event: 26.388 Thread 0x00000232d57ca440 DEOPT UNPACKING pc=0x0000023287586da2 sp=0x00000079360fe328 mode 2
Event: 26.388 Thread 0x00000232d57ca440 Uncommon trap: trap_request=0xffffffde fr.pc=0x0000023287ca0438 relative=0x00000000000000f8
Event: 26.388 Thread 0x00000232d57ca440 Uncommon trap: reason=class_check action=maybe_recompile pc=0x0000023287ca0438 method=java.lang.Character.codePointAt(Ljava/lang/CharSequence;I)I @ 2 c2
Event: 26.388 Thread 0x00000232d57ca440 DEOPT PACKING pc=0x0000023287ca0438 sp=0x00000079360fe3a0
Event: 26.388 Thread 0x00000232d57ca440 DEOPT UNPACKING pc=0x0000023287586da2 sp=0x00000079360fe328 mode 2
Event: 26.388 Thread 0x00000232d57ca440 Uncommon trap: trap_request=0xffffffde fr.pc=0x0000023287c7f610 relative=0x0000000000000390
Event: 26.388 Thread 0x00000232d57ca440 Uncommon trap: reason=class_check action=maybe_recompile pc=0x0000023287c7f610 method=java.util.regex.Pattern$BmpCharPropertyGreedy.match(Ljava/util/regex/Matcher;ILjava/lang/CharSequence;)Z @ 21 c2
Event: 26.388 Thread 0x00000232d57ca440 DEOPT PACKING pc=0x0000023287c7f610 sp=0x00000079360fe2d0
Event: 26.388 Thread 0x00000232d57ca440 DEOPT UNPACKING pc=0x0000023287586da2 sp=0x00000079360fe280 mode 2
Event: 26.388 Thread 0x00000232d57ca440 Uncommon trap: trap_request=0xffffffde fr.pc=0x0000023287c7f610 relative=0x0000000000000390
Event: 26.388 Thread 0x00000232d57ca440 Uncommon trap: reason=class_check action=maybe_recompile pc=0x0000023287c7f610 method=java.util.regex.Pattern$BmpCharPropertyGreedy.match(Ljava/util/regex/Matcher;ILjava/lang/CharSequence;)Z @ 21 c2
Event: 26.388 Thread 0x00000232d57ca440 DEOPT PACKING pc=0x0000023287c7f610 sp=0x00000079360fe1d0
Event: 26.388 Thread 0x00000232d57ca440 DEOPT UNPACKING pc=0x0000023287586da2 sp=0x00000079360fe160 mode 2

Classes loaded (20 events):
Event: 26.373 Loading class com/sun/org/apache/xml/internal/serializer/NamespaceMappings$MappingRecord
Event: 26.373 Loading class com/sun/org/apache/xml/internal/serializer/NamespaceMappings$MappingRecord done
Event: 26.373 Loading class javax/xml/transform/stream/StreamSource
Event: 26.373 Loading class javax/xml/transform/stream/StreamSource done
Event: 26.373 Loading class javax/xml/transform/sax/SAXSource
Event: 26.373 Loading class javax/xml/transform/sax/SAXSource done
Event: 26.373 Loading class javax/xml/transform/stax/StAXSource
Event: 26.374 Loading class javax/xml/transform/stax/StAXSource done
Event: 26.374 Loading class com/sun/org/apache/xalan/internal/xsltc/trax/DOM2TO
Event: 26.374 Loading class com/sun/org/apache/xalan/internal/xsltc/trax/DOM2TO done
Event: 26.376 Loading class com/sun/org/apache/xml/internal/serializer/WriterToUTF8Buffered
Event: 26.376 Loading class com/sun/org/apache/xml/internal/serializer/WriterChain
Event: 26.376 Loading class com/sun/org/apache/xml/internal/serializer/WriterChain done
Event: 26.376 Loading class com/sun/org/apache/xml/internal/serializer/WriterToUTF8Buffered done
Event: 26.376 Loading class com/sun/org/apache/xml/internal/serializer/WriterToASCI
Event: 26.376 Loading class com/sun/org/apache/xml/internal/serializer/WriterToASCI done
Event: 26.381 Loading class java/util/concurrent/locks/ReentrantReadWriteLock$Sync$HoldCounter
Event: 26.381 Loading class java/util/concurrent/locks/ReentrantReadWriteLock$Sync$HoldCounter done
Event: 26.388 Loading class java/io/FileReader
Event: 26.388 Loading class java/io/FileReader done

Classes unloaded (7 events):
Event: 25.262 Thread 0x00000232f6eb09d0 Unloading class 0x00000232901ab400 'java/lang/invoke/LambdaForm$MH+0x00000232901ab400'
Event: 25.262 Thread 0x00000232f6eb09d0 Unloading class 0x00000232901ab000 'java/lang/invoke/LambdaForm$MH+0x00000232901ab000'
Event: 25.262 Thread 0x00000232f6eb09d0 Unloading class 0x00000232901aac00 'java/lang/invoke/LambdaForm$MH+0x00000232901aac00'
Event: 25.262 Thread 0x00000232f6eb09d0 Unloading class 0x00000232901aa800 'java/lang/invoke/LambdaForm$MH+0x00000232901aa800'
Event: 25.262 Thread 0x00000232f6eb09d0 Unloading class 0x00000232901aa400 'java/lang/invoke/LambdaForm$BMH+0x00000232901aa400'
Event: 25.262 Thread 0x00000232f6eb09d0 Unloading class 0x00000232901aa000 'java/lang/invoke/LambdaForm$DMH+0x00000232901aa000'
Event: 25.262 Thread 0x00000232f6eb09d0 Unloading class 0x00000232901a9000 'java/lang/invoke/LambdaForm$DMH+0x00000232901a9000'

Classes redefined (0 events):
No events

Internal exceptions (20 events):
Event: 24.849 Thread 0x00000232d0760df0 Exception <a 'java/lang/NoSuchMethodError'{0x00000000d6568f08}: 'java.lang.Object java.lang.invoke.DirectMethodHandle$Holder.newInvokeSpecial(java.lang.Object, int, java.lang.Object, java.lang.Object)'> (0x00000000d6568f08) 
thrown [s\src\hotspot\share\interpreter\linkResolver.cpp, line 773]
Event: 25.255 Thread 0x00000232d0760df0 Exception <a 'java/lang/NoSuchMethodError'{0x00000000d564dc98}: 'long java.lang.invoke.Invokers$Holder.invokeExact_MT(java.lang.Object, java.lang.Object)'> (0x00000000d564dc98) 
thrown [s\src\hotspot\share\interpreter\linkResolver.cpp, line 773]
Event: 25.430 Thread 0x00000232d0760df0 Exception <a 'java/lang/NoSuchMethodError'{0x00000000d5b8a6e8}: 'double java.lang.invoke.DirectMethodHandle$Holder.invokeStatic(java.lang.Object, java.lang.Object)'> (0x00000000d5b8a6e8) 
thrown [s\src\hotspot\share\interpreter\linkResolver.cpp, line 773]
Event: 25.430 Thread 0x00000232d0760df0 Exception <a 'java/lang/NoSuchMethodError'{0x00000000d5b8dd78}: 'double java.lang.invoke.DirectMethodHandle$Holder.invokeStaticInit(java.lang.Object, java.lang.Object)'> (0x00000000d5b8dd78) 
thrown [s\src\hotspot\share\interpreter\linkResolver.cpp, line 773]
Event: 25.782 Thread 0x00000232d0760df0 Implicit null exception at 0x0000023287ca4cf5 to 0x0000023287ca4e08
Event: 25.903 Thread 0x00000232d0760df0 Exception <a 'java/io/FileNotFoundException'{0x00000000d62af5c8}> (0x00000000d62af5c8) 
thrown [s\src\hotspot\share\prims\jni.cpp, line 520]
Event: 25.904 Thread 0x00000232d0760df0 Exception <a 'java/io/FileNotFoundException'{0x00000000d62b0810}> (0x00000000d62b0810) 
thrown [s\src\hotspot\share\prims\jni.cpp, line 520]
Event: 26.158 Thread 0x00000232d0760df0 Exception <a 'java/lang/ClassNotFoundException'{0x00000000d6b6cac8}: com/sun/org/apache/xerces/internal/impl/msg/spi/DOMMessagesProvider> (0x00000000d6b6cac8) 
thrown [s\src\hotspot\share\classfile\systemDictionary.cpp, line 313]
Event: 26.160 Thread 0x00000232d0760df0 Exception <a 'java/lang/ClassNotFoundException'{0x00000000d6b90100}: com/sun/org/apache/xerces/internal/impl/msg/spi/XMLSerializerMessagesProvider> (0x00000000d6b90100) 
thrown [s\src\hotspot\share\classfile\systemDictionary.cpp, line 313]
Event: 26.162 Thread 0x00000232d0760df0 Exception <a 'java/lang/ClassNotFoundException'{0x00000000d6ba59e0}: com/sun/org/apache/xerces/internal/impl/msg/spi/XMLMessagesProvider> (0x00000000d6ba59e0) 
thrown [s\src\hotspot\share\classfile\systemDictionary.cpp, line 313]
Event: 26.318 Thread 0x00000232d0760df0 Exception <a 'java/lang/ClassNotFoundException'{0x00000000d5dd2d68}: com/sun/org/apache/xml/internal/serializer/spi/XMLEntitiesProvider> (0x00000000d5dd2d68) 
thrown [s\src\hotspot\share\classfile\systemDictionary.cpp, line 313]
Event: 26.365 Thread 0x00000232d57ca440 Exception <a 'java/lang/NoSuchMethodError'{0x00000000d60e4858}: 'java.lang.Object java.lang.invoke.DirectMethodHandle$Holder.invokeStaticInit(java.lang.Object, java.lang.Object, java.lang.Object, java.lang.Object, java.lang.Object, java.lang.Object, java.lang.Object)'> (0x00000000d60e4858) 
thrown [s\src\hotspot\share\interpreter\linkResolver.cpp, line 773]
Event: 26.366 Thread 0x00000232d57ca440 Exception <a 'java/lang/NoSuchMethodError'{0x00000000d60e9030}: 'java.lang.Object java.lang.invoke.Invokers$Holder.invoke_MT(java.lang.Object, java.lang.Object, java.lang.Object, java.lang.Object, java.lang.Object, java.lang.Object, java.lang.Object, java.lang.Object, java.lang.Object)'> (0x00000000d60e9030) 
thrown [s\src\hotspot\share\interpreter\linkResolver.cpp, line 773]
Event: 26.371 Thread 0x00000232d57ca440 Exception <a 'java/lang/NoSuchMethodError'{0x00000000d61290a8}: 'int java.lang.invoke.DirectMethodHandle$Holder.invokeVirtual(java.lang.Object, java.lang.Object, java.lang.Object)'> (0x00000000d61290a8) 
thrown [s\src\hotspot\share\interpreter\linkResolver.cpp, line 773]
Event: 26.371 Thread 0x00000232d57ca440 Exception <a 'java/lang/NoSuchMethodError'{0x00000000d619a6d8}: 'int java.lang.invoke.DirectMethodHandle$Holder.invokeStaticInit(java.lang.Object, int, int)'> (0x00000000d619a6d8) 
thrown [s\src\hotspot\share\interpreter\linkResolver.cpp, line 773]
Event: 26.372 Thread 0x00000232d57ca440 Exception <a 'java/lang/NoSuchMethodError'{0x00000000d61a1c90}: 'int java.lang.invoke.DirectMethodHandle$Holder.invokeStaticInit(java.lang.Object, long, long)'> (0x00000000d61a1c90) 
thrown [s\src\hotspot\share\interpreter\linkResolver.cpp, line 773]
Event: 26.372 Thread 0x00000232d57ca440 Exception <a 'java/lang/NoSuchMethodError'{0x00000000d61a8628}: 'int java.lang.invoke.DirectMethodHandle$Holder.invokeStaticInit(java.lang.Object, float, float)'> (0x00000000d61a8628) 
thrown [s\src\hotspot\share\interpreter\linkResolver.cpp, line 773]
Event: 26.373 Thread 0x00000232d57ca440 Exception <a 'java/lang/NoSuchMethodError'{0x00000000d61af1f8}: 'int java.lang.invoke.DirectMethodHandle$Holder.invokeStaticInit(java.lang.Object, double, double)'> (0x00000000d61af1f8) 
thrown [s\src\hotspot\share\interpreter\linkResolver.cpp, line 773]
Event: 26.373 Thread 0x00000232d57ca440 Exception <a 'java/lang/NoSuchMethodError'{0x00000000d61b3840}: 'int java.lang.invoke.DirectMethodHandle$Holder.invokeStatic(java.lang.Object, long)'> (0x00000000d61b3840) 
thrown [s\src\hotspot\share\interpreter\linkResolver.cpp, line 773]
Event: 26.375 Thread 0x00000232d57ca440 Exception <a 'java/lang/NoSuchMethodError'{0x00000000d61d1e20}: 'int java.lang.invoke.Invokers$Holder.linkToTargetMethod(java.lang.Object, java.lang.Object)'> (0x00000000d61d1e20) 
thrown [s\src\hotspot\share\interpreter\linkResolver.cpp, line 773]

ZGC Phase Switch (0 events):
No events

VM Operations (20 events):
Event: 24.936 Executing safepoint VM operation: ParallelGCFailedAllocation (Allocation Failure) done
Event: 25.255 Executing safepoint VM operation: CollectForMetadataAllocation (Metadata GC Threshold)
Event: 25.291 Executing safepoint VM operation: CollectForMetadataAllocation (Metadata GC Threshold) done
Event: 25.604 Executing safepoint VM operation: ParallelGCFailedAllocation (Allocation Failure)
Event: 25.606 Executing safepoint VM operation: ParallelGCFailedAllocation (Allocation Failure) done
Event: 25.855 Executing safepoint VM operation: ParallelGCFailedAllocation (Allocation Failure)
Event: 25.856 Executing safepoint VM operation: ParallelGCFailedAllocation (Allocation Failure) done
Event: 26.164 Executing safepoint VM operation: ParallelGCFailedAllocation (Allocation Failure)
Event: 26.167 Executing safepoint VM operation: ParallelGCFailedAllocation (Allocation Failure) done
Event: 26.225 Executing non-safepoint VM operation: HandshakeAllThreads (Deoptimize)
Event: 26.225 Executing non-safepoint VM operation: HandshakeAllThreads (Deoptimize) done
Event: 26.316 Executing non-safepoint VM operation: HandshakeAllThreads (Deoptimize)
Event: 26.316 Executing non-safepoint VM operation: HandshakeAllThreads (Deoptimize) done
Event: 26.320 Executing non-safepoint VM operation: HandshakeAllThreads (Deoptimize)
Event: 26.320 Executing non-safepoint VM operation: HandshakeAllThreads (Deoptimize) done
Event: 26.331 Executing non-safepoint VM operation: HandshakeAllThreads (Deoptimize)
Event: 26.331 Executing non-safepoint VM operation: HandshakeAllThreads (Deoptimize) done
Event: 26.379 Executing non-safepoint VM operation: HandshakeAllThreads (Deoptimize)
Event: 26.379 Executing non-safepoint VM operation: HandshakeAllThreads (Deoptimize) done
Event: 27.394 Executing safepoint VM operation: Cleanup

Memory protections (0 events):
No events

Nmethod flushes (0 events):
No events

Events (20 events):
Event: 13.198 Thread 0x00000232d0760df0 Thread added: 0x00000232d519f6d0
Event: 13.218 Thread 0x00000232d05ea780 Thread exited: 0x00000232d05ea780
Event: 15.363 Thread 0x00000232d0760df0 Thread added: 0x00000232d0d419f0
Event: 15.765 Thread 0x00000232fe8a7a90 Thread added: 0x00000232d09c3450
Event: 15.771 Thread 0x00000232fe8a7a90 Thread added: 0x00000232d09c3b20
Event: 16.167 Thread 0x00000232d0760df0 Thread added: 0x00000232d563b420
Event: 16.369 Thread 0x00000232d09c3b20 Thread exited: 0x00000232d09c3b20
Event: 16.518 Thread 0x00000232d09c3450 Thread exited: 0x00000232d09c3450
Event: 16.524 Thread 0x00000232fe8a7a90 Thread added: 0x00000232d09c2d80
Event: 16.707 Thread 0x00000232d09c2d80 Thread exited: 0x00000232d09c2d80
Event: 24.541 Thread 0x00000232d0760df0 Thread added: 0x00000232d57c9db0
Event: 24.570 Thread 0x00000232d0760df0 Thread added: 0x00000232d57ca440
Event: 24.585 Thread 0x00000232d0760df0 Thread added: 0x00000232d57c9090
Event: 24.639 Thread 0x00000232fe8a7a90 Thread added: 0x00000232d09c2d80
Event: 25.246 Thread 0x00000232d09c2d80 Thread exited: 0x00000232d09c2d80
Event: 25.360 Thread 0x00000232fe88e5a0 Thread added: 0x00000232d09c2d80
Event: 25.691 Thread 0x00000232d09c2d80 Thread exited: 0x00000232d09c2d80
Event: 25.904 Thread 0x00000232fe8a7a90 Thread added: 0x00000232d09c2d80
Event: 26.191 Thread 0x00000232d0760df0 Thread added: 0x00000232d57c9720
Event: 26.246 Thread 0x00000232fe8a7a90 Thread added: 0x00000232d6cb8420


Dynamic libraries:
0x00007ff61f170000 - 0x00007ff61f17e000 	c:\Users\user\.vscode\extensions\redhat.java-1.56.0-win32-x64\jre\21.0.12.1-win32-x86_64\bin\java.exe
0x00007ffac7aa0000 - 0x00007ffac7d06000 	C:\WINDOWS\SYSTEM32\ntdll.dll
0x00007ffac6670000 - 0x00007ffac6739000 	C:\WINDOWS\System32\KERNEL32.DLL
0x00007ffac52d0000 - 0x00007ffac56cf000 	C:\WINDOWS\System32\KERNELBASE.dll
0x00007ffac4cb0000 - 0x00007ffac4dfc000 	C:\WINDOWS\System32\ucrtbase.dll
0x00007ffa90750000 - 0x00007ffa9076e000 	c:\Users\user\.vscode\extensions\redhat.java-1.56.0-win32-x64\jre\21.0.12.1-win32-x86_64\bin\VCRUNTIME140.dll
0x00007ffa85660000 - 0x00007ffa85678000 	c:\Users\user\.vscode\extensions\redhat.java-1.56.0-win32-x64\jre\21.0.12.1-win32-x86_64\bin\jli.dll
0x00007ffac59d0000 - 0x00007ffac5b96000 	C:\WINDOWS\System32\USER32.dll
0x00007ffac56e0000 - 0x00007ffac5707000 	C:\WINDOWS\System32\win32u.dll
0x00007ffac7a30000 - 0x00007ffac7a5b000 	C:\WINDOWS\System32\GDI32.dll
0x00007ffac4e10000 - 0x00007ffac4f39000 	C:\WINDOWS\System32\gdi32full.dll
0x00007ffac4f40000 - 0x00007ffac4fe3000 	C:\WINDOWS\System32\msvcp_win.dll
0x00007ffaadc40000 - 0x00007ffaaded1000 	C:\WINDOWS\WinSxS\amd64_microsoft.windows.common-controls_6595b64144ccf1df_6.0.26100.8972_none_3e0da176e32f9d4b\COMCTL32.dll
0x00007ffac7830000 - 0x00007ffac78d9000 	C:\WINDOWS\System32\msvcrt.dll
0x00007ffac5d10000 - 0x00007ffac5d42000 	C:\WINDOWS\System32\IMM32.DLL
0x00007ffabb5c0000 - 0x00007ffabb5cc000 	c:\Users\user\.vscode\extensions\redhat.java-1.56.0-win32-x64\jre\21.0.12.1-win32-x86_64\bin\vcruntime140_1.dll
0x00007ffa855a0000 - 0x00007ffa8562d000 	c:\Users\user\.vscode\extensions\redhat.java-1.56.0-win32-x64\jre\21.0.12.1-win32-x86_64\bin\msvcp140.dll
0x00007ffa30840000 - 0x00007ffa315e2000 	c:\Users\user\.vscode\extensions\redhat.java-1.56.0-win32-x64\jre\21.0.12.1-win32-x86_64\bin\server\jvm.dll
0x00007ffac71c0000 - 0x00007ffac727c000 	C:\WINDOWS\System32\ADVAPI32.dll
0x00007ffac65c0000 - 0x00007ffac666a000 	C:\WINDOWS\System32\sechost.dll
0x00007ffac78e0000 - 0x00007ffac79f8000 	C:\WINDOWS\System32\RPCRT4.dll
0x00007ffac5940000 - 0x00007ffac59c2000 	C:\WINDOWS\System32\WS2_32.dll
0x00007ffac4b10000 - 0x00007ffac4b6e000 	C:\WINDOWS\SYSTEM32\POWRPROF.dll
0x00007ffaad970000 - 0x00007ffaad9a6000 	C:\WINDOWS\SYSTEM32\WINMM.dll
0x00007ffaba9f0000 - 0x00007ffaba9fb000 	C:\WINDOWS\SYSTEM32\VERSION.dll
0x00007ffac4af0000 - 0x00007ffac4b05000 	C:\WINDOWS\SYSTEM32\UMPDC.dll
0x00007ffac39a0000 - 0x00007ffac39bb000 	C:\WINDOWS\SYSTEM32\kernel.appcore.dll
0x00007ffab09f0000 - 0x00007ffab09fa000 	c:\Users\user\.vscode\extensions\redhat.java-1.56.0-win32-x64\jre\21.0.12.1-win32-x86_64\bin\jimage.dll
0x00007ffac2420000 - 0x00007ffac2662000 	C:\WINDOWS\SYSTEM32\DBGHELP.DLL
0x00007ffac5ef0000 - 0x00007ffac6275000 	C:\WINDOWS\System32\combase.dll
0x00007ffac64e0000 - 0x00007ffac65b9000 	C:\WINDOWS\System32\OLEAUT32.dll
0x00007ffaa3250000 - 0x00007ffaa328b000 	C:\WINDOWS\SYSTEM32\dbgcore.DLL
0x00007ffac4ff0000 - 0x00007ffac509c000 	C:\WINDOWS\System32\bcryptPrimitives.dll
0x00007ffa90740000 - 0x00007ffa9074f000 	c:\Users\user\.vscode\extensions\redhat.java-1.56.0-win32-x64\jre\21.0.12.1-win32-x86_64\bin\instrument.dll
0x00007ffa85580000 - 0x00007ffa855a0000 	c:\Users\user\.vscode\extensions\redhat.java-1.56.0-win32-x64\jre\21.0.12.1-win32-x86_64\bin\java.dll
0x00007ffac6a30000 - 0x00007ffac71b8000 	C:\WINDOWS\System32\SHELL32.dll
0x00007ffac2780000 - 0x00007ffac301b000 	C:\WINDOWS\SYSTEM32\windows.storage.dll
0x00007ffac7290000 - 0x00007ffac7389000 	C:\WINDOWS\System32\SHCORE.dll
0x00007ffac68b0000 - 0x00007ffac6916000 	C:\WINDOWS\System32\shlwapi.dll
0x00007ffac4bd0000 - 0x00007ffac4bf9000 	C:\WINDOWS\SYSTEM32\profapi.dll
0x00007ffa85560000 - 0x00007ffa85578000 	c:\Users\user\.vscode\extensions\redhat.java-1.56.0-win32-x64\jre\21.0.12.1-win32-x86_64\bin\zip.dll
0x00007ffaa3d90000 - 0x00007ffaa3da0000 	C:\Users\user\.vscode\extensions\redhat.java-1.56.0-win32-x64\jre\21.0.12.1-win32-x86_64\bin\net.dll
0x00007ffaba1c0000 - 0x00007ffaba2e8000 	C:\WINDOWS\SYSTEM32\WINHTTP.dll
0x00007ffac3f50000 - 0x00007ffac3fbc000 	C:\WINDOWS\system32\mswsock.dll
0x00007ffa85540000 - 0x00007ffa85556000 	C:\Users\user\.vscode\extensions\redhat.java-1.56.0-win32-x64\jre\21.0.12.1-win32-x86_64\bin\nio.dll
0x00007ffaa3d60000 - 0x00007ffaa3d70000 	c:\Users\user\.vscode\extensions\redhat.java-1.56.0-win32-x64\jre\21.0.12.1-win32-x86_64\bin\verify.dll
0x00007ffa83320000 - 0x00007ffa83365000 	C:\Users\user\AppData\Roaming\Code\User\globalStorage\redhat.java\1.56.0\config_win\org.eclipse.equinox.launcher\org.eclipse.equinox.launcher.win32.win32.x86_64_1.3.100.v20260804-1928\eclipse_11924.dll
0x00007ffac5d50000 - 0x00007ffac5ee9000 	C:\WINDOWS\System32\ole32.dll
0x00007ffac4240000 - 0x00007ffac425b000 	C:\WINDOWS\SYSTEM32\CRYPTSP.dll
0x00007ffac3900000 - 0x00007ffac3939000 	C:\WINDOWS\system32\rsaenh.dll
0x00007ffac4000000 - 0x00007ffac4032000 	C:\WINDOWS\SYSTEM32\USERENV.dll
0x00007ffac4ba0000 - 0x00007ffac4bca000 	C:\WINDOWS\SYSTEM32\bcrypt.dll
0x00007ffac4260000 - 0x00007ffac426c000 	C:\WINDOWS\SYSTEM32\CRYPTBASE.dll
0x00007ffac3370000 - 0x00007ffac33a3000 	C:\WINDOWS\SYSTEM32\IPHLPAPI.DLL
0x00007ffac7a20000 - 0x00007ffac7a2a000 	C:\WINDOWS\System32\NSI.dll
0x00007ffa7bc80000 - 0x00007ffa7bcc9000 	C:\Users\user\AppData\Local\Temp\jna-3599307\jna17523490656030135002.dll
0x00007ffac6920000 - 0x00007ffac6928000 	C:\WINDOWS\System32\PSAPI.DLL

JVMTI agents:
c:\Users\user\.vscode\extensions\redhat.java-1.56.0-win32-x64\lombok\lombok-1.18.39-4050.jar path:c:\Users\user\.vscode\extensions\redhat.java-1.56.0-win32-x64\jre\21.0.12.1-win32-x86_64\bin\instrument.dll, loaded, initialized, instrumentlib options:none

dbghelp: loaded successfully - version: 4.0.5 - missing functions: none
symbol engine: initialized successfully - sym options: 0x614 - pdb path: .;c:\Users\user\.vscode\extensions\redhat.java-1.56.0-win32-x64\jre\21.0.12.1-win32-x86_64\bin;C:\WINDOWS\SYSTEM32;C:\WINDOWS\WinSxS\amd64_microsoft.windows.common-controls_6595b64144ccf1df_6.0.26100.8972_none_3e0da176e32f9d4b;c:\Users\user\.vscode\extensions\redhat.java-1.56.0-win32-x64\jre\21.0.12.1-win32-x86_64\bin\server;C:\Users\user\AppData\Roaming\Code\User\globalStorage\redhat.java\1.56.0\config_win\org.eclipse.equinox.launcher\org.eclipse.equinox.launcher.win32.win32.x86_64_1.3.100.v20260804-1928;C:\Users\user\AppData\Local\Temp\jna-3599307

VM Arguments:
jvm_args: --add-modules=ALL-SYSTEM --add-opens=java.base/java.util=ALL-UNNAMED --add-opens=java.base/java.lang=ALL-UNNAMED --add-opens=java.base/sun.nio.fs=ALL-UNNAMED -Declipse.application=org.eclipse.jdt.ls.core.id1 -Dosgi.bundles.defaultStartLevel=4 -Declipse.product=org.eclipse.jdt.ls.core.product -Djava.import.generatesMetadataFilesAtProjectRoot=false -Dm2e.project.cache.size=50 -DDetectVMInstallationsJob.disabled=true -Dfile.encoding=utf8 -XX:+UseParallelGC -XX:GCTimeRatio=4 -XX:AdaptiveSizePolicyWeight=90 -Dsun.zip.disableMemoryMapping=true -Xmx2G -Xms100m -Xlog:disable -javaagent:c:\Users\user\.vscode\extensions\redhat.java-1.56.0-win32-x64\lombok\lombok-1.18.39-4050.jar -XX:+HeapDumpOnOutOfMemoryError -XX:HeapDumpPath=c:\Users\user\AppData\Roaming\Code\User\workspaceStorage\1ce6a6e17a27a5c59e90c4fca4451367\redhat.java -Daether.dependencyCollector.impl=bf 
java_command: c:\Users\user\.vscode\extensions\redhat.java-1.56.0-win32-x64\server\plugins\org.eclipse.equinox.launcher_1.8.0.v20260804-1928.jar -configuration c:\Users\user\AppData\Roaming\Code\User\globalStorage\redhat.java\1.56.0\config_win -data c:\Users\user\AppData\Roaming\Code\User\workspaceStorage\1ce6a6e17a27a5c59e90c4fca4451367\redhat.java\jdt_ws --pipe=\\.\pipe\lsp-fdf3560671d232ac29f80097238330c2-sock
java_class_path (initial): c:\Users\user\.vscode\extensions\redhat.java-1.56.0-win32-x64\server\plugins\org.eclipse.equinox.launcher_1.8.0.v20260804-1928.jar
Launcher Type: SUN_STANDARD

[Global flags]
    uintx AdaptiveSizePolicyWeight                 = 90                                        {product} {command line}
     intx CICompilerCount                          = 4                                         {product} {ergonomic}
    uintx GCTimeRatio                              = 4                                         {product} {command line}
     bool HeapDumpOnOutOfMemoryError               = true                                   {manageable} {command line}
    ccstr HeapDumpPath                             = c:\Users\user\AppData\Roaming\Code\User\workspaceStorage\1ce6a6e17a27a5c59e90c4fca4451367\redhat.java         {manageable} {command line}
   size_t InitialHeapSize                          = 104857600                                 {product} {command line}
   size_t MaxHeapSize                              = 2147483648                                {product} {command line}
   size_t MaxNewSize                               = 715653120                                 {product} {ergonomic}
   size_t MinHeapDeltaBytes                        = 524288                                    {product} {ergonomic}
   size_t MinHeapSize                              = 104857600                                 {product} {command line}
   size_t NewSize                                  = 34603008                                  {product} {ergonomic}
    uintx NonNMethodCodeHeapSize                   = 5839372                                {pd product} {ergonomic}
    uintx NonProfiledCodeHeapSize                  = 122909434                              {pd product} {ergonomic}
   size_t OldSize                                  = 70254592                                  {product} {ergonomic}
    uintx ProfiledCodeHeapSize                     = 122909434                              {pd product} {ergonomic}
    uintx ReservedCodeCacheSize                    = 251658240                              {pd product} {ergonomic}
     bool SegmentedCodeCache                       = true                                      {product} {ergonomic}
   size_t SoftMaxHeapSize                          = 2147483648                             {manageable} {ergonomic}
     bool UseCompressedOops                        = true                           {product lp64_product} {ergonomic}
     bool UseLargePagesIndividualAllocation        = false                                  {pd product} {ergonomic}
     bool UseParallelGC                            = true                                      {product} {command line}

Logging:
Log output configuration:
 #0: stdout all=off uptime,level,tags foldmultilines=false
 #1: stderr all=off uptime,level,tags foldmultilines=false

Release file:
JAVA_VERSION="21.0.12.1" 
MODULES="java.base java.compiler java.datatransfer java.xml java.prefs java.desktop java.instrument java.logging java.management java.security.sasl java.naming java.rmi java.management.rmi java.net.http java.scripting java.security.jgss java.transaction.xa java.sql java.sql.rowset java.xml.crypto java.se java.smartcardio jdk.accessibility jdk.internal.jvmstat jdk.attach jdk.charsets jdk.internal.opt jdk.zipfs jdk.compiler jdk.crypto.ec jdk.crypto.cryptoki jdk.crypto.mscapi jdk.dynalink jdk.internal.ed jdk.editpad jdk.hotspot.agent jdk.httpserver jdk.internal.le jdk.internal.vm.ci jdk.internal.vm.compiler jdk.internal.vm.compiler.management jdk.jartool jdk.javadoc jdk.jcmd jdk.management jdk.management.agent jdk.jconsole jdk.jdeps jdk.jdwp.agent jdk.jdi jdk.jfr jdk.jshell jdk.jsobject jdk.jstatd jdk.localedata jdk.management.jfr jdk.naming.dns jdk.naming.rmi jdk.net jdk.nio.mapmode jdk.random jdk.sctp jdk.security.auth jdk.security.jgss jdk.unsupported jdk.unsupported.desktop jdk.xml.dom" 

Environment Variables:
PATH=C:\Program Files\Common Files\Oracle\Java\javapath;C:\Program Files\Python313\Scripts\;C:\Program Files\Python313\;C:\WINDOWS\system32;C:\WINDOWS;C:\WINDOWS\System32\Wbem;C:\WINDOWS\System32\WindowsPowerShell\v1.0\;C:\WINDOWS\System32\OpenSSH\;C:\Program Files\nodejs\;C:\Program Files\Git\cmd;C:\Program Files (x86)\cloudflared\;C:\Users\user\Desktop\Scripts\;C:\Users\user\Desktop\;C:\Users\user\AppData\Local\Microsoft\WindowsApps;C:\Users\user\AppData\Local\Programs\Microsoft VS Code\bin;C:\Program Files\Multipass\bin;C:\Users\user\AppData\Roaming\npm;C:\intelFPGA_lite\18.1\modelsim_ase\win32aloem;C:\Users\user\Desktop\opencv\build\x64\vc15\bin;
USERNAME=user
OS=Windows_NT
PROCESSOR_IDENTIFIER=Intel64 Family 6 Model 140 Stepping 1, GenuineIntel
TMP=C:\Users\user\AppData\Local\Temp
TEMP=C:\Users\user\AppData\Local\Temp




Periodic native trim disabled

---------------  S Y S T E M  ---------------

OS:
 Windows 11 , 64 bit Build 26100 (10.0.26100.9168)
OS uptime: 0 days 1:38 hours

CPU: total 8 (initial active 8) (4 cores per cpu, 2 threads per core) family 6 model 140 stepping 1 microcode 0x8a, cx8, cmov, fxsr, ht, mmx, 3dnowpref, sse, sse2, sse3, ssse3, sse4.1, sse4.2, popcnt, lzcnt, tsc, tscinvbit, avx, avx2, aes, erms, clmul, bmi1, bmi2, adx, avx512f, avx512dq, avx512cd, avx512bw, avx512vl, sha, fma, vzeroupper, avx512_vpopcntdq, avx512_vpclmulqdq, avx512_vaes, avx512_vnni, clflush, clflushopt, clwb, avx512_vbmi2, avx512_vbmi, rdtscp, rdpid, fsrm, gfni, avx512_bitalg, f16c, pku, cet_ibt, cet_ss, avx512_ifma
Processor Information for the first 8 processors :
  Max Mhz: 2419, Current Mhz: 2419, Mhz Limit: 2419

Memory: 4k page, system-wide physical 16107M (1909M free)
TotalPageFile size 46495M (AvailPageFile size 316M)
current process WorkingSet (physical memory assigned to process): 160M, peak: 176M
current process commit charge ("private bytes"): 284M, peak: 300M

vm_info: OpenJDK 64-Bit Server VM (21.0.12.1+1-LTS) for windows-amd64 JRE (21.0.12.1+1-LTS), built on 2026-08-18T00:00:00Z by "admin" with MS VC++ 17.12 (VS2022)

END.
